07-31 03:57:59.001 I/SystemServiceManager( 1150): Starting com.android.server.usage.UsageStatsService
07-31 03:57:59.030 I/UsageStatsService( 1150): User[0] Rollover scheduled @ 2017-07-20 20:00:00(1500595200000)
07-31 03:57:59.030 I/SystemServiceManager( 1150): Starting com.android.server.webkit.WebViewUpdateService
07-31 03:57:59.057 I/SystemServer( 1150): Reading configuration...
07-31 03:57:59.057 I/SystemServer( 1150): Scheduling Policy
07-31 03:57:59.057 I/SystemServiceManager( 1150): Starting com.android.server.telecom.TelecomLoaderService
07-31 03:57:59.058 I/SystemServer( 1150): Telephony Registry
07-31 03:57:59.075 I/SystemServer( 1150): Entropy Mixer
07-31 03:57:59.076 I/EntropyMixer( 1150): Writing entropy...
07-31 03:57:59.079 I/SystemServer( 1150): Camera Service
07-31 03:57:59.079 I/SystemServiceManager( 1150): Starting com.android.server.camera.CameraService
07-31 03:57:59.096 I/ServiceThread( 1150): Enabled StrictMode logging for CameraService_proxy looper.
07-31 03:57:59.097 I/SystemServer( 1150): Account Manager
07-31 03:57:59.112 I/SystemServer( 1150): Content Manager
07-31 03:57:59.114 I/SystemServer( 1150): System Content Providers
07-31 03:57:59.115 W/System  ( 1150): ClassLoader referenced unknown path: /system/priv-app/SettingsProvider/lib/x86
07-31 03:57:59.220 I/SystemServer( 1150): Vibrator Service
07-31 03:57:59.226 I/SystemServer( 1150): Consumer IR Service
07-31 03:57:59.226 E/ConsumerIrService( 1150): Can't open consumer IR HW Module, error: -2
07-31 03:57:59.226 I/SystemServiceManager( 1150): Starting com.android.server.AlarmManagerService
07-31 03:57:59.248 W/AlarmManagerService( 1150): no wall clock RTC found
07-31 03:57:59.248 D/AlarmManagerService( 1150): Kernel timezone updated to 240 minutes west of GMT
07-31 03:57:59.250 I/SystemServer( 1150): Init Watchdog
07-31 03:57:59.250 I/SystemServer( 1150): Input Manager
07-31 03:57:59.250 I/InputManager( 1150): Initializing input manager, mUseDevInputEventForAudioJack=false
07-31 03:57:59.280 I/SystemServer( 1150): Window Manager
07-31 03:57:59.414 I/WindowManager( 1150): No existing display settings /data/system/display_settings.xml; starting empty
07-31 03:57:59.558 I/InputManager( 1150): Starting input manager
07-31 03:57:59.566 I/SystemServer( 1150): No Bluetooh Service (emulator)
07-31 03:57:59.566 I/SystemServer( 1150): Input Method Service
07-31 03:57:59.615 W/EventHub( 1150): Unable to disable kernel key repeat for /dev/input/event5: Function not implemented
07-31 03:57:59.615 I/EventHub( 1150): New device: id=1, fd=65, path='/dev/input/event5', name='Genymotion Virtual Input', classes=0x37, configuration='/system/usr/idc/Genymotion_Virtual_Input.idc', keyLayout='/system/usr/keylayout/Genymotion_Virtual_Input.kl', keyCharacterMap='/system/usr/keychars/Generic.kcm', builtinKeyboard=false, wakeMechanism=EPOLLWAKEUP, usingClockIoctl=true
07-31 03:57:59.615 E/EventHub( 1150): could not get driver version for /dev/input/mouse1, Not a typewriter
07-31 03:57:59.658 I/SystemServer( 1150): Accessibility Manager
07-31 03:57:59.661 D/EventHub( 1150): No input device configuration file found for device 'Genymotion via VirtualBox seamless mouse'.
07-31 03:57:59.672 I/ActivityManager( 1150): Config changes=1df8 {1.0 ?mcc?mnc en_US ldltr sw360dp w360dp h640dp 480dpi nrml long port ?uimode ?night -touch -keyb/v/h -nav/h s.2}
07-31 03:57:59.672 I/UsageStatsService( 1150): User[0] Rolling over usage stats
07-31 03:57:59.672 I/UsageStatsService( 1150): User[0] Flushing usage stats to disk
07-31 03:57:59.673 D/SurfaceFlinger( 1173): Set active config mode=0, type=0 flinger=0xf7062000
07-31 03:57:59.673 D/SurfaceFlinger( 1173): Screen type=0 is already mode=0
07-31 03:57:59.684 D/SurfaceFlinger( 1173): setOrientation, mFbdev=0xf6b823c0, mFbDev->setOrientation=0xf6b09d10, orientation=0
07-31 03:57:59.684 I/gralloc_vbox86( 1173): setOrientation: orientation=0
07-31 03:57:59.684 I/ActivityManager( 1150): Config changes=500 {1.0 ?mcc?mnc en_US ldltr sw360dp w360dp h568dp 480dpi nrml port ?uimode ?night -touch -keyb/v/h -nav/h s.3}
07-31 03:57:59.686 I/SystemServiceManager( 1150): Starting com.android.server.MountService$Lifecycle
07-31 03:57:59.697 I/UsageStatsService( 1150): User[0] Rollover scheduled @ 2017-07-31 20:00:00(1501545600000)
07-31 03:57:59.697 I/UsageStatsService( 1150): User[0] Rolling over usage stats complete. Took 25 milliseconds
07-31 03:57:59.698 I/SystemServiceManager( 1150): Starting com.android.server.UiModeManagerService
07-31 03:57:59.699 D/MountService( 1150): Thinking about reset, mSystemReady=false, mDaemonConnected=true
07-31 03:57:59.699 D/MountService( 1150): Thinking about reset, mSystemReady=false, mDaemonConnected=true
07-31 03:57:59.699 I/ActivityManager( 1150): Config changes=200 {1.0 ?mcc?mnc en_US ldltr sw360dp w360dp h568dp 480dpi nrml port -touch -keyb/v/h -nav/h s.4}
07-31 03:57:59.699 D/CryptdConnector( 1150): SND -> {1 cryptfs getfield SystemLocale}
07-31 03:57:59.699 I/Ext4Crypt(   84): ext4 crypto complete called on /data
07-31 03:57:59.699 I/Ext4Crypt(   84): No master key, so not ext4enc
07-31 03:57:59.700 D/CryptdConnector( 1150): RCV <- {200 1 -1}
07-31 03:57:59.700 W/PackageManager( 1150): No disk maintenance in 954307700; running immediately
07-31 03:57:59.701 I/SystemServer( 1150): LockSettingsService
07-31 03:57:59.701 W/MountService( 1150): No primary storage mounted!
07-31 03:57:59.701 D/VoldConnector( 1150): SND -> {1 asec list}
07-31 03:57:59.702 I/SystemServiceManager( 1150): Starting com.android.server.DeviceIdleController
07-31 03:57:59.707 I/SystemServiceManager( 1150): Starting com.android.server.devicepolicy.DevicePolicyManagerService$Lifecycle
07-31 03:57:59.712 E/EventHub( 1150): could not get driver version for /dev/input/mouse0, Not a typewriter
07-31 03:57:59.747 D/VoldConnector( 1150): RCV <- {200 1 asec operation succeeded}
07-31 03:57:59.747 I/PackageManager( 1150): No secure containers found
07-31 03:57:59.747 W/PackageManager( 1150): Unknown permission com.google.android.googleapps.permission.GOOGLE_AUTH in package com.android.providers.calendar
07-31 03:57:59.747 W/PackageManager( 1150): Unknown permission com.google.android.googleapps.permission.GOOGLE_AUTH.cl in package com.android.providers.calendar
07-31 03:57:59.748 W/PackageManager( 1150): Not granting permission android.permission.GLOBAL_SEARCH to package com.android.quicksearchbox (protectionLevel=18 flags=0x3808be45)
07-31 03:57:59.748 W/PackageManager( 1150): Not granting permission android.permission.ACCESS_DOWNLOAD_MANAGER to package com.android.browser (protectionLevel=18 flags=0x3809be45)
07-31 03:57:59.748 W/PackageManager( 1150): Not granting permission android.permission.SEND_DOWNLOAD_COMPLETED_INTENTS to package com.android.browser (protectionLevel=2 flags=0x3809be45)
07-31 03:57:59.748 W/PackageManager( 1150): Not granting permission android.permission.BIND_WALLPAPER to package com.android.camera2 (protectionLevel=18 flags=0x3058bc45)
07-31 03:57:59.748 W/PackageManager( 1150): Unknown permission com.android.launcher.permission.READ_SETTINGS in package com.android.launcher3
07-31 03:57:59.748 W/PackageManager( 1150): Unknown permission com.android.launcher.permission.WRITE_SETTINGS in package com.android.launcher3
07-31 03:57:59.748 W/PackageManager( 1150): Unknown permission com.google.android.googleapps.permission.GOOGLE_AUTH.mail in package com.android.calendar
07-31 03:57:59.748 W/PackageManager( 1150): Unknown permission com.android.launcher.permission.READ_SETTINGS in package com.android.onetimeinitializer
07-31 03:57:59.748 W/PackageManager( 1150): Unknown permission com.android.launcher.permission.WRITE_SETTINGS in package com.android.onetimeinitializer
07-31 03:57:59.748 W/PackageManager( 1150): Not granting permission android.permission.DELETE_PACKAGES to package com.svox.pico (protectionLevel=18 flags=0x3808be45)
07-31 03:57:59.748 W/PackageManager( 1150): Not granting permission android.permission.READ_CONTACTS to package com.example.android.apis because it was previously installed without
07-31 03:57:59.748 W/PackageManager( 1150): Not granting permission android.permission.WRITE_CONTACTS to package com.example.android.apis because it was previously installed without
07-31 03:57:59.748 W/PackageManager( 1150): Not granting permission android.permission.ACCESS_COARSE_LOCATION to package com.example.android.apis because it was previously installed without
07-31 03:57:59.748 W/PackageManager( 1150): Not granting permission android.permission.WRITE_EXTERNAL_STORAGE to package com.example.android.apis because it was previously installed without
07-31 03:57:59.748 W/PackageManager( 1150): Not granting permission android.permission.SEND_SMS to package com.example.android.apis because it was previously installed without
07-31 03:57:59.748 W/PackageManager( 1150): Not granting permission android.permission.RECEIVE_SMS to package com.example.android.apis because it was previously installed without
07-31 03:57:59.748 W/PackageManager( 1150): Not granting permission android.permission.RECEIVE_MMS to package com.example.android.apis because it was previously installed without
07-31 03:57:59.748 W/PackageManager( 1150): Not granting permission android.permission.READ_SMS to package com.example.android.apis because it was previously installed without
07-31 03:57:59.748 W/PackageManager( 1150): Not granting permission android.permission.READ_PHONE_STATE to package com.example.android.apis because it was previously installed without
07-31 03:57:59.748 W/PackageManager( 1150): Not granting permission android.permission.RECORD_AUDIO to package com.example.android.apis because it was previously installed without
07-31 03:57:59.748 W/PackageManager( 1150): Not granting permission android.permission.CAMERA to package com.example.android.apis because it was previously installed without
07-31 03:57:59.748 W/PackageManager( 1150): Not granting permission android.permission.READ_EXTERNAL_STORAGE to package com.example.android.apis because it was previously installed without
07-31 03:57:59.748 W/PackageManager( 1150): Unknown permission com.google.android.gallery3d.permission.PICASA_STORE in package com.android.dreams.phototable
07-31 03:57:59.748 W/PackageManager( 1150): Unknown permission android.permission.ACCESS_SUPERUSER in package com.amaze.filemanager
07-31 03:57:59.748 W/PackageManager( 1150): Unknown permission com.google.android.googleapps.permission.GOOGLE_AUTH in package com.android.settings
07-31 03:57:59.748 W/PackageManager( 1150): Unknown permission com.android.launcher.permission.READ_SETTINGS in package com.android.settings
07-31 03:57:59.748 W/PackageManager( 1150): Unknown permission com.android.launcher.permission.WRITE_SETTINGS in package com.android.settings
07-31 03:57:59.749 W/PackageManager( 1150): Unknown permission com.google.android.gallery3d.permission.GALLERY_PROVIDER in package com.android.bluetooth
07-31 03:57:59.749 W/PackageManager( 1150): Unknown permission com.google.android.googleapps.permission.ACCESS_GOOGLE_PASSWORD in package com.android.development
07-31 03:57:59.749 W/PackageManager( 1150): Unknown permission com.google.android.googleapps.permission.GOOGLE_AUTH in package com.android.development
07-31 03:57:59.749 W/PackageManager( 1150): Unknown permission com.google.android.googleapps.permission.GOOGLE_AUTH.ALL_SERVICES in package com.android.development
07-31 03:57:59.749 W/PackageManager( 1150): Unknown permission com.google.android.googleapps.permission.GOOGLE_AUTH.YouTubeUser in package com.android.development
07-31 03:57:59.776 I/EventHub( 1150): ignoring event id /dev/input/event3 driver VirtualBox mouse integration
07-31 03:57:59.820 D/EventHub( 1150): No input device configuration file found for device 'Sleep Button'.
07-31 03:57:59.832 W/EventHub( 1150): Unable to disable kernel key repeat for /dev/input/event1: Function not implemented
07-31 03:57:59.832 I/EventHub( 1150): New device: id=3, fd=76, path='/dev/input/event1', name='Sleep Button', classes=0x1, configuration='', keyLayout='/system/usr/keylayout/Generic.kl', keyCharacterMap='/system/usr/keychars/Generic.kcm', builtinKeyboard=false, wakeMechanism=EPOLLWAKEUP, usingClockIoctl=true
07-31 03:57:59.832 D/EventHub( 1150): No input device configuration file found for device 'Power Button'.
07-31 03:57:59.833 W/EventHub( 1150): Unable to disable kernel key repeat for /dev/input/event0: Function not implemented
07-31 03:57:59.833 I/EventHub( 1150): New device: id=4, fd=77, path='/dev/input/event0', name='Power Button', classes=0x1, configuration='', keyLayout='/system/usr/keylayout/Generic.kl', keyCharacterMap='/system/usr/keychars/Generic.kcm', builtinKeyboard=false, wakeMechanism=EPOLLWAKEUP, usingClockIoctl=true
07-31 03:57:59.833 D/EventHub( 1150): No input device configuration file found for device 'AT Translated Set 2 keyboard'.
07-31 03:57:59.844 I/EventHub( 1150): New device: id=5, fd=78, path='/dev/input/event2', name='AT Translated Set 2 keyboard', classes=0x3, configuration='', keyLayout='/system/usr/keylayout/AT_Translated_Set_2_keyboard.kl', keyCharacterMap='/system/usr/keychars/Generic.kcm', builtinKeyboard=false, wakeMechanism=EPOLLWAKEUP, usingClockIoctl=true
07-31 03:57:59.844 E/EventHub( 1150): could not get driver version for /dev/input/mice, Not a typewriter
07-31 03:57:59.872 W/MountService( 1150): No primary storage defined yet; hacking together a stub
07-31 03:57:59.873 W/MountService( 1150): No primary storage defined yet; hacking together a stub
07-31 03:57:59.875 W/MountService( 1150): No primary storage mounted!
07-31 03:57:59.875 D/VoldConnector( 1150): SND -> {2 asec list}
07-31 03:57:59.875 I/SystemServer( 1150): Status Bar
07-31 03:57:59.876 D/VoldConnector( 1150): RCV <- {200 2 asec operation succeeded}
07-31 03:57:59.876 I/MountService( 1150): Running fstrim idle maintenance
07-31 03:57:59.877 D/VoldConnector( 1150): SND -> {3 fstrim dotrim}
07-31 03:57:59.877 D/VoldConnector( 1150): RCV <- {200 3 Command succeeded}
07-31 03:57:59.877 D/vold    (   84): Starting trim of /cache
07-31 03:57:59.877 W/vold    (   84): Trim failed on /cache: Operation not supported on transport endpoint
07-31 03:57:59.877 D/VoldConnector( 1150): RCV <- {662 /cache -1 -1}
07-31 03:57:59.877 D/vold    (   84): Starting trim of /data
07-31 03:57:59.877 W/vold    (   84): Trim failed on /data: Operation not supported on transport endpoint
07-31 03:57:59.877 D/VoldConnector( 1150): RCV <- {662 /data -1 -1}
07-31 03:57:59.878 E/VoldConnector( 1150): Error handling '662 /cache -1 -1': java.lang.NullPointerException: Attempt to invoke virtual method 'void android.os.DropBoxManager.addText(java.lang.String, java.lang.String)' on a null object reference
07-31 03:57:59.879 E/VoldConnector( 1150): Error handling '662 /data -1 -1': java.lang.NullPointerException: Attempt to invoke virtual method 'void android.os.DropBoxManager.addText(java.lang.String, java.lang.String)' on a null object reference
07-31 03:57:59.898 I/SystemServer( 1150): Clipboard Service
07-31 03:57:59.899 I/SystemServer( 1150): NetworkManagement Service
07-31 03:57:59.902 I/SystemServer( 1150): Text Service Manager Service
07-31 03:57:59.914 I/SystemServer( 1150): Network Score Service
07-31 03:57:59.914 I/SystemServer( 1150): NetworkStats Service
07-31 03:57:59.949 I/SystemServer( 1150): NetworkPolicy Service
07-31 03:57:59.961 I/InputReader( 1150): Device added: id=-1, name='Virtual', sources=0x00000301
07-31 03:57:59.976 I/InputReader( 1150): Device added: id=5, name='AT Translated Set 2 keyboard', sources=0x00000101
07-31 03:57:59.976 I/InputReader( 1150): Device added: id=4, name='Power Button', sources=0x00000101
07-31 03:57:59.976 I/InputReader( 1150): Device added: id=3, name='Sleep Button', sources=0x00000101
07-31 03:57:59.976 I/InputReader( 1150):   Touch device 'Genymotion Virtual Input' could not query the properties of its associated display.  The device will be inoperable until the display size becomes available.
07-31 03:57:59.976 I/InputReader( 1150): Device added: id=1, name='Genymotion Virtual Input', sources=0x00001303
07-31 03:57:59.977 I/ActivityManager( 1150): Config changes=78 {1.0 ?mcc?mnc en_US ldltr sw360dp w360dp h568dp 480dpi nrml port finger qwerty/v/v dpad/v s.5}
07-31 03:57:59.977 I/InputReader( 1150): Reconfiguring input devices.  changes=0x00000004
07-31 03:57:59.977 I/InputReader( 1150): Device reconfigured: id=1, name='Genymotion Virtual Input', size 1080x1920, orientation 0, mode 1, display id 0
07-31 03:58:00.075 I/SystemServiceManager( 1150): Starting com.android.server.wifi.p2p.WifiP2pService
07-31 03:58:00.135 D/OpenGLRenderer( 1150): Use EGL_SWAP_BEHAVIOR_PRESERVED: true
07-31 03:58:00.172 D/libEGL  ( 1150): loaded /system/lib/egl/libEGL_emulation.so
07-31 03:58:00.180 D/libEGL  ( 1150): loaded /system/lib/egl/libGLESv1_CM_emulation.so
07-31 03:58:00.200 D/libEGL  ( 1150): loaded /system/lib/egl/libGLESv2_emulation.so
07-31 03:58:00.203 D/        ( 1150): HostConnection::get() New Host Connection established 0xde37d6c0, tid 1219
07-31 03:58:00.216 I/WifiP2pService( 1150): Registering wifip2p
07-31 03:58:00.217 I/SystemServiceManager( 1150): Starting com.android.server.wifi.WifiService
07-31 03:58:00.278 I/OpenGLRenderer( 1150): Initialized EGL, version 1.4
07-31 03:58:00.314 D/        ( 1173): HostConnection::get() New Host Connection established 0xf7052550, tid 1176
07-31 03:58:00.343 D/HS20    ( 1150): Passpoint is disabled
07-31 03:58:00.352 D/WifiController( 1150): isAirplaneModeOn = false, isWifiEnabled = true, isScanningAvailable = false
07-31 03:58:00.352 I/WifiService( 1150): Registering wifi
07-31 03:58:00.353 I/SystemServiceManager( 1150): Starting com.android.server.wifi.WifiScanningService
07-31 03:58:00.353 I/WifiScanningService( 1150): Creating wifiscanner
07-31 03:58:00.353 I/WifiScanningService( 1150): Starting wifiscanner
07-31 03:58:00.353 I/SystemServiceManager( 1150): Starting com.android.server.wifi.RttService
07-31 03:58:00.353 I/RttService( 1150): Creating rttmanager
07-31 03:58:00.353 I/RttService( 1150): Starting rttmanager
07-31 03:58:00.354 I/SystemServiceManager( 1150): Starting com.android.server.ethernet.EthernetService
07-31 03:58:00.354 I/EthernetServiceImpl( 1150): Creating EthernetConfigStore
07-31 03:58:00.364 W/EGL_emulation( 1150): eglSurfaceAttrib not implemented
07-31 03:58:00.364 W/OpenGLRenderer( 1150): Failed to set EGL_SWAP_BEHAVIOR on surface 0xdf5fe6c0, error=EGL_SUCCESS
07-31 03:58:00.364 E/IpConfigStore( 1150): Error parsing configuration: java.io.FileNotFoundException: /data/misc/ethernet/ipconfig.txt: open failed: ENOENT (No such file or directory)
07-31 03:58:00.364 W/EthernetConfigStore( 1150): No Ethernet configuration found. Using default.
07-31 03:58:00.364 I/EthernetServiceImpl( 1150): Read stored IP configuration: IP assignment: DHCP
07-31 03:58:00.364 I/EthernetServiceImpl( 1150): Proxy settings: NONE
07-31 03:58:00.364 I/EthernetService( 1150): Registering service ethernet
07-31 03:58:00.365 I/SystemServer( 1150): Connectivity Service
07-31 03:58:00.365 D/ConnectivityService( 1150): ConnectivityService starting up
07-31 03:58:00.367 D/ConnectivityService( 1150): wifiOnly=false
07-31 03:58:00.371 I/SystemServer( 1150): Network Service Discovery Service
07-31 03:58:00.372 D/NsdService( 1150): Network service discovery enabled true
07-31 03:58:00.373 I/SystemServer( 1150): UpdateLock Service
07-31 03:58:00.374 I/SystemServiceManager( 1150): Starting com.android.server.notification.NotificationManagerService
07-31 03:58:00.457 I/SystemServiceManager( 1150): Starting com.android.server.storage.DeviceStorageMonitorService
07-31 03:58:00.458 I/SystemServer( 1150): Location Manager
07-31 03:58:00.459 I/SystemServer( 1150): Country Detector
07-31 03:58:00.465 I/SystemServer( 1150): Search Service
07-31 03:58:00.466 I/SystemServer( 1150): DropBox Service
07-31 03:58:00.466 I/SystemServer( 1150): Wallpaper Service
07-31 03:58:00.477 I/SystemServer( 1150): Audio Service
07-31 03:58:00.499 W/TelecomManager( 1150): Telecom Service not found.
07-31 03:58:00.502 D/PermissionCache(  844): checking android.permission.MODIFY_AUDIO_SETTINGS for uid=1000 => granted (2110 us)
07-31 03:58:00.522 I/SystemServiceManager( 1150): Starting com.android.server.DockObserver
07-31 03:58:00.522 W/DockObserver( 1150): This kernel does not have dock station support
07-31 03:58:00.523 I/SystemServer( 1150): Wired Accessory Manager
07-31 03:58:00.523 W/WiredAccessoryManager( 1150): This kernel does not have wired headset support
07-31 03:58:00.523 W/WiredAccessoryManager( 1150): This kernel does not have usb audio support
07-31 03:58:00.523 W/WiredAccessoryManager( 1150): This kernel does not have HDMI audio support
07-31 03:58:00.523 I/SystemServiceManager( 1150): Starting com.android.server.usb.UsbService$Lifecycle
07-31 03:58:00.550 D/WifiApConfigStore( 1150): 2G band allowed channels are:1,6,11
07-31 03:58:00.557 I/SystemServer( 1150): Serial Service
07-31 03:58:00.557 I/SystemServiceManager( 1150): Starting com.android.server.twilight.TwilightService
07-31 03:58:00.558 I/SystemServiceManager( 1150): Starting com.android.server.job.JobSchedulerService
07-31 03:58:00.568 I/SystemServiceManager( 1150): Starting com.android.server.backup.BackupManagerService$Lifecycle
07-31 03:58:00.569 I/SystemServiceManager( 1150): Starting com.android.server.appwidget.AppWidgetService
07-31 03:58:00.579 I/SystemServiceManager( 1150): Starting com.android.server.voiceinteraction.VoiceInteractionManagerService
07-31 03:58:00.580 D/PermissionCache(  844): checking android.permission.CAPTURE_AUDIO_HOTWORD for uid=1000 => granted (57 us)
07-31 03:58:00.580 W/SoundTriggerHelper( 1150): listModules status=0, # of modules=0
07-31 03:58:00.581 I/SystemServer( 1150): DiskStats Service
07-31 03:58:00.581 I/SystemServer( 1150): SamplingProfiler Service
07-31 03:58:00.584 I/SystemServer( 1150): NetworkTimeUpdateService
07-31 03:58:00.584 I/SystemServer( 1150): CommonTimeManagementService
07-31 03:58:00.585 I/SystemServer( 1150): CertBlacklister
07-31 03:58:00.586 I/SystemServiceManager( 1150): Starting com.android.server.dreams.DreamManagerService
07-31 03:58:00.598 I/SystemServer( 1150): Assets Atlas Service
07-31 03:58:00.599 I/SystemServiceManager( 1150): Starting com.android.server.print.PrintManagerService
07-31 03:58:00.619 I/SystemServiceManager( 1150): Starting com.android.server.restrictions.RestrictionsManagerService
07-31 03:58:00.619 I/SystemServiceManager( 1150): Starting com.android.server.media.MediaSessionService
07-31 03:58:00.636 I/SurfaceFlinger( 1173): Boot is finished (7639 ms)
07-31 03:58:00.641 I/SystemServer( 1150): Media Router Service
07-31 03:58:00.643 I/SystemServer( 1150): Genyd Service
07-31 03:58:00.643 D/GenydService( 1150): GenydService startup
07-31 03:58:00.652 I/SystemServiceManager( 1150): Starting com.android.server.trust.TrustManagerService
07-31 03:58:00.653 D/AssetAtlas( 1150): Loaded configuration: SliceMinArea (832x2048) flags=0x2 count=6
07-31 03:58:00.654 I/SystemServiceManager( 1150): Starting com.android.server.fingerprint.FingerprintService
07-31 03:58:00.665 W/FingerprintService( 1150): fingerprint service not available
07-31 03:58:00.666 V/FingerprintService( 1150): Fingerprint HAL id: 0
07-31 03:58:00.666 I/SystemServer( 1150): BackgroundDexOptService
07-31 03:58:00.666 I/SystemServiceManager( 1150): Starting com.android.server.pm.LauncherAppsService
07-31 03:58:00.666 I/SystemServiceManager( 1150): Starting com.android.server.media.projection.MediaProjectionManagerService
07-31 03:58:00.668 D/        ( 1150): HostConnection::get() New Host Connection established 0xdf5d09b0, tid 1234
07-31 03:58:00.685 I/WindowManager( 1150): SAFE MODE not enabled
07-31 03:58:00.687 I/SystemServiceManager( 1150): Starting com.android.server.MmsServiceBroker
07-31 03:58:00.717 D/        ( 1173): HostConnection::get() New Host Connection established 0xf6bbe050, tid 1236
07-31 03:58:00.717 E/Surface ( 1184): getSlotFromBufferLocked: unknown buffer: 0xf5b02070
07-31 03:58:00.833 E/LockSettingsStorage( 1150): Cannot read file java.io.FileNotFoundException: /data/system/gatekeeper.password.key: open failed: ENOENT (No such file or directory)
07-31 03:58:00.833 E/LockSettingsStorage( 1150): Cannot read file java.io.FileNotFoundException: /data/system/password.key: open failed: ENOENT (No such file or directory)
07-31 03:58:00.834 E/LockSettingsStorage( 1150): Cannot read file java.io.FileNotFoundException: /data/system/gatekeeper.pattern.key: open failed: ENOENT (No such file or directory)
07-31 03:58:00.834 E/LockSettingsStorage( 1150): Cannot read file java.io.FileNotFoundException: /data/system/gatekeeper.gesture.key: open failed: ENOENT (No such file or directory)
07-31 03:58:00.841 E/LockSettingsStorage( 1150): Cannot read file java.io.FileNotFoundException: /data/system/gesture.key: open failed: ENOENT (No such file or directory)
07-31 03:58:00.841 I/SystemServiceManager( 1150): Starting phase 480
07-31 03:58:00.859 I/SystemServiceManager( 1150): Starting phase 500
07-31 03:58:00.878 I/WifiService( 1150): WifiService starting up with Wi-Fi enabled
07-31 03:58:00.880 D/WifiService( 1150): setWifiEnabled: true pid=1150, uid=1000
07-31 03:58:00.880 E/WifiService( 1150): Invoking mWifiStateMachine.setWifiEnabled
07-31 03:58:00.883 D/WifiController( 1150): WifiController msg { when=0 what=155656 target=com.android.internal.util.StateMachine$SmHandler } deferred for 497ms
07-31 03:58:00.890 D/WifiService( 1150): New client listening to asynchronous messages
07-31 03:58:00.890 I/WifiScanningService( 1150): Registering wifiscanner
07-31 03:58:00.892 D/AssetAtlas( 1150): Rendered atlas in 149.50ms (2.69+146.81ms)
07-31 03:58:00.900 I/RttService( 1150): Registering rttmanager
07-31 03:58:00.908 I/EthernetServiceImpl( 1150): Starting Ethernet service
07-31 03:58:00.910 D/Ethernet( 1150): Registering NetworkFactory
07-31 03:58:00.910 D/ConnectivityService( 1150): Got NetworkFactory Messenger for Ethernet
07-31 03:58:00.910 D/ConnectivityService( 1150): Ignoring this network
07-31 03:58:00.911 D/EthernetNetworkFactory( 1150): Started tracking interface eth0
07-31 03:58:01.385 D/WifiController( 1150): DEFERRED_TOGGLE handled
07-31 03:58:01.387 E/WifiStateMachine( 1150): Failed to reload STA firmware java.lang.IllegalArgumentException: command '2 softap fwreload eth1 STA' failed with '501 2 SoftAP command has failed'
07-31 03:58:01.387 D/CommandListener(  843): Setting iface cfg
07-31 03:58:01.387 D/CommandListener(  843): Trying to bring down eth1
07-31 03:58:01.387 D/CommandListener(  843): Clearing all IP addresses on eth1
07-31 03:58:01.388 E/WifiMonitor( 1150): killSupplicant p2pfalse init.svc.wpa_supplicant=unknown init.svc.p2p_supplicant=unknown
07-31 03:58:01.402 D/wifi    ( 1150): Can not initialize the vendor function pointer table
07-31 03:58:01.402 E/WifiNative-HAL( 1150): Could not start hal
07-31 03:58:01.402 E/WifiStateMachine( 1150): Failed to start HAL
07-31 03:58:01.410 D/WifiMonitor( 1150): startMonitoring(eth1) with mConnected = false
07-31 03:58:01.500 I/wpa_supplicant( 1245): Successfully initialized wpa_supplicant
07-31 03:58:01.569 D/WifiConfigStore( 1150): Loading config and enabling all networks 
07-31 03:58:01.574 D/WifiConfigStore( 1150): loaded 0 passpoint configs
07-31 03:58:01.574 E/WifiConfigStore( 1150): Error parsing configuration: java.io.FileNotFoundException: /data/misc/wifi/ipconfig.txt: open failed: ENOENT (No such file or directory)
07-31 03:58:01.590 W/WifiConfigStore( 1150): Upgrading network 0 to android.uid.system:1000
07-31 03:58:01.591 E/WifiConfigStore( 1150): readAutoJoinStatus: Error parsing configurationjava.io.FileNotFoundException: /data/misc/wifi/autojoinconfig.txt: open failed: ENOENT (No such file or directory)
07-31 03:58:01.591 E/WifiConfigStore( 1150): buildPnoList sortedWifiConfigurations size 1
07-31 03:58:01.591 E/WifiConfigStore( 1150): found sortedWifiConfigurations : "WiredSSID"NONE
07-31 03:58:01.592 E/wpa_supplicant( 1245): Line -1: too long model_name (len=43 max_len=32)
07-31 03:58:01.592 E/wpa_supplicant( 1245): Line -1: failed to parse 'model_name=Google Nexus 5 - 6.0.0 - API 23 - 1080x1920'.
07-31 03:58:01.592 E/WifiStateMachine( 1150): Failed to set model name Google Nexus 5 - 6.0.0 - API 23 - 1080x1920
07-31 03:58:01.592 E/wpa_supplicant( 1245): Line -1: too long model_number (len=43 max_len=32)
07-31 03:58:01.592 E/wpa_supplicant( 1245): Line -1: failed to parse 'model_number=Google Nexus 5 - 6.0.0 - API 23 - 1080x1920'.
07-31 03:58:01.592 E/WifiStateMachine( 1150): Failed to set model number Google Nexus 5 - 6.0.0 - API 23 - 1080x1920
07-31 03:58:01.593 D/WifiNative-HAL( 1150): Setting external_sim to 1
07-31 03:58:01.594 D/WifiStateMachine( 1150): Setting OUI to DA-A1-19
07-31 03:58:01.594 E/WifiLogger( 1150): no ring buffers found
07-31 03:58:01.601 D/WifiNative-HAL( 1150): Failing getSupportedFeatureset because HAL isn't started
07-31 03:58:01.607 E/WifiStateMachine( 1150): Failed to set country code US
07-31 03:58:01.608 E/native  ( 1150): do suspend false
07-31 03:58:01.610 D/WifiConfigStore( 1150): No blacklist allowed without epno enabled
07-31 03:58:03.113 D/WIFI    ( 1150): Registering NetworkFactory
07-31 03:58:03.113 D/WIFI_UT ( 1150): Registering NetworkFactory
07-31 03:58:03.113 D/ConnectivityService( 1150): Got NetworkFactory Messenger for WIFI
07-31 03:58:03.114 D/ConnectivityService( 1150): Got NetworkFactory Messenger for WIFI_UT
07-31 03:58:03.114 D/ConnectivityService( 1150): Ignoring this network
07-31 03:58:03.117 D/WIFI    ( 1150): got request NetworkRequest [ id=1, legacyType=-1, [ Capabilities: INTERNET&NOT_RESTRICTED&TRUSTED&NOT_VPN] ] with score 0
07-31 03:58:05.934 D/CommandListener(  843): Setting iface cfg
07-31 03:58:05.934 D/CommandListener(  843): Trying to bring up eth0
07-31 03:58:05.939 D/EthernetNetworkFactory( 1150): updateInterface: eth0 link up
07-31 03:58:05.978 V/BackupManagerService( 1150): No ancestral data
07-31 03:58:06.025 V/KeyValueBackupJob( 1150): Scheduling k/v pass in 248 minutes
07-31 03:58:06.077 V/BackupManagerService( 1150): Starting with transport android/com.android.internal.backup.LocalTransport
07-31 03:58:06.077 V/BackupManagerService( 1150): Found transports: 1
07-31 03:58:06.079 I/BackupManagerService( 1150): Found stale backup journal, scheduling
07-31 03:58:06.124 I/DefaultPermGrantPolicy( 1150): Granting permissions to default platform handlers for user 0
07-31 03:58:06.125 W/VoiceInteractionManagerService( 1150): no available voice interaction services found for user 0
07-31 03:58:06.125 W/VoiceInteractionManagerService( 1150): no available voice recognition services found for user 0
07-31 03:58:06.126 W/KeyguardServiceDelegate( 1150): onScreenTurningOn(): no keyguard service!
07-31 03:58:06.151 I/ActivityManager( 1150): System now ready
07-31 03:58:06.157 I/SystemServer( 1150): Making services ready
07-31 03:58:06.157 I/SystemServiceManager( 1150): Starting phase 550
07-31 03:58:06.163 D/MountService( 1150): Thinking about reset, mSystemReady=true, mDaemonConnected=true
07-31 03:58:06.163 D/VoldConnector( 1150): SND -> {4 volume reset}
07-31 03:58:06.165 D/VoldConnector( 1150): RCV <- {651 emulated 7}
07-31 03:58:06.165 D/VoldConnector( 1150): RCV <- {659 emulated}
07-31 03:58:06.166 D/VoldConnector( 1150): RCV <- {650 emulated 2 "" ""}
07-31 03:58:06.166 I/ActivityManager( 1150): Force stopping com.android.providers.media appid=10006 user=-1: vold reset
07-31 03:58:06.166 D/VoldConnector( 1150): RCV <- {651 emulated 0}
07-31 03:58:06.166 D/VoldConnector( 1150): RCV <- {200 4 Command succeeded}
07-31 03:58:06.167 D/VoldConnector( 1150): SND -> {5 volume user_added 0 0}
07-31 03:58:06.167 D/UsbAlsaManager( 1150): Adding ALSA device AlsaDevice: [card: 0, device: 0, type: 1]
07-31 03:58:06.167 D/UsbAlsaManager( 1150): Adding ALSA device AlsaDevice: [card: 0, device: 1, type: 2]
07-31 03:58:06.167 D/UsbAlsaManager( 1150): Adding ALSA device AlsaDevice: [card: 0, device: 0, type: 2]
07-31 03:58:06.168 D/VoldConnector( 1150): RCV <- {200 5 Command succeeded}
07-31 03:58:06.171 V/MountService( 1150): Found primary storage at VolumeInfo{emulated}:
07-31 03:58:06.171 V/MountService( 1150):     type=EMULATED diskId=null partGuid=null mountFlags=0 mountUserId=-1 
07-31 03:58:06.171 V/MountService( 1150):     state=UNMOUNTED 
07-31 03:58:06.171 V/MountService( 1150):     fsType=null fsUuid=null fsLabel=null 
07-31 03:58:06.171 V/MountService( 1150):     path=null internalPath=null 
07-31 03:58:06.172 D/VoldConnector( 1150): SND -> {6 volume mount emulated 3 -1}
07-31 03:58:06.172 I/SystemServer( 1150): WebViewFactory preparation
07-31 03:58:06.172 V/WebViewFactory( 1150): webViewPackageName: com.android.webview
07-31 03:58:06.173 D/VoldConnector( 1150): RCV <- {651 emulated 1}
07-31 03:58:06.174 V/vold    (   84): Waiting for FUSE to spin up...
07-31 03:58:06.175 D/VoldConnector( 1150): RCV <- {656 emulated /data/media}
07-31 03:58:06.175 D/VoldConnector( 1150): RCV <- {655 emulated /storage/emulated}
07-31 03:58:06.210 I/Zygote  ( 1150): Process: zygote socket opened, supported ABIS: x86
07-31 03:58:06.223 I/ActivityManager( 1150): Start proc 1258:WebViewLoader-x86/1037 [android.webkit.WebViewFactory$RelroFileCreator] for 
07-31 03:58:06.228 D/VoldConnector( 1150): RCV <- {651 emulated 2}
07-31 03:58:06.229 D/VoldConnector( 1150): RCV <- {200 6 Command succeeded}
07-31 03:58:06.250 I/ActivityManager( 1150): Start proc 1269:com.android.systemui/u0a16 for service com.android.systemui/.SystemUIService
07-31 03:58:06.251 D/NetworkManagement( 1150): enabling bandwidth control
07-31 03:58:06.254 V/WebViewFactory( 1258): RelroFileCreator (64bit = false),  32-bit lib: , 64-bit lib: 
07-31 03:58:06.258 E/webviewchromiumloader( 1258): Failed to load library : dlopen failed: can't read file "/system/vendor/lib": Is a directory
07-31 03:58:06.260 E/WebViewFactory( 1258): failed to create relro file
07-31 03:58:06.265 I/art     ( 1258): System.exit called, status: 0
07-31 03:58:06.265 I/AndroidRuntime( 1258): VM exiting with result code 0, cleanup skipped.
07-31 03:58:06.268 I/ActivityManager( 1150): Start proc 1285:com.android.externalstorage/u0a7 for broadcast com.android.externalstorage/.MountReceiver
07-31 03:58:06.346 W/System  ( 1285): ClassLoader referenced unknown path: /system/priv-app/ExternalStorageProvider/lib/x86
07-31 03:58:06.349 W/System  ( 1269): ClassLoader referenced unknown path: /system/priv-app/SystemUI/lib/x86
07-31 03:58:06.351 D/ExternalStorage( 1285): After updating volumes, found 1 active roots
07-31 03:58:06.355 D/ExternalStorage( 1285): After updating volumes, found 1 active roots
07-31 03:58:06.362 D/ExternalStorage( 1285): After updating volumes, found 1 active roots
07-31 03:58:06.467 I/iptables(  843): iptables: No chain/target/match by that name.
07-31 03:58:06.467 I/iptables(  843): iptables terminated by exit(1)
07-31 03:58:06.469 E/Netd    (  843): exec() res=0, status=256 for /system/bin/iptables -w -F st_penalty_log 
07-31 03:58:06.476 I/ip6tables(  843): ip6tables: No chain/target/match by that name.
07-31 03:58:06.476 I/ip6tables(  843): ip6tables terminated by exit(1)
07-31 03:58:06.476 E/Netd    (  843): exec() res=0, status=256 for /system/bin/ip6tables -w -F st_penalty_log 
07-31 03:58:06.481 I/iptables(  843): iptables: No chain/target/match by that name.
07-31 03:58:06.481 I/iptables(  843): iptables terminated by exit(1)
07-31 03:58:06.481 E/Netd    (  843): exec() res=0, status=256 for /system/bin/iptables -w -F st_penalty_reject 
07-31 03:58:06.484 I/ip6tables(  843): ip6tables: No chain/target/match by that name.
07-31 03:58:06.484 I/ip6tables(  843): ip6tables terminated by exit(1)
07-31 03:58:06.484 E/Netd    (  843): exec() res=0, status=256 for /system/bin/ip6tables -w -F st_penalty_reject 
07-31 03:58:06.487 I/iptables(  843): iptables: No chain/target/match by that name.
07-31 03:58:06.487 I/iptables(  843): iptables terminated by exit(1)
07-31 03:58:06.487 E/Netd    (  843): exec() res=0, status=256 for /system/bin/iptables -w -F st_clear_caught 
07-31 03:58:06.491 I/ip6tables(  843): ip6tables: No chain/target/match by that name.
07-31 03:58:06.492 I/ip6tables(  843): ip6tables terminated by exit(1)
07-31 03:58:06.492 E/Netd    (  843): exec() res=0, status=256 for /system/bin/ip6tables -w -F st_clear_caught 
07-31 03:58:06.501 I/iptables(  843): iptables: No chain/target/match by that name.
07-31 03:58:06.501 I/iptables(  843): iptables terminated by exit(1)
07-31 03:58:06.501 E/Netd    (  843): exec() res=0, status=256 for /system/bin/iptables -w -F st_clear_detect 
07-31 03:58:06.504 I/ip6tables(  843): ip6tables: No chain/target/match by that name.
07-31 03:58:06.504 I/ip6tables(  843): ip6tables terminated by exit(1)
07-31 03:58:06.504 E/Netd    (  843): exec() res=0, status=256 for /system/bin/ip6tables -w -F st_clear_detect 
07-31 03:58:06.509 I/iptables(  843): iptables: No chain/target/match by that name.
07-31 03:58:06.509 I/iptables(  843): iptables terminated by exit(1)
07-31 03:58:06.510 E/Netd    (  843): exec() res=0, status=256 for /system/bin/iptables -w -X st_penalty_log 
07-31 03:58:06.522 I/ip6tables(  843): ip6tables: No chain/target/match by that name.
07-31 03:58:06.522 I/ip6tables(  843): ip6tables terminated by exit(1)
07-31 03:58:06.522 E/Netd    (  843): exec() res=0, status=256 for /system/bin/ip6tables -w -X st_penalty_log 
07-31 03:58:06.532 V/SystemUIService( 1269): Starting SystemUI services.
07-31 03:58:06.535 I/iptables(  843): iptables: No chain/target/match by that name.
07-31 03:58:06.540 I/iptables(  843): iptables terminated by exit(1)
07-31 03:58:06.540 E/Netd    (  843): exec() res=0, status=256 for /system/bin/iptables -w -X st_penalty_reject 
07-31 03:58:06.544 I/ip6tables(  843): ip6tables: No chain/target/match by that name.
07-31 03:58:06.544 I/ip6tables(  843): ip6tables terminated by exit(1)
07-31 03:58:06.545 E/Netd    (  843): exec() res=0, status=256 for /system/bin/ip6tables -w -X st_penalty_reject 
07-31 03:58:06.558 I/iptables(  843): iptables: No chain/target/match by that name.
07-31 03:58:06.558 I/iptables(  843): iptables terminated by exit(1)
07-31 03:58:06.558 E/Netd    (  843): exec() res=0, status=256 for /system/bin/iptables -w -X st_clear_caught 
07-31 03:58:06.564 I/ip6tables(  843): ip6tables: No chain/target/match by that name.
07-31 03:58:06.565 I/ip6tables(  843): ip6tables terminated by exit(1)
07-31 03:58:06.566 E/Netd    (  843): exec() res=0, status=256 for /system/bin/ip6tables -w -X st_clear_caught 
07-31 03:58:06.572 I/iptables(  843): iptables: No chain/target/match by that name.
07-31 03:58:06.573 I/iptables(  843): iptables terminated by exit(1)
07-31 03:58:06.573 E/Netd    (  843): exec() res=0, status=256 for /system/bin/iptables -w -X st_clear_detect 
07-31 03:58:06.576 I/ip6tables(  843): ip6tables: No chain/target/match by that name.
07-31 03:58:06.576 I/ip6tables(  843): ip6tables terminated by exit(1)
07-31 03:58:06.576 E/Netd    (  843): exec() res=0, status=256 for /system/bin/ip6tables -w -X st_clear_detect 
07-31 03:58:06.982 D/PermissionMonitor( 1150): Monitoring
07-31 03:58:06.984 D/PermissionMonitor( 1150): Users: 1, Apps: 62
07-31 03:58:06.989 E/BluetoothAdapter( 1150): Bluetooth binder is null
07-31 03:58:06.990 I/SystemServiceManager( 1150): Starting phase 600
07-31 03:58:06.992 E/BluetoothAdapter( 1150): Bluetooth binder is null
07-31 03:58:06.993 I/AudioFlinger(  844): systemReady
07-31 03:58:06.994 I/BackupManagerService( 1150): Backup enabled => false
07-31 03:58:06.998 E/WVMExtractor( 1269): Failed to open libwvm.so: dlopen failed: library "libwvm.so" not found
07-31 03:58:06.998 V/FFmpegExtractor( 1269): SniffFFMPEG
07-31 03:58:06.998 I/FFmpegExtractor( 1269): android-source:0xee9cf280
07-31 03:58:07.005 E/InputMethodManagerService( 1150): Ignoring updateSystemUiLocked due to an invalid token. uid:1000 token:null
07-31 03:58:07.022 I/ActivityManager( 1150): Start proc 1390:com.android.inputmethod.latin/u0a41 for service com.android.inputmethod.latin/.LatinIME
07-31 03:58:07.024 V/InputMethodManagerService( 1150): Adding window token: android.os.Binder@b4346a4
07-31 03:58:07.037 E/WVMExtractor( 1150): Failed to open libwvm.so: dlopen failed: library "libwvm.so" not found
07-31 03:58:07.037 V/FFmpegExtractor( 1150): SniffFFMPEG
07-31 03:58:07.037 I/FFmpegExtractor( 1150): android-source:0xde2ffc40
07-31 03:58:07.171 D/GpsLocationProvider( 1150): Reset GPS properties, previous size = 0
07-31 03:58:07.171 D/GpsLocationProvider( 1150): GpsParamsResource: SUPL_HOST=supl.google.com
07-31 03:58:07.171 D/GpsLocationProvider( 1150): GpsParamsResource: SUPL_PORT=7275
07-31 03:58:07.171 D/GpsLocationProvider( 1150): GpsParamsResource: NTP_SERVER=north-america.pool.ntp.org
07-31 03:58:07.171 D/GpsLocationProvider( 1150): GpsParamsResource: SUPL_VER=0x20000
07-31 03:58:07.172 D/GpsLocationProvider( 1150): GpsParamsResource: SUPL_MODE=1
07-31 03:58:07.174 W/ServiceWatcher( 1150): com.google.android.gms not found
07-31 03:58:07.174 W/ServiceWatcher( 1150): com.google.android.gms not found
07-31 03:58:07.182 W/WindowManager( 1150): Keyguard drawn timeout. Setting mKeyguardDrawComplete
07-31 03:58:07.354 E/NetdConnector( 1150): Error handling '601 limit alert  ': java.lang.IllegalStateException: Invalid event from daemon (601 limit alert  )
07-31 03:58:07.400 W/LocationManagerService( 1150): no network location provider found
07-31 03:58:07.400 W/ServiceWatcher( 1150): com.google.android.gms not found
07-31 03:58:07.405 W/ServiceWatcher( 1150): com.google.android.gms not found
07-31 03:58:07.405 E/LocationManagerService( 1150): no geocoder provider found
07-31 03:58:07.405 E/FlpHardwareProvider( 1150): Error hw_get_module 'flp': -2
07-31 03:58:07.405 E/LocationManagerService( 1150): FLP HAL not supported
07-31 03:58:07.406 W/ServiceWatcher( 1150): com.google.android.gms not found
07-31 03:58:07.406 E/LocationManagerService( 1150): Unable to bind FLP Geofence proxy.
07-31 03:58:07.406 E/ActivityRecognitionHardware( 1150): Error hw_get_module: -2
07-31 03:58:07.406 E/LocationManagerService( 1150): Hardware Activity-Recognition not supported.
07-31 03:58:07.411 I/CommonTimeManagementService( 1150): No common time service detected on this platform.  Common time services will be unavailable.
07-31 03:58:07.423 I/InputReader( 1150): Reconfiguring input devices.  changes=0x00000020
07-31 03:58:07.423 D/GpsLocationProvider( 1150): GPS properties reloaded, size = 8
07-31 03:58:07.424 E/GpsLocationProvider( 1150): no AGPS interface in set_agps_server
07-31 03:58:07.424 I/MmsServiceBroker( 1150): Delay connecting to MmsService until an API is called
07-31 03:58:07.425 I/InputReader( 1150): Reconfiguring input devices.  changes=0x00000010
07-31 03:58:07.425 D/MountService( 1150): onStartUser 0
07-31 03:58:07.425 D/VoldConnector( 1150): SND -> {7 volume user_started 0}
07-31 03:58:07.426 D/vold    (   84): Linking /storage/emulated/0 to /mnt/user/0/primary
07-31 03:58:07.426 D/VoldConnector( 1150): RCV <- {200 7 Command succeeded}
07-31 03:58:07.432 D/MountService( 1150): Volume emulated broadcasting mounted to UserHandle{0}
07-31 03:58:07.433 W/VoiceInteractionManagerService( 1150): no available voice interaction services found for user 0
07-31 03:58:07.433 W/VoiceInteractionManagerService( 1150): no available voice recognition services found for user 0
07-31 03:58:07.433 E/GpsLocationProvider( 1150): no AGPS interface in set_agps_server
07-31 03:58:07.443 I/ActivityManager( 1150): Start proc 1410:android.process.media/u0a6 for broadcast com.android.providers.downloads/.DownloadReceiver
07-31 03:58:07.493 I/ActivityManager( 1150): Start proc 1422:com.android.printspooler/u0a51 for service com.android.printspooler/.model.PrintSpoolerService
07-31 03:58:07.504 I/ActivityManager( 1150): Start proc 1437:com.android.phone/1001 for added application com.android.phone
07-31 03:58:07.505 I/ActivityManager( 1150): START u0 {act=android.intent.action.MAIN cat=[android.intent.category.HOME] flg=0x10000000 cmp=com.android.launcher3/.Launcher} from uid 0 on display 0
07-31 03:58:07.521 I/ActivityManager( 1150): Start proc 1450:com.android.launcher3/u0a8 for activity com.android.launcher3/.Launcher
07-31 03:58:07.525 I/SystemServer( 1150): Enabled StrictMode for system server main thread.
07-31 03:58:07.537 D/RttService( 1150): SCAN_AVAILABLE : 1
07-31 03:58:07.537 D/RttService( 1150): DefaultState got{ when=0 what=160513 target=com.android.internal.util.StateMachine$SmHandler }
07-31 03:58:07.581 W/System  ( 1437): ClassLoader referenced unknown path: /system/priv-app/TeleService/lib/x86
07-31 03:58:07.610 W/System  ( 1410): ClassLoader referenced unknown path: /system/priv-app/DownloadProvider/lib/x86
07-31 03:58:07.614 W/System  ( 1410): ClassLoader referenced unknown path: /system/priv-app/MediaProvider/lib/x86
07-31 03:58:07.625 D/RttService( 1150): SCAN_AVAILABLE : 3
07-31 03:58:07.627 E/WifiScanningService( 1150): could not start HAL
07-31 03:58:07.627 D/RttService( 1150): DefaultState got{ when=-1ms what=160512 target=com.android.internal.util.StateMachine$SmHandler }
07-31 03:58:07.636 W/System  ( 1450): ClassLoader referenced unknown path: /system/priv-app/Launcher3/lib/x86
07-31 03:58:07.712 I/Choreographer( 1150): Skipped 94 frames!  The application may be doing too much work on its main thread.
07-31 03:58:07.747 W/System  ( 1150): ClassLoader referenced unknown path: /system/priv-app/Telecom/lib/x86
07-31 03:58:07.927 W/System  ( 1437): ClassLoader referenced unknown path: /system/priv-app/TelephonyProvider/lib/x86
07-31 03:58:07.989 I/PrintSpoolerService( 1422): No existing print spooler state.
07-31 03:58:08.490 D/MediaScannerReceiver( 1410): action: android.intent.action.MEDIA_MOUNTED path: /storage/emulated/0
07-31 03:58:08.493 D/TelephonyProvider( 1437): dbh.onOpen: ok, queried table=siminfo
07-31 03:58:08.493 D/TelephonyProvider( 1437): dbh.onOpen: ok, queried table=carriers
07-31 03:58:08.982 I/LatinIME( 1390): Hardware accelerated drawing: true
07-31 03:58:09.001 V/MediaScanner( 1410): pruneDeadThumbnailFiles... android.database.sqlite.SQLiteCursor@2fb604e
07-31 03:58:09.006 D/FFMPEG  ( 1269): android source begin open
07-31 03:58:09.006 D/FFMPEG  ( 1269): android open, url: android-source:0xee9cf280
07-31 03:58:09.006 D/FFMPEG  ( 1269): ffmpeg open android data source success, source ptr: 0xee9cf280
07-31 03:58:09.006 D/FFMPEG  ( 1269): android source open success
07-31 03:58:09.006 D/FFMPEG  ( 1150): android source begin open
07-31 03:58:09.006 D/FFMPEG  ( 1150): android open, url: android-source:0xde2ffc40
07-31 03:58:09.006 D/FFMPEG  ( 1150): ffmpeg open android data source success, source ptr: 0xde2ffc40
07-31 03:58:09.006 D/FFMPEG  ( 1150): android source open success
07-31 03:58:09.085 E/BluetoothAdapter( 1150): Bluetooth binder is null
07-31 03:58:09.111 I/ActivityManager( 1150): Start proc 1479:android.process.acore/u0a2 for content provider com.android.providers.contacts/.CallLogProvider
07-31 03:58:09.155 V/MediaScanner( 1410): /pruneDeadThumbnailFiles... android.database.sqlite.SQLiteCursor@2fb604e
07-31 03:58:09.243 W/System  ( 1479): ClassLoader referenced unknown path: /system/priv-app/ContactsProvider/lib/x86
07-31 03:58:09.275 I/vol.Events( 1269): writeEvent collection_started
07-31 03:58:09.279 I/vol.Events( 1269): writeEvent external_ringer_mode_changed normal
07-31 03:58:09.281 I/vol.Events( 1269): writeEvent internal_ringer_mode_changed normal
07-31 03:58:09.346 E/BluetoothAdapter( 1150): Bluetooth binder is null
07-31 03:58:09.359 I/Telecom ( 1150): Class: TelecomSystem.INSTANCE being set
07-31 03:58:09.360 E/BluetoothAdapter( 1150): Bluetooth binder is null
07-31 03:58:09.395 W/System  ( 1150): ClassLoader referenced unknown path: /system/priv-app/FusedLocation/lib/x86
07-31 03:58:09.407 D/GpsNetInitiatedHandler( 1150): location enabled :true
07-31 03:58:09.407 V/WiredAccessoryManager( 1150): init()
07-31 03:58:09.791 D/PermissionCache( 1173): checking android.permission.HARDWARE_TEST for uid=1000 => granted (731 us)
07-31 03:58:09.803 V/BackupManagerService( 1150): Connected to transport ComponentInfo{android/com.android.internal.backup.LocalTransportService}
07-31 03:58:09.803 V/BackupManagerService( 1150): Registering transport android/com.android.internal.backup.LocalTransportService::android/com.android.internal.backup.LocalTransport = android.app.backup.BackupTransport$TransportImpl@15de516
07-31 03:58:09.809 I/Choreographer( 1150): Skipped 123 frames!  The application may be doing too much work on its main thread.
07-31 03:58:09.821 D/        ( 1150): HostConnection::get() New Host Connection established 0xddbd9ab0, tid 1150
07-31 03:58:09.906 I/art     ( 1269): Background sticky concurrent mark sweep GC freed 12007(873KB) AllocSpace objects, 2(40KB) LOS objects, 53% free, 1051KB/2MB, paused 12.840ms total 52.732ms
07-31 03:58:09.990 V/Launcher( 1450): LauncherAppState inited
07-31 03:58:10.031 I/vol.Events( 1269): writeEvent level_changed STREAM_ALARM 6
07-31 03:58:10.049 I/vol.Events( 1269): writeEvent level_changed STREAM_BLUETOOTH_SCO 7
07-31 03:58:10.066 I/vol.Events( 1269): writeEvent level_changed STREAM_MUSIC 11
07-31 03:58:10.071 I/vol.Events( 1269): writeEvent level_changed STREAM_RING 5
07-31 03:58:10.073 I/vol.Events( 1269): writeEvent level_changed STREAM_SYSTEM 5
07-31 03:58:10.074 I/vol.Events( 1269): writeEvent level_changed STREAM_VOICE_CALL 4
07-31 03:58:10.233 D/StorageNotification( 1269): Notifying about private volume: VolumeInfo{private}:
07-31 03:58:10.233 D/StorageNotification( 1269):     type=PRIVATE diskId=null partGuid=null mountFlags=0 mountUserId=-1 
07-31 03:58:10.233 D/StorageNotification( 1269):     state=MOUNTED 
07-31 03:58:10.233 D/StorageNotification( 1269):     fsType=null fsUuid=null fsLabel=null 
07-31 03:58:10.233 D/StorageNotification( 1269):     path=/data internalPath=null 
