07-31 03:58:13.969 W/linker  (  844): /system/lib/libswresample.so has text relocations. This is wasting memory and prevents security hardening. Please fix.
07-31 03:58:14.110 E/WVMExtractor(  844): Failed to open libwvm.so: dlopen failed: library "libwvm.so" not found
07-31 03:58:14.110 V/FFmpegExtractor(  844): SniffFFMPEG
07-31 03:58:14.110 I/FFmpegExtractor(  844): android-source:0xf22ad5c0
07-31 03:58:14.110 D/FFMPEG  (  844): android source begin open
07-31 03:58:14.110 D/FFMPEG  (  844): android open, url: android-source:0xf22ad5c0
07-31 03:58:14.110 D/FFMPEG  (  844): ffmpeg open android data source success, source ptr: 0xf22ad5c0
07-31 03:58:14.110 D/FFMPEG  (  844): android source open success
07-31 03:58:14.111 I/FFMPEG  (  844): Input #0, ogg, from 'android-source:0xf22ad5c0':
07-31 03:58:14.111 I/FFMPEG  (  844):   Duration: 00:00:00.42, start: 0.000000, bitrate: 113 kb/s
07-31 03:58:14.111 I/FFMPEG  (  844):     Stream #0:0: Audio: vorbis, 48000 Hz, mono, fltp, 48 kb/s
07-31 03:58:14.111 I/FFMPEG  (  844):     Metadata:
07-31 03:58:14.111 I/FFMPEG  (  844):       TITLE           : Camera Shutter
07-31 03:58:14.111 I/FFMPEG  (  844):       ARTIST          : (c) 2012 Android Open Source Project
07-31 03:58:14.111 I/FFmpegExtractor(  844): FFmpegExtrator, url: android-source:0xf22ad5c0, format_name: ogg, format_long_name: Ogg
07-31 03:58:14.111 I/FFmpegExtractor(  844): list the formats suppoted by ffmpeg: 
07-31 03:58:14.111 I/FFmpegExtractor(  844): ========================================
07-31 03:58:14.111 V/FFmpegExtractor(  844): format_names[00]: mpeg
07-31 03:58:14.111 V/FFmpegExtractor(  844): format_names[01]: mpegts
07-31 03:58:14.111 V/FFmpegExtractor(  844): format_names[02]: mov,mp4,m4a,3gp,3g2,mj2
07-31 03:58:14.111 V/FFmpegExtractor(  844): format_names[03]: matroska,webm
07-31 03:58:14.111 V/FFmpegExtractor(  844): format_names[04]: asf
07-31 03:58:14.111 V/FFmpegExtractor(  844): format_names[05]: rm
07-31 03:58:14.111 V/FFmpegExtractor(  844): format_names[06]: flv
07-31 03:58:14.111 V/FFmpegExtractor(  844): format_names[07]: swf
07-31 03:58:14.111 V/FFmpegExtractor(  844): format_names[08]: avi
07-31 03:58:14.111 V/FFmpegExtractor(  844): format_names[09]: ape
07-31 03:58:14.111 V/FFmpegExtractor(  844): format_names[10]: dts
07-31 03:58:14.111 V/FFmpegExtractor(  844): format_names[11]: flac
07-31 03:58:14.111 V/FFmpegExtractor(  844): format_names[12]: ac3
07-31 03:58:14.111 V/FFmpegExtractor(  844): format_names[13]: wav
07-31 03:58:14.111 V/FFmpegExtractor(  844): format_names[14]: ogg
07-31 03:58:14.111 V/FFmpegExtractor(  844): format_names[15]: vc1
07-31 03:58:14.111 V/FFmpegExtractor(  844): format_names[16]: hevc
07-31 03:58:14.111 I/FFmpegExtractor(  844): ========================================
07-31 03:58:14.111 I/FFmpegExtractor(  844): adjust mime(application/ogg -> audio/vorbis)
07-31 03:58:14.111 D/FFmpegExtractor(  844): suppoted codec(vorbis) by official Stagefright
07-31 03:58:14.111 D/FFMPEG  (  844): android source close
07-31 03:58:14.111 I/FFmpegExtractor(  844): sniff through BetterSniffFFMPEG success
07-31 03:58:14.111 D/FFmpegExtractor(  844): ffmpeg detected media content as 'audio/vorbis' with confidence 0.08
07-31 03:58:14.119 D/NuPlayerDriver(  844): notifyListener_l(0xf1aa2000), (1, 0, 0)
07-31 03:58:14.137 W/System  ( 1729): ClassLoader referenced unknown path: /system/app/Music/lib/x86
07-31 03:58:14.167 D/GpsLocationProvider( 1150): SIM MCC/MNC is still not available
07-31 03:58:14.167 D/MccTable( 1437): updateMccMncConfiguration defaultMccMnc=
07-31 03:58:14.167 D/MccTable( 1437): updateMccMncConfiguration: mcc=310, mnc=260
07-31 03:58:14.167 D/MccTable( 1437): WIFI_COUNTRY_CODE set to us
07-31 03:58:14.167 I/WifiService( 1150): WifiService trying to set country code to us with persist set to true
07-31 03:58:14.176 V/FFmpegExtractor(  844): SniffFFMPEG
07-31 03:58:14.176 I/FFmpegExtractor(  844): android-source:0xf22adb80
07-31 03:58:14.176 D/FFMPEG  (  844): android source begin open
07-31 03:58:14.176 D/FFMPEG  (  844): android open, url: android-source:0xf22adb80
07-31 03:58:14.176 D/FFMPEG  (  844): ffmpeg open android data source success, source ptr: 0xf22adb80
07-31 03:58:14.176 D/FFMPEG  (  844): android source open success
07-31 03:58:14.177 I/FFMPEG  (  844): Input #0, ogg, from 'android-source:0xf22adb80':
07-31 03:58:14.177 I/FFMPEG  (  844):   Duration: 00:00:00.54, start: 0.000000, bitrate: 95 kb/s
07-31 03:58:14.177 I/FFMPEG  (  844):     Stream #0:0: Audio: vorbis, 48000 Hz, mono, fltp, 48 kb/s
07-31 03:58:14.177 I/FFMPEG  (  844):     Metadata:
07-31 03:58:14.177 I/FFMPEG  (  844):       TITLE           : Video Record
07-31 03:58:14.177 I/FFMPEG  (  844):       ARTIST          : (c) 2012 Android Open Source Project
07-31 03:58:14.177 I/FFmpegExtractor(  844): FFmpegExtrator, url: android-source:0xf22adb80, format_name: ogg, format_long_name: Ogg
07-31 03:58:14.177 I/FFmpegExtractor(  844): list the formats suppoted by ffmpeg: 
07-31 03:58:14.177 I/FFmpegExtractor(  844): ========================================
07-31 03:58:14.177 V/FFmpegExtractor(  844): format_names[00]: mpeg
07-31 03:58:14.177 V/FFmpegExtractor(  844): format_names[01]: mpegts
07-31 03:58:14.177 V/FFmpegExtractor(  844): format_names[02]: mov,mp4,m4a,3gp,3g2,mj2
07-31 03:58:14.177 V/FFmpegExtractor(  844): format_names[03]: matroska,webm
07-31 03:58:14.177 V/FFmpegExtractor(  844): format_names[04]: asf
07-31 03:58:14.177 V/FFmpegExtractor(  844): format_names[05]: rm
07-31 03:58:14.177 V/FFmpegExtractor(  844): format_names[06]: flv
07-31 03:58:14.177 V/FFmpegExtractor(  844): format_names[07]: swf
07-31 03:58:14.177 V/FFmpegExtractor(  844): format_names[08]: avi
07-31 03:58:14.177 V/FFmpegExtractor(  844): format_names[09]: ape
07-31 03:58:14.177 V/FFmpegExtractor(  844): format_names[10]: dts
07-31 03:58:14.177 V/FFmpegExtractor(  844): format_names[11]: flac
07-31 03:58:14.177 V/FFmpegExtractor(  844): format_names[12]: ac3
07-31 03:58:14.177 V/FFmpegExtractor(  844): format_names[13]: wav
07-31 03:58:14.177 V/FFmpegExtractor(  844): format_names[14]: ogg
07-31 03:58:14.177 V/FFmpegExtractor(  844): format_names[15]: vc1
07-31 03:58:14.177 V/FFmpegExtractor(  844): format_names[16]: hevc
07-31 03:58:14.177 I/FFmpegExtractor(  844): ========================================
07-31 03:58:14.177 I/FFmpegExtractor(  844): adjust mime(application/ogg -> audio/vorbis)
07-31 03:58:14.177 D/FFmpegExtractor(  844): suppoted codec(vorbis) by official Stagefright
07-31 03:58:14.177 D/FFMPEG  (  844): android source close
07-31 03:58:14.177 I/FFmpegExtractor(  844): sniff through BetterSniffFFMPEG success
07-31 03:58:14.177 D/FFmpegExtractor(  844): ffmpeg detected media content as 'audio/vorbis' with confidence 0.08
07-31 03:58:14.181 D/NuPlayerDriver(  844): notifyListener_l(0xf1aa2060), (1, 0, 0)
07-31 03:58:14.186 I/CameraClient(  844): Opening camera 0
07-31 03:58:14.186 V/EmulatedCamera_Camera(  844): getCameraInfo
07-31 03:58:14.186 V/EmulatedCamera_BaseCamera(  844): getCameraInfo
07-31 03:58:14.186 V/EmulatedCamera_Camera(  844): connectCamera
07-31 03:58:14.186 V/EmulatedCamera_GenyDevice(  844): connectDevice
07-31 03:58:14.188 V/EmulatedCamera_GenyDevice(  844): connectDevice: Connected to device 'back'
07-31 03:58:14.188 V/EmulatedCamera_CallbackNotifier(  844): setCallbacks: 0xf759f577, 0xf759fe2c, 0xf759fd04, 0xf75a02d9 (0xf1aa20c0)
07-31 03:58:14.188 V/EmulatedCamera_CallbackNotifier(  844): enableMessage: msg_type = 0xc0d
07-31 03:58:14.188 V/EmulatedCamera_CallbackNotifier(  844):     CAMERA_MSG_ERROR
07-31 03:58:14.188 V/EmulatedCamera_CallbackNotifier(  844):     CAMERA_MSG_FOCUS
07-31 03:58:14.188 V/EmulatedCamera_CallbackNotifier(  844):     CAMERA_MSG_ZOOM
07-31 03:58:14.188 V/EmulatedCamera_CallbackNotifier(  844):     CAMERA_MSG_PREVIEW_METADATA
07-31 03:58:14.188 V/EmulatedCamera_CallbackNotifier(  844): **** Currently enabled messages:
07-31 03:58:14.188 V/EmulatedCamera_CallbackNotifier(  844):     CAMERA_MSG_ERROR
07-31 03:58:14.188 V/EmulatedCamera_CallbackNotifier(  844):     CAMERA_MSG_FOCUS
07-31 03:58:14.189 V/EmulatedCamera_CallbackNotifier(  844):     CAMERA_MSG_ZOOM
07-31 03:58:14.189 V/EmulatedCamera_CallbackNotifier(  844):     CAMERA_MSG_PREVIEW_METADATA
07-31 03:58:14.189 V/EmulatedCamera_CallbackNotifier(  844): disableMessage: msg_type = 0xffff
07-31 03:58:14.189 V/EmulatedCamera_CallbackNotifier(  844):     CAMERA_MSG_ERROR
07-31 03:58:14.189 V/EmulatedCamera_CallbackNotifier(  844):     CAMERA_MSG_SHUTTER
07-31 03:58:14.189 V/EmulatedCamera_CallbackNotifier(  844):     CAMERA_MSG_FOCUS
07-31 03:58:14.189 V/EmulatedCamera_CallbackNotifier(  844):     CAMERA_MSG_ZOOM
07-31 03:58:14.189 V/EmulatedCamera_CallbackNotifier(  844):     CAMERA_MSG_PREVIEW_FRAME
07-31 03:58:14.189 V/EmulatedCamera_CallbackNotifier(  844):     CAMERA_MSG_VIDEO_FRAME
07-31 03:58:14.189 V/EmulatedCamera_CallbackNotifier(  844):     CAMERA_MSG_POSTVIEW_FRAME
07-31 03:58:14.189 V/EmulatedCamera_CallbackNotifier(  844):     CAMERA_MSG_RAW_IMAGE
07-31 03:58:14.189 V/EmulatedCamera_CallbackNotifier(  844):     CAMERA_MSG_COMPRESSED_IMAGE
07-31 03:58:14.189 V/EmulatedCamera_CallbackNotifier(  844):     CAMERA_MSG_RAW_IMAGE_NOTIFY
07-31 03:58:14.189 V/EmulatedCamera_CallbackNotifier(  844):     CAMERA_MSG_PREVIEW_METADATA
07-31 03:58:14.189 V/EmulatedCamera_CallbackNotifier(  844): **** Currently enabled messages:
07-31 03:58:14.189 V/EmulatedCamera_Camera(  844): doStopPreview
07-31 03:58:14.189 V/EmulatedCamera_Camera(  844): cancelPicture
07-31 03:58:14.189 V/EmulatedCamera_Camera(  844): releaseCamera
07-31 03:58:14.189 V/EmulatedCamera_Camera(  844): doStopPreview
07-31 03:58:14.189 V/EmulatedCamera_GenyDevice(  844): disconnectDevice
07-31 03:58:14.190 V/EmulatedCamera_GenyDevice(  844): disconnectDevice: Disonnected from device 'back'
07-31 03:58:14.190 I/CameraFlashlight(  844): Destroying camera 0
07-31 03:58:14.190 V/EmulatedCamera_Camera(  844): closeCamera
07-31 03:58:14.190 V/EmulatedCamera_Camera(  844): doStopPreview
07-31 03:58:14.191 I/CameraService(  844): disconnect: Disconnected client for camera 0 for PID 844
07-31 03:58:14.191 D/NuPlayerDriver(  844): reset(0xf1aa2000)
07-31 03:58:14.191 D/NuPlayerDriver(  844): notifyListener_l(0xf1aa2000), (8, 0, 0)
07-31 03:58:14.192 D/NuPlayerDriver(  844): notifyResetComplete(0xf1aa2000)
07-31 03:58:14.194 D/NuPlayerDriver(  844): reset(0xf1aa2060)
07-31 03:58:14.194 D/NuPlayerDriver(  844): notifyListener_l(0xf1aa2060), (8, 0, 0)
07-31 03:58:14.199 D/NuPlayerDriver(  844): notifyResetComplete(0xf1aa2060)
07-31 03:58:14.206 E/CameraService(  844): disconnect: Disconnect called on already disconnected client for device 0
07-31 03:58:14.211 V/EmulatedCamera_Camera(  844): getCameraInfo
07-31 03:58:14.211 V/EmulatedCamera_BaseCamera(  844): getCameraInfo
07-31 03:58:14.211 I/CameraService(  844): getCameraCharacteristics: Switching to HAL1 shim implementation...
07-31 03:58:14.211 V/EmulatedCamera_Camera(  844): getCameraInfo
07-31 03:58:14.211 V/EmulatedCamera_BaseCamera(  844): getCameraInfo
07-31 03:58:14.211 I/CameraService(  844): CameraService::connect call (PID 844 "media", camera ID 1) for HAL version default and Camera API version 1
07-31 03:58:14.211 E/CameraService(  844): getCameraPriorityFromProcState: Received invalid process state -1 from ActivityManagerService!
07-31 03:58:14.211 V/EmulatedCamera_Camera(  844): getCameraInfo
07-31 03:58:14.211 V/EmulatedCamera_BaseCamera(  844): getCameraInfo
07-31 03:58:14.224 V/FFmpegExtractor(  844): SniffFFMPEG
07-31 03:58:14.224 I/FFmpegExtractor(  844): android-source:0xf22ad5c0
07-31 03:58:14.224 D/FFMPEG  (  844): android source begin open
07-31 03:58:14.224 D/FFMPEG  (  844): android open, url: android-source:0xf22ad5c0
07-31 03:58:14.224 D/FFMPEG  (  844): ffmpeg open android data source success, source ptr: 0xf22ad5c0
07-31 03:58:14.224 D/FFMPEG  (  844): android source open success
07-31 03:58:14.225 I/FFMPEG  (  844): Input #0, ogg, from 'android-source:0xf22ad5c0':
07-31 03:58:14.225 I/FFMPEG  (  844):   Duration: 00:00:00.42, start: 0.000000, bitrate: 113 kb/s
07-31 03:58:14.225 I/FFMPEG  (  844):     Stream #0:0: Audio: vorbis, 48000 Hz, mono, fltp, 48 kb/s
07-31 03:58:14.225 I/FFMPEG  (  844):     Metadata:
07-31 03:58:14.225 I/FFMPEG  (  844):       TITLE           : Camera Shutter
07-31 03:58:14.225 I/FFMPEG  (  844):       ARTIST          : (c) 2012 Android Open Source Project
07-31 03:58:14.225 I/FFmpegExtractor(  844): FFmpegExtrator, url: android-source:0xf22ad5c0, format_name: ogg, format_long_name: Ogg
07-31 03:58:14.225 I/FFmpegExtractor(  844): list the formats suppoted by ffmpeg: 
07-31 03:58:14.225 I/FFmpegExtractor(  844): ========================================
07-31 03:58:14.225 V/FFmpegExtractor(  844): format_names[00]: mpeg
07-31 03:58:14.225 V/FFmpegExtractor(  844): format_names[01]: mpegts
07-31 03:58:14.225 V/FFmpegExtractor(  844): format_names[02]: mov,mp4,m4a,3gp,3g2,mj2
07-31 03:58:14.225 V/FFmpegExtractor(  844): format_names[03]: matroska,webm
07-31 03:58:14.225 V/FFmpegExtractor(  844): format_names[04]: asf
07-31 03:58:14.225 V/FFmpegExtractor(  844): format_names[05]: rm
07-31 03:58:14.225 V/FFmpegExtractor(  844): format_names[06]: flv
07-31 03:58:14.225 V/FFmpegExtractor(  844): format_names[07]: swf
07-31 03:58:14.225 V/FFmpegExtractor(  844): format_names[08]: avi
07-31 03:58:14.225 V/FFmpegExtractor(  844): format_names[09]: ape
07-31 03:58:14.225 V/FFmpegExtractor(  844): format_names[10]: dts
07-31 03:58:14.225 V/FFmpegExtractor(  844): format_names[11]: flac
07-31 03:58:14.225 V/FFmpegExtractor(  844): format_names[12]: ac3
07-31 03:58:14.225 V/FFmpegExtractor(  844): format_names[13]: wav
07-31 03:58:14.225 V/FFmpegExtractor(  844): format_names[14]: ogg
07-31 03:58:14.225 V/FFmpegExtractor(  844): format_names[15]: vc1
07-31 03:58:14.225 V/FFmpegExtractor(  844): format_names[16]: hevc
07-31 03:58:14.225 I/FFmpegExtractor(  844): ========================================
07-31 03:58:14.225 I/FFmpegExtractor(  844): adjust mime(application/ogg -> audio/vorbis)
07-31 03:58:14.225 D/FFmpegExtractor(  844): suppoted codec(vorbis) by official Stagefright
07-31 03:58:14.225 D/FFMPEG  (  844): android source close
07-31 03:58:14.225 I/FFmpegExtractor(  844): sniff through BetterSniffFFMPEG success
07-31 03:58:14.225 D/FFmpegExtractor(  844): ffmpeg detected media content as 'audio/vorbis' with confidence 0.08
07-31 03:58:14.230 D/NuPlayerDriver(  844): notifyListener_l(0xf6159d80), (1, 0, 0)
07-31 03:58:14.237 V/FFmpegExtractor(  844): SniffFFMPEG
07-31 03:58:14.239 I/FFmpegExtractor(  844): android-source:0xf22adc80
07-31 03:58:14.239 D/FFMPEG  (  844): android source begin open
07-31 03:58:14.239 D/FFMPEG  (  844): android open, url: android-source:0xf22adc80
07-31 03:58:14.239 D/FFMPEG  (  844): ffmpeg open android data source success, source ptr: 0xf22adc80
07-31 03:58:14.239 D/FFMPEG  (  844): android source open success
07-31 03:58:14.241 I/FFMPEG  (  844): Input #0, ogg, from 'android-source:0xf22adc80':
07-31 03:58:14.241 I/FFMPEG  (  844):   Duration: 00:00:00.54, start: 0.000000, bitrate: 95 kb/s
07-31 03:58:14.241 I/FFMPEG  (  844):     Stream #0:0: Audio: vorbis, 48000 Hz, mono, fltp, 48 kb/s
07-31 03:58:14.241 I/FFMPEG  (  844):     Metadata:
07-31 03:58:14.241 I/FFMPEG  (  844):       TITLE           : Video Record
07-31 03:58:14.241 I/FFMPEG  (  844):       ARTIST          : (c) 2012 Android Open Source Project
07-31 03:58:14.241 I/FFmpegExtractor(  844): FFmpegExtrator, url: android-source:0xf22adc80, format_name: ogg, format_long_name: Ogg
07-31 03:58:14.241 I/FFmpegExtractor(  844): list the formats suppoted by ffmpeg: 
07-31 03:58:14.241 I/FFmpegExtractor(  844): ========================================
07-31 03:58:14.241 V/FFmpegExtractor(  844): format_names[00]: mpeg
07-31 03:58:14.241 V/FFmpegExtractor(  844): format_names[01]: mpegts
07-31 03:58:14.241 V/FFmpegExtractor(  844): format_names[02]: mov,mp4,m4a,3gp,3g2,mj2
07-31 03:58:14.241 V/FFmpegExtractor(  844): format_names[03]: matroska,webm
07-31 03:58:14.241 V/FFmpegExtractor(  844): format_names[04]: asf
07-31 03:58:14.241 V/FFmpegExtractor(  844): format_names[05]: rm
07-31 03:58:14.241 V/FFmpegExtractor(  844): format_names[06]: flv
07-31 03:58:14.241 V/FFmpegExtractor(  844): format_names[07]: swf
07-31 03:58:14.241 V/FFmpegExtractor(  844): format_names[08]: avi
07-31 03:58:14.241 V/FFmpegExtractor(  844): format_names[09]: ape
07-31 03:58:14.241 V/FFmpegExtractor(  844): format_names[10]: dts
07-31 03:58:14.241 V/FFmpegExtractor(  844): format_names[11]: flac
07-31 03:58:14.241 V/FFmpegExtractor(  844): format_names[12]: ac3
07-31 03:58:14.241 V/FFmpegExtractor(  844): format_names[13]: wav
07-31 03:58:14.241 V/FFmpegExtractor(  844): format_names[14]: ogg
07-31 03:58:14.241 V/FFmpegExtractor(  844): format_names[15]: vc1
07-31 03:58:14.241 V/FFmpegExtractor(  844): format_names[16]: hevc
07-31 03:58:14.241 I/FFmpegExtractor(  844): ========================================
07-31 03:58:14.241 I/FFmpegExtractor(  844): adjust mime(application/ogg -> audio/vorbis)
07-31 03:58:14.241 D/FFmpegExtractor(  844): suppoted codec(vorbis) by official Stagefright
07-31 03:58:14.241 D/FFMPEG  (  844): android source close
07-31 03:58:14.241 I/FFmpegExtractor(  844): sniff through BetterSniffFFMPEG success
07-31 03:58:14.241 D/FFmpegExtractor(  844): ffmpeg detected media content as 'audio/vorbis' with confidence 0.08
07-31 03:58:14.244 D/NuPlayerDriver(  844): notifyListener_l(0xf615a200), (1, 0, 0)
07-31 03:58:14.246 I/CameraClient(  844): Opening camera 1
07-31 03:58:14.246 V/EmulatedCamera_Camera(  844): getCameraInfo
07-31 03:58:14.246 V/EmulatedCamera_BaseCamera(  844): getCameraInfo
07-31 03:58:14.246 V/EmulatedCamera_Camera(  844): connectCamera
07-31 03:58:14.246 V/EmulatedCamera_GenyDevice(  844): connectDevice
07-31 03:58:14.251 V/EmulatedCamera_GenyDevice(  844): connectDevice: Connected to device 'front'
07-31 03:58:14.251 V/EmulatedCamera_CallbackNotifier(  844): setCallbacks: 0xf759f577, 0xf759fe2c, 0xf759fd04, 0xf75a02d9 (0xf6159de0)
07-31 03:58:14.251 V/EmulatedCamera_CallbackNotifier(  844): enableMessage: msg_type = 0xc0d
07-31 03:58:14.251 V/EmulatedCamera_CallbackNotifier(  844):     CAMERA_MSG_ERROR
07-31 03:58:14.251 V/EmulatedCamera_CallbackNotifier(  844):     CAMERA_MSG_FOCUS
07-31 03:58:14.251 V/EmulatedCamera_CallbackNotifier(  844):     CAMERA_MSG_ZOOM
07-31 03:58:14.251 V/EmulatedCamera_CallbackNotifier(  844):     CAMERA_MSG_PREVIEW_METADATA
07-31 03:58:14.251 V/EmulatedCamera_CallbackNotifier(  844): **** Currently enabled messages:
07-31 03:58:14.251 V/EmulatedCamera_CallbackNotifier(  844):     CAMERA_MSG_ERROR
07-31 03:58:14.251 V/EmulatedCamera_CallbackNotifier(  844):     CAMERA_MSG_FOCUS
07-31 03:58:14.251 V/EmulatedCamera_CallbackNotifier(  844):     CAMERA_MSG_ZOOM
07-31 03:58:14.251 V/EmulatedCamera_CallbackNotifier(  844):     CAMERA_MSG_PREVIEW_METADATA
07-31 03:58:14.252 V/EmulatedCamera_CallbackNotifier(  844): disableMessage: msg_type = 0xffff
07-31 03:58:14.252 V/EmulatedCamera_CallbackNotifier(  844):     CAMERA_MSG_ERROR
07-31 03:58:14.252 V/EmulatedCamera_CallbackNotifier(  844):     CAMERA_MSG_SHUTTER
07-31 03:58:14.252 V/EmulatedCamera_CallbackNotifier(  844):     CAMERA_MSG_FOCUS
07-31 03:58:14.252 V/EmulatedCamera_CallbackNotifier(  844):     CAMERA_MSG_ZOOM
07-31 03:58:14.252 V/EmulatedCamera_CallbackNotifier(  844):     CAMERA_MSG_PREVIEW_FRAME
07-31 03:58:14.252 V/EmulatedCamera_CallbackNotifier(  844):     CAMERA_MSG_VIDEO_FRAME
07-31 03:58:14.252 V/EmulatedCamera_CallbackNotifier(  844):     CAMERA_MSG_POSTVIEW_FRAME
07-31 03:58:14.252 V/EmulatedCamera_CallbackNotifier(  844):     CAMERA_MSG_RAW_IMAGE
07-31 03:58:14.252 V/EmulatedCamera_CallbackNotifier(  844):     CAMERA_MSG_COMPRESSED_IMAGE
07-31 03:58:14.252 V/EmulatedCamera_CallbackNotifier(  844):     CAMERA_MSG_RAW_IMAGE_NOTIFY
07-31 03:58:14.252 V/EmulatedCamera_CallbackNotifier(  844):     CAMERA_MSG_PREVIEW_METADATA
07-31 03:58:14.252 V/EmulatedCamera_CallbackNotifier(  844): **** Currently enabled messages:
07-31 03:58:14.252 V/EmulatedCamera_Camera(  844): doStopPreview
07-31 03:58:14.252 V/EmulatedCamera_Camera(  844): cancelPicture
07-31 03:58:14.252 V/EmulatedCamera_Camera(  844): releaseCamera
07-31 03:58:14.252 V/EmulatedCamera_Camera(  844): doStopPreview
07-31 03:58:14.252 V/EmulatedCamera_GenyDevice(  844): disconnectDevice
07-31 03:58:14.259 V/EmulatedCamera_GenyDevice(  844): disconnectDevice: Disonnected from device 'front'
07-31 03:58:14.259 I/CameraFlashlight(  844): Destroying camera 1
07-31 03:58:14.259 V/EmulatedCamera_Camera(  844): closeCamera
07-31 03:58:14.259 V/EmulatedCamera_Camera(  844): doStopPreview
07-31 03:58:14.259 I/CameraService(  844): disconnect: Disconnected client for camera 1 for PID 844
07-31 03:58:14.260 D/NuPlayerDriver(  844): reset(0xf6159d80)
07-31 03:58:14.260 D/NuPlayerDriver(  844): notifyListener_l(0xf6159d80), (8, 0, 0)
07-31 03:58:14.265 D/NuPlayerDriver(  844): notifyResetComplete(0xf6159d80)
07-31 03:58:14.266 D/NuPlayerDriver(  844): reset(0xf615a200)
07-31 03:58:14.266 D/NuPlayerDriver(  844): notifyListener_l(0xf615a200), (8, 0, 0)
07-31 03:58:14.266 D/NuPlayerDriver(  844): notifyResetComplete(0xf615a200)
07-31 03:58:14.266 E/CameraService(  844): disconnect: Disconnect called on already disconnected client for device 1
07-31 03:58:14.267 V/EmulatedCamera_Camera(  844): getCameraInfo
07-31 03:58:14.267 V/EmulatedCamera_BaseCamera(  844): getCameraInfo
07-31 03:58:14.274 V/EmulatedCamera_Camera(  844): getCameraInfo
07-31 03:58:14.274 V/EmulatedCamera_BaseCamera(  844): getCameraInfo
07-31 03:58:14.292 I/art     ( 1437): Background partial concurrent mark sweep GC freed 10580(1076KB) AllocSpace objects, 1(20KB) LOS objects, 49% free, 1056KB/2MB, paused 423us total 366.587ms
07-31 03:58:14.434 I/ActivityManager( 1150): Start proc 1750:com.android.settings/1000 for broadcast com.android.settings/.sim.SimSelectNotification
07-31 03:58:14.557 W/System  ( 1750): ClassLoader referenced unknown path: /system/priv-app/Settings/lib/x86
07-31 03:58:14.675 V/EmulatedCamera_Camera(  844): getCameraInfo
07-31 03:58:14.675 V/EmulatedCamera_BaseCamera(  844): getCameraInfo
07-31 03:58:14.677 V/EmulatedCamera_Camera(  844): getCameraInfo
07-31 03:58:14.677 V/EmulatedCamera_BaseCamera(  844): getCameraInfo
07-31 03:58:14.742 I/Telephony( 1437): PstnIncomingCallNotifier: Unregistering: Handler (com.android.internal.telephony.gsm.GSMPhone) {99b1e10}
07-31 03:58:14.749 E/PhoneInterfaceManager( 1437): [PhoneIntfMgr] getIccId: No UICC
07-31 03:58:14.761 I/Telecom ( 1150): PhoneAccountRegistrar: [ComponentInfo{com.android.phone/com.android.services.telephony.TelephonyConnectionService}, [e0184adedf913b076626646d3f52c3b49c39ad6d], UserHandle{0}(icon: Icon(typ=BITMAP size=57x72) -> Icon(typ=BITMAP size=57x72))]
07-31 03:58:14.849 D/OpenGLRenderer( 1269): Use EGL_SWAP_BEHAVIOR_PRESERVED: true
07-31 03:58:14.849 D/OpenGLRenderer( 1269): profile bars disabled
07-31 03:58:14.850 D/OpenGLRenderer( 1269): ambientRatio = 1.50
07-31 03:58:14.874 D/        ( 1269): HostConnection::get() New Host Connection established 0xdf623210, tid 1269
07-31 03:58:14.909 I/Telecom ( 1150): : Sending phone-account intent as user
07-31 03:58:14.918 I/Telephony( 1437): AccountEntry: Registered phoneAccount: [[ ] PhoneAccount: ComponentInfo{com.android.phone/com.android.services.telephony.TelephonyConnectionService}, [e0184adedf913b076626646d3f52c3b49c39ad6d], UserHandle{0} Capabilities: 54 Schemes: tel voicemail ] with handle: ComponentInfo{com.android.phone/com.android.services.telephony.TelephonyConnectionService}, [e0184adedf913b076626646d3f52c3b49c39ad6d], UserHandle{0}
07-31 03:58:14.918 I/Telephony( 1437): PstnIncomingCallNotifier: Registering: Handler (com.android.internal.telephony.gsm.GSMPhone) {99b1e10}
07-31 03:58:14.919 D/libEGL  ( 1450): loaded /system/lib/egl/libEGL_emulation.so
07-31 03:58:14.927 D/libEGL  ( 1450): loaded /system/lib/egl/libGLESv1_CM_emulation.so
07-31 03:58:14.936 D/libEGL  ( 1450): loaded /system/lib/egl/libGLESv2_emulation.so
07-31 03:58:14.941 W/Telecom ( 1150): : No account found for the calling user
07-31 03:58:14.944 D/        ( 1450): HostConnection::get() New Host Connection established 0xee9d27b0, tid 1725
07-31 03:58:15.018 D/PhoneStatusBar( 1269): disable: < expand icons alerts system_info back home recent clock search quick_settings >
07-31 03:58:15.035 I/OpenGLRenderer( 1450): Initialized EGL, version 1.4
07-31 03:58:15.116 W/EGL_emulation( 1450): eglSurfaceAttrib not implemented
07-31 03:58:15.116 W/OpenGLRenderer( 1450): Failed to set EGL_SWAP_BEHAVIOR on surface 0xee9d37e0, error=EGL_SUCCESS
07-31 03:58:15.131 D/PhoneStatusBar( 1269): heads up is enabled
07-31 03:58:15.145 I/Choreographer( 1450): Skipped 67 frames!  The application may be doing too much work on its main thread.
07-31 03:58:15.187 D/GpsLocationProvider( 1150): received SIM related action: 
07-31 03:58:15.188 D/GpsLocationProvider( 1150): SIM MCC/MNC is still not available
07-31 03:58:15.207 E/DcSwitchStateMachine-0( 1437): EVENT_DATA_DISALLOWED failed, com.android.internal.telephony.CommandException: REQUEST_NOT_SUPPORTED
07-31 03:58:15.349 E/DcSwitchStateMachine-0( 1437): EVENT_DATA_DISALLOWED failed, com.android.internal.telephony.CommandException: REQUEST_NOT_SUPPORTED
07-31 03:58:15.360 I/ActivityManager( 1150): Displayed com.android.launcher3/.Launcher: +7s852ms
07-31 03:58:15.369 I/ContactLocale( 1479): AddressBook Labels [en-US]: [, A, B, C, D, E, F, G, H, I, J, K, L, M, N, O, P, Q, R, S, T, U, V, W, X, Y, Z, , , , , , , , , , , , , , , , , , , , , , , , , , , , , , , , , , , , , , , , , , , , , , , , , , , , , , , , , , , , , , , , , , , , , , , , , , , , , , , , , , , , , , , , , , , , , , , , , , , , , , , , , , , , , , , , , , , , , , , , , , , , , , , , , , , , , , , , , , , , , , , , , , , , , , , , , , , , , , , , , , , , , , , , , , , , , , , , , , , , , , , , , , , #, ]
07-31 03:58:15.373 D/GpsLocationProvider( 1150): received SIM related action: 
07-31 03:58:15.375 D/SIP     ( 1437): [SipSharedPreferences] isReceivingCallsEnabled, option not set; use default value, exception: android.provider.Settings$SettingNotFoundException: sip_receive_calls
07-31 03:58:15.387 D/GpsLocationProvider( 1150): SIM MCC/MNC is still not available
07-31 03:58:15.419 D/MccTable( 1437): updateMccMncConfiguration mccmnc='310260' fromServiceState=false
07-31 03:58:15.423 D/MccTable( 1437): updateMccMncConfiguration defaultMccMnc=
07-31 03:58:15.423 D/MccTable( 1437): updateMccMncConfiguration: mcc=310, mnc=260
07-31 03:58:15.423 D/MccTable( 1437): updateMccMncConfiguration updateConfig config={1.0 310mcc260mnc ?locale ?layoutDir ?swdp ?wdp ?hdp ?density ?lsize ?long ?orien ?uimode ?night ?touch ?keyb/?/? ?nav/?}
07-31 03:58:15.424 I/ActivityManager( 1150): Config changes=3 {1.0 310mcc260mnc en_US ldltr sw360dp w360dp h568dp 480dpi nrml port finger qwerty/v/v dpad/v s.6}
07-31 03:58:15.443 D/PermissionCache( 1173): checking android.permission.READ_FRAME_BUFFER for uid=1000 => granted (69 us)
07-31 03:58:15.487 E/EGL_emulation( 1173): tid 1173: eglCreateSyncKHR(1215): error 0x3004 (EGL_BAD_ATTRIBUTE)
07-31 03:58:15.522 W/Launcher.Model( 1450): LoaderTask running with no launcher (loadAllApps)
07-31 03:58:15.564 E/Surface ( 1450): getSlotFromBufferLocked: unknown buffer: 0xe12c2230
07-31 03:58:15.574 I/Telephony( 1437): PstnIncomingCallNotifier: Unregistering: Handler (com.android.internal.telephony.gsm.GSMPhone) {99b1e10}
07-31 03:58:15.574 W/Launcher( 1450): setApplicationContext called twice! old=android.app.Application@90bbae4 new=android.app.Application@90bbae4
07-31 03:58:15.576 E/PhoneInterfaceManager( 1437): [PhoneIntfMgr] getIccId: No UICC
07-31 03:58:15.602 I/Telecom ( 1150): PhoneAccountRegistrar: [ComponentInfo{com.android.phone/com.android.services.telephony.TelephonyConnectionService}, [e0184adedf913b076626646d3f52c3b49c39ad6d], UserHandle{0}(addr: tel:*********** -> tel:)(icon: Icon(typ=BITMAP size=57x72) -> Icon(typ=BITMAP size=57x72))(subAddr: tel:*********** -> tel:)]
07-31 03:58:15.618 D/GpsLocationProvider( 1150): received SIM related action: 
07-31 03:58:15.619 I/Telecom ( 1150): : Sending phone-account intent as user
07-31 03:58:15.621 I/Telephony( 1437): AccountEntry: Registered phoneAccount: [[ ] PhoneAccount: ComponentInfo{com.android.phone/com.android.services.telephony.TelephonyConnectionService}, [e0184adedf913b076626646d3f52c3b49c39ad6d], UserHandle{0} Capabilities: 54 Schemes: tel voicemail ] with handle: ComponentInfo{com.android.phone/com.android.services.telephony.TelephonyConnectionService}, [e0184adedf913b076626646d3f52c3b49c39ad6d], UserHandle{0}
07-31 03:58:15.621 I/Telephony( 1437): PstnIncomingCallNotifier: Registering: Handler (com.android.internal.telephony.gsm.GSMPhone) {99b1e10}
07-31 03:58:15.656 D/GpsLocationProvider( 1150): SIM MCC/MNC is still not available
07-31 03:58:15.665 W/Telecom ( 1150): : No account found for the calling user
07-31 03:58:15.670 D/        ( 1173): HostConnection::get() New Host Connection established 0xf6bbe620, tid 1174
07-31 03:58:15.674 I/AccountManagerService( 1150): getTypesVisibleToCaller: isPermitted? true
07-31 03:58:15.679 D/GpsLocationProvider( 1150): received SIM related action: 
07-31 03:58:15.819 D/GpsLocationProvider( 1150): SIM MCC/MNC is still not available
07-31 03:58:15.829 D/TelephonyProvider( 1437): subIdString = -2 subId = -2
07-31 03:58:15.877 I/AccountManagerService( 1150): getTypesVisibleToCaller: isPermitted? true
07-31 03:58:16.061 W/EGL_emulation( 1450): eglSurfaceAttrib not implemented
07-31 03:58:16.061 W/OpenGLRenderer( 1450): Failed to set EGL_SWAP_BEHAVIOR on surface 0xe1057340, error=EGL_SUCCESS
07-31 03:58:16.100 I/Telephony( 1437): PstnIncomingCallNotifier: Unregistering: Handler (com.android.internal.telephony.gsm.GSMPhone) {99b1e10}
07-31 03:58:16.110 E/PhoneInterfaceManager( 1437): [PhoneIntfMgr] getIccId: No UICC
07-31 03:58:16.113 I/Telecom ( 1150): PhoneAccountRegistrar: [ComponentInfo{com.android.phone/com.android.services.telephony.TelephonyConnectionService}, [e0184adedf913b076626646d3f52c3b49c39ad6d], UserHandle{0}(icon: Icon(typ=BITMAP size=57x72) -> Icon(typ=BITMAP size=57x72))]
07-31 03:58:16.113 I/Choreographer( 1269): Skipped 137 frames!  The application may be doing too much work on its main thread.
07-31 03:58:16.114 D/WifiService( 1150): New client listening to asynchronous messages
07-31 03:58:16.115 D/ViewRootImpl( 1269): changeCanvasOpacity: opaque=true
07-31 03:58:16.161 I/LatinIME:LogUtils( 1390): Dictionary info: dictionary = userunigram.en_US ; version = 1501487896 ; date = ?
07-31 03:58:16.169 I/Telecom ( 1150): : Sending phone-account intent as user
07-31 03:58:16.201 I/Telephony( 1437): AccountEntry: Registered phoneAccount: [[ ] PhoneAccount: ComponentInfo{com.android.phone/com.android.services.telephony.TelephonyConnectionService}, [e0184adedf913b076626646d3f52c3b49c39ad6d], UserHandle{0} Capabilities: 54 Schemes: tel voicemail ] with handle: ComponentInfo{com.android.phone/com.android.services.telephony.TelephonyConnectionService}, [e0184adedf913b076626646d3f52c3b49c39ad6d], UserHandle{0}
07-31 03:58:16.201 I/Telephony( 1437): PstnIncomingCallNotifier: Registering: Handler (com.android.internal.telephony.gsm.GSMPhone) {99b1e10}
07-31 03:58:16.219 W/Telecom ( 1150): : No account found for the calling user
07-31 03:58:16.224 I/WindowManager( 1150): Screen frozen for +798ms due to AppWindowToken{ac51218 token=Token{72bd1fb ActivityRecord{2e5e78a u0 com.android.launcher3/.Launcher t1}}}
07-31 03:58:16.231 E/DcSwitchStateMachine-0( 1437): EVENT_DATA_DISALLOWED failed, com.android.internal.telephony.CommandException: REQUEST_NOT_SUPPORTED
07-31 03:58:16.266 I/SystemServiceManager( 1150): Starting phase 1000
07-31 03:58:16.280 D/Launcher( 1450): bindAppWidget: AppWidget(id=3)
07-31 03:58:16.280 D/Launcher( 1450): bindAppWidget: id=3 belongs to component ComponentInfo{com.android.deskclock/com.android.alarmclock.AnalogAppWidgetProvider}
07-31 03:58:16.288 D/MccTable( 1437): updateMccMncConfiguration mccmnc='310260' fromServiceState=false
07-31 03:58:16.288 D/MccTable( 1437): updateMccMncConfiguration defaultMccMnc=310260
07-31 03:58:16.288 D/MccTable( 1437): updateMccMncConfiguration: mcc=310, mnc=260
07-31 03:58:16.288 D/MccTable( 1437): updateMccMncConfiguration updateConfig config={1.0 310mcc260mnc ?locale ?layoutDir ?swdp ?wdp ?hdp ?density ?lsize ?long ?orien ?uimode ?night ?touch ?keyb/?/? ?nav/?}
07-31 03:58:16.371 V/KeyguardServiceDelegate( 1150): *** Keyguard started
07-31 03:58:16.372 W/KeyguardServiceDelegate( 1150): onScreenTurningOn(): no keyguard service!
07-31 03:58:16.372 D/libEGL  ( 1269): loaded /system/lib/egl/libEGL_emulation.so
07-31 03:58:16.373 D/libEGL  ( 1269): loaded /system/lib/egl/libGLESv1_CM_emulation.so
07-31 03:58:16.373 I/LatinIME:LogUtils( 1390): Dictionary info: dictionary = UserHistoryDictionary.en_US ; version = 1501487896 ; date = ?
07-31 03:58:16.386 D/libEGL  ( 1269): loaded /system/lib/egl/libGLESv2_emulation.so
07-31 03:58:16.406 D/        ( 1269): HostConnection::get() New Host Connection established 0xe0cf3370, tid 1772
07-31 03:58:16.410 D/Launcher( 1450): bound widget id=3 in 130ms
07-31 03:58:16.429 I/AccountManagerService( 1150): getTypesVisibleToCaller: isPermitted? true
07-31 03:58:16.469 I/ActivityManager( 1150): Start proc 1839:com.android.keychain/1000 for service com.android.keychain/.KeyChainService
07-31 03:58:16.502 I/OpenGLRenderer( 1269): Initialized EGL, version 1.4
07-31 03:58:16.618 W/EGL_emulation( 1269): eglSurfaceAttrib not implemented
07-31 03:58:16.618 W/OpenGLRenderer( 1269): Failed to set EGL_SWAP_BEHAVIOR on surface 0xe063d520, error=EGL_SUCCESS
07-31 03:58:16.655 W/System  ( 1839): ClassLoader referenced unknown path: /system/app/KeyChain/lib/x86
07-31 03:58:16.682 W/EGL_emulation( 1269): eglSurfaceAttrib not implemented
07-31 03:58:16.682 W/OpenGLRenderer( 1269): Failed to set EGL_SWAP_BEHAVIOR on surface 0xe063d540, error=EGL_SUCCESS
07-31 03:58:16.771 I/LatinIME:LogUtils( 1390): Dictionary info: dictionary = main:en ; version = 54 ; date = 1414726273
07-31 03:58:16.877 D/GpsLocationProvider( 1150): received SIM related action: 
07-31 03:58:16.883 D/GpsLocationProvider( 1150): SIM MCC/MNC is available: 310260
07-31 03:58:16.883 D/GpsLocationProvider( 1150): Reset GPS properties, previous size = 8
07-31 03:58:16.883 D/GpsLocationProvider( 1150): GpsParamsResource: SUPL_HOST=supl.google.com
07-31 03:58:16.883 D/GpsLocationProvider( 1150): GpsParamsResource: SUPL_PORT=7275
07-31 03:58:16.884 D/GpsLocationProvider( 1150): GpsParamsResource: NTP_SERVER=north-america.pool.ntp.org
07-31 03:58:16.884 D/GpsLocationProvider( 1150): GpsParamsResource: SUPL_VER=0x20000
07-31 03:58:16.884 D/GpsLocationProvider( 1150): GpsParamsResource: SUPL_MODE=1
07-31 03:58:16.884 D/MccTable( 1437): updateMccMncConfiguration mccmnc='310260' fromServiceState=false
07-31 03:58:16.885 D/GpsLocationProvider( 1150): GPS properties reloaded, size = 8
07-31 03:58:16.885 E/GpsLocationProvider( 1150): no AGPS interface in set_agps_server
07-31 03:58:16.885 D/MccTable( 1437): updateMccMncConfiguration defaultMccMnc=310260
07-31 03:58:16.885 D/MccTable( 1437): updateMccMncConfiguration: mcc=310, mnc=260
07-31 03:58:16.885 D/MccTable( 1437): updateMccMncConfiguration updateConfig config={1.0 310mcc260mnc ?locale ?layoutDir ?swdp ?wdp ?hdp ?density ?lsize ?long ?orien ?uimode ?night ?touch ?keyb/?/? ?nav/?}
07-31 03:58:16.933 D/GpsLocationProvider( 1150): received SIM related action: 
07-31 03:58:16.934 D/GpsLocationProvider( 1150): SIM MCC/MNC is available: 310260
07-31 03:58:16.934 D/GpsLocationProvider( 1150): Reset GPS properties, previous size = 8
07-31 03:58:16.934 D/GpsLocationProvider( 1150): GpsParamsResource: SUPL_HOST=supl.google.com
07-31 03:58:16.934 D/GpsLocationProvider( 1150): GpsParamsResource: SUPL_PORT=7275
07-31 03:58:16.934 D/GpsLocationProvider( 1150): GpsParamsResource: NTP_SERVER=north-america.pool.ntp.org
07-31 03:58:16.934 D/GpsLocationProvider( 1150): GpsParamsResource: SUPL_VER=0x20000
07-31 03:58:16.934 D/GpsLocationProvider( 1150): GpsParamsResource: SUPL_MODE=1
07-31 03:58:16.934 D/GpsLocationProvider( 1150): GPS properties reloaded, size = 8
07-31 03:58:16.934 E/GpsLocationProvider( 1150): no AGPS interface in set_agps_server
07-31 03:58:16.990 D/CarrierConfigLoader( 1437): update config for phoneId: 0 simState: LOADED
07-31 03:58:16.991 D/GpsLocationProvider( 1150): received SIM related action: 
07-31 03:58:16.991 D/CarrierServiceBindHelper( 1437): update binding for phoneId: 0 simState: LOADED
07-31 03:58:17.001 D/GpsLocationProvider( 1150): SIM MCC/MNC is available: 310260
07-31 03:58:17.001 D/GpsLocationProvider( 1150): Reset GPS properties, previous size = 8
07-31 03:58:17.001 D/GpsLocationProvider( 1150): GpsParamsResource: SUPL_HOST=supl.google.com
07-31 03:58:17.001 D/GpsLocationProvider( 1150): GpsParamsResource: SUPL_PORT=7275
07-31 03:58:17.001 D/GpsLocationProvider( 1150): GpsParamsResource: NTP_SERVER=north-america.pool.ntp.org
07-31 03:58:17.001 D/GpsLocationProvider( 1150): GpsParamsResource: SUPL_VER=0x20000
07-31 03:58:17.001 D/GpsLocationProvider( 1150): GpsParamsResource: SUPL_MODE=1
07-31 03:58:17.001 D/GpsLocationProvider( 1150): GPS properties reloaded, size = 8
07-31 03:58:17.002 E/GpsLocationProvider( 1150): no AGPS interface in set_agps_server
07-31 03:58:17.292 W/KeyguardUpdateMonitor( 1269): invalid subId in handleSimStateChange()
07-31 03:58:17.348 W/KeyguardUpdateMonitor( 1269): invalid subId in handleServiceStateChange()
07-31 03:58:17.349 I/Choreographer( 1269): Skipped 73 frames!  The application may be doing too much work on its main thread.
07-31 03:58:17.454 I/Telephony( 1437): PstnIncomingCallNotifier: Unregistering: Handler (com.android.internal.telephony.gsm.GSMPhone) {99b1e10}
07-31 03:58:17.470 W/WindowManager( 1150): Keyguard drawn timeout. Setting mKeyguardDrawComplete
07-31 03:58:17.474 I/Telephony( 1437): AccountEntry: updateVideoPauseSupport -- mcc/mnc for sub: {id=1, iccId=89014103211118510720 simSlotIndex=0 displayName=Android carrierName=Android nameSource=0 iconTint=-16746133 dataRoaming=0 iconBitmap=android.graphics.Bitmap@f857719 mcc 310 mnc 260}
07-31 03:58:17.491 I/Telecom ( 1150): PhoneAccountRegistrar: New phone account registered: [[ ] PhoneAccount: ComponentInfo{com.android.phone/com.android.services.telephony.TelephonyConnectionService}, [e2f7d48dd2b5ca523e7313cf4ba0f6ea830b6281], UserHandle{0} Capabilities: 54 Schemes: tel voicemail ]
07-31 03:58:17.522 I/Telecom ( 1150): : Sending phone-account intent as user
07-31 03:58:17.533 I/Telephony( 1437): AccountEntry: Registered phoneAccount: [[ ] PhoneAccount: ComponentInfo{com.android.phone/com.android.services.telephony.TelephonyConnectionService}, [e2f7d48dd2b5ca523e7313cf4ba0f6ea830b6281], UserHandle{0} Capabilities: 54 Schemes: tel voicemail ] with handle: ComponentInfo{com.android.phone/com.android.services.telephony.TelephonyConnectionService}, [e2f7d48dd2b5ca523e7313cf4ba0f6ea830b6281], UserHandle{0}
07-31 03:58:17.534 I/Telephony( 1437): PstnIncomingCallNotifier: Registering: Handler (com.android.internal.telephony.gsm.GSMPhone) {99b1e10}
07-31 03:58:17.551 I/Telephony( 1437): TelecomAccountRegistry: Unregistering phone account ComponentInfo{com.android.phone/com.android.services.telephony.TelephonyConnectionService}, [e0184adedf913b076626646d3f52c3b49c39ad6d], UserHandle{0}.
07-31 03:58:17.609 W/Telecom ( 1150): : No account found for the calling user
07-31 03:58:17.789 V/KeyguardServiceDelegate( 1150): *** Keyguard connected (yay!)
07-31 03:58:17.822 W/KeyguardUpdateMonitor( 1269): invalid subId in handleServiceStateChange()
07-31 03:58:17.825 E/Surface ( 1150): getSlotFromBufferLocked: unknown buffer: 0xdf5c9ee0
07-31 03:58:17.825 W/KeyguardUpdateMonitor( 1269): invalid subId in handleSimStateChange()
07-31 03:58:17.825 W/KeyguardUpdateMonitor( 1269): invalid subId in handleSimStateChange()
07-31 03:58:17.877 I/Choreographer( 1269): Skipped 30 frames!  The application may be doing too much work on its main thread.
07-31 03:58:17.933 D/GpsLocationProvider( 1150): received SIM related action: 
07-31 03:58:17.943 D/GpsLocationProvider( 1150): SIM MCC/MNC is available: 310260
07-31 03:58:17.943 D/GpsLocationProvider( 1150): Reset GPS properties, previous size = 8
07-31 03:58:17.943 D/GpsLocationProvider( 1150): GpsParamsResource: SUPL_HOST=supl.google.com
07-31 03:58:17.943 D/GpsLocationProvider( 1150): GpsParamsResource: SUPL_PORT=7275
07-31 03:58:17.943 D/GpsLocationProvider( 1150): GpsParamsResource: NTP_SERVER=north-america.pool.ntp.org
07-31 03:58:17.943 D/GpsLocationProvider( 1150): GpsParamsResource: SUPL_VER=0x20000
07-31 03:58:17.943 D/GpsLocationProvider( 1150): GpsParamsResource: SUPL_MODE=1
07-31 03:58:17.943 D/GpsLocationProvider( 1150): GPS properties reloaded, size = 8
07-31 03:58:17.943 E/GpsLocationProvider( 1150): no AGPS interface in set_agps_server
07-31 03:58:17.967 D/GpsLocationProvider( 1150): received SIM related action: 
07-31 03:58:17.968 D/GpsLocationProvider( 1150): SIM MCC/MNC is available: 310260
07-31 03:58:17.968 D/GpsLocationProvider( 1150): Reset GPS properties, previous size = 8
07-31 03:58:17.968 D/GpsLocationProvider( 1150): GpsParamsResource: SUPL_HOST=supl.google.com
07-31 03:58:17.968 D/GpsLocationProvider( 1150): GpsParamsResource: SUPL_PORT=7275
07-31 03:58:17.968 D/GpsLocationProvider( 1150): GpsParamsResource: NTP_SERVER=north-america.pool.ntp.org
07-31 03:58:17.968 D/GpsLocationProvider( 1150): GpsParamsResource: SUPL_VER=0x20000
07-31 03:58:17.968 D/GpsLocationProvider( 1150): GpsParamsResource: SUPL_MODE=1
07-31 03:58:17.969 D/GpsLocationProvider( 1150): GPS properties reloaded, size = 8
07-31 03:58:17.969 E/GpsLocationProvider( 1150): no AGPS interface in set_agps_server
07-31 03:58:17.972 V/KeyguardServiceDelegate( 1150): **** SHOWN CALLED ****
07-31 03:58:17.993 I/Telephony( 1437): PstnIncomingCallNotifier: Unregistering: Handler (com.android.internal.telephony.gsm.GSMPhone) {99b1e10}
07-31 03:58:18.007 I/RecoverySystem( 1150): No recovery log file
07-31 03:58:18.027 D/        ( 1150): HostConnection::get() New Host Connection established 0xddb82020, tid 1169
07-31 03:58:18.034 I/BootReceiver( 1150): Copying audit failures to DropBox
07-31 03:58:18.034 I/BootReceiver( 1150): Checking for fsck errors
07-31 03:58:18.035 I/Telephony( 1437): AccountEntry: updateVideoPauseSupport -- mcc/mnc for sub: {id=1, iccId=89014103211118510720 simSlotIndex=0 displayName=Android carrierName=Android nameSource=0 iconTint=-16746133 dataRoaming=0 iconBitmap=android.graphics.Bitmap@f526a7 mcc 310 mnc 260}
07-31 03:58:18.035 I/BootReceiver( 1150): Copying /data/tombstones/tombstone_01 to DropBox (SYSTEM_TOMBSTONE)
07-31 03:58:18.037 I/Telecom ( 1150): PhoneAccountRegistrar: [ComponentInfo{com.android.phone/com.android.services.telephony.TelephonyConnectionService}, [e2f7d48dd2b5ca523e7313cf4ba0f6ea830b6281], UserHandle{0}(icon: Icon(typ=BITMAP size=57x72) -> Icon(typ=BITMAP size=57x72))]
07-31 03:58:18.069 I/Telecom ( 1150): : Sending phone-account intent as user
07-31 03:58:18.071 I/Telephony( 1437): AccountEntry: Registered phoneAccount: [[ ] PhoneAccount: ComponentInfo{com.android.phone/com.android.services.telephony.TelephonyConnectionService}, [e2f7d48dd2b5ca523e7313cf4ba0f6ea830b6281], UserHandle{0} Capabilities: 54 Schemes: tel voicemail ] with handle: ComponentInfo{com.android.phone/com.android.services.telephony.TelephonyConnectionService}, [e2f7d48dd2b5ca523e7313cf4ba0f6ea830b6281], UserHandle{0}
07-31 03:58:18.071 I/Telephony( 1437): PstnIncomingCallNotifier: Registering: Handler (com.android.internal.telephony.gsm.GSMPhone) {99b1e10}
07-31 03:58:18.084 W/Telecom ( 1150): : No account found for the calling user
07-31 03:58:18.089 I/BootReceiver( 1150): Copying /data/tombstones/tombstone_02 to DropBox (SYSTEM_TOMBSTONE)
07-31 03:58:18.090 D/PhoneStatusBar( 1269): disable: < expand icons alerts system_info back home recent clock search quick_settings >
07-31 03:58:18.118 I/ActivityManager( 1150): Start proc 1868:com.android.dialer/u0a5 for broadcast com.android.dialer/.calllog.CallLogReceiver
07-31 03:58:18.144 I/Telephony( 1437): PstnIncomingCallNotifier: Unregistering: Handler (com.android.internal.telephony.gsm.GSMPhone) {99b1e10}
07-31 03:58:18.165 D/WifiStateMachine( 1150): shouldSwitchNetwork  txSuccessRate=0.00 rxSuccessRate=0.00 delta 1000 -> 1000
07-31 03:58:18.166 D/WifiStateMachine( 1150): CMD_AUTO_CONNECT sup state ScanState my state DisconnectedState nid=0 roam=3
07-31 03:58:18.166 E/WifiConfigStore( 1150): saveWifiConfigBSSID Setting BSSID for "WiredSSID"NONE to any
07-31 03:58:18.221 D/WifiStateMachine( 1150): CMD_AUTO_CONNECT will save config -> "WiredSSID" nid=0
07-31 03:58:18.222 W/System  ( 1868): ClassLoader referenced unknown path: /system/priv-app/Dialer/lib/x86
07-31 03:58:18.224 I/Telephony( 1437): AccountEntry: updateVideoPauseSupport -- mcc/mnc for sub: {id=1, iccId=89014103211118510720 simSlotIndex=0 displayName=Android carrierName=Android nameSource=0 iconTint=-16746133 dataRoaming=0 iconBitmap=android.graphics.Bitmap@8e439f mcc 310 mnc 260}
07-31 03:58:18.234 I/Telecom ( 1150): PhoneAccountRegistrar: [ComponentInfo{com.android.phone/com.android.services.telephony.TelephonyConnectionService}, [e2f7d48dd2b5ca523e7313cf4ba0f6ea830b6281], UserHandle{0}(icon: Icon(typ=BITMAP size=57x72) -> Icon(typ=BITMAP size=57x72))]
07-31 03:58:18.311 I/art     ( 1150): Starting a blocking GC Explicit
07-31 03:58:18.322 I/art     ( 1150): Explicit concurrent mark sweep GC freed 4602(419KB) AllocSpace objects, 6(508KB) LOS objects, 33% free, 5MB/7MB, paused 1.195ms total 10.553ms
07-31 03:58:18.341 D/WifiStateMachine( 1150): CMD_AUTO_CONNECT did save config ->  nid=0
07-31 03:58:18.341 I/Telecom ( 1150): : Sending phone-account intent as user
07-31 03:58:18.341 I/wpa_supplicant( 1245): eth1: Trying to associate with SSID 'WiredSSID'
07-31 03:58:18.341 I/wpa_supplicant( 1245): eth1: Associated with 01:80:c2:00:00:03
07-31 03:58:18.342 I/Telephony( 1437): AccountEntry: Registered phoneAccount: [[ ] PhoneAccount: ComponentInfo{com.android.phone/com.android.services.telephony.TelephonyConnectionService}, [e2f7d48dd2b5ca523e7313cf4ba0f6ea830b6281], UserHandle{0} Capabilities: 54 Schemes: tel voicemail ] with handle: ComponentInfo{com.android.phone/com.android.services.telephony.TelephonyConnectionService}, [e2f7d48dd2b5ca523e7313cf4ba0f6ea830b6281], UserHandle{0}
07-31 03:58:18.342 I/Telephony( 1437): PstnIncomingCallNotifier: Registering: Handler (com.android.internal.telephony.gsm.GSMPhone) {99b1e10}
07-31 03:58:18.349 W/Telecom ( 1150): : No account found for the calling user
07-31 03:58:18.349 D/CarrierConfigLoader( 1437): mHandler: 7 phoneId: 0
07-31 03:58:18.354 I/wpa_supplicant( 1245): eth1: CTRL-EVENT-CONNECTED - Connection to 01:80:c2:00:00:03 completed [id=0 id_str=]
07-31 03:58:18.355 D/CarrierConfigLoader( 1437): Loaded config from XML. package=com.android.carrierconfig phoneId=0
07-31 03:58:18.364 D/CarrierServiceBindHelper( 1437): mHandler: 0
07-31 03:58:18.364 D/CarrierServiceBindHelper( 1437): Binding to phoneId: 0
07-31 03:58:18.367 D/ConnectivityService( 1150): registerNetworkAgent NetworkAgentInfo{ ni{[type: WIFI[], state: CONNECTING/CONNECTING, reason: (unspecified), extra: "WiredSSID", roaming: false, failover: false, isAvailable: true]}  network{100}  lp{{LinkAddresses: []  Routes: [] DnsAddresses: [] Domains: null MTU: 0 TcpBufferSizes: 524288,1048576,2097152,262144,524288,1048576}}  nc{[ Transports: WIFI Capabilities: INTERNET&NOT_RESTRICTED&TRUSTED&NOT_VPN LinkUpBandwidth>=1048576Kbps LinkDnBandwidth>=1048576Kbps]}  Score{20}  everValidated{false}  lastValidated{false}  created{false} lingering{false} explicitlySelected{false} acceptUnvalidated{false} everCaptivePortalDetected{false} lastCaptivePortalDetected{false} }
07-31 03:58:18.367 D/ConnectivityService( 1150): NetworkAgentInfo [WIFI () - 100] EVENT_NETWORK_INFO_CHANGED, going from null to CONNECTING
07-31 03:58:18.367 E/WifiConfigStore( 1150): saveWifiConfigBSSID Setting BSSID for "WiredSSID"NONE to any
07-31 03:58:18.396 D/CarrierServiceBindHelper( 1437): No carrier app for: 0
07-31 03:58:18.408 I/Telecom ( 1150): PhoneAccountRegistrar: [ComponentInfo{com.android.phone/com.android.services.telephony.TelephonyConnectionService}, [e2f7d48dd2b5ca523e7313cf4ba0f6ea830b6281], UserHandle{0}(icon: Icon(typ=BITMAP size=57x72) -> Icon(typ=BITMAP size=57x72))]
07-31 03:58:18.595 D/ExtensionsFactory( 1868): No custom extensions.
07-31 03:58:18.634 I/Telecom ( 1150): : Sending phone-account intent as user
07-31 03:58:18.635 E/WifiConfigStore( 1150): saveWifiConfigBSSID Setting BSSID for "WiredSSID"NONE to any
07-31 03:58:18.658 I/Telephony( 1437): PstnIncomingCallNotifier: Unregistering: Handler (com.android.internal.telephony.gsm.GSMPhone) {99b1e10}
07-31 03:58:18.662 I/Telephony( 1437): AccountEntry: updateVideoPauseSupport -- mcc/mnc for sub: {id=1, iccId=89014103211118510720 simSlotIndex=0 displayName=Android carrierName=Android nameSource=0 iconTint=-16746133 dataRoaming=0 iconBitmap=android.graphics.Bitmap@e946bd8 mcc 310 mnc 260}
07-31 03:58:18.664 I/Telecom ( 1150): PhoneAccountRegistrar: [ComponentInfo{com.android.phone/com.android.services.telephony.TelephonyConnectionService}, [e2f7d48dd2b5ca523e7313cf4ba0f6ea830b6281], UserHandle{0}(icon: Icon(typ=BITMAP size=57x72) -> Icon(typ=BITMAP size=57x72))]
07-31 03:58:18.748 I/Telecom ( 1150): : Sending phone-account intent as user
07-31 03:58:18.748 D/CommandListener(  843): Setting iface cfg
