07-31 03:58:18.748 I/Telephony( 1437): AccountEntry: Registered phoneAccount: [[ ] PhoneAccount: ComponentInfo{com.android.phone/com.android.services.telephony.TelephonyConnectionService}, [e2f7d48dd2b5ca523e7313cf4ba0f6ea830b6281], UserHandle{0} Capabilities: 54 Schemes: tel voicemail ] with handle: ComponentInfo{com.android.phone/com.android.services.telephony.TelephonyConnectionService}, [e2f7d48dd2b5ca523e7313cf4ba0f6ea830b6281], UserHandle{0}
07-31 03:58:18.748 I/Telephony( 1437): PstnIncomingCallNotifier: Registering: Handler (com.android.internal.telephony.gsm.GSMPhone) {99b1e10}
07-31 03:58:18.750 D/WifiStateMachine( 1150): Start Dhcp Watchdog 1
07-31 03:58:18.752 D/ConnectivityService( 1150): updateNetworkScore for NetworkAgentInfo [WIFI () - 100] to 60
07-31 03:58:18.752 D/IpReachabilityMonitor( 1150): watch: iface{eth1/5}, v{1}, ntable=[]
07-31 03:58:18.753 W/Telecom ( 1150): : No account found for the calling user
07-31 03:58:18.759 I/Telephony( 1437): PstnIncomingCallNotifier: Unregistering: Handler (com.android.internal.telephony.gsm.GSMPhone) {99b1e10}
07-31 03:58:18.763 I/Telephony( 1437): AccountEntry: updateVideoPauseSupport -- mcc/mnc for sub: {id=1, iccId=89014103211118510720 simSlotIndex=0 displayName=Android carrierName=Android nameSource=0 iconTint=-16746133 dataRoaming=0 iconBitmap=android.graphics.Bitmap@2428633 mcc 310 mnc 260}
07-31 03:58:18.765 I/Telecom ( 1150): PhoneAccountRegistrar: [ComponentInfo{com.android.phone/com.android.services.telephony.TelephonyConnectionService}, [e2f7d48dd2b5ca523e7313cf4ba0f6ea830b6281], UserHandle{0}(icon: Icon(typ=BITMAP size=57x72) -> Icon(typ=BITMAP size=57x72))]
07-31 03:58:18.769 I/Telecom ( 1150): : Sending phone-account intent as user
07-31 03:58:18.772 I/Telephony( 1437): AccountEntry: Registered phoneAccount: [[ ] PhoneAccount: ComponentInfo{com.android.phone/com.android.services.telephony.TelephonyConnectionService}, [e2f7d48dd2b5ca523e7313cf4ba0f6ea830b6281], UserHandle{0} Capabilities: 54 Schemes: tel voicemail ] with handle: ComponentInfo{com.android.phone/com.android.services.telephony.TelephonyConnectionService}, [e2f7d48dd2b5ca523e7313cf4ba0f6ea830b6281], UserHandle{0}
07-31 03:58:18.772 I/Telephony( 1437): PstnIncomingCallNotifier: Registering: Handler (com.android.internal.telephony.gsm.GSMPhone) {99b1e10}
07-31 03:58:18.780 W/Telecom ( 1150): : No account found for the calling user
07-31 03:58:18.784 I/NotificationMgr( 1437): updateMwi(): subId 1 update to false
07-31 03:58:18.789 E/native  ( 1150): do suspend false
07-31 03:58:18.789 D/DhcpClient( 1150): Receive thread started
07-31 03:58:18.790 D/DhcpClient( 1150): Broadcasting DHCPDISCOVER
07-31 03:58:18.790 I/Telecom ( 1150): PhoneAccountRegistrar: [ComponentInfo{com.android.phone/com.android.services.telephony.TelephonyConnectionService}, [e2f7d48dd2b5ca523e7313cf4ba0f6ea830b6281], UserHandle{0}(icon: Icon(typ=BITMAP size=57x72) -> Icon(typ=BITMAP size=57x72))]
07-31 03:58:18.793 D/DhcpClient( 1150): Received packet: 08:00:27:7a:47:af OFFER, ip /10.0.3.15, mask /255.255.255.0, DNS servers: /192.168.0.1 , gateway /10.0.3.2 lease time 86400, domain null
07-31 03:58:18.793 D/DhcpClient( 1150): Got pending lease: IP address 10.0.3.15/24 Gateway 10.0.3.2  DNS servers: [ 192.168.0.1 ] Domains DHCP server /10.0.3.2 Vendor info null lease 86400 seconds
07-31 03:58:18.794 D/DhcpClient( 1150): Broadcasting DHCPREQUEST ciaddr=0.0.0.0 request=10.0.3.15 to=10.0.3.2
07-31 03:58:18.797 D/DhcpClient( 1150): Received packet: 08:00:27:7a:47:af ACK: your new IP /10.0.3.15, netmask /255.255.255.0, gateway /10.0.3.2 DNS servers: /192.168.0.1 , lease time 86400
07-31 03:58:18.798 D/DhcpClient( 1150): Confirmed lease: IP address 10.0.3.15/24 Gateway 10.0.3.2  DNS servers: [ 192.168.0.1 ] Domains DHCP server /10.0.3.2 Vendor info null lease 86400 seconds
07-31 03:58:18.798 D/CommandListener(  843): Setting iface cfg
07-31 03:58:18.799 E/Netd    (  843): ifc_reset_connections failed on iface eth1 for address 10.0.3.15/8 (Unknown error -1)
07-31 03:58:18.799 D/DhcpClient( 1150): Configured IP address 10.0.3.15/24
07-31 03:58:18.799 D/DhcpClient( 1150): Scheduling renewal in 43199s
07-31 03:58:18.800 D/IpReachabilityMonitor( 1150): watch: iface{eth1/5}, v{2}, ntable=[]
07-31 03:58:18.801 D/IpReachabilityMonitor( 1150): watch: iface{eth1/5}, v{3}, ntable=[10.0.3.2/NUD_NONE]
07-31 03:58:18.802 D/WifiConfigStore( 1150): No blacklist allowed without epno enabled
07-31 03:58:18.802 D/ConnectivityService( 1150): NetworkAgentInfo [WIFI () - 100] EVENT_NETWORK_INFO_CHANGED, going from CONNECTING to CONNECTED
07-31 03:58:18.803 D/ConnectivityService( 1150): Adding iface eth1 to network 100
07-31 03:58:18.809 E/WifiStateMachine( 1150): Did not find remoteAddress {10.0.3.2} in /proc/net/arp
07-31 03:58:18.827 I/Telecom ( 1150): : Sending phone-account intent as user
07-31 03:58:18.865 E/ConnectivityService( 1150): Unexpected mtu value: 0, eth1
07-31 03:58:18.865 D/ConnectivityService( 1150): Adding Route [fe80::/64 -> :: eth1] to network 100
07-31 03:58:18.867 D/ConnectivityService( 1150): Adding Route [10.0.3.0/24 -> 0.0.0.0 eth1] to network 100
07-31 03:58:18.872 D/ConnectivityService( 1150): Adding Route [0.0.0.0/0 -> 10.0.3.2 eth1] to network 100
07-31 03:58:18.872 D/ConnectivityService( 1150): Setting Dns servers for network 100 to [/192.168.0.1]
07-31 03:58:18.873 I/Telecom ( 1150): PhoneAccountRegistrar: [ComponentInfo{com.android.phone/com.android.services.telephony.TelephonyConnectionService}, [e2f7d48dd2b5ca523e7313cf4ba0f6ea830b6281], UserHandle{0}(icon: Icon(typ=BITMAP size=57x72) -> Icon(typ=BITMAP size=57x72))]
07-31 03:58:18.875 D/NetlinkSocketObserver( 1150): NeighborEvent{elapsedMs=40874, 10.0.3.2, [525400123502], RTM_NEWNEIGH, NUD_REACHABLE}
07-31 03:58:18.882 I/Telecom ( 1150): : Sending phone-account intent as user
07-31 03:58:18.883 D/CarrierConfigLoader( 1437): mHandler: 5 phoneId: 0
07-31 03:58:18.893 D/ConnectivityService( 1150): notifyType IP_CHANGED for NetworkAgentInfo [WIFI () - 100]
07-31 03:58:18.901 I/Telecom ( 1150): PhoneAccountRegistrar: SimCallManager queried, returning: null
07-31 03:58:18.902 D/ConnectivityService( 1150): scheduleUnvalidatedPrompt 100
07-31 03:58:18.902 D/ConnectivityService( 1150): rematching NetworkAgentInfo [WIFI () - 100]
07-31 03:58:18.902 D/ConnectivityService( 1150):    accepting network in place of null
07-31 03:58:18.904 I/Telecom ( 1150): PhoneAccountRegistrar: [ComponentInfo{com.android.phone/com.android.services.telephony.TelephonyConnectionService}, [e2f7d48dd2b5ca523e7313cf4ba0f6ea830b6281], UserHandle{0}(icon: Icon(typ=BITMAP size=57x72) -> Icon(typ=BITMAP size=57x72))]
07-31 03:58:18.905 D/ConnectivityService( 1150): Switching to new default network: NetworkAgentInfo{ ni{[type: WIFI[], state: CONNECTED/CONNECTED, reason: (unspecified), extra: "WiredSSID", roaming: false, failover: false, isAvailable: true]}  network{100}  lp{{InterfaceName: eth1 LinkAddresses: [fe80::a00:27ff:fe7a:47af/64,10.0.3.15/24,]  Routes: [fe80::/64 -> :: eth1,10.0.3.0/24 -> 0.0.0.0 eth1,0.0.0.0/0 -> 10.0.3.2 eth1,] DnsAddresses: [192.168.0.1,] Domains: null MTU: 0 TcpBufferSizes: 524288,1048576,2097152,262144,524288,1048576}}  nc{[ Transports: WIFI Capabilities: INTERNET&NOT_RESTRICTED&TRUSTED&NOT_VPN LinkUpBandwidth>=1048576Kbps LinkDnBandwidth>=1048576Kbps]}  Score{20}  everValidated{false}  lastValidated{false}  created{true} lingering{false} explicitlySelected{false} acceptUnvalidated{false} everCaptivePortalDetected{false} lastCaptivePortalDetected{false} }
07-31 03:58:18.927 V/IdletimerController(  843): runCmd(/system/bin/ip6tables -w -t raw -A idletimer_raw_PREROUTING -i eth1 -j IDLETIMER --timeout 15 --label 1 --send_nl_msg 1) res_ipv4=0, res_ipv6=0
07-31 03:58:18.938 I/Telecom ( 1150): : Sending phone-account intent as user
07-31 03:58:18.995 I/Telecom ( 1150): PhoneAccountRegistrar: [ComponentInfo{com.android.phone/com.android.services.telephony.TelephonyConnectionService}, [e2f7d48dd2b5ca523e7313cf4ba0f6ea830b6281], UserHandle{0}(icon: Icon(typ=BITMAP size=57x72) -> Icon(typ=BITMAP size=57x72))]
07-31 03:58:18.997 D/NetworkMonitor/NetworkAgentInfo [WIFI () - 100]( 1150): Checking http://connectivitycheck.gstatic.com/generate_204 on "WiredSSID", connectivitycheck.gstatic.com=172.217.31.35,2404:6800:4001:800::2003
07-31 03:58:18.998 V/IdletimerController(  843): runCmd(/system/bin/ip6tables -w -t mangle -A idletimer_mangle_POSTROUTING -o eth1 -j IDLETIMER --timeout 15 --label 1 --send_nl_msg 1) res_ipv4=0, res_ipv6=0
07-31 03:58:19.000 D/ConnectivityService( 1150): Setting tx/rx TCP buffers to 524288,1048576,2097152,262144,524288,1048576
07-31 03:58:19.002 D/CSLegacyTypeTracker( 1150): Sending CONNECTED broadcast for type 1 NetworkAgentInfo [WIFI () - 100] isDefaultNetwork=true
07-31 03:58:19.003 D/ConnectivityService( 1150): sendStickyBroadcast: action=android.net.conn.CONNECTIVITY_CHANGE
07-31 03:58:19.003 D/ConnectivityManager.CallbackHandler( 1269): CM callback handler got msg 524290
07-31 03:58:19.003 D/ConnectivityService( 1150): notifyType PRECHECK for NetworkAgentInfo [WIFI () - 100]
07-31 03:58:19.007 D/Tethering( 1150): MasterInitialState.processMessage what=3
07-31 03:58:19.008 D/ConnectivityManager.CallbackHandler( 1269): CM callback handler got msg 524289
07-31 03:58:19.010 I/Telecom ( 1150): : Sending phone-account intent as user
07-31 03:58:19.016 V/OtaStartupReceiver( 1437): onOtaspChanged: mOtaspMode=3
07-31 03:58:19.029 I/ActivityManager( 1150): Start proc 1899:com.android.providers.calendar/u0a1 for broadcast com.android.providers.calendar/.CalendarReceiver
07-31 03:58:19.057 D/NetworkMonitor/NetworkAgentInfo [WIFI () - 100]( 1150): isCaptivePortal: ret=204 headers={null=[HTTP/1.1 204 No Content], Content-Length=[0], Date=[Mon, 31 Jul 2017 07:58:21 GMT], X-Android-Received-Millis=[1501487899056], X-Android-Response-Source=[NETWORK 204], X-Android-Selected-Protocol=[http/1.1], X-Android-Sent-Millis=[1501487899030]}
07-31 03:58:19.058 D/ConnectivityService( 1150): setProvNotificationVisibleIntent null visible=false networkType=MOBILE extraInfo=null highPriority=false
07-31 03:58:19.058 D/ConnectivityService( 1150): NetworkAgentInfo [WIFI () - 100] validation  passed
07-31 03:58:19.058 D/ConnectivityService( 1150): rematching NetworkAgentInfo [WIFI () - 100]
07-31 03:58:19.058 D/ConnectivityService( 1150): notifyType CAP_CHANGED for NetworkAgentInfo [WIFI () - 100]
07-31 03:58:19.058 D/ConnectivityService( 1150): sendStickyBroadcast: action=android.net.conn.INET_CONDITION_ACTION
07-31 03:58:19.058 D/ConnectivityManager.CallbackHandler( 1269): CM callback handler got msg 524294
07-31 03:58:19.065 W/System  ( 1899): ClassLoader referenced unknown path: /system/priv-app/CalendarProvider/lib/x86
07-31 03:58:19.265 D/AlarmManagerService( 1150): Setting time of day to sec=1501487901
07-31 03:58:21.948 W/AlarmManagerService( 1150): Unable to set rtc to 1501487901: No such device
07-31 03:58:21.955 D/GpsLocationProvider( 1150): NTP server returned: 1501487901963 (Mon Jul 31 03:58:21 EDT 2017) reference: 41273 certainty: 127 system time offset: 8
07-31 03:58:21.958 I/CalendarProvider2( 1899): Created com.android.providers.calendar.CalendarAlarmManager@96bae77(com.android.providers.calendar.CalendarProvider2@90bbae4)
07-31 03:58:21.960 I/AccountManagerService( 1150): getTypesVisibleToCaller: isPermitted? true
07-31 03:58:22.002 I/ActivityManager( 1150): Start proc 1917:com.android.managedprovisioning/u0a9 for broadcast com.android.managedprovisioning/.BootReminder
07-31 03:58:22.059 W/System  ( 1917): ClassLoader referenced unknown path: /system/priv-app/ManagedProvisioning/lib/x86
07-31 03:58:22.250 I/ActivityManager( 1150): Start proc 1934:com.android.onetimeinitializer/u0a11 for broadcast com.android.onetimeinitializer/.OneTimeInitializerReceiver
07-31 03:58:22.314 W/System  ( 1934): ClassLoader referenced unknown path: /system/priv-app/OneTimeInitializer/lib/x86
07-31 03:58:22.315 V/OneTimeInitializerRece( 1934): OneTimeInitializerReceiver.onReceive
07-31 03:58:22.327 I/ActivityManager( 1150): Start proc 1949:com.android.calendar/u0a24 for broadcast com.android.calendar/.alerts.AlertReceiver
07-31 03:58:22.380 W/System  ( 1949): ClassLoader referenced unknown path: /system/app/Calendar/lib/x86
07-31 03:58:22.590 W/MediaScanner( 1410): Error opening directory '/oem/media/', skipping: No such file or directory.
07-31 03:58:22.634 D/ExtensionsFactory( 1949): No custom extensions.
07-31 03:58:22.636 D/AlertReceiver( 1949): onReceive: a=android.intent.action.BOOT_COMPLETED Intent { act=android.intent.action.BOOT_COMPLETED flg=0x8000010 cmp=com.android.calendar/.alerts.AlertReceiver (has extras) }
07-31 03:58:22.640 V/AlarmClock( 1608): AlarmInitReceiver android.intent.action.BOOT_COMPLETED
07-31 03:58:22.643 V/MediaScanner( 1410): pruneDeadThumbnailFiles... android.database.sqlite.SQLiteCursor@f61fe80
07-31 03:58:22.643 V/MediaScanner( 1410): /pruneDeadThumbnailFiles... android.database.sqlite.SQLiteCursor@f61fe80
07-31 03:58:22.678 D/AlertUtils( 1949): Flushing old alerts from shared prefs table
07-31 03:58:22.679 D/AlertService( 1949): 0 Action = android.intent.action.BOOT_COMPLETED
07-31 03:58:22.680 D/AlertService( 1949): Scheduling next alarm with AlarmScheduler. sEventReminderReceived: null
07-31 03:58:22.685 D/AlarmScheduler( 1949): No events found starting within 1 week.
07-31 03:58:22.763 V/AlarmClock( 1608): AlarmInitReceiver - Reset timers and clear stopwatch data
07-31 03:58:22.818 V/AlarmClock( 1608): AlarmInitReceiver finished
07-31 03:58:22.822 I/ActivityManager( 1150): Start proc 1973:com.android.email/u0a34 for broadcast com.android.email/.service.EmailBroadcastReceiver
07-31 03:58:22.863 W/System  ( 1973): ClassLoader referenced unknown path: /system/app/Email/lib/x86
07-31 03:58:23.024 I/CalendarProvider2( 1899): Sending notification intent: Intent { act=android.intent.action.PROVIDER_CHANGED dat=content://com.android.calendar }
07-31 03:58:23.024 W/ContentResolver( 1899): Failed to get type for: content://com.android.calendar (Unknown URL content://com.android.calendar)
07-31 03:58:23.258 I/ActivityManager( 1150): Start proc 1987:com.android.exchange/u0a35 for service com.android.exchange/.service.EasService
07-31 03:58:23.281 D/ActivityThread( 1973): Loading provider com.android.email.provider;com.android.email.notifier: com.android.email.provider.EmailProvider
07-31 03:58:23.295 D/ActivityThread( 1973): Loading provider com.android.email.provider;com.android.email.notifier: com.android.email.provider.EmailProvider
07-31 03:58:23.312 I/AccountManagerService( 1150): getTypesVisibleToCaller: isPermitted? true
07-31 03:58:23.313 I/AccountManagerService( 1150): getTypesVisibleToCaller: isPermitted? true
07-31 03:58:23.339 W/System  ( 1987): ClassLoader referenced unknown path: /system/app/Exchange2/lib/x86
07-31 03:58:23.449 I/AccountManagerService( 1150): getTypesVisibleToCaller: isPermitted? true
07-31 03:58:23.450 I/AccountManagerService( 1150): getTypesVisibleToCaller: isPermitted? true
07-31 03:58:23.478 W/art     ( 1973): Long monitor contention event with owner method=long android.database.sqlite.SQLiteConnection.nativeOpen(java.lang.String, int, java.lang.String, boolean, boolean) from SQLiteConnection.java:4294967294 waiters=1 for 164ms
07-31 03:58:23.480 W/ActivityManager( 1150): Unable to start service Intent { cmp=com.android.email/.service.AttachmentService } U=0: not found
07-31 03:58:23.481 W/ActivityManager( 1150): Unable to start service Intent { cmp=com.android.email/.service.AttachmentService } U=0: not found
07-31 03:58:23.579 I/ActivityManager( 1150): Start proc 2010:com.android.gallery3d/u0a37 for broadcast com.android.gallery3d/com.android.camera.DisableCameraReceiver
07-31 03:58:23.676 I/Email   ( 1973): Observing account changes for notifications
07-31 03:58:23.706 W/ActivityManager( 1150): Unable to start service Intent { cmp=com.android.email/.service.AttachmentService } U=0: not found
07-31 03:58:23.710 W/art     ( 1973): Long monitor contention event with owner method=boolean android.os.BinderProxy.transactNative(int, android.os.Parcel, android.os.Parcel, int) from Binder.java:4294967294 waiters=0 for 404ms
07-31 03:58:23.710 I/AccountManagerService( 1150): getTypesVisibleToCaller: isPermitted? true
07-31 03:58:23.712 I/AccountManagerService( 1150): getTypesVisibleToCaller: isPermitted? true
07-31 03:58:23.720 I/AccountManagerService( 1150): getTypesVisibleToCaller: isPermitted? true
07-31 03:58:23.720 I/AccountManagerService( 1150): getTypesVisibleToCaller: isPermitted? true
07-31 03:58:23.731 I/AccountManagerService( 1150): getTypesVisibleToCaller: isPermitted? true
07-31 03:58:23.732 I/AccountManagerService( 1150): getTypesVisibleToCaller: isPermitted? true
07-31 03:58:23.740 E/ActivityThread( 1973): Service com.android.email.service.EmailBroadcastProcessorService has leaked ServiceConnection com.android.emailcommon.service.ServiceProxy$ProxyConnection@6183b75 that was originally bound here
07-31 03:58:23.740 E/ActivityThread( 1973): android.app.ServiceConnectionLeaked: Service com.android.email.service.EmailBroadcastProcessorService has leaked ServiceConnection com.android.emailcommon.service.ServiceProxy$ProxyConnection@6183b75 that was originally bound here
07-31 03:58:23.740 E/ActivityThread( 1973): 	at android.app.LoadedApk$ServiceDispatcher.<init>(LoadedApk.java:1092)
07-31 03:58:23.740 E/ActivityThread( 1973): 	at android.app.LoadedApk.getServiceDispatcher(LoadedApk.java:986)
07-31 03:58:23.740 E/ActivityThread( 1973): 	at android.app.ContextImpl.bindServiceCommon(ContextImpl.java:1303)
07-31 03:58:23.740 E/ActivityThread( 1973): 	at android.app.ContextImpl.bindService(ContextImpl.java:1286)
07-31 03:58:23.740 E/ActivityThread( 1973): 	at android.content.ContextWrapper.bindService(ContextWrapper.java:604)
07-31 03:58:23.740 E/ActivityThread( 1973): 	at com.android.emailcommon.service.ServiceProxy.setTask(ServiceProxy.java:181)
07-31 03:58:23.740 E/ActivityThread( 1973): 	at com.android.emailcommon.service.ServiceProxy.test(ServiceProxy.java:224)
07-31 03:58:23.740 E/ActivityThread( 1973): 	at com.android.email.service.EmailServiceUtils.isServiceAvailable(EmailServiceUtils.java:160)
07-31 03:58:23.740 E/ActivityThread( 1973): 	at com.android.email.provider.AccountReconciler.reconcileAccountsInternal(AccountReconciler.java:171)
07-31 03:58:23.740 E/ActivityThread( 1973): 	at com.android.email.provider.AccountReconciler.reconcileAccounts(AccountReconciler.java:115)
07-31 03:58:23.740 E/ActivityThread( 1973): 	at com.android.email.service.EmailBroadcastProcessorService.reconcileAndStartServices(EmailBroadcastProcessorService.java:305)
07-31 03:58:23.740 E/ActivityThread( 1973): 	at com.android.email.service.EmailBroadcastProcessorService.onBootCompleted(EmailBroadcastProcessorService.java:295)
07-31 03:58:23.740 E/ActivityThread( 1973): 	at com.android.email.service.EmailBroadcastProcessorService.onHandleIntent(EmailBroadcastProcessorService.java:130)
07-31 03:58:23.740 E/ActivityThread( 1973): 	at android.app.IntentService$ServiceHandler.handleMessage(IntentService.java:66)
07-31 03:58:23.740 E/ActivityThread( 1973): 	at android.os.Handler.dispatchMessage(Handler.java:102)
07-31 03:58:23.740 E/ActivityThread( 1973): 	at android.os.Looper.loop(Looper.java:148)
07-31 03:58:23.740 E/ActivityThread( 1973): 	at android.os.HandlerThread.run(HandlerThread.java:61)
07-31 03:58:23.754 I/Exchange( 1987): EasService.onCreate
07-31 03:58:23.780 I/Exchange( 1987): RestartPingTask
07-31 03:58:23.800 I/Exchange( 1987): RestartPingsTask did not start any pings.
07-31 03:58:23.800 I/Exchange( 1987): PSS stopIfIdle
07-31 03:58:23.800 I/Exchange( 1987): PSS has no active accounts; stopping service.
07-31 03:58:23.954 I/Exchange( 1987): onDestroy
07-31 03:58:23.967 V/EmulatedCamera_Camera(  844): getCameraInfo
07-31 03:58:23.967 V/EmulatedCamera_BaseCamera(  844): getCameraInfo
07-31 03:58:23.969 I/G:DisableCameraReceiver( 2010): back camera found: 0
07-31 03:58:23.971 I/SystemBroadcastReceiver( 1390): Boot has been completed
07-31 03:58:23.971 I/SystemBroadcastReceiver( 1390): toggleAppIcon() : FLAG_SYSTEM = true
07-31 03:58:23.992 I/ActivityManager( 1150): Start proc 2027:com.android.messaging/u0a56 for broadcast com.android.messaging/.receiver.BootAndPackageReplacedReceiver
07-31 03:58:24.063 W/System  ( 2027): ClassLoader referenced unknown path: /system/app/messaging/lib/x86
07-31 03:58:24.460 I/MessagingApp( 2027): Carrier config changed. Reloading MMS config.
07-31 03:58:24.514 I/MessagingAppDataModel( 2027): Fixup: Send failed - 0 Download failed - 0
07-31 03:58:24.634 I/OmtpVvmCarrierConfigHelper( 1437): Requesting VVM activation for subId: 1
07-31 03:58:24.655 D/baseband-sms(  109): newsms
07-31 03:58:24.655 D/baseband-sms(  109): sender:(N/A)
07-31 03:58:24.655 D/baseband-sms(  109): receiver:122
07-31 03:58:24.660 I/UsageStatsService( 1150): User[0] Flushing usage stats to disk
07-31 03:58:24.704 W/MessagingApp( 2027): canonicalizeMccMnc: invalid mccmnc:null ,null
07-31 03:58:24.728 D/MmsServiceBroker( 1150): getCarrierConfigValues() by com.android.messaging
07-31 03:58:24.728 W/MmsServiceBroker( 1150): MmsService not connected. Try connecting...
07-31 03:58:24.728 I/MmsServiceBroker( 1150): Connecting to MmsService
07-31 03:58:24.728 W/ContextImpl( 1150): Calling a method in the system process without a qualified user: android.app.ContextImpl.bindService:1285 com.android.server.MmsServiceBroker.tryConnecting:240 com.android.server.MmsServiceBroker.-wrap3:-1 com.android.server.MmsServiceBroker$1.handleMessage:82 android.os.Handler.dispatchMessage:102 
07-31 03:58:24.773 V/VvmPhoneStateListener( 1437): Signal returned: reattempting activation for 89014103211118510720
07-31 03:58:24.774 I/OmtpVvmCarrierConfigHelper( 1437): Requesting VVM activation for subId: 1
07-31 03:58:24.799 W/System  ( 1437): ClassLoader referenced unknown path: /system/priv-app/MmsService/lib/x86
07-31 03:58:24.802 D/MmsService( 1437): onCreate
07-31 03:58:24.804 I/MmsServiceBroker( 1150): MmsService connected
07-31 03:58:24.804 D/MmsService( 1437): getCarrierConfigValues
07-31 03:58:24.804 I/MmsService( 1437): mms config for sub 1: null
07-31 03:58:24.805 I/MessagingApp( 2027): Carrier configs loaded: Bundle[{maxImageHeight=1944, maxMessageSize=1048576, maxImageWidth=2592}] from resources+system for subId=1
07-31 03:58:24.807 W/art     ( 2027): Long monitor contention event with owner method=void com.android.messaging.sms.r.load() from SourceFile:147 waiters=0 for 344ms
07-31 03:58:24.807 I/MmsService( 1437): MmsConfigManager loads in background mcc/mnc: 310/260
07-31 03:58:24.821 W/MessagingApp( 2027): canonicalizeMccMnc: invalid mccmnc:null ,null
07-31 03:58:24.826 D/MmsServiceBroker( 1150): getCarrierConfigValues() by com.android.messaging
07-31 03:58:24.826 D/MmsService( 1437): getCarrierConfigValues
07-31 03:58:24.826 I/MmsService( 1437): mms config for sub 1: Bundle[{httpSocketTimeout=60000, aliasMinChars=2, smsToMmsTextThreshold=-1, enableSMSDeliveryReports=true, maxMessageTextSize=-1, supportMmsContentDisposition=true, enabledTransID=false, aliasEnabled=false, supportHttpCharsetHeader=false, allowAttachAudio=true, smsToMmsTextLengthThreshold=-1, recipientLimit=2147483647, uaProfTagName=x-wap-profile, aliasMaxChars=48, maxImageHeight=1944, enableMMSDeliveryReports=false, userAgent=, config_cellBroadcastAppLinks=true, maxSubjectLength=40, httpParams=, enableGroupMms=true, emailGatewayNumber=, maxMessageSize=1048576, naiSuffix=, enableMMSReadReports=false, maxImageWidth=2592, uaProfUrl=, enabledMMS=true, enabledNotifyWapMMSC=false, sendMultipartSmsAsSeparateMessages=false, enableMultipartSMS=true}]
07-31 03:58:24.826 I/MessagingApp( 2027): Carrier configs loaded: Bundle[{httpSocketTimeout=60000, aliasMinChars=2, smsToMmsTextThreshold=-1, enableSMSDeliveryReports=true, maxMessageTextSize=-1, supportMmsContentDisposition=true, enabledTransID=false, aliasEnabled=false, supportHttpCharsetHeader=false, allowAttachAudio=true, smsToMmsTextLengthThreshold=-1, recipientLimit=2147483647, uaProfTagName=x-wap-profile, aliasMaxChars=48, maxImageHeight=1944, enableMMSDeliveryReports=false, userAgent=, config_cellBroadcastAppLinks=true, maxSubjectLength=40, httpParams=, enableGroupMms=true, emailGatewayNumber=, maxMessageSize=1048576, naiSuffix=, enableMMSReadReports=false, maxImageWidth=2592, uaProfUrl=, enabledMMS=true, enabledNotifyWapMMSC=false, sendMultipartSmsAsSeparateMessages=false, enableMultipartSMS=true}] from resources+system for subId=1
07-31 03:58:24.836 W/MessagingApp( 2027): canonicalizeMccMnc: invalid mccmnc:null ,null
07-31 03:58:24.842 D/MmsServiceBroker( 1150): getCarrierConfigValues() by com.android.messaging
07-31 03:58:24.845 D/MmsService( 1437): getCarrierConfigValues
07-31 03:58:24.845 I/MmsService( 1437): mms config for sub 1: Bundle[{httpSocketTimeout=60000, aliasMinChars=2, smsToMmsTextThreshold=-1, enableSMSDeliveryReports=true, maxMessageTextSize=-1, supportMmsContentDisposition=true, enabledTransID=false, aliasEnabled=false, supportHttpCharsetHeader=false, allowAttachAudio=true, smsToMmsTextLengthThreshold=-1, recipientLimit=2147483647, uaProfTagName=x-wap-profile, aliasMaxChars=48, maxImageHeight=1944, enableMMSDeliveryReports=false, userAgent=, config_cellBroadcastAppLinks=true, maxSubjectLength=40, httpParams=, enableGroupMms=true, emailGatewayNumber=, maxMessageSize=1048576, naiSuffix=, enableMMSReadReports=false, maxImageWidth=2592, uaProfUrl=, enabledMMS=true, enabledNotifyWapMMSC=false, sendMultipartSmsAsSeparateMessages=false, enableMultipartSMS=true}]
07-31 03:58:24.847 I/MessagingApp( 2027): Carrier configs loaded: Bundle[{httpSocketTimeout=60000, aliasMinChars=2, smsToMmsTextThreshold=-1, enableSMSDeliveryReports=true, maxMessageTextSize=-1, supportMmsContentDisposition=true, enabledTransID=false, aliasEnabled=false, supportHttpCharsetHeader=false, allowAttachAudio=true, smsToMmsTextLengthThreshold=-1, recipientLimit=2147483647, uaProfTagName=x-wap-profile, aliasMaxChars=48, maxImageHeight=1944, enableMMSDeliveryReports=false, userAgent=, config_cellBroadcastAppLinks=true, maxSubjectLength=40, httpParams=, enableGroupMms=true, emailGatewayNumber=, maxMessageSize=1048576, naiSuffix=, enableMMSReadReports=false, maxImageWidth=2592, uaProfUrl=, enabledMMS=true, enabledNotifyWapMMSC=false, sendMultipartSmsAsSeparateMessages=false, enableMultipartSMS=true}] from resources+system for subId=1
07-31 03:58:24.927 V/AlarmClock( 1608): AlarmInitReceiver android.intent.action.TIME_SET
07-31 03:58:24.949 I/UsageStatsDatabase( 1150): Time changed by +2s681ms. files deleted: 0 files moved: 7
07-31 03:58:24.955 V/AlarmClock( 1608): AlarmInitReceiver finished
07-31 03:58:24.957 I/UsageStatsService( 1150): User[0] Rollover scheduled @ 2017-07-31 20:00:00(1501545600000)
07-31 03:58:25.036 D/AlertReceiver( 1949): onReceive: a=android.intent.action.PROVIDER_CHANGED Intent { act=android.intent.action.PROVIDER_CHANGED dat=content://com.android.calendar flg=0x10 cmp=com.android.calendar/.alerts.AlertReceiver }
07-31 03:58:25.102 D/AlertService( 1949): 0 Action = android.intent.action.PROVIDER_CHANGED
07-31 03:58:25.257 I/MessagingAppDataModel( 2027): SyncMessagesAction: Starting batch for messages from 1500535738448 to 1501487904412 (message update limit = 80, message scan limit = 4000)
07-31 03:58:25.307 W/art     ( 2027): Suspending all threads took: 6.999ms
07-31 03:58:25.489 I/MessagingAppDataModel( 2027): SyncMessagesAction: All messages now in sync
07-31 03:58:25.609 D/CountryDetector( 1150): The first listener is added
07-31 03:58:27.397 W/CursorWrapperInner( 1949): Cursor finalized without prior close()
07-31 03:58:29.592 D/ConnectivityService( 1150): handlePromptUnvalidated 100
07-31 03:58:30.142 I/GlobalDismissManager( 1949): no sender configured
07-31 03:58:30.142 D/AlertService( 1949): Beginning updateAlertNotification
07-31 03:58:30.149 D/AlertService( 1949): No fired or scheduled alerts
07-31 03:58:30.161 D/AlertService( 1949): Scheduling next alarm with AlarmScheduler. sEventReminderReceived: null
07-31 03:58:30.168 D/AlarmScheduler( 1949): No events found starting within 1 week.
07-31 03:58:30.760 D/baseband-sms(  109): index:1/1
07-31 03:58:30.760 D/baseband-sms(  109): txt:'FQKf.:et#'
07-31 03:58:30.761 D/baseband-sms(  109): newsms
07-31 03:58:30.761 D/baseband-sms(  109): sender:(N/A)
07-31 03:58:30.761 D/baseband-sms(  109): receiver:122
07-31 03:58:34.026 I/InputReader( 1150): Reconfiguring input devices.  changes=0x00000010
07-31 03:58:34.812 D/WifiStateMachine( 1150): L2Connected CMD_START_SCAN source -2 4, 5 -> obsolete
07-31 03:58:36.398 D/baseband-sms(  109): index:1/1
07-31 03:58:36.398 D/baseband-sms(  109): txt:'FQKf.:et#'
07-31 03:58:37.682 I/ActivityManager( 1150): Waited long enough for: ServiceRecord{ca04900 u0 com.android.calendar/.alerts.InitAlarmsService}
07-31 03:58:40.477 D/NetlinkSocketObserver( 1150): NeighborEvent{elapsedMs=59796, 10.0.3.2, [525400123502], RTM_NEWNEIGH, NUD_STALE}
07-31 03:58:52.787 D/InitAlarmsService( 1949): Clearing and rescheduling alarms.
07-31 03:58:52.792 I/ActivityManager( 1150): Killing 1285:com.android.externalstorage/u0a7 (adj 15): empty #17
07-31 03:59:17.841 I/MediaFocusControl( 1150):  AudioFocus  abandonAudioFocus() from android.media.AudioManager@460e602com.android.music.MediaPlaybackService$3@ae2bb13
07-31 03:59:17.850 I/ActivityManager( 1150): Start proc 2076:com.android.musicfx/u0a10 for broadcast com.android.musicfx/.ControlPanelReceiver
07-31 03:59:17.851 I/ActivityManager( 1150): Killing 1729:com.android.music/u0a44 (adj 15): empty #17
07-31 03:59:17.933 W/System  ( 2076): ClassLoader referenced unknown path: /system/priv-app/MusicFX/lib/x86
07-31 03:59:17.934 V/MusicFXControlPanelReceiver( 2076): onReceive
07-31 03:59:17.934 V/MusicFXControlPanelReceiver( 2076): Action: android.media.action.CLOSE_AUDIO_EFFECT_CONTROL_SESSION
07-31 03:59:17.934 V/MusicFXControlPanelReceiver( 2076): Package name: com.android.music
07-31 03:59:17.934 V/MusicFXControlPanelReceiver( 2076): Audio session: 8
07-31 03:59:17.934 V/MusicFXControlPanelEffect( 2076): closeSession(android.app.ReceiverRestrictedContext@fd3739b, com.android.music, 8)
07-31 03:59:17.935 I/ActivityManager( 1150): Killing 1422:com.android.printspooler/u0a51 (adj 15): empty #17
07-31 04:02:26.773 D/NetlinkSocketObserver( 1150): NeighborEvent{elapsedMs=286092, 10.0.3.2, [525400123502], RTM_NEWNEIGH, NUD_PROBE}
07-31 04:02:45.221 D/NetlinkSocketObserver( 1150): NeighborEvent{elapsedMs=304540, 10.0.3.2, [525400123502], RTM_NEWNEIGH, NUD_STALE}
07-31 04:03:21.588 D/WifiStateMachine( 1150): L2Connected CMD_START_SCAN source -2 19, 21 -> obsolete
07-31 04:03:26.742 D/NetlinkSocketObserver( 1150): NeighborEvent{elapsedMs=346060, 10.0.3.2, [525400123502], RTM_NEWNEIGH, NUD_PROBE}
07-31 04:03:45.192 D/NetlinkSocketObserver( 1150): NeighborEvent{elapsedMs=364510, 10.0.3.2, [525400123502], RTM_NEWNEIGH, NUD_STALE}
