--------- beginning of system
07-31 03:57:40.275 I/vold    (   84): Vold 3.0 (the awakening) firing up
07-31 03:57:40.275 V/vold    (   84): Detected support for: ext4 vfat
--------- beginning of main
07-31 03:57:41.329 I/genybaseband(   98): run_main_looper start
07-31 03:57:41.333 I/installd(  107): installd firing up
07-31 03:57:41.413 I/        (  101): debuggerd: Mar 24 2016 11:19:18
07-31 03:57:41.504 I/keystore(  108): SELinux: Keystore SELinux is disabled.
07-31 03:57:41.504 I/Netd    (  100): Netd 1.0 starting
07-31 03:57:41.508 D/TetherController(  100): Setting IP forward enable = 0
07-31 03:57:41.559 I/perfprofd(  114): starting Android Wide Profiling daemon
07-31 03:57:41.572 E/perfprofd(  114): unable to open configuration file /data/data/com.google.android.gms/files/perfprofd.conf
07-31 03:57:41.572 I/perfprofd(  114): random seed set to 373977532
07-31 03:57:41.640 I/gatekeeperd(  113): Starting gatekeeperd...
07-31 03:57:41.764 D/DHCP    (  142): ===== DHCP message:
07-31 03:57:41.764 D/DHCP    (  142): op = BOOTREQUEST (1), htype = 1, hlen = 6, hops = 0
07-31 03:57:41.764 D/DHCP    (  142): xid = 0xa60e0000 secs = 0, flags = 0x8000 optlen = 14
07-31 03:57:41.764 D/DHCP    (  142): ciaddr = 0.0.0.0
07-31 03:57:41.764 D/DHCP    (  142): yiaddr = 0.0.0.0
07-31 03:57:41.764 D/DHCP    (  142): siaddr = 0.0.0.0
07-31 03:57:41.764 D/DHCP    (  142): giaddr = 0.0.0.0
07-31 03:57:41.764 D/DHCP    (  142): chaddr = { 08  00  27  f1  88  a3 }
07-31 03:57:41.764 D/DHCP    (  142): sname = ''
07-31 03:57:41.764 D/DHCP    (  142): file = ''
07-31 03:57:41.764 D/DHCP    (  142): op 53 len 1 { 01 } discover
07-31 03:57:41.764 D/DHCP    (  142): op 55 len 4 { 01  03  06  1c } 
07-31 03:57:41.765 D/DHCP    (  142): ===== DHCP message:
07-31 03:57:41.765 D/DHCP    (  142): op = BOOTREPLY (2), htype = 1, hlen = 6, hops = 0
07-31 03:57:41.765 D/DHCP    (  142): xid = 0xa60e0000 secs = 0, flags = 0x0000 optlen = 312
07-31 03:57:41.765 D/DHCP    (  142): ciaddr = 192.168.56.102
07-31 03:57:41.765 D/DHCP    (  142): yiaddr = 192.168.56.102
07-31 03:57:41.765 D/DHCP    (  142): siaddr = 0.0.0.0
07-31 03:57:41.765 D/DHCP    (  142): giaddr = 0.0.0.0
07-31 03:57:41.765 D/DHCP    (  142): chaddr = { 08  00  27  f1  88  a3 }
07-31 03:57:41.765 D/DHCP    (  142): sname = ''
07-31 03:57:41.765 D/DHCP    (  142): file = ''
07-31 03:57:41.765 D/DHCP    (  142): op 54 len 4 { c0  a8  38  64 } 
07-31 03:57:41.765 D/DHCP    (  142): op 53 len 1 { 02 } offer
07-31 03:57:41.765 D/DHCP    (  142): op 51 len 4 { 00  00  04  b0 } 
07-31 03:57:41.765 D/DHCP    (  142): op 1 len 4 { ff  ff  ff  00 } 
07-31 03:57:41.765 D/DHCP    (  142): --- dhcp offer (2) ---
07-31 03:57:41.765 D/DHCP    (  142): ip 192.168.56.102 gw 0.0.0.0 prefixLength 24
07-31 03:57:41.765 D/DHCP    (  142): server 192.168.56.100, lease 1200 seconds
07-31 03:57:41.765 D/DHCP    (  142): ===== DHCP message:
07-31 03:57:41.765 D/DHCP    (  142): op = BOOTREQUEST (1), htype = 1, hlen = 6, hops = 0
07-31 03:57:41.765 D/DHCP    (  142): xid = 0xa70e0000 secs = 0, flags = 0x8000 optlen = 26
07-31 03:57:41.765 D/DHCP    (  142): ciaddr = 0.0.0.0
07-31 03:57:41.765 D/DHCP    (  142): yiaddr = 0.0.0.0
07-31 03:57:41.765 D/DHCP    (  142): siaddr = 0.0.0.0
07-31 03:57:41.765 D/DHCP    (  142): giaddr = 0.0.0.0
07-31 03:57:41.765 D/DHCP    (  142): chaddr = { 08  00  27  f1  88  a3 }
07-31 03:57:41.765 D/DHCP    (  142): sname = ''
07-31 03:57:41.765 D/DHCP    (  142): file = ''
07-31 03:57:41.765 D/DHCP    (  142): op 53 len 1 { 03 } request
07-31 03:57:41.765 D/DHCP    (  142): op 55 len 4 { 01  03  06  1c } 
07-31 03:57:41.765 D/DHCP    (  142): op 50 len 4 { c0  a8  38  66 } 
07-31 03:57:41.765 D/DHCP    (  142): op 54 len 4 { c0  a8  38  64 } 
07-31 03:57:41.769 D/DHCP    (  142): ===== DHCP message:
07-31 03:57:41.769 D/DHCP    (  142): op = BOOTREPLY (2), htype = 1, hlen = 6, hops = 0
07-31 03:57:41.769 D/DHCP    (  142): xid = 0xa70e0000 secs = 0, flags = 0x0000 optlen = 312
07-31 03:57:41.769 D/DHCP    (  142): ciaddr = 192.168.56.102
07-31 03:57:41.769 D/DHCP    (  142): yiaddr = 192.168.56.102
07-31 03:57:41.769 D/DHCP    (  142): siaddr = 0.0.0.0
07-31 03:57:41.769 D/DHCP    (  142): giaddr = 0.0.0.0
07-31 03:57:41.769 D/DHCP    (  142): chaddr = { 08  00  27  f1  88  a3 }
07-31 03:57:41.769 D/DHCP    (  142): sname = ''
07-31 03:57:41.769 D/DHCP    (  142): file = ''
07-31 03:57:41.769 D/DHCP    (  142): op 54 len 4 { c0  a8  38  64 } 
07-31 03:57:41.769 D/DHCP    (  142): op 53 len 1 { 05 } ack
07-31 03:57:41.769 D/DHCP    (  142): op 51 len 4 { 00  00  04  b0 } 
07-31 03:57:41.769 D/DHCP    (  142): op 1 len 4 { ff  ff  ff  00 } 
07-31 03:57:41.769 D/DHCP    (  142): --- dhcp ack (5) ---
07-31 03:57:41.769 D/DHCP    (  142): ip 192.168.56.102 gw 0.0.0.0 prefixLength 24
07-31 03:57:41.769 D/DHCP    (  142): server 192.168.56.100, lease 1200 seconds
07-31 03:57:41.769 D/DHCP    (  142): configuring eth0
07-31 03:57:41.811 D/Genyd   (   97): Connected to genybaseband
07-31 03:57:41.812 I/Genyd   (   97): Genyd running
07-31 03:57:42.071 I/iptables(  100): iptables v1.4.20: can't initialize iptables table `nat': Table does not exist (do you need to insmod?)
07-31 03:57:42.071 I/iptables(  100): Perhaps iptables or your kernel needs to be upgraded.
07-31 03:57:42.071 I/iptables(  100): iptables terminated by exit(3)
07-31 03:57:42.071 E/Netd    (  100): exec() res=0, status=768 for /system/bin/iptables -w -t nat -N oem_nat_pre 
07-31 03:57:42.074 I/iptables(  100): iptables v1.4.20: can't initialize iptables table `nat': Table does not exist (do you need to insmod?)
07-31 03:57:42.074 I/iptables(  100): Perhaps iptables or your kernel needs to be upgraded.
07-31 03:57:42.074 I/iptables(  100): iptables terminated by exit(3)
07-31 03:57:42.074 E/Netd    (  100): exec() res=0, status=768 for /system/bin/iptables -w -t nat -A PREROUTING -j oem_nat_pre 
07-31 03:57:42.090 I/iptables(  100): iptables v1.4.20: can't initialize iptables table `nat': Table does not exist (do you need to insmod?)
07-31 03:57:42.090 I/iptables(  100): Perhaps iptables or your kernel needs to be upgraded.
07-31 03:57:42.090 I/iptables(  100): iptables terminated by exit(3)
07-31 03:57:42.090 E/Netd    (  100): exec() res=0, status=768 for /system/bin/iptables -w -t nat -N natctrl_nat_POSTROUTING 
07-31 03:57:42.092 I/iptables(  100): iptables v1.4.20: can't initialize iptables table `nat': Table does not exist (do you need to insmod?)
07-31 03:57:42.092 I/iptables(  100): Perhaps iptables or your kernel needs to be upgraded.
07-31 03:57:42.092 I/iptables(  100): iptables terminated by exit(3)
07-31 03:57:42.092 E/Netd    (  100): exec() res=0, status=768 for /system/bin/iptables -w -t nat -A POSTROUTING -j natctrl_nat_POSTROUTING 
07-31 03:57:42.219 V/NatController(  100): runCmd(/system/bin/iptables -w -F natctrl_FORWARD) res=0
07-31 03:57:42.222 V/NatController(  100): runCmd(/system/bin/iptables -w -A natctrl_FORWARD -j DROP) res=0
07-31 03:57:42.225 V/NatController(  100): runCmd(/system/bin/iptables -w -t nat -F natctrl_nat_POSTROUTING) res=3
07-31 03:57:42.244 D/local_opengl(  424): Starting local_opengl
07-31 03:57:42.244 D/local_opengl(  424): Getting player version
07-31 03:57:42.255 E/vinput-seamless(  422): found seamless mouse device
07-31 03:57:42.257 I/lowmemorykiller(  418): Using in-kernel low memory killer interface
07-31 03:57:42.284 I/SurfaceFlinger(  420): SurfaceFlinger is starting
07-31 03:57:42.284 I/SurfaceFlinger(  420): SurfaceFlinger's main thread ready to run. Initializing graphics H/W...
07-31 03:57:42.297 I/mediaserver(  106): ServiceManager: 0xf618ca40
07-31 03:57:42.297 I/AudioFlinger(  106): Using default 3000 mSec as standby time.
07-31 03:57:42.311 E/        (  106): batterystats service unavailable!
07-31 03:57:42.311 E/        (  106): batterystats service unavailable!
07-31 03:57:42.321 I/CameraService(  106): CameraService started (pid=106)
07-31 03:57:42.321 I/CameraService(  106): CameraService process starting
07-31 03:57:42.321 E/        (  106): batterystats service unavailable!
07-31 03:57:42.321 E/        (  106): batterystats service unavailable!
07-31 03:57:42.459 E/Netd    (  100): cannot find interface dummy0
07-31 03:57:42.462 D/MDnsDS  (  100): MDnsSdListener::Hander starting up
07-31 03:57:42.462 D/MDnsDS  (  100): MDnsSdListener starting to monitor
07-31 03:57:42.462 D/MDnsDS  (  100): Going to poll with pollCount 1
07-31 03:57:42.502 D/libEGL  (  420): loaded /system/lib/egl/libEGL_emulation.so
07-31 03:57:42.513 D/libEGL  (  420): loaded /system/lib/egl/libGLESv1_CM_emulation.so
07-31 03:57:42.517 D/libEGL  (  420): loaded /system/lib/egl/libGLESv2_emulation.so
07-31 03:57:42.520 E/        (  420): Failed to connect to host (UnixStream)!!!
07-31 03:57:42.520 E/EGL_emulation(  420): Failed to establish connection with the host
07-31 03:57:42.520 W/libEGL  (  420): eglInitialize(0xf70b4080) failed (EGL_SUCCESS)
07-31 03:57:42.532 E/        (  420): Failed to connect to host (UnixStream)!!!
07-31 03:57:42.532 E/gralloc_vbox86(  420): gralloc: Failed to get host connection
07-31 03:57:42.532 E/SurfaceFlinger(  420): hwcomposer module not found
07-31 03:57:42.532 E/SurfaceFlinger(  420): ERROR: failed to open framebuffer (I/O error), aborting
--------- beginning of crash
07-31 03:57:42.532 F/libc    (  420): Fatal signal 6 (SIGABRT), code -6 in tid 420 (surfaceflinger)
07-31 03:57:42.640 W/gatekeeperd(  113): falling back to software GateKeeper
07-31 03:57:42.664 F/DEBUG   (  101): *** *** *** *** *** *** *** *** *** *** *** *** *** *** *** ***
07-31 03:57:42.664 F/DEBUG   (  101): Build fingerprint: 'Android/vbox86p/vbox86p:6.0/MRA58K/genymotion06091605:userdebug/test-keys'
07-31 03:57:42.664 F/DEBUG   (  101): Revision: '0'
07-31 03:57:42.664 F/DEBUG   (  101): ABI: 'x86'
07-31 03:57:42.664 F/DEBUG   (  101): pid: 420, tid: 420, name: surfaceflinger  >>> /system/bin/surfaceflinger <<<
07-31 03:57:42.664 F/DEBUG   (  101): signal 6 (SIGABRT), code -6 (SI_TKILL), fault addr --------
07-31 03:57:42.665 F/DEBUG   (  101):     eax 00000000  ebx 000001a4  ecx 000001a4  edx 00000006
07-31 03:57:42.665 F/DEBUG   (  101):     esi f7739c50  edi 00000002
07-31 03:57:42.665 F/DEBUG   (  101):     xcs 00000023  xds 0000002b  xes 0000002b  xfs 00000003  xss 0000002b
07-31 03:57:42.665 F/DEBUG   (  101):     eip f747de66  ebp 000001a4  esp fff27970  flags 00000202
07-31 03:57:42.709 F/DEBUG   (  101): 
07-31 03:57:42.709 F/DEBUG   (  101): backtrace:
07-31 03:57:42.709 F/DEBUG   (  101):     #00 pc 00083e66  /system/lib/libc.so (tgkill+22)
07-31 03:57:42.709 F/DEBUG   (  101):     #01 pc 00081348  /system/lib/libc.so (pthread_kill+70)
07-31 03:57:42.709 F/DEBUG   (  101):     #02 pc 00027205  /system/lib/libc.so (raise+36)
07-31 03:57:42.709 F/DEBUG   (  101):     #03 pc 000209e4  /system/lib/libc.so (abort+80)
07-31 03:57:42.709 F/DEBUG   (  101):     #04 pc 0003730b  /system/lib/libsurfaceflinger.so
07-31 03:57:42.709 F/DEBUG   (  101):     #05 pc 000247d7  /system/lib/libsurfaceflinger.so (android::SurfaceFlinger::init()+199)
07-31 03:57:42.709 F/DEBUG   (  101):     #06 pc 00000d59  /system/bin/surfaceflinger
07-31 03:57:42.709 F/DEBUG   (  101):     #07 pc 00016ebc  /system/lib/libc.so (__libc_init+99)
07-31 03:57:42.709 F/DEBUG   (  101):     #08 pc 00000bc0  /system/bin/surfaceflinger
07-31 03:57:42.717 V/EmulatedCamera_GenyCamera(  106): Initialize:
07-31 03:57:42.717 V/EmulatedCamera_GenyCamera(  106):    initializing back camera on local srv port 24801
07-31 03:57:42.718 V/EmulatedCamera_GenyDevice(  106): Initialize: Connected to the emulated camera service 'back'
07-31 03:57:42.718 V/EmulatedCamera_Device(  106): initializeWhiteBalanceModes with auto, 1.000000, 1.000000
07-31 03:57:42.718 V/EmulatedCamera_Device(  106): initializeWhiteBalanceModes with incandescent, 1.380000, 0.600000
07-31 03:57:42.718 V/EmulatedCamera_Device(  106): initializeWhiteBalanceModes with daylight, 1.090000, 0.920000
07-31 03:57:42.718 V/EmulatedCamera_Device(  106): initializeWhiteBalanceModes with twilight, 0.920000, 1.220000
07-31 03:57:42.718 V/EmulatedCamera_Device(  106): setWhiteBalanceMode with white balance auto
07-31 03:57:42.718 V/EmulatedCamera_GenyCamera(  106): getCameraOrientation: camera orientation set to 90
07-31 03:57:42.718 V/EmulatedCamera_GenyCamera(  106): Initialize: Geny camera back is initialized. Current frame is 640x480
07-31 03:57:42.718 V/EmulatedCamera_GenyCamera(  106): Initialize:
07-31 03:57:42.718 V/EmulatedCamera_GenyCamera(  106):    initializing front camera on local srv port 24811
07-31 03:57:42.718 V/EmulatedCamera_GenyDevice(  106): Initialize: Connected to the emulated camera service 'front'
07-31 03:57:42.718 V/EmulatedCamera_Device(  106): initializeWhiteBalanceModes with auto, 1.000000, 1.000000
07-31 03:57:42.718 V/EmulatedCamera_Device(  106): initializeWhiteBalanceModes with incandescent, 1.380000, 0.600000
07-31 03:57:42.718 V/EmulatedCamera_Device(  106): initializeWhiteBalanceModes with daylight, 1.090000, 0.920000
07-31 03:57:42.718 V/EmulatedCamera_Device(  106): initializeWhiteBalanceModes with twilight, 0.920000, 1.220000
07-31 03:57:42.718 V/EmulatedCamera_Device(  106): setWhiteBalanceMode with white balance auto
07-31 03:57:42.718 V/EmulatedCamera_GenyCamera(  106): getCameraOrientation: camera orientation set to 90
07-31 03:57:42.718 V/EmulatedCamera_GenyCamera(  106): Initialize: Geny camera front is initialized. Current frame is 640x480
07-31 03:57:42.718 I/CameraService(  106): Loaded "Emulated Camera Module" camera module
07-31 03:57:42.719 V/EmulatedCamera_Camera(  106): getCameraInfo
07-31 03:57:42.719 V/EmulatedCamera_BaseCamera(  106): getCameraInfo
07-31 03:57:42.719 I/CameraFlashlight(  106): Opening camera 0
07-31 03:57:42.719 V/EmulatedCamera_Camera(  106): getCameraInfo
07-31 03:57:42.719 V/EmulatedCamera_BaseCamera(  106): getCameraInfo
07-31 03:57:42.719 V/EmulatedCamera_Camera(  106): connectCamera
07-31 03:57:42.719 V/EmulatedCamera_GenyDevice(  106): connectDevice
07-31 03:57:42.722 F/DEBUG   (  101): 
07-31 03:57:42.722 F/DEBUG   (  101): Tombstone written to: /data/tombstones/tombstone_01
07-31 03:57:42.756 I/ServiceManager(  419): service 'media.audio_flinger' died
07-31 03:57:42.756 E/local_opengl(  424): Unable to accept client from init server, errno=104
07-31 03:57:42.756 E/local_opengl(  424): Failed to start init server
07-31 03:57:42.756 I/ServiceManager(  419): service 'media.player' died
07-31 03:57:42.756 I/ServiceManager(  419): service 'media.resource_manager' died
07-31 03:57:43.159 D/Genyd   (   97): Received Get Capabilities
07-31 03:57:43.163 E/local_camera(  427): We have a problem with the hw connection 2 (No such file or directory)
07-31 03:57:43.164 E/local_camera(  428): We have a problem with the hw connection 2 (No such file or directory)
07-31 03:57:43.180 D/Genyd   (   97): Received Get GenymotionVersion
07-31 03:57:43.180 D/Genymotion(   97): Received Get GenymotionVersion
07-31 03:57:43.184 I/Netd    (  517): Netd 1.0 starting
07-31 03:57:43.185 D/TetherController(  517): Setting IP forward enable = 0
07-31 03:57:43.208 I/Genymotion(  417): overriding Battery service paths with fake ones
07-31 03:57:43.317 I/mediaserver(  518): ServiceManager: 0xf614ca40
07-31 03:57:43.317 I/AudioFlinger(  518): Using default 3000 mSec as standby time.
07-31 03:57:43.317 E/        (  518): batterystats service unavailable!
07-31 03:57:43.319 E/        (  518): batterystats service unavailable!
07-31 03:57:43.320 I/CameraService(  518): CameraService started (pid=518)
07-31 03:57:43.320 I/CameraService(  518): CameraService process starting
07-31 03:57:43.320 E/        (  518): batterystats service unavailable!
07-31 03:57:43.321 E/        (  518): batterystats service unavailable!
07-31 03:57:43.475 V/EmulatedCamera_GenyCamera(  518): Initialize:
07-31 03:57:43.475 V/EmulatedCamera_GenyCamera(  518):    initializing back camera on local srv port 24801
07-31 03:57:43.475 E/EmulatedCamera_GenyClient(  518): connectClient: Unable to connect to the camera service port 24801: Connection refused
07-31 03:57:43.475 V/EmulatedCamera_Device(  518): EmulatedCameraDevice destructor
07-31 03:57:43.475 V/EmulatedCamera_GenyCamera(  518): Initialize:
07-31 03:57:43.475 V/EmulatedCamera_GenyCamera(  518):    initializing front camera on local srv port 24811
07-31 03:57:43.475 E/EmulatedCamera_GenyClient(  518): connectClient: Unable to connect to the camera service port 24811: Connection refused
07-31 03:57:43.475 V/EmulatedCamera_Device(  518): EmulatedCameraDevice destructor
07-31 03:57:43.475 I/CameraService(  518): Loaded "Emulated Camera Module" camera module
07-31 03:57:43.476 I/ServiceManager(  518): Waiting for service media.camera.proxy...
07-31 03:57:43.537 D/AndroidRuntime(  519): >>>>>> START com.android.internal.os.ZygoteInit uid 0 <<<<<<
07-31 03:57:43.651 D/AndroidRuntime(  519): CheckJNI is OFF
07-31 03:57:43.699 I/art     (  519): option[0]=-Xzygote
07-31 03:57:43.699 I/art     (  519): option[1]=-Xstacktracefile:/data/anr/traces.txt
07-31 03:57:43.699 I/art     (  519): option[2]=exit
07-31 03:57:43.699 I/art     (  519): option[3]=vfprintf
07-31 03:57:43.699 I/art     (  519): option[4]=sensitiveThread
07-31 03:57:43.699 I/art     (  519): option[5]=-verbose:gc
07-31 03:57:43.699 I/art     (  519): option[6]=-Xms8m
07-31 03:57:43.699 I/art     (  519): option[7]=-Xmx256m
07-31 03:57:43.699 I/art     (  519): option[8]=-XX:HeapGrowthLimit=96m
07-31 03:57:43.699 I/art     (  519): option[9]=-XX:HeapMinFree=512k
07-31 03:57:43.699 I/art     (  519): option[10]=-XX:HeapMaxFree=8m
07-31 03:57:43.699 I/art     (  519): option[11]=-XX:HeapTargetUtilization=0.75
07-31 03:57:43.699 I/art     (  519): option[12]=-agentlib:jdwp=transport=dt_android_adb,suspend=n,server=y
07-31 03:57:43.699 I/art     (  519): option[13]=-Xlockprofthreshold:500
07-31 03:57:43.699 I/art     (  519): option[14]=-Ximage-compiler-option
07-31 03:57:43.699 I/art     (  519): option[15]=--runtime-arg
07-31 03:57:43.699 I/art     (  519): option[16]=-Ximage-compiler-option
07-31 03:57:43.699 I/art     (  519): option[17]=-Xms64m
07-31 03:57:43.699 I/art     (  519): option[18]=-Ximage-compiler-option
07-31 03:57:43.699 I/art     (  519): option[19]=--runtime-arg
07-31 03:57:43.699 I/art     (  519): option[20]=-Ximage-compiler-option
07-31 03:57:43.699 I/art     (  519): option[21]=-Xmx64m
07-31 03:57:43.699 I/art     (  519): option[22]=-Ximage-compiler-option
07-31 03:57:43.699 I/art     (  519): option[23]=--image-classes=/system/etc/preloaded-classes
07-31 03:57:43.699 I/art     (  519): option[24]=-Xcompiler-option
07-31 03:57:43.699 I/art     (  519): option[25]=--runtime-arg
07-31 03:57:43.699 I/art     (  519): option[26]=-Xcompiler-option
07-31 03:57:43.699 I/art     (  519): option[27]=-Xms64m
07-31 03:57:43.699 I/art     (  519): option[28]=-Xcompiler-option
07-31 03:57:43.699 I/art     (  519): option[29]=--runtime-arg
07-31 03:57:43.699 I/art     (  519): option[30]=-Xcompiler-option
07-31 03:57:43.699 I/art     (  519): option[31]=-Xmx512m
07-31 03:57:43.699 I/art     (  519): option[32]=-Ximage-compiler-option
07-31 03:57:43.699 I/art     (  519): option[33]=--instruction-set-variant=x86
07-31 03:57:43.699 I/art     (  519): option[34]=-Xcompiler-option
07-31 03:57:43.699 I/art     (  519): option[35]=--instruction-set-variant=x86
07-31 03:57:43.699 I/art     (  519): option[36]=-Ximage-compiler-option
07-31 03:57:43.699 I/art     (  519): option[37]=--instruction-set-features=default
07-31 03:57:43.699 I/art     (  519): option[38]=-Xcompiler-option
07-31 03:57:43.699 I/art     (  519): option[39]=--instruction-set-features=default
07-31 03:57:43.699 I/art     (  519): option[40]=-Duser.locale=en-US
07-31 03:57:43.699 I/art     (  519): option[41]=--cpu-abilist=x86
07-31 03:57:43.699 I/art     (  519): option[42]=-Xfingerprint:Android/vbox86p/vbox86p:6.0/MRA58K/genymotion06091605:userdebug/test-keys
07-31 03:57:43.844 I/iptables(  517): iptables v1.4.20: can't initialize iptables table `nat': Table does not exist (do you need to insmod?)
07-31 03:57:43.844 I/iptables(  517): Perhaps iptables or your kernel needs to be upgraded.
07-31 03:57:43.844 I/iptables(  517): iptables terminated by exit(3)
07-31 03:57:43.844 E/Netd    (  517): exec() res=0, status=768 for /system/bin/iptables -w -t nat -N oem_nat_pre 
07-31 03:57:43.848 I/iptables(  517): iptables v1.4.20: can't initialize iptables table `nat': Table does not exist (do you need to insmod?)
07-31 03:57:43.848 I/iptables(  517): Perhaps iptables or your kernel needs to be upgraded.
07-31 03:57:43.848 I/iptables(  517): iptables terminated by exit(3)
07-31 03:57:43.848 E/Netd    (  517): exec() res=0, status=768 for /system/bin/iptables -w -t nat -A PREROUTING -j oem_nat_pre 
07-31 03:57:43.866 I/iptables(  517): iptables v1.4.20: can't initialize iptables table `nat': Table does not exist (do you need to insmod?)
07-31 03:57:43.866 I/iptables(  517): Perhaps iptables or your kernel needs to be upgraded.
07-31 03:57:43.866 I/iptables(  517): iptables terminated by exit(3)
07-31 03:57:43.866 E/Netd    (  517): exec() res=0, status=768 for /system/bin/iptables -w -t nat -N natctrl_nat_POSTROUTING 
07-31 03:57:43.871 I/iptables(  517): iptables v1.4.20: can't initialize iptables table `nat': Table does not exist (do you need to insmod?)
07-31 03:57:43.871 I/iptables(  517): Perhaps iptables or your kernel needs to be upgraded.
07-31 03:57:43.871 I/iptables(  517): iptables terminated by exit(3)
07-31 03:57:43.871 E/Netd    (  517): exec() res=0, status=768 for /system/bin/iptables -w -t nat -A POSTROUTING -j natctrl_nat_POSTROUTING 
07-31 03:57:43.954 V/NatController(  517): runCmd(/system/bin/iptables -w -F natctrl_FORWARD) res=0
07-31 03:57:43.956 V/NatController(  517): runCmd(/system/bin/iptables -w -A natctrl_FORWARD -j DROP) res=0
07-31 03:57:43.960 V/NatController(  517): runCmd(/system/bin/iptables -w -t nat -F natctrl_nat_POSTROUTING) res=3
07-31 03:57:44.118 E/Netd    (  517): cannot find interface dummy0
07-31 03:57:44.120 D/MDnsDS  (  517): MDnsSdListener::Hander starting up
07-31 03:57:44.121 D/MDnsDS  (  517): MDnsSdListener starting to monitor
07-31 03:57:44.121 D/MDnsDS  (  517): Going to poll with pollCount 1
07-31 03:57:44.427 D/ICU     (  519): No timezone override file found: /data/misc/zoneinfo/current/icu/icu_tzdata.dat
07-31 03:57:44.477 I/ServiceManager(  518): Waiting for service media.camera.proxy...
07-31 03:57:44.850 D/Genyd   (   97): Received Set Clipboard
07-31 03:57:44.850 D/Genymotion(   97): Received Set Clipboard
07-31 03:57:44.850 D/Genyd   (   97): Received Set TokenValidity
07-31 03:57:44.850 D/Genymotion(   97): Received Set TokenValidity 0
07-31 03:57:45.364 E/memtrack(  519): Couldn't load memtrack module (No such file or directory)
07-31 03:57:45.364 E/android.os.Debug(  519): failed to load memtrack module: -2
07-31 03:57:45.386 I/Radio-JNI(  519): register_android_hardware_Radio DONE
07-31 03:57:45.478 I/ServiceManager(  518): Waiting for service media.camera.proxy...
07-31 03:57:45.492 I/SamplingProfilerIntegration(  519): Profiling disabled.
07-31 03:57:45.504 D/Zygote  (  519): begin preload
07-31 03:57:45.530 I/Zygote  (  519): Preloading classes...
07-31 03:57:46.348 E/Minikin (  519): addFont failed to create font /system/fonts/NanumGothic.ttf
07-31 03:57:46.348 E/Minikin (  519): addFont failed to create font /system/fonts/DroidSansFallback.ttf
07-31 03:57:46.348 E/Minikin (  519): addFont failed to create font /system/fonts/MTLmr3m.ttf
07-31 03:57:46.478 I/ServiceManager(  518): Waiting for service media.camera.proxy...
07-31 03:57:46.628 V/DngCreator_JNI(  519): DngCreator_nativeClassInit:
07-31 03:57:47.068 I/art     (  519): Thread[1,tid=519,Native,Thread*=0xf3db4a00,peer=0x12c35100,"main"] recursive attempt to load library "/system/lib/libmedia_jni.so"
07-31 03:57:47.069 D/MtpDeviceJNI(  519): register_android_mtp_MtpDevice
07-31 03:57:47.069 I/art     (  519): Thread[1,tid=519,Native,Thread*=0xf3db4a00,peer=0x12c35100,"main"] recursive attempt to load library "/system/lib/libmedia_jni.so"
07-31 03:57:47.069 I/art     (  519): Thread[1,tid=519,Native,Thread*=0xf3db4a00,peer=0x12c35100,"main"] recursive attempt to load library "/system/lib/libmedia_jni.so"
07-31 03:57:47.147 W/linker  (  519): /system/lib/libavcodec.so has text relocations. This is wasting memory and prevents security hardening. Please fix.
07-31 03:57:47.166 W/linker  (  519): /system/lib/libswresample.so has text relocations. This is wasting memory and prevents security hardening. Please fix.
07-31 03:57:47.171 D/local_opengl(  833): Starting local_opengl
07-31 03:57:47.171 D/local_opengl(  833): Getting player version
07-31 03:57:47.180 I/SurfaceFlinger(  832): SurfaceFlinger is starting
07-31 03:57:47.181 I/SurfaceFlinger(  832): SurfaceFlinger's main thread ready to run. Initializing graphics H/W...
07-31 03:57:47.183 D/libEGL  (  832): loaded /system/lib/egl/libEGL_emulation.so
07-31 03:57:47.183 D/libEGL  (  832): loaded /system/lib/egl/libGLESv1_CM_emulation.so
07-31 03:57:47.186 D/libEGL  (  832): loaded /system/lib/egl/libGLESv2_emulation.so
07-31 03:57:47.189 E/        (  832): Failed to connect to host (UnixStream)!!!
07-31 03:57:47.189 E/EGL_emulation(  832): Failed to establish connection with the host
07-31 03:57:47.189 W/libEGL  (  832): eglInitialize(0xf6c3f080) failed (EGL_SUCCESS)
07-31 03:57:47.189 E/        (  832): Failed to connect to host (UnixStream)!!!
07-31 03:57:47.189 E/gralloc_vbox86(  832): gralloc: Failed to get host connection
07-31 03:57:47.189 E/SurfaceFlinger(  832): hwcomposer module not found
07-31 03:57:47.189 E/SurfaceFlinger(  832): ERROR: failed to open framebuffer (I/O error), aborting
07-31 03:57:47.189 F/libc    (  832): Fatal signal 6 (SIGABRT), code -6 in tid 832 (surfaceflinger)
07-31 03:57:47.241 F/DEBUG   (  101): *** *** *** *** *** *** *** *** *** *** *** *** *** *** *** ***
07-31 03:57:47.241 F/DEBUG   (  101): Build fingerprint: 'Android/vbox86p/vbox86p:6.0/MRA58K/genymotion06091605:userdebug/test-keys'
07-31 03:57:47.241 F/DEBUG   (  101): Revision: '0'
07-31 03:57:47.241 F/DEBUG   (  101): ABI: 'x86'
07-31 03:57:47.241 F/DEBUG   (  101): pid: 832, tid: 832, name: surfaceflinger  >>> /system/bin/surfaceflinger <<<
07-31 03:57:47.241 F/DEBUG   (  101): signal 6 (SIGABRT), code -6 (SI_TKILL), fault addr --------
07-31 03:57:47.242 F/DEBUG   (  101):     eax 00000000  ebx 00000340  ecx 00000340  edx 00000006
07-31 03:57:47.242 F/DEBUG   (  101):     esi f77dac50  edi 00000002
07-31 03:57:47.242 F/DEBUG   (  101):     xcs 00000023  xds 0000002b  xes 0000002b  xfs 00000003  xss 0000002b
07-31 03:57:47.242 F/DEBUG   (  101):     eip f751ee66  ebp 00000340  esp ffbf6510  flags 00000202
07-31 03:57:47.242 F/DEBUG   (  101): 
07-31 03:57:47.242 F/DEBUG   (  101): backtrace:
07-31 03:57:47.242 F/DEBUG   (  101):     #00 pc 00083e66  /system/lib/libc.so (tgkill+22)
07-31 03:57:47.242 F/DEBUG   (  101):     #01 pc 00081348  /system/lib/libc.so (pthread_kill+70)
07-31 03:57:47.242 F/DEBUG   (  101):     #02 pc 00027205  /system/lib/libc.so (raise+36)
07-31 03:57:47.242 F/DEBUG   (  101):     #03 pc 000209e4  /system/lib/libc.so (abort+80)
07-31 03:57:47.242 F/DEBUG   (  101):     #04 pc 0003730b  /system/lib/libsurfaceflinger.so
07-31 03:57:47.242 F/DEBUG   (  101):     #05 pc 000247d7  /system/lib/libsurfaceflinger.so (android::SurfaceFlinger::init()+199)
07-31 03:57:47.242 F/DEBUG   (  101):     #06 pc 00000d59  /system/bin/surfaceflinger
07-31 03:57:47.242 F/DEBUG   (  101):     #07 pc 00016ebc  /system/lib/libc.so (__libc_init+99)
07-31 03:57:47.242 F/DEBUG   (  101):     #08 pc 00000bc0  /system/bin/surfaceflinger
07-31 03:57:47.251 F/DEBUG   (  101): 
07-31 03:57:47.251 F/DEBUG   (  101): Tombstone written to: /data/tombstones/tombstone_02
07-31 03:57:47.296 I/ServiceManager(  419): service 'media.audio_flinger' died
07-31 03:57:47.296 I/ServiceManager(  419): service 'media.player' died
07-31 03:57:47.296 I/ServiceManager(  419): service 'media.resource_manager' died
07-31 03:57:48.212 D/Genymotion(  417): Switching to manual mode and setting default values
07-31 03:57:48.218 I/Netd    (  843): Netd 1.0 starting
07-31 03:57:48.218 D/TetherController(  843): Setting IP forward enable = 0
07-31 03:57:48.276 I/mediaserver(  844): ServiceManager: 0xf614ca40
07-31 03:57:48.276 I/AudioFlinger(  844): Using default 3000 mSec as standby time.
07-31 03:57:48.276 E/        (  844): batterystats service unavailable!
07-31 03:57:48.276 E/        (  844): batterystats service unavailable!
07-31 03:57:48.276 I/CameraService(  844): CameraService started (pid=844)
07-31 03:57:48.276 I/CameraService(  844): CameraService process starting
07-31 03:57:48.277 E/        (  844): batterystats service unavailable!
07-31 03:57:48.277 E/        (  844): batterystats service unavailable!
07-31 03:57:48.361 V/EmulatedCamera_GenyCamera(  844): Initialize:
07-31 03:57:48.361 V/EmulatedCamera_GenyCamera(  844):    initializing back camera on local srv port 24801
07-31 03:57:48.361 V/EmulatedCamera_GenyDevice(  844): Initialize: Connected to the emulated camera service 'back'
07-31 03:57:48.361 V/EmulatedCamera_Device(  844): initializeWhiteBalanceModes with auto, 1.000000, 1.000000
07-31 03:57:48.361 V/EmulatedCamera_Device(  844): initializeWhiteBalanceModes with incandescent, 1.380000, 0.600000
07-31 03:57:48.361 V/EmulatedCamera_Device(  844): initializeWhiteBalanceModes with daylight, 1.090000, 0.920000
07-31 03:57:48.361 V/EmulatedCamera_Device(  844): initializeWhiteBalanceModes with twilight, 0.920000, 1.220000
07-31 03:57:48.361 V/EmulatedCamera_Device(  844): setWhiteBalanceMode with white balance auto
07-31 03:57:48.361 V/EmulatedCamera_GenyCamera(  844): getCameraOrientation: camera orientation set to 90
07-31 03:57:48.361 V/EmulatedCamera_GenyCamera(  844): Initialize: Geny camera back is initialized. Current frame is 640x480
07-31 03:57:48.361 V/EmulatedCamera_GenyCamera(  844): Initialize:
07-31 03:57:48.361 V/EmulatedCamera_GenyCamera(  844):    initializing front camera on local srv port 24811
07-31 03:57:48.362 V/EmulatedCamera_GenyDevice(  844): Initialize: Connected to the emulated camera service 'front'
07-31 03:57:48.362 V/EmulatedCamera_Device(  844): initializeWhiteBalanceModes with auto, 1.000000, 1.000000
07-31 03:57:48.362 V/EmulatedCamera_Device(  844): initializeWhiteBalanceModes with incandescent, 1.380000, 0.600000
07-31 03:57:48.362 V/EmulatedCamera_Device(  844): initializeWhiteBalanceModes with daylight, 1.090000, 0.920000
07-31 03:57:48.362 V/EmulatedCamera_Device(  844): initializeWhiteBalanceModes with twilight, 0.920000, 1.220000
07-31 03:57:48.362 V/EmulatedCamera_Device(  844): setWhiteBalanceMode with white balance auto
07-31 03:57:48.362 V/EmulatedCamera_GenyCamera(  844): getCameraOrientation: camera orientation set to 90
07-31 03:57:48.362 V/EmulatedCamera_GenyCamera(  844): Initialize: Geny camera front is initialized. Current frame is 640x480
07-31 03:57:48.362 I/CameraService(  844): Loaded "Emulated Camera Module" camera module
07-31 03:57:48.362 V/EmulatedCamera_Camera(  844): getCameraInfo
07-31 03:57:48.362 V/EmulatedCamera_BaseCamera(  844): getCameraInfo
07-31 03:57:48.362 I/CameraFlashlight(  844): Opening camera 0
07-31 03:57:48.362 V/EmulatedCamera_Camera(  844): getCameraInfo
07-31 03:57:48.362 V/EmulatedCamera_BaseCamera(  844): getCameraInfo
07-31 03:57:48.362 V/EmulatedCamera_Camera(  844): connectCamera
07-31 03:57:48.362 V/EmulatedCamera_GenyDevice(  844): connectDevice
07-31 03:57:48.373 D/AndroidRuntime(  845): >>>>>> START com.android.internal.os.ZygoteInit uid 0 <<<<<<
07-31 03:57:48.374 D/AndroidRuntime(  845): CheckJNI is OFF
07-31 03:57:48.375 I/art     (  845): option[0]=-Xzygote
07-31 03:57:48.375 I/art     (  845): option[1]=-Xstacktracefile:/data/anr/traces.txt
07-31 03:57:48.375 I/art     (  845): option[2]=exit
07-31 03:57:48.375 I/art     (  845): option[3]=vfprintf
07-31 03:57:48.375 I/art     (  845): option[4]=sensitiveThread
07-31 03:57:48.375 I/art     (  845): option[5]=-verbose:gc
07-31 03:57:48.375 I/art     (  845): option[6]=-Xms8m
07-31 03:57:48.375 I/art     (  845): option[7]=-Xmx256m
07-31 03:57:48.375 I/art     (  845): option[8]=-XX:HeapGrowthLimit=96m
07-31 03:57:48.375 I/art     (  845): option[9]=-XX:HeapMinFree=512k
07-31 03:57:48.375 I/art     (  845): option[10]=-XX:HeapMaxFree=8m
07-31 03:57:48.375 I/art     (  845): option[11]=-XX:HeapTargetUtilization=0.75
07-31 03:57:48.375 I/art     (  845): option[12]=-agentlib:jdwp=transport=dt_android_adb,suspend=n,server=y
07-31 03:57:48.375 I/art     (  845): option[13]=-Xlockprofthreshold:500
07-31 03:57:48.375 I/art     (  845): option[14]=-Ximage-compiler-option
07-31 03:57:48.375 I/art     (  845): option[15]=--runtime-arg
07-31 03:57:48.375 I/art     (  845): option[16]=-Ximage-compiler-option
07-31 03:57:48.375 I/art     (  845): option[17]=-Xms64m
07-31 03:57:48.375 I/art     (  845): option[18]=-Ximage-compiler-option
07-31 03:57:48.375 I/art     (  845): option[19]=--runtime-arg
07-31 03:57:48.375 I/art     (  845): option[20]=-Ximage-compiler-option
07-31 03:57:48.375 I/art     (  845): option[21]=-Xmx64m
07-31 03:57:48.375 I/art     (  845): option[22]=-Ximage-compiler-option
07-31 03:57:48.375 I/art     (  845): option[23]=--image-classes=/system/etc/preloaded-classes
07-31 03:57:48.375 I/art     (  845): option[24]=-Xcompiler-option
07-31 03:57:48.375 I/art     (  845): option[25]=--runtime-arg
07-31 03:57:48.375 I/art     (  845): option[26]=-Xcompiler-option
07-31 03:57:48.375 I/art     (  845): option[27]=-Xms64m
07-31 03:57:48.375 I/art     (  845): option[28]=-Xcompiler-option
07-31 03:57:48.375 I/art     (  845): option[29]=--runtime-arg
07-31 03:57:48.375 I/art     (  845): option[30]=-Xcompiler-option
07-31 03:57:48.375 I/art     (  845): option[31]=-Xmx512m
07-31 03:57:48.375 I/art     (  845): option[32]=-Ximage-compiler-option
07-31 03:57:48.375 I/art     (  845): option[33]=--instruction-set-variant=x86
07-31 03:57:48.375 I/art     (  845): option[34]=-Xcompiler-option
07-31 03:57:48.375 I/art     (  845): option[35]=--instruction-set-variant=x86
07-31 03:57:48.375 I/art     (  845): option[36]=-Ximage-compiler-option
07-31 03:57:48.375 I/art     (  845): option[37]=--instruction-set-features=default
07-31 03:57:48.375 I/art     (  845): option[38]=-Xcompiler-option
07-31 03:57:48.375 I/art     (  845): option[39]=--instruction-set-features=default
07-31 03:57:48.375 I/art     (  845): option[40]=-Duser.locale=en-US
07-31 03:57:48.375 I/art     (  845): option[41]=--cpu-abilist=x86
07-31 03:57:48.375 I/art     (  845): option[42]=-Xfingerprint:Android/vbox86p/vbox86p:6.0/MRA58K/genymotion06091605:userdebug/test-keys
07-31 03:57:48.387 D/ICU     (  845): No timezone override file found: /data/misc/zoneinfo/current/icu/icu_tzdata.dat
07-31 03:57:48.402 E/memtrack(  845): Couldn't load memtrack module (No such file or directory)
07-31 03:57:48.402 E/android.os.Debug(  845): failed to load memtrack module: -2
07-31 03:57:48.403 I/Radio-JNI(  845): register_android_hardware_Radio DONE
07-31 03:57:48.404 I/SamplingProfilerIntegration(  845): Profiling disabled.
07-31 03:57:48.404 D/Zygote  (  845): begin preload
07-31 03:57:48.404 I/Zygote  (  845): Preloading classes...
07-31 03:57:48.421 E/Minikin (  845): addFont failed to create font /system/fonts/NanumGothic.ttf
07-31 03:57:48.421 E/Minikin (  845): addFont failed to create font /system/fonts/DroidSansFallback.ttf
07-31 03:57:48.421 E/Minikin (  845): addFont failed to create font /system/fonts/MTLmr3m.ttf
07-31 03:57:48.434 V/DngCreator_JNI(  845): DngCreator_nativeClassInit:
07-31 03:57:48.456 I/art     (  845): Thread[1,tid=845,Native,Thread*=0xf3e34a00,peer=0x12c35100,"main"] recursive attempt to load library "/system/lib/libmedia_jni.so"
07-31 03:57:48.456 D/MtpDeviceJNI(  845): register_android_mtp_MtpDevice
07-31 03:57:48.456 I/art     (  845): Thread[1,tid=845,Native,Thread*=0xf3e34a00,peer=0x12c35100,"main"] recursive attempt to load library "/system/lib/libmedia_jni.so"
07-31 03:57:48.456 I/art     (  845): Thread[1,tid=845,Native,Thread*=0xf3e34a00,peer=0x12c35100,"main"] recursive attempt to load library "/system/lib/libmedia_jni.so"
07-31 03:57:48.459 W/linker  (  845): /system/lib/libavcodec.so has text relocations. This is wasting memory and prevents security hardening. Please fix.
07-31 03:57:48.461 W/linker  (  845): /system/lib/libswresample.so has text relocations. This is wasting memory and prevents security hardening. Please fix.
07-31 03:57:48.516 E/EmojiFactory_jni(  845): Failed to load libemoji.so: dlopen failed: library "libemoji.so" not found
07-31 03:57:48.703 I/iptables(  843): iptables v1.4.20: can't initialize iptables table `nat': Table does not exist (do you need to insmod?)
07-31 03:57:48.703 I/iptables(  843): Perhaps iptables or your kernel needs to be upgraded.
07-31 03:57:48.703 I/iptables(  843): iptables terminated by exit(3)
07-31 03:57:48.703 E/Netd    (  843): exec() res=0, status=768 for /system/bin/iptables -w -t nat -N oem_nat_pre 
07-31 03:57:48.707 I/iptables(  843): iptables v1.4.20: can't initialize iptables table `nat': Table does not exist (do you need to insmod?)
07-31 03:57:48.707 I/iptables(  843): Perhaps iptables or your kernel needs to be upgraded.
07-31 03:57:48.707 I/iptables(  843): iptables terminated by exit(3)
07-31 03:57:48.707 E/Netd    (  843): exec() res=0, status=768 for /system/bin/iptables -w -t nat -A PREROUTING -j oem_nat_pre 
07-31 03:57:48.718 I/iptables(  843): iptables v1.4.20: can't initialize iptables table `nat': Table does not exist (do you need to insmod?)
07-31 03:57:48.718 I/iptables(  843): Perhaps iptables or your kernel needs to be upgraded.
07-31 03:57:48.718 I/iptables(  843): iptables terminated by exit(3)
07-31 03:57:48.718 E/Netd    (  843): exec() res=0, status=768 for /system/bin/iptables -w -t nat -N natctrl_nat_POSTROUTING 
07-31 03:57:48.721 I/iptables(  843): iptables v1.4.20: can't initialize iptables table `nat': Table does not exist (do you need to insmod?)
07-31 03:57:48.721 I/iptables(  843): Perhaps iptables or your kernel needs to be upgraded.
07-31 03:57:48.721 I/iptables(  843): iptables terminated by exit(3)
07-31 03:57:48.721 E/Netd    (  843): exec() res=0, status=768 for /system/bin/iptables -w -t nat -A POSTROUTING -j natctrl_nat_POSTROUTING 
07-31 03:57:48.759 I/System  (  845): Loaded time zone names for "" in 29ms (28ms in ICU)
07-31 03:57:48.774 I/System  (  845): Loaded time zone names for "en_US" in 15ms (15ms in ICU)
07-31 03:57:48.784 V/NatController(  843): runCmd(/system/bin/iptables -w -F natctrl_FORWARD) res=0
07-31 03:57:48.787 V/NatController(  843): runCmd(/system/bin/iptables -w -A natctrl_FORWARD -j DROP) res=0
07-31 03:57:48.789 V/NatController(  843): runCmd(/system/bin/iptables -w -t nat -F natctrl_nat_POSTROUTING) res=3
07-31 03:57:48.861 I/Zygote  (  845): ...preloaded 3831 classes in 457ms.
07-31 03:57:48.861 I/art     (  845): VMRuntime.preloadDexCaches starting
07-31 03:57:48.903 I/art     (  845): VMRuntime.preloadDexCaches strings total=243136 before=43569 after=43569
07-31 03:57:48.903 I/art     (  845): VMRuntime.preloadDexCaches types total=20096 before=6892 after=6918
07-31 03:57:48.903 I/art     (  845): VMRuntime.preloadDexCaches fields total=98002 before=35744 after=35942
07-31 03:57:48.903 I/art     (  845): VMRuntime.preloadDexCaches methods total=170077 before=70852 after=71345
07-31 03:57:48.903 I/art     (  845): VMRuntime.preloadDexCaches finished
07-31 03:57:48.918 D/idmap   ( 1125): error: no read access to /vendor/overlay: No such file or directory
07-31 03:57:48.932 E/Netd    (  843): cannot find interface dummy0
07-31 03:57:48.933 D/MDnsDS  (  843): MDnsSdListener::Hander starting up
07-31 03:57:48.934 D/MDnsDS  (  843): MDnsSdListener starting to monitor
07-31 03:57:48.934 D/MDnsDS  (  843): Going to poll with pollCount 1
07-31 03:57:48.936 I/art     (  845): Background concurrent mark sweep GC freed 28153(4MB) AllocSpace objects, 121(2MB) LOS objects, 49% free, 1028KB/2MB, paused 115us total 136.217ms
07-31 03:57:49.094 I/Zygote  (  845): Preloading resources...
07-31 03:57:49.172 W/Resources(  845): Preloaded drawable resource #0x1080096 (android:drawable/toast_frame) that varies with configuration!!
07-31 03:57:49.189 W/Resources(  845): Preloaded drawable resource #0x108010c (android:drawable/btn_check_on_pressed_holo_light) that varies with configuration!!
07-31 03:57:49.189 W/Resources(  845): Preloaded drawable resource #0x108010b (android:drawable/btn_check_on_pressed_holo_dark) that varies with configuration!!
07-31 03:57:49.189 W/Resources(  845): Preloaded drawable resource #0x1080109 (android:drawable/btn_check_on_holo_light) that varies with configuration!!
07-31 03:57:49.189 W/Resources(  845): Preloaded drawable resource #0x1080108 (android:drawable/btn_check_on_holo_dark) that varies with configuration!!
07-31 03:57:49.190 W/Resources(  845): Preloaded drawable resource #0x1080106 (android:drawable/btn_check_on_focused_holo_light) that varies with configuration!!
07-31 03:57:49.190 W/Resources(  845): Preloaded drawable resource #0x1080105 (android:drawable/btn_check_on_focused_holo_dark) that varies with configuration!!
07-31 03:57:49.191 W/Resources(  845): Preloaded drawable resource #0x1080104 (android:drawable/btn_check_on_disabled_holo_light) that varies with configuration!!
07-31 03:57:49.191 W/Resources(  845): Preloaded drawable resource #0x1080103 (android:drawable/btn_check_on_disabled_holo_dark) that varies with configuration!!
07-31 03:57:49.191 W/Resources(  845): Preloaded drawable resource #0x1080102 (android:drawable/btn_check_on_disabled_focused_holo_light) that varies with configuration!!
07-31 03:57:49.191 W/Resources(  845): Preloaded drawable resource #0x1080101 (android:drawable/btn_check_on_disabled_focused_holo_dark) that varies with configuration!!
07-31 03:57:49.191 W/Resources(  845): Preloaded drawable resource #0x10800f9 (android:drawable/btn_check_off_pressed_holo_light) that varies with configuration!!
07-31 03:57:49.191 W/Resources(  845): Preloaded drawable resource #0x10800f8 (android:drawable/btn_check_off_pressed_holo_dark) that varies with configuration!!
07-31 03:57:49.191 W/Resources(  845): Preloaded drawable resource #0x10800f4 (android:drawable/btn_check_off_holo_light) that varies with configuration!!
07-31 03:57:49.191 W/Resources(  845): Preloaded drawable resource #0x10800f3 (android:drawable/btn_check_off_holo_dark) that varies with configuration!!
07-31 03:57:49.192 W/Resources(  845): Preloaded drawable resource #0x10800f1 (android:drawable/btn_check_off_focused_holo_light) that varies with configuration!!
07-31 03:57:49.192 W/Resources(  845): Preloaded drawable resource #0x10800f0 (android:drawable/btn_check_off_focused_holo_dark) that varies with configuration!!
07-31 03:57:49.192 W/Resources(  845): Preloaded drawable resource #0x10800ef (android:drawable/btn_check_off_disabled_holo_light) that varies with configuration!!
07-31 03:57:49.192 W/Resources(  845): Preloaded drawable resource #0x10800ee (android:drawable/btn_check_off_disabled_holo_dark) that varies with configuration!!
07-31 03:57:49.192 W/Resources(  845): Preloaded drawable resource #0x10800ed (android:drawable/btn_check_off_disabled_focused_holo_light) that varies with configuration!!
07-31 03:57:49.193 W/Resources(  845): Preloaded drawable resource #0x10800ec (android:drawable/btn_check_off_disabled_focused_holo_dark) that varies with configuration!!
07-31 03:57:49.217 I/art     (  845): Background sticky concurrent mark sweep GC freed 403(32KB) AllocSpace objects, 19(760KB) LOS objects, 40% free, 1223KB/2MB, paused 20.544ms total 24.782ms
07-31 03:57:49.218 W/Resources(  845): Preloaded drawable resource #0x1080109 (android:drawable/btn_check_on_holo_light) that varies with configuration!!
07-31 03:57:49.218 W/Resources(  845): Preloaded drawable resource #0x10800f4 (android:drawable/btn_check_off_holo_light) that varies with configuration!!
07-31 03:57:49.218 W/Resources(  845): Preloaded drawable resource #0x108010c (android:drawable/btn_check_on_pressed_holo_light) that varies with configuration!!
07-31 03:57:49.218 W/Resources(  845): Preloaded drawable resource #0x10800f9 (android:drawable/btn_check_off_pressed_holo_light) that varies with configuration!!
07-31 03:57:49.219 W/Resources(  845): Preloaded drawable resource #0x1080106 (android:drawable/btn_check_on_focused_holo_light) that varies with configuration!!
07-31 03:57:49.219 W/Resources(  845): Preloaded drawable resource #0x10800f1 (android:drawable/btn_check_off_focused_holo_light) that varies with configuration!!
07-31 03:57:49.219 W/Resources(  845): Preloaded drawable resource #0x10800f4 (android:drawable/btn_check_off_holo_light) that varies with configuration!!
07-31 03:57:49.219 W/Resources(  845): Preloaded drawable resource #0x1080109 (android:drawable/btn_check_on_holo_light) that varies with configuration!!
07-31 03:57:49.219 W/Resources(  845): Preloaded drawable resource #0x1080104 (android:drawable/btn_check_on_disabled_holo_light) that varies with configuration!!
07-31 03:57:49.219 W/Resources(  845): Preloaded drawable resource #0x10800ef (android:drawable/btn_check_off_disabled_holo_light) that varies with configuration!!
07-31 03:57:49.220 W/Resources(  845): Preloaded drawable resource #0x1080102 (android:drawable/btn_check_on_disabled_focused_holo_light) that varies with configuration!!
07-31 03:57:49.220 W/Resources(  845): Preloaded drawable resource #0x10800ed (android:drawable/btn_check_off_disabled_focused_holo_light) that varies with configuration!!
07-31 03:57:49.220 W/Resources(  845): Preloaded drawable resource #0x10800ef (android:drawable/btn_check_off_disabled_holo_light) that varies with configuration!!
07-31 03:57:49.220 W/Resources(  845): Preloaded drawable resource #0x1080104 (android:drawable/btn_check_on_disabled_holo_light) that varies with configuration!!
07-31 03:57:49.220 W/Resources(  845): Preloaded drawable resource #0x10800e2 (android:drawable/btn_check_holo_light) that varies with configuration!!
07-31 03:57:49.221 W/Resources(  845): Preloaded drawable resource #0x1080108 (android:drawable/btn_check_on_holo_dark) that varies with configuration!!
07-31 03:57:49.221 W/Resources(  845): Preloaded drawable resource #0x10800f3 (android:drawable/btn_check_off_holo_dark) that varies with configuration!!
07-31 03:57:49.221 W/Resources(  845): Preloaded drawable resource #0x108010b (android:drawable/btn_check_on_pressed_holo_dark) that varies with configuration!!
07-31 03:57:49.221 W/Resources(  845): Preloaded drawable resource #0x10800f8 (android:drawable/btn_check_off_pressed_holo_dark) that varies with configuration!!
07-31 03:57:49.222 W/Resources(  845): Preloaded drawable resource #0x1080105 (android:drawable/btn_check_on_focused_holo_dark) that varies with configuration!!
07-31 03:57:49.222 W/Resources(  845): Preloaded drawable resource #0x10800f0 (android:drawable/btn_check_off_focused_holo_dark) that varies with configuration!!
07-31 03:57:49.222 W/Resources(  845): Preloaded drawable resource #0x10800f3 (android:drawable/btn_check_off_holo_dark) that varies with configuration!!
07-31 03:57:49.223 W/Resources(  845): Preloaded drawable resource #0x1080108 (android:drawable/btn_check_on_holo_dark) that varies with configuration!!
07-31 03:57:49.224 W/Resources(  845): Preloaded drawable resource #0x1080103 (android:drawable/btn_check_on_disabled_holo_dark) that varies with configuration!!
07-31 03:57:49.224 W/Resources(  845): Preloaded drawable resource #0x10800ee (android:drawable/btn_check_off_disabled_holo_dark) that varies with configuration!!
07-31 03:57:49.224 W/Resources(  845): Preloaded drawable resource #0x1080101 (android:drawable/btn_check_on_disabled_focused_holo_dark) that varies with configuration!!
07-31 03:57:49.224 W/Resources(  845): Preloaded drawable resource #0x10800ec (android:drawable/btn_check_off_disabled_focused_holo_dark) that varies with configuration!!
07-31 03:57:49.239 W/Resources(  845): Preloaded drawable resource #0x10800ee (android:drawable/btn_check_off_disabled_holo_dark) that varies with configuration!!
07-31 03:57:49.240 W/Resources(  845): Preloaded drawable resource #0x1080103 (android:drawable/btn_check_on_disabled_holo_dark) that varies with configuration!!
07-31 03:57:49.240 W/Resources(  845): Preloaded drawable resource #0x10800e1 (android:drawable/btn_check_holo_dark) that varies with configuration!!
07-31 03:57:49.240 I/art     (  845): Background concurrent mark sweep GC freed 748(64KB) AllocSpace objects, 16(684KB) LOS objects, 40% free, 1613KB/2MB, paused 14ms total 19.086ms
07-31 03:57:49.242 W/Resources(  845): Preloaded drawable resource #0x108019d (android:drawable/btn_radio_on_pressed_holo_light) that varies with configuration!!
07-31 03:57:49.242 W/Resources(  845): Preloaded drawable resource #0x108019c (android:drawable/btn_radio_on_pressed_holo_dark) that varies with configuration!!
07-31 03:57:49.242 W/Resources(  845): Preloaded drawable resource #0x1080199 (android:drawable/btn_radio_on_holo_light) that varies with configuration!!
07-31 03:57:49.243 W/Resources(  845): Preloaded drawable resource #0x1080198 (android:drawable/btn_radio_on_holo_dark) that varies with configuration!!
07-31 03:57:49.243 W/Resources(  845): Preloaded drawable resource #0x1080196 (android:drawable/btn_radio_on_focused_holo_light) that varies with configuration!!
07-31 03:57:49.243 W/Resources(  845): Preloaded drawable resource #0x1080195 (android:drawable/btn_radio_on_focused_holo_dark) that varies with configuration!!
