07-31 07:57:04.722 I/SystemServiceManager(  590): Starting com.android.server.job.JobSchedulerService
07-31 07:57:04.725 I/SystemServiceManager(  590): Starting com.android.server.soundtrigger.SoundTriggerService
07-31 07:57:04.725 I/SystemServiceManager(  590): Starting com.android.server.backup.BackupManagerService$Lifecycle
07-31 07:57:04.726 I/SystemServiceManager(  590): Starting com.android.server.appwidget.AppWidgetService
07-31 07:57:04.731 I/SystemServiceManager(  590): Starting com.android.server.voiceinteraction.VoiceInteractionManagerService
07-31 07:57:04.732 I/SystemServer(  590): Gesture Launcher Service
07-31 07:57:04.732 I/SystemServiceManager(  590): Starting com.android.server.GestureLauncherService
07-31 07:57:04.732 I/SystemServiceManager(  590): Starting com.android.server.SensorNotificationService
07-31 07:57:04.733 I/SystemServiceManager(  590): Starting com.android.server.ContextHubSystemService
07-31 07:57:04.734 E/ContextHubService(  590): ** Could not load context_hub module : err No such file or directory
07-31 07:57:04.734 W/ContextHubService(  590): No Context Hub Module present
07-31 07:57:04.734 I/SystemServer(  590): StartDiskStatsService
07-31 07:57:04.734 I/SystemServer(  590): StartSamplingProfilerService
07-31 07:57:04.736 I/SystemServer(  590): StartNetworkTimeUpdateService
07-31 07:57:04.737 I/SystemServer(  590): StartCommonTimeManagementService
07-31 07:57:04.738 I/SystemServer(  590): CertBlacklister
07-31 07:57:04.739 I/SystemServiceManager(  590): Starting com.android.server.dreams.DreamManagerService
07-31 07:57:04.739 I/SystemServer(  590): StartAssetAtlasService
07-31 07:57:04.741 D/AssetAtlas(  590): Computing best atlas configuration...
07-31 07:57:04.741 I/SystemServiceManager(  590): Starting com.android.server.print.PrintManagerService
07-31 07:57:04.743 D/AssetAtlas(  590): Running Atlas Worker #2
07-31 07:57:04.743 D/AssetAtlas(  590): Running Atlas Worker #1
07-31 07:57:04.745 I/SystemServiceManager(  590): Starting com.android.server.restrictions.RestrictionsManagerService
07-31 07:57:04.746 I/SystemServiceManager(  590): Starting com.android.server.media.MediaSessionService
07-31 07:57:04.747 D/AssetAtlas(  590): Running Atlas Worker #3
07-31 07:57:04.748 D/AssetAtlas(  590): Running Atlas Worker #4
07-31 07:57:04.749 I/SystemServer(  590): StartMediaRouterService
07-31 07:57:04.750 I/SystemServiceManager(  590): Starting com.android.server.trust.TrustManagerService
07-31 07:57:04.750 I/SystemServer(  590): StartGenydService
07-31 07:57:04.751 D/GenydService(  590): GenydService startup
07-31 07:57:04.756 I/SystemServer(  590): StartBackgroundDexOptService
07-31 07:57:04.758 I/SystemServiceManager(  590): Starting com.android.server.pm.ShortcutService$Lifecycle
07-31 07:57:04.765 D/AssetAtlas(  590): Found best atlas configuration (out of 546) in 0.02s
07-31 07:57:04.767 I/SystemServiceManager(  590): Starting com.android.server.pm.LauncherAppsService
07-31 07:57:04.767 D/AssetAtlas(  590): Loaded configuration: SliceShortAxis (1536x576) flags=0x2 count=91
07-31 07:57:04.768 I/SystemServiceManager(  590): Starting com.android.server.media.projection.MediaProjectionManagerService
07-31 07:57:04.771 V/MediaRouter(  590): Adding route: RouteInfo{ name=Phone, description=null, status=null, category=RouteCategory{ name=null types=ROUTE_TYPE_LIVE_AUDIO ROUTE_TYPE_LIVE_VIDEO  groupable=false }, supportedTypes=ROUTE_TYPE_LIVE_AUDIO ROUTE_TYPE_LIVE_VIDEO , presentationDisplay=null }
07-31 07:57:04.773 V/MediaRouter(  590): Updating audio routes: AudioRoutesInfo{ type=SPEAKER }
07-31 07:57:04.775 V/MediaRouter(  590): Selecting route: RouteInfo{ name=Phone, description=null, status=null, category=RouteCategory{ name=null types=ROUTE_TYPE_LIVE_AUDIO ROUTE_TYPE_LIVE_VIDEO  groupable=false }, supportedTypes=ROUTE_TYPE_LIVE_AUDIO ROUTE_TYPE_LIVE_VIDEO , presentationDisplay=null }
07-31 07:57:04.776 I/WindowManager(  590): SAFE MODE not enabled
07-31 07:57:04.777 I/SystemServiceManager(  590): Starting com.android.server.MmsServiceBroker
07-31 07:57:04.784 W/VibratorService(  590): Tried to stop vibrating but there is no vibrator device.
07-31 07:57:04.787 D/        (  590): HostConnection::get() New Host Connection established 0xddb0e3f0, tid 662
07-31 07:57:04.794 E/SQLiteLog(  590): (1) no such table: locksettings
07-31 07:57:04.798 I/LockSettingsService(  590): Migrated lock settings to new location
07-31 07:57:04.800 I/LockSettingsService(  590): Migrated per-user lock settings to new location
07-31 07:57:04.808 I/LockSettingsService(  590): Migrated biometric weak to use the fallback instead
07-31 07:57:04.810 I/LockSettingsService(  590): Migrated lockscreen disabled flag
07-31 07:57:04.811 E/LockSettingsStorage(  590): Cannot read file java.io.FileNotFoundException: /data/system/gatekeeper.password.key: open failed: ENOENT (No such file or directory)
07-31 07:57:04.812 E/LockSettingsStorage(  590): Cannot read file java.io.FileNotFoundException: /data/system/password.key: open failed: ENOENT (No such file or directory)
07-31 07:57:04.812 E/LockSettingsStorage(  590): Cannot read file java.io.FileNotFoundException: /data/system/gatekeeper.pattern.key: open failed: ENOENT (No such file or directory)
07-31 07:57:04.812 E/LockSettingsStorage(  590): Cannot read file java.io.FileNotFoundException: /data/system/gatekeeper.gesture.key: open failed: ENOENT (No such file or directory)
07-31 07:57:04.812 E/LockSettingsStorage(  590): Cannot read file java.io.FileNotFoundException: /data/system/gesture.key: open failed: ENOENT (No such file or directory)
07-31 07:57:04.812 I/SystemServiceManager(  590): Starting phase 480
07-31 07:57:04.817 I/SystemServiceManager(  590): Starting phase 500
07-31 07:57:04.819 D/ConnectivityMetricsLoggerService(  590): onBootPhase: PHASE_SYSTEM_SERVICES_READY
07-31 07:57:04.820 I/WifiService(  590): WifiService starting up with Wi-Fi enabled
07-31 07:57:04.822 D/WifiService(  590): setWifiEnabled: true pid=590, uid=1000
07-31 07:57:04.822 D/WifiController(  590): WifiController msg { when=0 what=155656 target=com.android.internal.util.StateMachine$SmHandler } deferred for 500ms
07-31 07:57:04.822 I/WifiScanningService(  590): Starting wifiscanner
07-31 07:57:04.824 I/RttService(  590): Registering rttmanager
07-31 07:57:04.824 I/EthernetServiceImpl(  590): Starting Ethernet service
07-31 07:57:04.826 D/Ethernet(  590): Registering NetworkFactory
07-31 07:57:04.826 D/ConnectivityService(  590): Got NetworkFactory Messenger for Ethernet
07-31 07:57:04.826 D/ConnectivityService(  590): Ignoring this network
07-31 07:57:04.831 D/ZenLog  (  590): config: cleanUpZenRules,ZenModeConfig[user=0,allowCalls=true,allowRepeatCallers=false,allowMessages=false,allowCallsFrom=contacts,allowMessagesFrom=contacts,allowReminders=true,allowEvents=true,allowWhenScreenOff=true,allowWhenScreenOn=true,automaticRules={7f278d0d75dc45498f6af2d486ee2b13=ZenRule[enabled=false,snoozing=false,name=Weeknight,zenMode=ZEN_MODE_ALARMS,conditionId=condition://android/schedule?days=1.2.3.4.5&start=22.0&end=7.0&exitAtAlarm=false,condition=null,component=ComponentInfo{android/com.android.server.notification.ScheduleConditionProvider},id=7f278d0d75dc45498f6af2d486ee2b13,creationTime=1501487824671], 193c9eee9199496197b37c119c25ae65=ZenRule[enabled=false,snoozing=false,name=Weekend,zenMode=ZEN_MODE_ALARMS,conditionId=condition://android/schedule?days=6.7&start=23.30&end=10.0&exitAtAlarm=false,condition=null,component=ComponentInfo{android/com.android.server.notification.ScheduleConditionProvider},id=193c9eee9199496197b37c119c25ae65,creationTime=1501487824671], de405f54d08c416e82744d6ab834a91e=ZenRule[enabled=false,snoozing=false,name=Event,zenMode=ZEN_MODE_ALARMS,conditionId=condition://android/event?userId=-10000&calendar=&reply=1,condition=null,component=ComponentInfo{android/com.android.server.notification.EventConditionProvider},id=de405f54d08c416e82744d6ab834a91e,creationTime=1501487824671]},manualRule=null],Diff[]
07-31 07:57:04.832 D/ZenLog  (  590): set_zen_mode: off,onSystemReady
07-31 07:57:04.833 D/PermissionCache(  332): checking android.permission.CAPTURE_AUDIO_HOTWORD for uid=1000 => granted (168 us)
07-31 07:57:04.833 W/SoundTriggerHelper(  590): listModules status=0, # of modules=0
07-31 07:57:04.833 D/ContextHubSystemService(  590): onBootPhase: PHASE_SYSTEM_SERVICES_READY
07-31 07:57:04.844 I/DefaultPermGrantPolicy(  590): Granting permissions to platform components for user 0
07-31 07:57:04.844 D/VoldConnector(  590): SND -> {4 volume remount_uid 1001 none}
07-31 07:57:04.847 D/vold    (  117): Remounting 1001 as mode none
07-31 07:57:04.848 D/vold    (  117): Found matching PID 136
07-31 07:57:04.848 W/vold    (  117): Skipping due to root namespace
07-31 07:57:04.848 D/vold    (  117): Found matching PID 140
07-31 07:57:04.848 W/vold    (  117): Skipping due to root namespace
07-31 07:57:04.848 D/vold    (  117): Found matching PID 252
07-31 07:57:04.848 W/vold    (  117): Skipping due to root namespace
07-31 07:57:04.848 D/VoldConnector(  590): RCV <- {200 4 Command succeeded}
07-31 07:57:04.848 W/KeyguardServiceDelegate(  590): onScreenTurningOn(): no keyguard service!
07-31 07:57:04.849 D/VoldConnector(  590): SND -> {5 volume remount_uid 1001 none}
07-31 07:57:04.849 D/vold    (  117): Remounting 1001 as mode none
07-31 07:57:04.849 D/vold    (  117): Found matching PID 136
07-31 07:57:04.849 W/vold    (  117): Skipping due to root namespace
07-31 07:57:04.849 D/vold    (  117): Found matching PID 140
07-31 07:57:04.849 W/vold    (  117): Skipping due to root namespace
07-31 07:57:04.849 D/vold    (  117): Found matching PID 252
07-31 07:57:04.849 W/vold    (  117): Skipping due to root namespace
07-31 07:57:04.850 D/VoldConnector(  590): RCV <- {200 5 Command succeeded}
07-31 07:57:04.850 D/VoldConnector(  590): SND -> {6 volume remount_uid 1000 none}
07-31 07:57:04.851 D/vold    (  117): Remounting 1000 as mode none
07-31 07:57:04.852 D/vold    (  117): Found matching PID 138
07-31 07:57:04.852 W/vold    (  117): Skipping due to root namespace
07-31 07:57:04.852 D/vold    (  117): Found matching PID 238
07-31 07:57:04.852 W/vold    (  117): Skipping due to root namespace
07-31 07:57:04.852 D/vold    (  117): Found matching PID 336
07-31 07:57:04.852 W/vold    (  117): Skipping due to root namespace
07-31 07:57:04.852 D/vold    (  117): Found matching PID 590
07-31 07:57:04.877 D/libEGL  (  590): Emulator has host GPU support, qemu.gles is set to 1.
07-31 07:57:04.878 E/libEGL  (  590): load_driver(/system/lib/egl/libGLES_emulation.so): dlopen failed: library "/system/lib/egl/libGLES_emulation.so" not found
07-31 07:57:04.879 D/libEGL  (  590): loaded /system/lib/egl/libEGL_emulation.so
07-31 07:57:04.883 D/libEGL  (  590): loaded /system/lib/egl/libGLESv1_CM_emulation.so
07-31 07:57:04.889 D/libEGL  (  590): loaded /system/lib/egl/libGLESv2_emulation.so
07-31 07:57:04.894 D/        (  590): HostConnection::get() New Host Connection established 0xddb0e750, tid 605
07-31 07:57:04.905 D/VoldConnector(  590): RCV <- {200 6 Command succeeded}
07-31 07:57:04.905 D/VoldConnector(  590): SND -> {7 volume remount_uid 1000 none}
07-31 07:57:04.906 D/vold    (  117): Remounting 1000 as mode none
07-31 07:57:04.906 D/vold    (  117): Found matching PID 138
07-31 07:57:04.907 W/vold    (  117): Skipping due to root namespace
07-31 07:57:04.907 D/vold    (  117): Found matching PID 238
07-31 07:57:04.907 W/vold    (  117): Skipping due to root namespace
07-31 07:57:04.907 D/vold    (  117): Found matching PID 336
07-31 07:57:04.907 W/vold    (  117): Skipping due to root namespace
07-31 07:57:04.907 D/vold    (  117): Found matching PID 590
07-31 07:57:04.908 D/VoldConnector(  590): RCV <- {200 7 Command succeeded}
07-31 07:57:04.912 D/VoldConnector(  590): SND -> {8 volume remount_uid 2000 none}
07-31 07:57:04.913 D/vold    (  117): Remounting 2000 as mode none
07-31 07:57:04.918 D/VoldConnector(  590): RCV <- {200 8 Command succeeded}
07-31 07:57:04.919 D/VoldConnector(  590): SND -> {9 volume remount_uid 2000 none}
07-31 07:57:04.919 D/vold    (  117): Remounting 2000 as mode none
07-31 07:57:04.920 D/VoldConnector(  590): RCV <- {200 9 Command succeeded}
07-31 07:57:04.920 D/VoldConnector(  590): SND -> {10 volume remount_uid 10023 none}
07-31 07:57:04.921 D/vold    (  117): Remounting 10023 as mode none
07-31 07:57:04.922 D/VoldConnector(  590): RCV <- {200 10 Command succeeded}
07-31 07:57:04.922 D/VoldConnector(  590): SND -> {11 volume remount_uid 10023 none}
07-31 07:57:04.922 D/vold    (  117): Remounting 10023 as mode none
07-31 07:57:04.923 D/VoldConnector(  590): RCV <- {200 11 Command succeeded}
07-31 07:57:04.924 D/VoldConnector(  590): SND -> {12 volume remount_uid 1002 none}
07-31 07:57:04.925 D/vold    (  117): Remounting 1002 as mode none
07-31 07:57:04.926 D/VoldConnector(  590): RCV <- {200 12 Command succeeded}
07-31 07:57:04.927 D/VoldConnector(  590): SND -> {13 volume remount_uid 1002 none}
07-31 07:57:04.930 D/vold    (  117): Remounting 1002 as mode none
07-31 07:57:04.931 D/VoldConnector(  590): RCV <- {200 13 Command succeeded}
07-31 07:57:04.933 I/DefaultPermGrantPolicy(  590): Granting permissions to default platform handlers for user 0
07-31 07:57:04.933 W/VoiceInteractionManagerService(  590): no available voice interaction services found for user 0
07-31 07:57:04.933 W/VoiceInteractionManagerService(  590): no available voice recognition services found for user 0
07-31 07:57:04.934 D/VoldConnector(  590): SND -> {14 volume remount_uid 10018 none}
07-31 07:57:04.937 D/vold    (  117): Remounting 10018 as mode none
07-31 07:57:04.939 D/VoldConnector(  590): RCV <- {200 14 Command succeeded}
07-31 07:57:04.943 D/VoldConnector(  590): SND -> {15 volume remount_uid 10032 none}
07-31 07:57:04.948 D/vold    (  117): Remounting 10032 as mode none
07-31 07:57:04.952 D/VoldConnector(  590): RCV <- {200 15 Command succeeded}
07-31 07:57:04.957 D/VoldConnector(  590): SND -> {16 volume remount_uid 10032 none}
07-31 07:57:04.960 D/vold    (  117): Remounting 10032 as mode none
07-31 07:57:04.973 D/VoldConnector(  590): RCV <- {200 16 Command succeeded}
07-31 07:57:04.974 D/VoldConnector(  590): SND -> {17 volume remount_uid 10010 none}
07-31 07:57:04.979 D/vold    (  117): Remounting 10010 as mode none
07-31 07:57:04.981 D/VoldConnector(  590): RCV <- {200 17 Command succeeded}
07-31 07:57:04.985 D/VoldConnector(  590): SND -> {18 volume remount_uid 10010 none}
07-31 07:57:04.986 D/vold    (  117): Remounting 10010 as mode none
07-31 07:57:04.990 D/VoldConnector(  590): RCV <- {200 18 Command succeeded}
07-31 07:57:04.992 D/VoldConnector(  590): SND -> {19 volume remount_uid 10013 none}
07-31 07:57:04.993 D/vold    (  117): Remounting 10013 as mode none
07-31 07:57:04.995 D/VoldConnector(  590): RCV <- {200 19 Command succeeded}
07-31 07:57:04.996 D/VoldConnector(  590): SND -> {20 volume remount_uid 10013 none}
07-31 07:57:04.998 D/vold    (  117): Remounting 10013 as mode none
07-31 07:57:05.000 D/VoldConnector(  590): RCV <- {200 20 Command succeeded}
07-31 07:57:05.007 D/VoldConnector(  590): SND -> {21 volume remount_uid 10059 none}
07-31 07:57:05.014 D/vold    (  117): Remounting 10059 as mode none
07-31 07:57:05.019 D/VoldConnector(  590): RCV <- {200 21 Command succeeded}
07-31 07:57:05.021 D/VoldConnector(  590): SND -> {22 volume remount_uid 10059 none}
07-31 07:57:05.022 D/vold    (  117): Remounting 10059 as mode none
07-31 07:57:05.029 D/VoldConnector(  590): RCV <- {200 22 Command succeeded}
07-31 07:57:05.032 D/VoldConnector(  590): SND -> {23 volume remount_uid 10002 none}
07-31 07:57:05.032 D/vold    (  117): Remounting 10002 as mode none
07-31 07:57:05.038 D/VoldConnector(  590): RCV <- {200 23 Command succeeded}
07-31 07:57:05.040 D/VoldConnector(  590): SND -> {24 volume remount_uid 10002 none}
07-31 07:57:05.050 D/vold    (  117): Remounting 10002 as mode none
07-31 07:57:05.053 D/VoldConnector(  590): RCV <- {200 24 Command succeeded}
07-31 07:57:05.067 D/VoldConnector(  590): SND -> {25 volume remount_uid 10045 none}
07-31 07:57:05.067 D/vold    (  117): Remounting 10045 as mode none
07-31 07:57:05.074 D/VoldConnector(  590): RCV <- {200 25 Command succeeded}
07-31 07:57:05.076 D/VoldConnector(  590): SND -> {26 volume remount_uid 10045 none}
07-31 07:57:05.078 D/vold    (  117): Remounting 10045 as mode none
07-31 07:57:05.085 D/VoldConnector(  590): RCV <- {200 26 Command succeeded}
07-31 07:57:05.087 I/DefaultPermGrantPolicy(  590): Granting permissions to default platform handlers for user 0
07-31 07:57:05.087 W/VoiceInteractionManagerService(  590): no available voice interaction services found for user 0
07-31 07:57:05.087 W/VoiceInteractionManagerService(  590): no available voice recognition services found for user 0
07-31 07:57:05.089 V/UserManagerService(  590): Found /data/user_de/0 with serial number -1
07-31 07:57:05.089 D/UserManagerService(  590): Serial number missing on /data/user_de/0; assuming current is valid
07-31 07:57:05.089 V/UserManagerService(  590): Found /data/user/0 with serial number -1
07-31 07:57:05.089 D/UserManagerService(  590): Serial number missing on /data/user/0; assuming current is valid
07-31 07:57:05.089 V/UserManagerService(  590): Found /data/system_de/0 with serial number -1
07-31 07:57:05.089 D/UserManagerService(  590): Serial number missing on /data/system_de/0; assuming current is valid
07-31 07:57:05.090 D/AssetAtlas(  590): Rendered atlas in 252.78ms (39.15+213.63ms)
07-31 07:57:05.099 I/ActivityManager(  590): System now ready
07-31 07:57:05.104 I/SystemServer(  590): Making services ready
07-31 07:57:05.105 I/SystemServiceManager(  590): Starting phase 550
07-31 07:57:05.109 E/InputMethodManagerService(  590): Ignoring updateSystemUiLocked due to an invalid token. uid:1000 token:null
07-31 07:57:05.138 W/InputMethodManagerService(  590): Reset the default IME as "Resource" is ready here.
07-31 07:57:05.152 I/InputMethodManagerService(  590): Default found, using com.android.inputmethod.latin/.LatinIME
07-31 07:57:05.152 W/InputMethodManagerService(  590): Illegal subtype state: old subtype = null, new subtype = android.view.inputmethod.InputMethodSubtype@c9194f98
07-31 07:57:05.172 I/Zygote  (  590): Process: zygote socket opened, supported ABIS: x86
07-31 07:57:05.175 I/art     (  331): Starting a blocking GC HeapTrim
07-31 07:57:05.184 W/art     (  676): Unexpected CPU variant for X86 using defaults: x86
07-31 07:57:05.188 I/ActivityManager(  590): Start proc 676:com.android.inputmethod.latin/u0a48 for service com.android.inputmethod.latin/.LatinIME
07-31 07:57:05.188 V/InputMethodManagerService(  590): Adding window token: android.os.Binder@1b53484
07-31 07:57:05.188 D/MountService(  590): Thinking about init, mSystemReady=true, mDaemonConnected=true
07-31 07:57:05.188 D/MountService(  590): Setting up emulation state, initlocked=false
07-31 07:57:05.188 D/CryptdConnector(  590): SND -> {2 cryptfs unlock_user_key 0 0 ! !}
07-31 07:57:05.189 D/vold    (  117): e4crypt_unlock_user_key 0 serial=0 token_present=0
07-31 07:57:05.189 E/vold    (  117): Failed to chmod /data/system_ce/0: No such file or directory
07-31 07:57:05.189 E/vold    (  117): Failed to chmod /data/misc_ce/0: No such file or directory
07-31 07:57:05.189 E/vold    (  117): Failed to chmod /data/media/0: No such file or directory
07-31 07:57:05.189 D/CryptdConnector(  590): RCV <- {200 2 Command succeeded}
07-31 07:57:05.189 D/MountService(  590): Thinking about reset, mSystemReady=true, mDaemonConnected=true
07-31 07:57:05.190 D/VoldConnector(  590): SND -> {27 volume reset}
07-31 07:57:05.190 D/VoldConnector(  590): RCV <- {651 emulated 7}
07-31 07:57:05.190 D/VoldConnector(  590): RCV <- {659 emulated}
07-31 07:57:05.190 D/VoldConnector(  590): RCV <- {650 emulated 2 "" ""}
07-31 07:57:05.190 D/VoldConnector(  590): RCV <- {651 emulated 0}
07-31 07:57:05.190 I/ActivityManager(  590): Force stopping com.android.providers.media appid=10010 user=-1: vold reset
07-31 07:57:05.190 D/VoldConnector(  590): RCV <- {200 27 Command succeeded}
07-31 07:57:05.191 V/MountService(  590): Found primary storage at VolumeInfo{emulated}:
07-31 07:57:05.191 V/MountService(  590):     type=EMULATED diskId=null partGuid=null mountFlags=0 mountUserId=-1 
07-31 07:57:05.191 V/MountService(  590):     state=UNMOUNTED 
07-31 07:57:05.191 V/MountService(  590):     fsType=null fsUuid=null fsLabel=null 
07-31 07:57:05.191 V/MountService(  590):     path=null internalPath=null 
07-31 07:57:05.191 E/BluetoothAdapter(  590): Bluetooth binder is null
07-31 07:57:05.191 D/VoldConnector(  590): SND -> {28 volume user_added 0 0}
07-31 07:57:05.191 D/VoldConnector(  590): RCV <- {200 28 Command succeeded}
07-31 07:57:05.192 D/UsbAlsaManager(  590): Adding ALSA device AlsaDevice: [card: 0, device: 0, type: 1]
07-31 07:57:05.192 D/UsbAlsaManager(  590): Adding ALSA device AlsaDevice: [card: 0, device: 1, type: 2]
07-31 07:57:05.192 D/UsbAlsaManager(  590): Adding ALSA device AlsaDevice: [card: 0, device: 0, type: 2]
07-31 07:57:05.192 E/BluetoothAdapter(  590): Bluetooth binder is null
07-31 07:57:05.192 I/AudioFlinger(  332): systemReady
07-31 07:57:05.192 D/VoldConnector(  590): SND -> {29 volume mount emulated 3 -1}
07-31 07:57:05.193 D/VoldConnector(  590): RCV <- {651 emulated 1}
07-31 07:57:05.193 V/vold    (  117): Waiting for FUSE to spin up...
07-31 07:57:05.193 D/VoldConnector(  590): RCV <- {656 emulated /data/media}
07-31 07:57:05.193 D/VoldConnector(  590): RCV <- {655 emulated /storage/emulated}
07-31 07:57:05.194 I/SystemServer(  590): WebViewFactory preparation
07-31 07:57:05.200 D/WebViewFactory(  590): Setting new address space to 108400648
07-31 07:57:05.202 W/sdcard  (  690): Device explicitly disabled sdcardfs
07-31 07:57:05.207 W/art     (  696): Unexpected CPU variant for X86 using defaults: x86
07-31 07:57:05.209 E/WVMExtractor(  590): Failed to open libwvm.so: dlopen failed: library "libwvm.so" not found
07-31 07:57:05.210 E/linker  (  249): library /system/lib/libavcodec.so with text relocation is whitelisted
07-31 07:57:05.210 W/linker  (  249): /system/lib/libavcodec.so has text relocations. This is wasting memory and prevents security hardening. Please fix.
07-31 07:57:05.210 E/linker  (  249): library /system/lib/libavcodec.so with text relocation is whitelisted
07-31 07:57:05.212 E/linker  (  249): library /system/lib/libswresample.so with text relocation is whitelisted
07-31 07:57:05.212 W/linker  (  249): /system/lib/libswresample.so has text relocations. This is wasting memory and prevents security hardening. Please fix.
07-31 07:57:05.212 E/linker  (  249): library /system/lib/libswresample.so with text relocation is whitelisted
07-31 07:57:05.213 I/ActivityManager(  590): Start proc 696:WebViewLoader-x86/1037 [android.webkit.WebViewFactory$RelroFileCreator] for 
07-31 07:57:05.214 V/WebViewFactory(  696): RelroFileCreator (64bit = false),  32-bit lib: /system/app/webview/webview.apk!/lib/x86/libwebviewchromium.so, 64-bit lib: 
07-31 07:57:05.220 W/art     (  713): Unexpected CPU variant for X86 using defaults: x86
07-31 07:57:05.224 I/ActivityManager(  590): Start proc 713:com.android.systemui/u0a23 for service com.android.systemui/.SystemUIService
07-31 07:57:05.224 D/NetworkManagement(  590): enabling bandwidth control
07-31 07:57:05.247 D/VoldConnector(  590): RCV <- {651 emulated 2}
07-31 07:57:05.248 D/VoldConnector(  590): RCV <- {200 29 Command succeeded}
07-31 07:57:05.297 V/FFmpegExtractor(  249): SniffFFMPEG
07-31 07:57:05.297 I/FFmpegExtractor(  249): android-source:0xef5dc000
07-31 07:57:05.330 D/WifiController(  590): DEFERRED_TOGGLE handled
07-31 07:57:05.340 I/art     (  696): System.exit called, status: 0
07-31 07:57:05.342 I/AndroidRuntime(  696): VM exiting with result code 0, cleanup skipped.
07-31 07:57:05.374 W/System  (  713): ClassLoader referenced unknown path: /system/priv-app/SystemUI/lib/x86
07-31 07:57:05.404 D/FFMPEG  (  249): android source begin open
07-31 07:57:05.404 D/FFMPEG  (  249): android open, url: android-source:0xef5dc000
07-31 07:57:05.404 D/FFMPEG  (  249): ffmpeg open android data source success, source ptr: 0xef5dc000
07-31 07:57:05.404 D/FFMPEG  (  249): android source open success
07-31 07:57:05.421 I/FFMPEG  (  249): Input #0, ogg, from 'android-source:0xef5dc000':
07-31 07:57:05.421 I/FFMPEG  (  249):   Duration: 00:00:00.09, start: 0.000000, bitrate: 437 kb/s
07-31 07:57:05.421 I/FFMPEG  (  249):     Stream #0:0: Audio: vorbis, 48000 Hz, stereo, fltp, 96 kb/s
07-31 07:57:05.421 I/FFmpegExtractor(  249): FFmpegExtrator, url: android-source:0xef5dc000, format_name: ogg, format_long_name: Ogg
07-31 07:57:05.421 I/FFmpegExtractor(  249): list the formats suppoted by ffmpeg: 
07-31 07:57:05.421 I/FFmpegExtractor(  249): ========================================
07-31 07:57:05.421 V/FFmpegExtractor(  249): format_names[00]: mpeg
07-31 07:57:05.421 V/FFmpegExtractor(  249): format_names[01]: mpegts
07-31 07:57:05.421 V/FFmpegExtractor(  249): format_names[02]: mov,mp4,m4a,3gp,3g2,mj2
07-31 07:57:05.421 V/FFmpegExtractor(  249): format_names[03]: matroska,webm
07-31 07:57:05.421 V/FFmpegExtractor(  249): format_names[04]: asf
07-31 07:57:05.421 V/FFmpegExtractor(  249): format_names[05]: rm
07-31 07:57:05.421 V/FFmpegExtractor(  249): format_names[06]: flv
07-31 07:57:05.421 V/FFmpegExtractor(  249): format_names[07]: swf
07-31 07:57:05.421 V/FFmpegExtractor(  249): format_names[08]: avi
07-31 07:57:05.421 V/FFmpegExtractor(  249): format_names[09]: ape
07-31 07:57:05.421 V/FFmpegExtractor(  249): format_names[10]: dts
07-31 07:57:05.421 V/FFmpegExtractor(  249): format_names[11]: flac
07-31 07:57:05.421 V/FFmpegExtractor(  249): format_names[12]: ac3
07-31 07:57:05.421 V/FFmpegExtractor(  249): format_names[13]: wav
07-31 07:57:05.421 V/FFmpegExtractor(  249): format_names[14]: ogg
07-31 07:57:05.421 V/FFmpegExtractor(  249): format_names[15]: vc1
07-31 07:57:05.421 V/FFmpegExtractor(  249): format_names[16]: hevc
07-31 07:57:05.421 I/FFmpegExtractor(  249): ========================================
07-31 07:57:05.421 I/FFmpegExtractor(  249): adjust mime(application/ogg -> audio/vorbis)
07-31 07:57:05.421 D/FFmpegExtractor(  249): suppoted codec(vorbis) by official Stagefright
07-31 07:57:05.421 D/FFMPEG  (  249): android source close
07-31 07:57:05.421 I/FFmpegExtractor(  249): sniff through BetterSniffFFMPEG success
07-31 07:57:05.421 D/FFmpegExtractor(  249): ffmpeg detected media content as 'audio/vorbis' with confidence 0.08
07-31 07:57:05.424 E/SoftapController(  335): Softap fwReload - NULL path for STA
07-31 07:57:05.426 I/MediaPlayerService(  334): MediaPlayerService::getOMX
07-31 07:57:05.426 I/OMXClient(  334): MuxOMX ctor
07-31 07:57:05.432 I/MediaPlayerService(  334): MediaPlayerService::getOMX
07-31 07:57:05.432 I/OMXClient(  334): MuxOMX ctor
07-31 07:57:05.432 I/OMXMaster(  247): makeComponentInstance(OMX.google.mp3.decoder) in mediacodec process
07-31 07:57:05.448 D/CommandListener(  335): Setting iface cfg
07-31 07:57:05.448 D/CommandListener(  335): Trying to bring down eth1
07-31 07:57:05.449 W/NetworkManagement(  590): setDataSaverMode(): already false
07-31 07:57:05.449 D/CommandListener(  335): Clearing all IP addresses on eth1
07-31 07:57:05.451 E/WifiMonitor(  590): killSupplicant p2pfalse init.svc.wpa_supplicant=unknown init.svc.p2p_supplicant=unknown
07-31 07:57:05.454 E/wifi    (  590): Can not initialize the vendor function pointer table
07-31 07:57:05.454 E/WifiNative-HAL(  590): Could not start hal
07-31 07:57:05.454 E/WifiStateMachine(  590): Failed to start HAL
07-31 07:57:05.455 D/WifiMonitor(  590): startMonitoring(eth1) with mConnected = false
07-31 07:57:05.459 I/iptables(  335): iptables: No chain/target/match by that name.
07-31 07:57:05.460 I/iptables(  335): iptables terminated by exit(1)
07-31 07:57:05.460 E/BandwidthController(  335): runIptablesCmd(): res=1 status=256 failed /system/bin/iptables -w -I bw_INPUT -m quota2 ! --quota 2097152 --name globalAlert
07-31 07:57:05.467 I/MediaPlayerService(  334): MediaPlayerService::getOMX
07-31 07:57:05.467 I/OMXClient(  334): MuxOMX ctor
07-31 07:57:05.471 I/OMXMaster(  247): makeComponentInstance(OMX.google.amrnb.decoder) in mediacodec process
07-31 07:57:05.473 I/ip6tables(  335): ip6tables: No chain/target/match by that name.
07-31 07:57:05.473 I/ip6tables(  335): ip6tables terminated by exit(1)
07-31 07:57:05.473 E/BandwidthController(  335): runIptablesCmd(): res=1 status=256 failed /system/bin/ip6tables -w -I bw_INPUT -m quota2 ! --quota 2097152 --name globalAlert
07-31 07:57:05.476 I/MediaPlayerService(  334): MediaPlayerService::getOMX
07-31 07:57:05.476 I/OMXClient(  334): MuxOMX ctor
07-31 07:57:05.476 I/OMXMaster(  247): makeComponentInstance(OMX.google.amrwb.decoder) in mediacodec process
07-31 07:57:05.477 I/MediaPlayerService(  334): MediaPlayerService::getOMX
07-31 07:57:05.478 I/OMXClient(  334): MuxOMX ctor
07-31 07:57:05.478 I/OMXMaster(  247): makeComponentInstance(OMX.google.aac.decoder) in mediacodec process
07-31 07:57:05.478 I/iptables(  335): iptables: No chain/target/match by that name.
07-31 07:57:05.478 I/iptables(  335): iptables terminated by exit(1)
07-31 07:57:05.478 E/BandwidthController(  335): runIptablesCmd(): res=1 status=256 failed /system/bin/iptables -w -I bw_OUTPUT -m quota2 ! --quota 2097152 --name globalAlert
07-31 07:57:05.483 I/ip6tables(  335): ip6tables: No chain/target/match by that name.
07-31 07:57:05.483 I/ip6tables(  335): ip6tables terminated by exit(1)
07-31 07:57:05.483 E/BandwidthController(  335): runIptablesCmd(): res=1 status=256 failed /system/bin/ip6tables -w -I bw_OUTPUT -m quota2 ! --quota 2097152 --name globalAlert
07-31 07:57:05.484 I/MediaPlayerService(  334): MediaPlayerService::getOMX
07-31 07:57:05.484 I/OMXClient(  334): MuxOMX ctor
07-31 07:57:05.484 I/OMXMaster(  247): makeComponentInstance(OMX.google.g711.alaw.decoder) in mediacodec process
07-31 07:57:05.484 W/NetworkStats(  590): problem registering for global alert: java.lang.IllegalStateException: command '14 bandwidth setglobalalert 2097152' failed with '400 14 Bandwidth command failed'
07-31 07:57:05.485 I/NetworkPolicy(  590): adding default package com.android.providers.downloads (uid 10010 for user 0) to restrict background whitelist
07-31 07:57:05.503 D/NetworkPolicy(  590): setRestrictBackgroundLocked(): false
07-31 07:57:05.504 W/NetworkManagement(  590): setDataSaverMode(): already false
07-31 07:57:05.506 I/MediaPlayerService(  334): MediaPlayerService::getOMX
07-31 07:57:05.506 I/OMXClient(  334): MuxOMX ctor
07-31 07:57:05.507 I/OMXMaster(  247): makeComponentInstance(OMX.google.g711.mlaw.decoder) in mediacodec process
07-31 07:57:05.521 I/wpa_supplicant(  743): Successfully initialized wpa_supplicant
07-31 07:57:05.525 I/MediaPlayerService(  334): MediaPlayerService::getOMX
07-31 07:57:05.525 I/OMXClient(  334): MuxOMX ctor
07-31 07:57:05.525 I/OMXMaster(  247): makeComponentInstance(OMX.google.vorbis.decoder) in mediacodec process
07-31 07:57:05.530 E/Netd    (  335): Failed to dump IPv4 sockets for UID: No such file or directory
07-31 07:57:05.530 E/NetworkManagement(  590): Error closing sockets after enabling chain standby: android.os.ServiceSpecificException: destroySockets: No such file or directory
07-31 07:57:05.542 I/SystemServiceManager(  590): Starting phase 600
07-31 07:57:05.552 E/wpa_supplicant(  743): global ctrl interface @android:wpa_eth1 matches ctrl interface eth1 - do not open per-interface ctrl interface
07-31 07:57:05.557 I/MediaPlayerService(  334): MediaPlayerService::getOMX
07-31 07:57:05.557 I/OMXClient(  334): MuxOMX ctor
07-31 07:57:05.558 I/OMXMaster(  247): makeComponentInstance(OMX.google.gsm.decoder) in mediacodec process
07-31 07:57:05.561 D/SensorNotificationService(  590): Cannot obtain dynamic meta sensor, not supported.
07-31 07:57:05.567 D/WifiConfigManager(  590): Loading config and enabling all networks 
07-31 07:57:05.578 I/LatinIME(  676): Hardware accelerated drawing: true
07-31 07:57:05.579 I/GnssLocationProvider(  590): WakeLock acquired by sendMessage(13, 0, null)
07-31 07:57:05.583 E/GnssLocationProvider(  590): no AGPS interface in set_agps_server
07-31 07:57:05.584 D/WifiConfigStore(  590): Setting DHCP for SSID "WiredSSID"
07-31 07:57:05.585 E/WifiNetworkHistory(  590): readNetworkHistory: No config file, revert to default, java.io.FileNotFoundException: /data/misc/wifi/networkHistory.txt (No such file or directory)
07-31 07:57:05.585 E/WifiNetworkHistory(  590): java.io.FileNotFoundException: /data/misc/wifi/networkHistory.txt (No such file or directory)
07-31 07:57:05.585 E/WifiNetworkHistory(  590): 	at java.io.FileInputStream.open(Native Method)
07-31 07:57:05.585 E/WifiNetworkHistory(  590): 	at java.io.FileInputStream.<init>(FileInputStream.java:146)
07-31 07:57:05.585 E/WifiNetworkHistory(  590): 	at java.io.FileInputStream.<init>(FileInputStream.java:99)
07-31 07:57:05.585 E/WifiNetworkHistory(  590): 	at com.android.server.wifi.WifiNetworkHistory.readNetworkHistory(WifiNetworkHistory.java:331)
07-31 07:57:05.585 E/WifiNetworkHistory(  590): 	at com.android.server.wifi.WifiConfigManager.readNetworkHistory(WifiConfigManager.java:1828)
07-31 07:57:05.585 E/WifiNetworkHistory(  590): 	at com.android.server.wifi.WifiConfigManager.loadConfiguredNetworks(WifiConfigManager.java:1658)
07-31 07:57:05.585 E/WifiNetworkHistory(  590): 	at com.android.server.wifi.WifiConfigManager.loadAndEnableAllNetworks(WifiConfigManager.java:429)
07-31 07:57:05.585 E/WifiNetworkHistory(  590): 	at com.android.server.wifi.WifiStateMachine$SupplicantStartingState.processMessage(WifiStateMachine.java:4365)
07-31 07:57:05.585 E/WifiNetworkHistory(  590): 	at com.android.internal.util.StateMachine$SmHandler.processMsg(StateMachine.java:980)
07-31 07:57:05.585 E/WifiNetworkHistory(  590): 	at com.android.internal.util.StateMachine$SmHandler.handleMessage(StateMachine.java:799)
07-31 07:57:05.585 E/WifiNetworkHistory(  590): 	at android.os.Handler.dispatchMessage(Handler.java:102)
07-31 07:57:05.585 E/WifiNetworkHistory(  590): 	at android.os.Looper.loop(Looper.java:154)
07-31 07:57:05.585 E/WifiNetworkHistory(  590): 	at android.os.HandlerThread.run(HandlerThread.java:61)
07-31 07:57:05.585 D/WifiConfigManager(  590): loaded 0 passpoint configs
07-31 07:57:05.585 E/IpConfigStore(  590): Error parsing configuration: java.io.FileNotFoundException: /data/misc/wifi/ipconfig.txt (No such file or directory)
07-31 07:57:05.586 E/wpa_supplicant(  743): Line -1: too long model_name (len=44 max_len=32)
07-31 07:57:05.586 E/wpa_supplicant(  743): Line -1: failed to parse 'model_name=Google Nexus 5X - 7.0.0 - API 24 - 1080x1920'.
07-31 07:57:05.586 E/WifiStateMachine(  590): Failed to set model name Google Nexus 5X - 7.0.0 - API 24 - 1080x1920
07-31 07:57:05.587 E/wpa_supplicant(  743): Line -1: too long model_number (len=44 max_len=32)
07-31 07:57:05.587 E/wpa_supplicant(  743): Line -1: failed to parse 'model_number=Google Nexus 5X - 7.0.0 - API 24 - 1080x1920'.
07-31 07:57:05.587 E/WifiStateMachine(  590): Failed to set model number Google Nexus 5X - 7.0.0 - API 24 - 1080x1920
07-31 07:57:05.588 W/ServiceWatcher(  590): com.google.android.gms not found
07-31 07:57:05.589 D/WifiNative-HAL(  590): Setting external_sim to 1
07-31 07:57:05.589 W/ServiceWatcher(  590): com.google.android.gms not found
07-31 07:57:05.589 W/LocationProviderProxy-network(  590): Odd, no component found for service com.android.location.service.v3.NetworkLocationProvider
07-31 07:57:05.589 D/WifiStateMachine(  590): Setting OUI to DA-A1-19
07-31 07:57:05.591 V/SystemUIService(  713): Starting SystemUI services for user 0.
07-31 07:57:05.593 W/ServiceWatcher(  590): com.google.android.gms not found
07-31 07:57:05.595 I/MediaPlayerService(  334): MediaPlayerService::getOMX
07-31 07:57:05.597 I/WifiConnectivityManager(  590): PNO settings: min5GHzRssi -82 min24GHzRssi -85 currentConnectionBonus 16 sameNetworkBonus 24 secureNetworkBonus 80 initialScoreMax 100
07-31 07:57:05.597 I/WifiConnectivityManager(  590): ConnectivityScanManager initialized 
07-31 07:57:05.597 E/WifiLogger(  590): no ring buffers found
07-31 07:57:05.597 E/WifiLogger(  590): Failed to start packet fate monitoring
07-31 07:57:05.601 W/ServiceWatcher(  590): com.google.android.gms not found
07-31 07:57:05.601 I/OMXClient(  334): MuxOMX ctor
07-31 07:57:05.601 W/GeocoderProxy(  590): Odd, no component found for service com.android.location.service.GeocodeProvider
07-31 07:57:05.601 I/OMXMaster(  247): makeComponentInstance(OMX.google.opus.decoder) in mediacodec process
07-31 07:57:05.601 I/WifiConnectivityManager(  590): Set WiFi enabled
07-31 07:57:05.601 I/WifiConnectivityManager(  590): scheduleWatchdogTimer
07-31 07:57:05.603 W/AlarmManager(  590): Unrecognized alarm listener com.android.server.wifi.WifiConnectivityManager$3@9a8afce
07-31 07:57:05.603 E/WifiScanner(  590): listener cannot be found
07-31 07:57:05.604 E/FlpHardwareProvider(  590): Error hw_get_module 'flp': -2
07-31 07:57:05.604 D/LocationManagerService(  590): FLP HAL not supported
07-31 07:57:05.604 D/WifiNative-HAL(  590): Failing getSupportedFeatureset because HAL isn't started
07-31 07:57:05.604 E/BatteryStatsService(  590): no controller energy info supplied
07-31 07:57:05.605 E/WifiConnectivityManager(  590): SingleScanListener onFailure: reason: -1 description: not available
07-31 07:57:05.608 W/ServiceWatcher(  590): com.google.android.gms not found
07-31 07:57:05.608 D/WifiNative-HAL(  590): Failing getSupportedFeatureset because HAL isn't started
07-31 07:57:05.608 E/BatteryStatsService(  590): no controller energy info supplied
07-31 07:57:05.609 W/GeofenceProxy(  590): Odd, no component found for service com.android.location.service.GeofenceProvider
07-31 07:57:05.610 E/ActivityRecognitionHardware(  590): Error hw_get_module: -2
07-31 07:57:05.611 D/LocationManagerService(  590): Hardware Activity-Recognition not supported.
07-31 07:57:05.611 W/ServiceWatcher(  590): com.google.android.gms not found
07-31 07:57:05.611 W/ActivityRecognitionProxy(  590): Odd, no component found for service com.android.location.service.ActivityRecognitionProvider
07-31 07:57:05.613 I/GnssLocationProvider(  590): WakeLock acquired by sendMessage(2, 1, null)
07-31 07:57:05.615 I/GnssLocationProvider(  590): WakeLock released by handleMessage(13, 0, null)
07-31 07:57:05.618 E/GnssLocationProvider(  590): no AGPS interface in set_agps_server
07-31 07:57:05.619 I/GnssLocationProvider(  590): WakeLock released by handleMessage(2, 1, null)
07-31 07:57:05.619 I/CommonTimeManagementService(  590): No common time service detected on this platform.  Common time services will be unavailable.
07-31 07:57:05.622 I/MmsServiceBroker(  590): Delay connecting to MmsService until an API is called
07-31 07:57:05.623 W/VoiceInteractionManagerService(  590): no available voice interaction services found for user 0
07-31 07:57:05.623 W/VoiceInteractionManagerService(  590): no available voice recognition services found for user 0
07-31 07:57:05.623 I/InputReader(  590): Reconfiguring input devices.  changes=0x00000030
07-31 07:57:05.632 I/MediaPlayerService(  334): MediaPlayerService::getOMX
07-31 07:57:05.633 I/OMXClient(  334): MuxOMX ctor
07-31 07:57:05.633 I/OMXMaster(  247): makeComponentInstance(OMX.google.raw.decoder) in mediacodec process
07-31 07:57:05.633 W/art     (  787): Unexpected CPU variant for X86 using defaults: x86
07-31 07:57:05.633 I/ActivityManager(  590): Start proc 787:com.android.phone/1001 for added application com.android.phone
07-31 07:57:05.634 I/ActivityManager(  590): START u0 {act=android.intent.action.MAIN cat=[android.intent.category.HOME] flg=0x10000100 cmp=com.android.settings/.CryptKeeper} from uid 0 on display 0
07-31 07:57:05.635 I/MediaPlayerService(  334): MediaPlayerService::getOMX
07-31 07:57:05.636 I/OMXClient(  334): MuxOMX ctor
07-31 07:57:05.636 I/OMXMaster(  247): makeComponentInstance(OMX.google.flac.decoder) in mediacodec process
07-31 07:57:05.636 E/OMX     (  247): FAILED to allocate omx component 'OMX.google.flac.decoder' err=InvalidComponentName(0x80001002)
07-31 07:57:05.636 I/MediaPlayerService(  334): MediaPlayerService::getOMX
07-31 07:57:05.637 I/OMXClient(  334): MuxOMX ctor
07-31 07:57:05.637 I/ActivityManager(  590): Loaded persisted task ids for user 0
07-31 07:57:05.637 I/OMXMaster(  247): makeComponentInstance(OMX.google.mp2.decoder) in mediacodec process
07-31 07:57:05.637 E/OMX     (  247): FAILED to allocate omx component 'OMX.google.mp2.decoder' err=InvalidComponentName(0x80001002)
07-31 07:57:05.637 I/MediaPlayerService(  334): MediaPlayerService::getOMX
07-31 07:57:05.638 I/OMXClient(  334): MuxOMX ctor
07-31 07:57:05.638 I/OMXMaster(  247): makeComponentInstance(OMX.google.ac3.decoder) in mediacodec process
07-31 07:57:05.638 E/OMX     (  247): FAILED to allocate omx component 'OMX.google.ac3.decoder' err=InvalidComponentName(0x80001002)
07-31 07:57:05.638 I/MediaPlayerService(  334): MediaPlayerService::getOMX
07-31 07:57:05.639 I/OMXClient(  334): MuxOMX ctor
07-31 07:57:05.639 I/OMXMaster(  247): makeComponentInstance(OMX.ffmpeg.pcm.decoder) in mediacodec process
07-31 07:57:05.642 E/linker  (  247): library /system/lib/libavcodec.so with text relocation is whitelisted
07-31 07:57:05.642 W/linker  (  247): /system/lib/libavcodec.so has text relocations. This is wasting memory and prevents security hardening. Please fix.
07-31 07:57:05.642 E/linker  (  247): library /system/lib/libavcodec.so with text relocation is whitelisted
07-31 07:57:05.644 E/linker  (  247): library /system/lib/libswresample.so with text relocation is whitelisted
07-31 07:57:05.644 W/linker  (  247): /system/lib/libswresample.so has text relocations. This is wasting memory and prevents security hardening. Please fix.
07-31 07:57:05.644 E/linker  (  247): library /system/lib/libswresample.so with text relocation is whitelisted
07-31 07:57:05.646 W/art     (  800): Unexpected CPU variant for X86 using defaults: x86
07-31 07:57:05.650 I/ActivityManager(  590): Start proc 800:com.android.settings:CryptKeeper/1000 for activity com.android.settings/.CryptKeeper
07-31 07:57:05.652 I/SystemServer(  590): Enabled StrictMode for system server main thread.
07-31 07:57:05.655 W/LocationProviderProxy-network(  590): Odd, no component found for service com.android.location.service.v3.NetworkLocationProvider
07-31 07:57:05.656 W/GeocoderProxy(  590): Odd, no component found for service com.android.location.service.GeocodeProvider
07-31 07:57:05.656 W/GeofenceProxy(  590): Odd, no component found for service com.android.location.service.GeofenceProvider
07-31 07:57:05.656 W/ActivityRecognitionProxy(  590): Odd, no component found for service com.android.location.service.ActivityRecognitionProvider
07-31 07:57:05.656 W/ContextImpl(  590): Calling a method in the system process without a qualified user: android.app.ContextImpl.startService:1385 com.android.server.content.SyncManager$13.run:631 android.os.Handler.handleCallback:751 android.os.Handler.dispatchMessage:95 android.os.Looper.loop:154 
07-31 07:57:05.657 W/InputAttributes(  676): No editor info for this field. Bug?
07-31 07:57:05.659 D/ConditionProviders.SCP(  590): onConnected
07-31 07:57:05.663 V/MediaRouter(  713): Adding route: RouteInfo{ name=Phone, description=null, status=null, category=RouteCategory{ name=null types=ROUTE_TYPE_LIVE_AUDIO ROUTE_TYPE_LIVE_VIDEO  groupable=false }, supportedTypes=ROUTE_TYPE_LIVE_AUDIO ROUTE_TYPE_LIVE_VIDEO , presentationDisplay=null }
07-31 07:57:05.668 W/System  (  800): ClassLoader referenced unknown path: /system/priv-app/Settings/lib/x86
07-31 07:57:05.669 I/LatinIME:LogUtils(  676): Dictionary info: dictionary = userunigram.en_US ; version = 1501487825 ; date = ?
07-31 07:57:05.670 V/MediaRouter(  713): Updating audio routes: AudioRoutesInfo{ type=SPEAKER }
07-31 07:57:05.671 E/ActivityThread(  676): Failed to find provider info for user_dictionary
07-31 07:57:05.671 V/MediaRouter(  713): Selecting route: RouteInfo{ name=Phone, description=null, status=null, category=RouteCategory{ name=null types=ROUTE_TYPE_LIVE_AUDIO ROUTE_TYPE_LIVE_VIDEO  groupable=false }, supportedTypes=ROUTE_TYPE_LIVE_AUDIO ROUTE_TYPE_LIVE_VIDEO , presentationDisplay=null }
07-31 07:57:05.671 D/RttService(  590): SCAN_AVAILABLE : 1
07-31 07:57:05.671 D/RttService(  590): DefaultState got{ when=0 what=160513 target=com.android.internal.util.StateMachine$SmHandler }
07-31 07:57:05.671 D/ZenLog  (  590): set_zen_mode: off,cleanUpZenRules
07-31 07:57:05.672 I/WifiScanningService(  590): wifi driver unloaded
07-31 07:57:05.673 D/ConditionProviders(  590): Subscribing to condition://android/schedule?days=1.2.3.4.5&start=22.0&end=7.0&exitAtAlarm=false with ComponentInfo{android/com.android.server.notification.ScheduleConditionProvider}
07-31 07:57:05.673 D/ZenLog  (  590): subscribe: condition://android/schedule?days=1.2.3.4.5&start=22.0&end=7.0&exitAtAlarm=false,ok
07-31 07:57:05.673 D/ConditionProviders(  590): Subscribing to condition://android/schedule?days=6.7&start=23.30&end=10.0&exitAtAlarm=false with ComponentInfo{android/com.android.server.notification.ScheduleConditionProvider}
07-31 07:57:05.673 D/ZenLog  (  590): subscribe: condition://android/schedule?days=6.7&start=23.30&end=10.0&exitAtAlarm=false,ok
07-31 07:57:05.673 D/ConditionProviders(  590): Subscribing to condition://android/event?userId=-10000&calendar=&reply=1 with ComponentInfo{android/com.android.server.notification.EventConditionProvider}
07-31 07:57:05.673 D/ZenLog  (  590): subscribe: condition://android/event?userId=-10000&calendar=&reply=1,ok
07-31 07:57:05.674 W/System  (  787): ClassLoader referenced unknown path: /system/priv-app/TeleService/lib/x86
07-31 07:57:05.674 W/System  (  590): ClassLoader referenced unknown path: /system/priv-app/Telecom/lib/x86
07-31 07:57:05.680 I/LatinIME:LogUtils(  676): Dictionary info: dictionary = UserHistoryDictionary.en_US ; version = 1501487825 ; date = ?
07-31 07:57:05.686 D/SoftFFmpegAudio(  247): SoftFFmpegAudio component: OMX.ffmpeg.pcm.decoder mMode: 12
07-31 07:57:05.691 V/SoftFFmpegAudio(  247): ~SoftFFmpegAudio
07-31 07:57:05.693 I/MediaPlayerService(  334): MediaPlayerService::getOMX
07-31 07:57:05.693 I/OMXClient(  334): MuxOMX ctor
07-31 07:57:05.693 I/OMXMaster(  247): makeComponentInstance(OMX.google.h263.decoder) in mediacodec process
07-31 07:57:05.693 V/FingerprintManager(  713): FingerprintManagerService was null
07-31 07:57:05.718 W/FingerprintManager(  713): isFingerprintHardwareDetected(): Service not connected!
07-31 07:57:05.718 W/FingerprintManager(  713): addLockoutResetCallback(): Service not connected!
07-31 07:57:05.754 I/BinaryDictionaryFileDumper(  676): reinitializeClientRecordInDictionaryContentProvider() : MetadataFileUri = 
07-31 07:57:05.764 E/OMXNodeInstance(  247): getExtensionIndex(f7000c:google.h263.decoder, OMX.google.android.index.configureVideoTunnelMode) ERROR: UnsupportedIndex(0x8000101a)
07-31 07:57:05.765 W/OMXNodeInstance(  247): [f7000c:google.h263.decoder] component does not support metadata mode; using fallback
07-31 07:57:05.777 E/BluetoothAdapter(  590): Bluetooth binder is null
07-31 07:57:05.777 I/MediaPlayerService(  334): MediaPlayerService::getOMX
07-31 07:57:05.781 I/OMXClient(  334): MuxOMX ctor
07-31 07:57:05.783 I/OMXMaster(  247): makeComponentInstance(OMX.google.h264.decoder) in mediacodec process
07-31 07:57:05.789 W/art     (  590): Suspending all threads took: 8.110ms
07-31 07:57:05.807 W/System  (  787): ClassLoader referenced unknown path: /system/priv-app/TelephonyProvider/lib/x86
07-31 07:57:05.811 I/art     (  590): Background sticky concurrent mark sweep GC freed 69297(3MB) AllocSpace objects, 17(384KB) LOS objects, 29% free, 11MB/16MB, paused 12.828ms total 103.849ms
07-31 07:57:05.822 E/WVMExtractor(  713): Failed to open libwvm.so: dlopen failed: library "libwvm.so" not found
07-31 07:57:05.827 D/CryptKeeper(  800): Disabling component ComponentInfo{com.android.settings/com.android.settings.CryptKeeper}
07-31 07:57:05.830 I/Telecom (  590): SystemStateProvider: Registering car mode receiver: android.content.IntentFilter@392c7b: TS.init@AAA
07-31 07:57:05.863 I/Telecom (  590): Telecom: Non-call EVENT: AUDIO_ROUTE, Entering state QuiescentEarpieceRoute
07-31 07:57:05.870 I/Telecom (  590): CallAudioModeStateMachine: Message received: null.: TS.init->CAMSM.pM_1@AAA_0
07-31 07:57:05.895 I/ActivityManager(  590): START u0 {act=android.intent.action.MAIN cat=[android.intent.category.HOME] flg=0x10000100 cmp=com.android.settings/.FallbackHome} from uid 0 on display 0
07-31 07:57:05.907 V/FFmpegExtractor(  249): SniffFFMPEG
07-31 07:57:05.907 I/FFmpegExtractor(  249): android-source:0xef5dca00
07-31 07:57:05.907 D/FFMPEG  (  249): android source begin open
07-31 07:57:05.907 D/FFMPEG  (  249): android open, url: android-source:0xef5dca00
07-31 07:57:05.907 D/FFMPEG  (  249): ffmpeg open android data source success, source ptr: 0xef5dca00
07-31 07:57:05.907 D/FFMPEG  (  249): android source open success
07-31 07:57:05.924 W/ACodec  (  334): [OMX.google.h264.decoder] stopping checking profiles after 32: 2/8000
07-31 07:57:05.932 E/OMXNodeInstance(  247): getExtensionIndex(f7000d:google.h264.decoder, OMX.google.android.index.configureVideoTunnelMode) ERROR: UnsupportedIndex(0x8000101a)
07-31 07:57:05.933 W/OMXNodeInstance(  247): [f7000d:google.h264.decoder] component does not support metadata mode; using fallback
07-31 07:57:05.944 I/FFMPEG  (  249): Input #0, ogg, from 'android-source:0xef5dca00':
07-31 07:57:05.944 I/FFMPEG  (  249):   Duration: 00:00:00.23, start: 0.000000, bitrate: 293 kb/s
07-31 07:57:05.944 I/FFMPEG  (  249):     Stream #0:0: Audio: vorbis, 44100 Hz, stereo, fltp, 160 kb/s
