07-31 03:57:18.658 V/FFmpegExtractor(  249): format_names[07]: swf
07-31 03:57:18.658 V/FFmpegExtractor(  249): format_names[08]: avi
07-31 03:57:18.658 V/FFmpegExtractor(  249): format_names[09]: ape
07-31 03:57:18.658 V/FFmpegExtractor(  249): format_names[10]: dts
07-31 03:57:18.658 V/FFmpegExtractor(  249): format_names[11]: flac
07-31 03:57:18.658 V/FFmpegExtractor(  249): format_names[12]: ac3
07-31 03:57:18.658 V/FFmpegExtractor(  249): format_names[13]: wav
07-31 03:57:18.658 V/FFmpegExtractor(  249): format_names[14]: ogg
07-31 03:57:18.658 V/FFmpegExtractor(  249): format_names[15]: vc1
07-31 03:57:18.658 V/FFmpegExtractor(  249): format_names[16]: hevc
07-31 03:57:18.658 I/FFmpegExtractor(  249): ========================================
07-31 03:57:18.658 I/FFmpegExtractor(  249): adjust mime(application/ogg -> audio/vorbis)
07-31 03:57:18.658 D/FFmpegExtractor(  249): suppoted codec(vorbis) by official Stagefright
07-31 03:57:18.658 D/FFMPEG  (  249): android source close
07-31 03:57:18.658 I/FFmpegExtractor(  249): sniff through BetterSniffFFMPEG success
07-31 03:57:18.658 D/FFmpegExtractor(  249): ffmpeg detected media content as 'audio/vorbis' with confidence 0.08
07-31 03:57:18.667 V/FFmpegExtractor(  249): SniffFFMPEG
07-31 03:57:18.667 I/FFmpegExtractor(  249): android-source:0xec8cfa00
07-31 03:57:18.668 D/FFMPEG  (  249): android source begin open
07-31 03:57:18.668 D/FFMPEG  (  249): android open, url: android-source:0xec8cfa00
07-31 03:57:18.668 D/FFMPEG  (  249): ffmpeg open android data source success, source ptr: 0xec8cfa00
07-31 03:57:18.668 D/FFMPEG  (  249): android source open success
07-31 03:57:18.669 I/FFMPEG  (  249): Input #0, ogg, from 'android-source:0xec8cfa00':
07-31 03:57:18.669 I/FFMPEG  (  249):   Duration: 00:00:00.89, start: 0.000000, bitrate: 98 kb/s
07-31 03:57:18.669 I/FFMPEG  (  249):     Stream #0:0: Audio: vorbis, 44100 Hz, mono, fltp, 75 kb/s
07-31 03:57:18.669 I/FFMPEG  (  249):     Metadata:
07-31 03:57:18.669 I/FFMPEG  (  249):       COPYRIGHT       : Copyright (c) 2009 Android Open Source Project
07-31 03:57:18.670 I/FFMPEG  (  249):       TITLE           : Cricket
07-31 03:57:18.670 I/FFMPEG  (  249):       ARTIST          : Dave Sparks
07-31 03:57:18.670 I/FFmpegExtractor(  249): FFmpegExtrator, url: android-source:0xec8cfa00, format_name: ogg, format_long_name: Ogg
07-31 03:57:18.670 I/FFmpegExtractor(  249): list the formats suppoted by ffmpeg: 
07-31 03:57:18.670 I/FFmpegExtractor(  249): ========================================
07-31 03:57:18.670 V/FFmpegExtractor(  249): format_names[00]: mpeg
07-31 03:57:18.670 V/FFmpegExtractor(  249): format_names[01]: mpegts
07-31 03:57:18.670 V/FFmpegExtractor(  249): format_names[02]: mov,mp4,m4a,3gp,3g2,mj2
07-31 03:57:18.670 V/FFmpegExtractor(  249): format_names[03]: matroska,webm
07-31 03:57:18.670 V/FFmpegExtractor(  249): format_names[04]: asf
07-31 03:57:18.670 V/FFmpegExtractor(  249): format_names[05]: rm
07-31 03:57:18.670 V/FFmpegExtractor(  249): format_names[06]: flv
07-31 03:57:18.670 V/FFmpegExtractor(  249): format_names[07]: swf
07-31 03:57:18.670 V/FFmpegExtractor(  249): format_names[08]: avi
07-31 03:57:18.670 V/FFmpegExtractor(  249): format_names[09]: ape
07-31 03:57:18.670 V/FFmpegExtractor(  249): format_names[10]: dts
07-31 03:57:18.670 V/FFmpegExtractor(  249): format_names[11]: flac
07-31 03:57:18.670 V/FFmpegExtractor(  249): format_names[12]: ac3
07-31 03:57:18.670 V/FFmpegExtractor(  249): format_names[13]: wav
07-31 03:57:18.670 V/FFmpegExtractor(  249): format_names[14]: ogg
07-31 03:57:18.670 V/FFmpegExtractor(  249): format_names[15]: vc1
07-31 03:57:18.670 V/FFmpegExtractor(  249): format_names[16]: hevc
07-31 03:57:18.670 I/FFmpegExtractor(  249): ========================================
07-31 03:57:18.670 I/FFmpegExtractor(  249): adjust mime(application/ogg -> audio/vorbis)
07-31 03:57:18.670 D/FFmpegExtractor(  249): suppoted codec(vorbis) by official Stagefright
07-31 03:57:18.670 D/FFMPEG  (  249): android source close
07-31 03:57:18.670 I/FFmpegExtractor(  249): sniff through BetterSniffFFMPEG success
07-31 03:57:18.670 D/FFmpegExtractor(  249): ffmpeg detected media content as 'audio/vorbis' with confidence 0.08
07-31 03:57:18.679 V/FFmpegExtractor(  249): SniffFFMPEG
07-31 03:57:18.679 I/FFmpegExtractor(  249): android-source:0xec5de000
07-31 03:57:18.679 D/FFMPEG  (  249): android source begin open
07-31 03:57:18.679 D/FFMPEG  (  249): android open, url: android-source:0xec5de000
07-31 03:57:18.679 D/FFMPEG  (  249): ffmpeg open android data source success, source ptr: 0xec5de000
07-31 03:57:18.679 D/FFMPEG  (  249): android source open success
07-31 03:57:18.681 I/FFMPEG  (  249): Input #0, ogg, from 'android-source:0xec5de000':
07-31 03:57:18.681 I/FFMPEG  (  249):   Duration: 00:00:01.92, start: 0.000000, bitrate: 77 kb/s
07-31 03:57:18.681 I/FFMPEG  (  249):     Stream #0:0: Audio: vorbis, 44100 Hz, mono, fltp, 80 kb/s
07-31 03:57:18.681 I/FFMPEG  (  249):     Metadata:
07-31 03:57:18.681 I/FFMPEG  (  249):       ARTIST          : Dr. MAD
07-31 03:57:18.681 I/FFMPEG  (  249):       TITLE           : Dear Deer
07-31 03:57:18.681 I/FFmpegExtractor(  249): FFmpegExtrator, url: android-source:0xec5de000, format_name: ogg, format_long_name: Ogg
07-31 03:57:18.681 I/FFmpegExtractor(  249): list the formats suppoted by ffmpeg: 
07-31 03:57:18.681 I/FFmpegExtractor(  249): ========================================
07-31 03:57:18.681 V/FFmpegExtractor(  249): format_names[00]: mpeg
07-31 03:57:18.681 V/FFmpegExtractor(  249): format_names[01]: mpegts
07-31 03:57:18.681 V/FFmpegExtractor(  249): format_names[02]: mov,mp4,m4a,3gp,3g2,mj2
07-31 03:57:18.681 V/FFmpegExtractor(  249): format_names[03]: matroska,webm
07-31 03:57:18.681 V/FFmpegExtractor(  249): format_names[04]: asf
07-31 03:57:18.681 V/FFmpegExtractor(  249): format_names[05]: rm
07-31 03:57:18.681 V/FFmpegExtractor(  249): format_names[06]: flv
07-31 03:57:18.681 V/FFmpegExtractor(  249): format_names[07]: swf
07-31 03:57:18.681 V/FFmpegExtractor(  249): format_names[08]: avi
07-31 03:57:18.681 V/FFmpegExtractor(  249): format_names[09]: ape
07-31 03:57:18.681 V/FFmpegExtractor(  249): format_names[10]: dts
07-31 03:57:18.681 V/FFmpegExtractor(  249): format_names[11]: flac
07-31 03:57:18.681 V/FFmpegExtractor(  249): format_names[12]: ac3
07-31 03:57:18.681 V/FFmpegExtractor(  249): format_names[13]: wav
07-31 03:57:18.681 V/FFmpegExtractor(  249): format_names[14]: ogg
07-31 03:57:18.681 V/FFmpegExtractor(  249): format_names[15]: vc1
07-31 03:57:18.681 V/FFmpegExtractor(  249): format_names[16]: hevc
07-31 03:57:18.681 I/FFmpegExtractor(  249): ========================================
07-31 03:57:18.681 I/FFmpegExtractor(  249): adjust mime(application/ogg -> audio/vorbis)
07-31 03:57:18.681 D/FFmpegExtractor(  249): suppoted codec(vorbis) by official Stagefright
07-31 03:57:18.681 D/FFMPEG  (  249): android source close
07-31 03:57:18.681 I/FFmpegExtractor(  249): sniff through BetterSniffFFMPEG success
07-31 03:57:18.681 D/FFmpegExtractor(  249): ffmpeg detected media content as 'audio/vorbis' with confidence 0.08
07-31 03:57:18.689 V/FFmpegExtractor(  249): SniffFFMPEG
07-31 03:57:18.689 I/FFmpegExtractor(  249): android-source:0xef5e3800
07-31 03:57:18.689 D/FFMPEG  (  249): android source begin open
07-31 03:57:18.689 D/FFMPEG  (  249): android open, url: android-source:0xef5e3800
07-31 03:57:18.689 D/FFMPEG  (  249): ffmpeg open android data source success, source ptr: 0xef5e3800
07-31 03:57:18.689 D/FFMPEG  (  249): android source open success
07-31 03:57:18.692 I/FFMPEG  (  249): Input #0, ogg, from 'android-source:0xef5e3800':
07-31 03:57:18.692 I/FFMPEG  (  249):   Duration: 00:00:01.67, start: 0.000000, bitrate: 69 kb/s
07-31 03:57:18.692 I/FFMPEG  (  249):     Stream #0:0: Audio: vorbis, 44100 Hz, mono, fltp, 80 kb/s
07-31 03:57:18.692 I/FFMPEG  (  249):     Metadata:
07-31 03:57:18.692 I/FFMPEG  (  249):       ANDROID_LOOP    : false
07-31 03:57:18.692 I/FFMPEG  (  249):       track           : 2d209c
07-31 03:57:18.692 I/FFMPEG  (  249):       TITLE           : Deneb
07-31 03:57:18.692 I/FFMPEG  (  249):       ARTIST          : pdx
07-31 03:57:18.692 I/FFmpegExtractor(  249): FFmpegExtrator, url: android-source:0xef5e3800, format_name: ogg, format_long_name: Ogg
07-31 03:57:18.692 I/FFmpegExtractor(  249): list the formats suppoted by ffmpeg: 
07-31 03:57:18.692 I/FFmpegExtractor(  249): ========================================
07-31 03:57:18.692 V/FFmpegExtractor(  249): format_names[00]: mpeg
07-31 03:57:18.692 V/FFmpegExtractor(  249): format_names[01]: mpegts
07-31 03:57:18.692 V/FFmpegExtractor(  249): format_names[02]: mov,mp4,m4a,3gp,3g2,mj2
07-31 03:57:18.692 V/FFmpegExtractor(  249): format_names[03]: matroska,webm
07-31 03:57:18.692 V/FFmpegExtractor(  249): format_names[04]: asf
07-31 03:57:18.692 V/FFmpegExtractor(  249): format_names[05]: rm
07-31 03:57:18.692 V/FFmpegExtractor(  249): format_names[06]: flv
07-31 03:57:18.692 V/FFmpegExtractor(  249): format_names[07]: swf
07-31 03:57:18.692 V/FFmpegExtractor(  249): format_names[08]: avi
07-31 03:57:18.692 V/FFmpegExtractor(  249): format_names[09]: ape
07-31 03:57:18.692 V/FFmpegExtractor(  249): format_names[10]: dts
07-31 03:57:18.692 V/FFmpegExtractor(  249): format_names[11]: flac
07-31 03:57:18.692 V/FFmpegExtractor(  249): format_names[12]: ac3
07-31 03:57:18.692 V/FFmpegExtractor(  249): format_names[13]: wav
07-31 03:57:18.692 V/FFmpegExtractor(  249): format_names[14]: ogg
07-31 03:57:18.692 V/FFmpegExtractor(  249): format_names[15]: vc1
07-31 03:57:18.692 V/FFmpegExtractor(  249): format_names[16]: hevc
07-31 03:57:18.692 I/FFmpegExtractor(  249): ========================================
07-31 03:57:18.692 I/FFmpegExtractor(  249): adjust mime(application/ogg -> audio/vorbis)
07-31 03:57:18.692 D/FFmpegExtractor(  249): suppoted codec(vorbis) by official Stagefright
07-31 03:57:18.692 D/FFMPEG  (  249): android source close
07-31 03:57:18.692 I/FFmpegExtractor(  249): sniff through BetterSniffFFMPEG success
07-31 03:57:18.692 D/FFmpegExtractor(  249): ffmpeg detected media content as 'audio/vorbis' with confidence 0.08
07-31 03:57:18.698 V/FFmpegExtractor(  249): SniffFFMPEG
07-31 03:57:18.698 I/FFmpegExtractor(  249): android-source:0xef5dc000
07-31 03:57:18.698 D/FFMPEG  (  249): android source begin open
07-31 03:57:18.698 D/FFMPEG  (  249): android open, url: android-source:0xef5dc000
07-31 03:57:18.698 D/FFMPEG  (  249): ffmpeg open android data source success, source ptr: 0xef5dc000
07-31 03:57:18.698 D/FFMPEG  (  249): android source open success
07-31 03:57:18.700 I/FFMPEG  (  249): Input #0, ogg, from 'android-source:0xef5dc000':
07-31 03:57:18.700 I/FFMPEG  (  249):   Duration: 00:00:00.36, start: 0.000000, bitrate: 197 kb/s
07-31 03:57:18.700 I/FFMPEG  (  249):     Stream #0:0: Audio: vorbis, 44100 Hz, mono, fltp, 75 kb/s
07-31 03:57:18.700 I/FFMPEG  (  249):     Metadata:
07-31 03:57:18.700 I/FFMPEG  (  249):       COPYRIGHT       : Copyright (c) 2009 Android Open Source Project
07-31 03:57:18.700 I/FFMPEG  (  249):       TITLE           : Doink
07-31 03:57:18.700 I/FFMPEG  (  249):       ARTIST          : Dave Sparks
07-31 03:57:18.700 I/FFmpegExtractor(  249): FFmpegExtrator, url: android-source:0xef5dc000, format_name: ogg, format_long_name: Ogg
07-31 03:57:18.700 I/FFmpegExtractor(  249): list the formats suppoted by ffmpeg: 
07-31 03:57:18.700 I/FFmpegExtractor(  249): ========================================
07-31 03:57:18.700 V/FFmpegExtractor(  249): format_names[00]: mpeg
07-31 03:57:18.700 V/FFmpegExtractor(  249): format_names[01]: mpegts
07-31 03:57:18.700 V/FFmpegExtractor(  249): format_names[02]: mov,mp4,m4a,3gp,3g2,mj2
07-31 03:57:18.700 V/FFmpegExtractor(  249): format_names[03]: matroska,webm
07-31 03:57:18.700 V/FFmpegExtractor(  249): format_names[04]: asf
07-31 03:57:18.700 V/FFmpegExtractor(  249): format_names[05]: rm
07-31 03:57:18.700 V/FFmpegExtractor(  249): format_names[06]: flv
07-31 03:57:18.700 V/FFmpegExtractor(  249): format_names[07]: swf
07-31 03:57:18.700 V/FFmpegExtractor(  249): format_names[08]: avi
07-31 03:57:18.700 V/FFmpegExtractor(  249): format_names[09]: ape
07-31 03:57:18.700 V/FFmpegExtractor(  249): format_names[10]: dts
07-31 03:57:18.700 V/FFmpegExtractor(  249): format_names[11]: flac
07-31 03:57:18.700 V/FFmpegExtractor(  249): format_names[12]: ac3
07-31 03:57:18.700 V/FFmpegExtractor(  249): format_names[13]: wav
07-31 03:57:18.700 V/FFmpegExtractor(  249): format_names[14]: ogg
07-31 03:57:18.700 V/FFmpegExtractor(  249): format_names[15]: vc1
07-31 03:57:18.700 V/FFmpegExtractor(  249): format_names[16]: hevc
07-31 03:57:18.700 I/FFmpegExtractor(  249): ========================================
07-31 03:57:18.700 I/FFmpegExtractor(  249): adjust mime(application/ogg -> audio/vorbis)
07-31 03:57:18.700 D/FFmpegExtractor(  249): suppoted codec(vorbis) by official Stagefright
07-31 03:57:18.700 D/FFMPEG  (  249): android source close
07-31 03:57:18.700 I/FFmpegExtractor(  249): sniff through BetterSniffFFMPEG success
07-31 03:57:18.700 D/FFmpegExtractor(  249): ffmpeg detected media content as 'audio/vorbis' with confidence 0.08
07-31 03:57:18.708 V/FFmpegExtractor(  249): SniffFFMPEG
07-31 03:57:18.708 I/FFmpegExtractor(  249): android-source:0xec8cfa00
07-31 03:57:18.708 D/FFMPEG  (  249): android source begin open
07-31 03:57:18.708 D/FFMPEG  (  249): android open, url: android-source:0xec8cfa00
07-31 03:57:18.709 D/FFMPEG  (  249): ffmpeg open android data source success, source ptr: 0xec8cfa00
07-31 03:57:18.709 D/FFMPEG  (  249): android source open success
07-31 03:57:18.711 I/FFMPEG  (  249): Input #0, ogg, from 'android-source:0xec8cfa00':
07-31 03:57:18.711 I/FFMPEG  (  249):   Duration: 00:00:01.92, start: 0.000000, bitrate: 70 kb/s
07-31 03:57:18.711 I/FFMPEG  (  249):     Stream #0:0: Audio: vorbis, 44100 Hz, mono, fltp, 80 kb/s
07-31 03:57:18.711 I/FFMPEG  (  249):     Metadata:
07-31 03:57:18.711 I/FFMPEG  (  249):       ARTIST          : Dr. MAD
07-31 03:57:18.711 I/FFMPEG  (  249):       TITLE           : Don't Panic
07-31 03:57:18.711 I/FFmpegExtractor(  249): FFmpegExtrator, url: android-source:0xec8cfa00, format_name: ogg, format_long_name: Ogg
07-31 03:57:18.711 I/FFmpegExtractor(  249): list the formats suppoted by ffmpeg: 
07-31 03:57:18.711 I/FFmpegExtractor(  249): ========================================
07-31 03:57:18.711 V/FFmpegExtractor(  249): format_names[00]: mpeg
07-31 03:57:18.711 V/FFmpegExtractor(  249): format_names[01]: mpegts
07-31 03:57:18.711 V/FFmpegExtractor(  249): format_names[02]: mov,mp4,m4a,3gp,3g2,mj2
07-31 03:57:18.711 V/FFmpegExtractor(  249): format_names[03]: matroska,webm
07-31 03:57:18.711 V/FFmpegExtractor(  249): format_names[04]: asf
07-31 03:57:18.711 V/FFmpegExtractor(  249): format_names[05]: rm
07-31 03:57:18.711 V/FFmpegExtractor(  249): format_names[06]: flv
07-31 03:57:18.711 V/FFmpegExtractor(  249): format_names[07]: swf
07-31 03:57:18.711 V/FFmpegExtractor(  249): format_names[08]: avi
07-31 03:57:18.711 V/FFmpegExtractor(  249): format_names[09]: ape
07-31 03:57:18.711 V/FFmpegExtractor(  249): format_names[10]: dts
07-31 03:57:18.711 V/FFmpegExtractor(  249): format_names[11]: flac
07-31 03:57:18.711 V/FFmpegExtractor(  249): format_names[12]: ac3
07-31 03:57:18.711 V/FFmpegExtractor(  249): format_names[13]: wav
07-31 03:57:18.711 V/FFmpegExtractor(  249): format_names[14]: ogg
07-31 03:57:18.711 V/FFmpegExtractor(  249): format_names[15]: vc1
07-31 03:57:18.711 V/FFmpegExtractor(  249): format_names[16]: hevc
07-31 03:57:18.711 I/FFmpegExtractor(  249): ========================================
07-31 03:57:18.711 I/FFmpegExtractor(  249): adjust mime(application/ogg -> audio/vorbis)
07-31 03:57:18.711 D/FFmpegExtractor(  249): suppoted codec(vorbis) by official Stagefright
07-31 03:57:18.711 D/FFMPEG  (  249): android source close
07-31 03:57:18.711 I/FFmpegExtractor(  249): sniff through BetterSniffFFMPEG success
07-31 03:57:18.711 D/FFmpegExtractor(  249): ffmpeg detected media content as 'audio/vorbis' with confidence 0.08
07-31 03:57:18.720 V/FFmpegExtractor(  249): SniffFFMPEG
07-31 03:57:18.720 I/FFmpegExtractor(  249): android-source:0xec5de000
07-31 03:57:18.720 D/FFMPEG  (  249): android source begin open
07-31 03:57:18.720 D/FFMPEG  (  249): android open, url: android-source:0xec5de000
07-31 03:57:18.720 D/FFMPEG  (  249): ffmpeg open android data source success, source ptr: 0xec5de000
07-31 03:57:18.720 D/FFMPEG  (  249): android source open success
07-31 03:57:18.721 I/FFMPEG  (  249): Input #0, ogg, from 'android-source:0xec5de000':
07-31 03:57:18.721 I/FFMPEG  (  249):   Duration: 00:00:01.24, start: 0.000000, bitrate: 85 kb/s
07-31 03:57:18.721 I/FFMPEG  (  249):     Stream #0:0: Audio: vorbis, 44100 Hz, mono, fltp, 75 kb/s
07-31 03:57:18.722 I/FFMPEG  (  249):     Metadata:
07-31 03:57:18.722 I/FFMPEG  (  249):       COPYRIGHT       : Copyright (c) 2009 Android Open Source Project
07-31 03:57:18.722 I/FFMPEG  (  249):       TITLE           : Drip
07-31 03:57:18.722 I/FFMPEG  (  249):       ARTIST          : Dave Sparks
07-31 03:57:18.722 I/FFmpegExtractor(  249): FFmpegExtrator, url: android-source:0xec5de000, format_name: ogg, format_long_name: Ogg
07-31 03:57:18.722 I/FFmpegExtractor(  249): list the formats suppoted by ffmpeg: 
07-31 03:57:18.722 I/FFmpegExtractor(  249): ========================================
07-31 03:57:18.722 V/FFmpegExtractor(  249): format_names[00]: mpeg
07-31 03:57:18.722 V/FFmpegExtractor(  249): format_names[01]: mpegts
07-31 03:57:18.722 V/FFmpegExtractor(  249): format_names[02]: mov,mp4,m4a,3gp,3g2,mj2
07-31 03:57:18.722 V/FFmpegExtractor(  249): format_names[03]: matroska,webm
07-31 03:57:18.722 V/FFmpegExtractor(  249): format_names[04]: asf
07-31 03:57:18.722 V/FFmpegExtractor(  249): format_names[05]: rm
07-31 03:57:18.722 V/FFmpegExtractor(  249): format_names[06]: flv
07-31 03:57:18.722 V/FFmpegExtractor(  249): format_names[07]: swf
07-31 03:57:18.722 V/FFmpegExtractor(  249): format_names[08]: avi
07-31 03:57:18.722 V/FFmpegExtractor(  249): format_names[09]: ape
07-31 03:57:18.722 V/FFmpegExtractor(  249): format_names[10]: dts
07-31 03:57:18.722 V/FFmpegExtractor(  249): format_names[11]: flac
07-31 03:57:18.722 V/FFmpegExtractor(  249): format_names[12]: ac3
07-31 03:57:18.722 V/FFmpegExtractor(  249): format_names[13]: wav
07-31 03:57:18.722 V/FFmpegExtractor(  249): format_names[14]: ogg
07-31 03:57:18.722 V/FFmpegExtractor(  249): format_names[15]: vc1
07-31 03:57:18.722 V/FFmpegExtractor(  249): format_names[16]: hevc
07-31 03:57:18.722 I/FFmpegExtractor(  249): ========================================
07-31 03:57:18.722 I/FFmpegExtractor(  249): adjust mime(application/ogg -> audio/vorbis)
07-31 03:57:18.722 D/FFmpegExtractor(  249): suppoted codec(vorbis) by official Stagefright
07-31 03:57:18.722 D/FFMPEG  (  249): android source close
07-31 03:57:18.722 I/FFmpegExtractor(  249): sniff through BetterSniffFFMPEG success
07-31 03:57:18.722 D/FFmpegExtractor(  249): ffmpeg detected media content as 'audio/vorbis' with confidence 0.08
07-31 03:57:18.730 V/FFmpegExtractor(  249): SniffFFMPEG
07-31 03:57:18.730 I/FFmpegExtractor(  249): android-source:0xef5e3800
07-31 03:57:18.730 D/FFMPEG  (  249): android source begin open
07-31 03:57:18.730 D/FFMPEG  (  249): android open, url: android-source:0xef5e3800
07-31 03:57:18.730 D/FFMPEG  (  249): ffmpeg open android data source success, source ptr: 0xef5e3800
07-31 03:57:18.730 D/FFMPEG  (  249): android source open success
07-31 03:57:18.732 I/FFMPEG  (  249): Input #0, ogg, from 'android-source:0xef5e3800':
07-31 03:57:18.732 I/FFMPEG  (  249):   Duration: 00:00:02.09, start: 0.000000, bitrate: 58 kb/s
07-31 03:57:18.732 I/FFMPEG  (  249):     Stream #0:0: Audio: vorbis, 44100 Hz, mono, fltp, 80 kb/s
07-31 03:57:18.732 I/FFMPEG  (  249):     Metadata:
07-31 03:57:18.732 I/FFMPEG  (  249):       ANDROID_LOOP    : false
07-31 03:57:18.732 I/FFMPEG  (  249):       track           : 2d206a
07-31 03:57:18.732 I/FFMPEG  (  249):       TITLE           : Electra
07-31 03:57:18.732 I/FFMPEG  (  249):       ARTIST          : pdx
07-31 03:57:18.732 I/FFmpegExtractor(  249): FFmpegExtrator, url: android-source:0xef5e3800, format_name: ogg, format_long_name: Ogg
07-31 03:57:18.732 I/FFmpegExtractor(  249): list the formats suppoted by ffmpeg: 
07-31 03:57:18.732 I/FFmpegExtractor(  249): ========================================
07-31 03:57:18.732 V/FFmpegExtractor(  249): format_names[00]: mpeg
07-31 03:57:18.732 V/FFmpegExtractor(  249): format_names[01]: mpegts
07-31 03:57:18.732 V/FFmpegExtractor(  249): format_names[02]: mov,mp4,m4a,3gp,3g2,mj2
07-31 03:57:18.732 V/FFmpegExtractor(  249): format_names[03]: matroska,webm
07-31 03:57:18.732 V/FFmpegExtractor(  249): format_names[04]: asf
07-31 03:57:18.732 V/FFmpegExtractor(  249): format_names[05]: rm
07-31 03:57:18.732 V/FFmpegExtractor(  249): format_names[06]: flv
07-31 03:57:18.732 V/FFmpegExtractor(  249): format_names[07]: swf
07-31 03:57:18.732 V/FFmpegExtractor(  249): format_names[08]: avi
07-31 03:57:18.732 V/FFmpegExtractor(  249): format_names[09]: ape
07-31 03:57:18.732 V/FFmpegExtractor(  249): format_names[10]: dts
07-31 03:57:18.732 V/FFmpegExtractor(  249): format_names[11]: flac
07-31 03:57:18.732 V/FFmpegExtractor(  249): format_names[12]: ac3
07-31 03:57:18.732 V/FFmpegExtractor(  249): format_names[13]: wav
07-31 03:57:18.732 V/FFmpegExtractor(  249): format_names[14]: ogg
07-31 03:57:18.732 V/FFmpegExtractor(  249): format_names[15]: vc1
07-31 03:57:18.732 V/FFmpegExtractor(  249): format_names[16]: hevc
07-31 03:57:18.732 I/FFmpegExtractor(  249): ========================================
07-31 03:57:18.732 I/FFmpegExtractor(  249): adjust mime(application/ogg -> audio/vorbis)
07-31 03:57:18.732 D/FFmpegExtractor(  249): suppoted codec(vorbis) by official Stagefright
07-31 03:57:18.732 D/FFMPEG  (  249): android source close
07-31 03:57:18.732 I/FFmpegExtractor(  249): sniff through BetterSniffFFMPEG success
07-31 03:57:18.732 D/FFmpegExtractor(  249): ffmpeg detected media content as 'audio/vorbis' with confidence 0.08
07-31 03:57:18.741 V/FFmpegExtractor(  249): SniffFFMPEG
07-31 03:57:18.741 I/FFmpegExtractor(  249): android-source:0xef5dc000
07-31 03:57:18.741 D/FFMPEG  (  249): android source begin open
07-31 03:57:18.741 D/FFMPEG  (  249): android open, url: android-source:0xef5dc000
07-31 03:57:18.741 D/FFMPEG  (  249): ffmpeg open android data source success, source ptr: 0xef5dc000
07-31 03:57:18.741 D/FFMPEG  (  249): android source open success
07-31 03:57:18.743 I/FFMPEG  (  249): Input #0, ogg, from 'android-source:0xef5dc000':
07-31 03:57:18.743 I/FFMPEG  (  249):   Duration: 00:00:00.71, start: 0.000000, bitrate: 135 kb/s
07-31 03:57:18.743 I/FFMPEG  (  249):     Stream #0:0: Audio: vorbis, 44100 Hz, stereo, fltp, 112 kb/s
07-31 03:57:18.743 I/FFMPEG  (  249):     Metadata:
07-31 03:57:18.743 I/FFMPEG  (  249):       TITLE           : Missed It
07-31 03:57:18.743 I/FFmpegExtractor(  249): FFmpegExtrator, url: android-source:0xef5dc000, format_name: ogg, format_long_name: Ogg
07-31 03:57:18.743 I/FFmpegExtractor(  249): list the formats suppoted by ffmpeg: 
07-31 03:57:18.743 I/FFmpegExtractor(  249): ========================================
07-31 03:57:18.743 V/FFmpegExtractor(  249): format_names[00]: mpeg
07-31 03:57:18.743 V/FFmpegExtractor(  249): format_names[01]: mpegts
07-31 03:57:18.743 V/FFmpegExtractor(  249): format_names[02]: mov,mp4,m4a,3gp,3g2,mj2
07-31 03:57:18.743 V/FFmpegExtractor(  249): format_names[03]: matroska,webm
07-31 03:57:18.743 V/FFmpegExtractor(  249): format_names[04]: asf
07-31 03:57:18.743 V/FFmpegExtractor(  249): format_names[05]: rm
07-31 03:57:18.743 V/FFmpegExtractor(  249): format_names[06]: flv
07-31 03:57:18.743 V/FFmpegExtractor(  249): format_names[07]: swf
07-31 03:57:18.743 V/FFmpegExtractor(  249): format_names[08]: avi
07-31 03:57:18.743 V/FFmpegExtractor(  249): format_names[09]: ape
07-31 03:57:18.743 V/FFmpegExtractor(  249): format_names[10]: dts
07-31 03:57:18.743 V/FFmpegExtractor(  249): format_names[11]: flac
07-31 03:57:18.743 V/FFmpegExtractor(  249): format_names[12]: ac3
07-31 03:57:18.743 V/FFmpegExtractor(  249): format_names[13]: wav
07-31 03:57:18.743 V/FFmpegExtractor(  249): format_names[14]: ogg
07-31 03:57:18.743 V/FFmpegExtractor(  249): format_names[15]: vc1
07-31 03:57:18.743 V/FFmpegExtractor(  249): format_names[16]: hevc
07-31 03:57:18.743 I/FFmpegExtractor(  249): ========================================
07-31 03:57:18.743 I/FFmpegExtractor(  249): adjust mime(application/ogg -> audio/vorbis)
07-31 03:57:18.743 D/FFmpegExtractor(  249): suppoted codec(vorbis) by official Stagefright
07-31 03:57:18.743 D/FFMPEG  (  249): android source close
07-31 03:57:18.743 I/FFmpegExtractor(  249): sniff through BetterSniffFFMPEG success
07-31 03:57:18.743 D/FFmpegExtractor(  249): ffmpeg detected media content as 'audio/vorbis' with confidence 0.08
07-31 03:57:18.752 V/FFmpegExtractor(  249): SniffFFMPEG
07-31 03:57:18.752 I/FFmpegExtractor(  249): android-source:0xec8cfa00
07-31 03:57:18.752 D/FFMPEG  (  249): android source begin open
07-31 03:57:18.752 D/FFMPEG  (  249): android open, url: android-source:0xec8cfa00
07-31 03:57:18.752 D/FFMPEG  (  249): ffmpeg open android data source success, source ptr: 0xec8cfa00
07-31 03:57:18.752 D/FFMPEG  (  249): android source open success
07-31 03:57:18.754 I/FFMPEG  (  249): Input #0, ogg, from 'android-source:0xec8cfa00':
07-31 03:57:18.754 I/FFMPEG  (  249):   Duration: 00:00:01.31, start: 0.000000, bitrate: 128 kb/s
07-31 03:57:18.754 I/FFMPEG  (  249):     Stream #0:0: Audio: vorbis, 44100 Hz, stereo, fltp, 112 kb/s
07-31 03:57:18.754 I/FFMPEG  (  249):     Metadata:
07-31 03:57:18.754 I/FFMPEG  (  249):       TITLE           : Captain's Log
07-31 03:57:18.754 I/FFmpegExtractor(  249): FFmpegExtrator, url: android-source:0xec8cfa00, format_name: ogg, format_long_name: Ogg
07-31 03:57:18.754 I/FFmpegExtractor(  249): list the formats suppoted by ffmpeg: 
07-31 03:57:18.754 I/FFmpegExtractor(  249): ========================================
07-31 03:57:18.754 V/FFmpegExtractor(  249): format_names[00]: mpeg
07-31 03:57:18.754 V/FFmpegExtractor(  249): format_names[01]: mpegts
07-31 03:57:18.754 V/FFmpegExtractor(  249): format_names[02]: mov,mp4,m4a,3gp,3g2,mj2
07-31 03:57:18.754 V/FFmpegExtractor(  249): format_names[03]: matroska,webm
07-31 03:57:18.754 V/FFmpegExtractor(  249): format_names[04]: asf
07-31 03:57:18.754 V/FFmpegExtractor(  249): format_names[05]: rm
07-31 03:57:18.755 V/FFmpegExtractor(  249): format_names[06]: flv
07-31 03:57:18.755 V/FFmpegExtractor(  249): format_names[07]: swf
07-31 03:57:18.755 V/FFmpegExtractor(  249): format_names[08]: avi
07-31 03:57:18.755 V/FFmpegExtractor(  249): format_names[09]: ape
07-31 03:57:18.755 V/FFmpegExtractor(  249): format_names[10]: dts
07-31 03:57:18.755 V/FFmpegExtractor(  249): format_names[11]: flac
07-31 03:57:18.755 V/FFmpegExtractor(  249): format_names[12]: ac3
07-31 03:57:18.755 V/FFmpegExtractor(  249): format_names[13]: wav
07-31 03:57:18.755 V/FFmpegExtractor(  249): format_names[14]: ogg
07-31 03:57:18.755 V/FFmpegExtractor(  249): format_names[15]: vc1
07-31 03:57:18.755 V/FFmpegExtractor(  249): format_names[16]: hevc
07-31 03:57:18.755 I/FFmpegExtractor(  249): ========================================
07-31 03:57:18.755 I/FFmpegExtractor(  249): adjust mime(application/ogg -> audio/vorbis)
07-31 03:57:18.755 D/FFmpegExtractor(  249): suppoted codec(vorbis) by official Stagefright
07-31 03:57:18.755 D/FFMPEG  (  249): android source close
07-31 03:57:18.755 I/FFmpegExtractor(  249): sniff through BetterSniffFFMPEG success
07-31 03:57:18.755 D/FFmpegExtractor(  249): ffmpeg detected media content as 'audio/vorbis' with confidence 0.08
07-31 03:57:18.765 V/FFmpegExtractor(  249): SniffFFMPEG
07-31 03:57:18.765 I/FFmpegExtractor(  249): android-source:0xec5de000
07-31 03:57:18.766 D/FFMPEG  (  249): android source begin open
07-31 03:57:18.766 D/FFMPEG  (  249): android open, url: android-source:0xec5de000
07-31 03:57:18.766 D/FFMPEG  (  249): ffmpeg open android data source success, source ptr: 0xec5de000
07-31 03:57:18.766 D/FFMPEG  (  249): android source open success
07-31 03:57:18.768 I/FFMPEG  (  249): Input #0, ogg, from 'android-source:0xec5de000':
07-31 03:57:18.768 I/FFMPEG  (  249):   Duration: 00:00:00.65, start: 0.000000, bitrate: 146 kb/s
07-31 03:57:18.768 I/FFMPEG  (  249):     Stream #0:0: Audio: vorbis, 44100 Hz, stereo, fltp, 112 kb/s
07-31 03:57:18.768 I/FFMPEG  (  249):     Metadata:
07-31 03:57:18.768 I/FFMPEG  (  249):       TITLE           : Look At Me
07-31 03:57:18.768 I/FFmpegExtractor(  249): FFmpegExtrator, url: android-source:0xec5de000, format_name: ogg, format_long_name: Ogg
07-31 03:57:18.768 I/FFmpegExtractor(  249): list the formats suppoted by ffmpeg: 
07-31 03:57:18.768 I/FFmpegExtractor(  249): ========================================
07-31 03:57:18.768 V/FFmpegExtractor(  249): format_names[00]: mpeg
07-31 03:57:18.768 V/FFmpegExtractor(  249): format_names[01]: mpegts
07-31 03:57:18.768 V/FFmpegExtractor(  249): format_names[02]: mov,mp4,m4a,3gp,3g2,mj2
07-31 03:57:18.768 V/FFmpegExtractor(  249): format_names[03]: matroska,webm
07-31 03:57:18.768 V/FFmpegExtractor(  249): format_names[04]: asf
07-31 03:57:18.768 V/FFmpegExtractor(  249): format_names[05]: rm
07-31 03:57:18.768 V/FFmpegExtractor(  249): format_names[06]: flv
07-31 03:57:18.768 V/FFmpegExtractor(  249): format_names[07]: swf
07-31 03:57:18.768 V/FFmpegExtractor(  249): format_names[08]: avi
07-31 03:57:18.768 V/FFmpegExtractor(  249): format_names[09]: ape
07-31 03:57:18.768 V/FFmpegExtractor(  249): format_names[10]: dts
07-31 03:57:18.768 V/FFmpegExtractor(  249): format_names[11]: flac
07-31 03:57:18.768 V/FFmpegExtractor(  249): format_names[12]: ac3
07-31 03:57:18.768 V/FFmpegExtractor(  249): format_names[13]: wav
07-31 03:57:18.768 V/FFmpegExtractor(  249): format_names[14]: ogg
07-31 03:57:18.768 V/FFmpegExtractor(  249): format_names[15]: vc1
07-31 03:57:18.768 V/FFmpegExtractor(  249): format_names[16]: hevc
07-31 03:57:18.768 I/FFmpegExtractor(  249): ========================================
07-31 03:57:18.768 I/FFmpegExtractor(  249): adjust mime(application/ogg -> audio/vorbis)
07-31 03:57:18.768 D/FFmpegExtractor(  249): suppoted codec(vorbis) by official Stagefright
07-31 03:57:18.768 D/FFMPEG  (  249): android source close
07-31 03:57:18.768 I/FFmpegExtractor(  249): sniff through BetterSniffFFMPEG success
07-31 03:57:18.768 D/FFmpegExtractor(  249): ffmpeg detected media content as 'audio/vorbis' with confidence 0.08
07-31 03:57:18.778 V/FFmpegExtractor(  249): SniffFFMPEG
07-31 03:57:18.778 I/FFmpegExtractor(  249): android-source:0xef5e3800
07-31 03:57:18.778 D/FFMPEG  (  249): android source begin open
07-31 03:57:18.778 D/FFMPEG  (  249): android open, url: android-source:0xef5e3800
07-31 03:57:18.778 D/FFMPEG  (  249): ffmpeg open android data source success, source ptr: 0xef5e3800
07-31 03:57:18.778 D/FFMPEG  (  249): android source open success
07-31 03:57:18.780 I/FFMPEG  (  249): Input #0, ogg, from 'android-source:0xef5e3800':
07-31 03:57:18.780 I/FFMPEG  (  249):   Duration: 00:00:01.60, start: 0.000000, bitrate: 93 kb/s
07-31 03:57:18.780 I/FFMPEG  (  249):     Stream #0:0: Audio: vorbis, 44100 Hz, stereo, fltp, 112 kb/s
07-31 03:57:18.780 I/FFmpegExtractor(  249): FFmpegExtrator, url: android-source:0xef5e3800, format_name: ogg, format_long_name: Ogg
07-31 03:57:18.781 I/FFmpegExtractor(  249): list the formats suppoted by ffmpeg: 
07-31 03:57:18.781 I/FFmpegExtractor(  249): ========================================
07-31 03:57:18.781 V/FFmpegExtractor(  249): format_names[00]: mpeg
07-31 03:57:18.781 V/FFmpegExtractor(  249): format_names[01]: mpegts
07-31 03:57:18.781 V/FFmpegExtractor(  249): format_names[02]: mov,mp4,m4a,3gp,3g2,mj2
07-31 03:57:18.781 V/FFmpegExtractor(  249): format_names[03]: matroska,webm
07-31 03:57:18.781 V/FFmpegExtractor(  249): format_names[04]: asf
07-31 03:57:18.781 V/FFmpegExtractor(  249): format_names[05]: rm
07-31 03:57:18.781 V/FFmpegExtractor(  249): format_names[06]: flv
07-31 03:57:18.781 V/FFmpegExtractor(  249): format_names[07]: swf
07-31 03:57:18.781 V/FFmpegExtractor(  249): format_names[08]: avi
07-31 03:57:18.781 V/FFmpegExtractor(  249): format_names[09]: ape
07-31 03:57:18.781 V/FFmpegExtractor(  249): format_names[10]: dts
07-31 03:57:18.781 V/FFmpegExtractor(  249): format_names[11]: flac
07-31 03:57:18.781 V/FFmpegExtractor(  249): format_names[12]: ac3
07-31 03:57:18.781 V/FFmpegExtractor(  249): format_names[13]: wav
07-31 03:57:18.781 V/FFmpegExtractor(  249): format_names[14]: ogg
07-31 03:57:18.781 V/FFmpegExtractor(  249): format_names[15]: vc1
07-31 03:57:18.781 V/FFmpegExtractor(  249): format_names[16]: hevc
07-31 03:57:18.781 I/FFmpegExtractor(  249): ========================================
07-31 03:57:18.781 I/FFmpegExtractor(  249): adjust mime(application/ogg -> audio/vorbis)
07-31 03:57:18.781 D/FFmpegExtractor(  249): suppoted codec(vorbis) by official Stagefright
07-31 03:57:18.781 D/FFMPEG  (  249): android source close
07-31 03:57:18.781 I/FFmpegExtractor(  249): sniff through BetterSniffFFMPEG success
07-31 03:57:18.781 D/FFmpegExtractor(  249): ffmpeg detected media content as 'audio/vorbis' with confidence 0.08
07-31 03:57:18.784 I/InputReader(  590): Reconfiguring input devices.  changes=0x00000010
07-31 03:57:18.784 I/InputReader(  590): Reconfiguring input devices.  changes=0x00000010
07-31 03:57:18.784 I/InputReader(  590): Reconfiguring input devices.  changes=0x00000010
07-31 03:57:18.785 I/InputReader(  590): Reconfiguring input devices.  changes=0x00000010
07-31 03:57:18.785 I/InputReader(  590): Reconfiguring input devices.  changes=0x00000010
07-31 03:57:18.786 I/InputReader(  590): Reconfiguring input devices.  changes=0x00000010
07-31 03:57:18.786 I/InputReader(  590): Reconfiguring input devices.  changes=0x00000010
07-31 03:57:18.793 I/InputReader(  590): Reconfiguring input devices.  changes=0x00000010
07-31 03:57:18.796 I/PackageManager(  590): Replacing preferred activity com.android.messaging/.ui.conversation.LaunchConversationActivity for user 0:
07-31 03:57:18.796 I/PackageManager(  590):   Action: "android.intent.action.SENDTO"
07-31 03:57:18.796 I/PackageManager(  590):   Category: "android.intent.category.DEFAULT"
07-31 03:57:18.796 I/PackageManager(  590):   Scheme: "sms"
07-31 03:57:18.796 I/PackageManager(  590):   AutoVerify=false
07-31 03:57:18.796 I/ActivityManager(  590): Killing 800:com.android.settings:CryptKeeper/1000 (adj 906): empty #17
07-31 03:57:18.800 I/PackageManager(  590): Replacing preferred activity com.android.messaging/.ui.conversation.LaunchConversationActivity for user 0:
07-31 03:57:18.800 I/PackageManager(  590):   Action: "android.intent.action.SENDTO"
07-31 03:57:18.800 I/PackageManager(  590):   Category: "android.intent.category.DEFAULT"
07-31 03:57:18.800 I/PackageManager(  590):   Scheme: "smsto"
07-31 03:57:18.800 I/PackageManager(  590):   AutoVerify=false
07-31 03:57:18.801 I/PackageManager(  590): Replacing preferred activity com.android.messaging/.ui.conversation.LaunchConversationActivity for user 0:
07-31 03:57:18.801 I/PackageManager(  590):   Action: "android.intent.action.SENDTO"
07-31 03:57:18.801 I/PackageManager(  590):   Category: "android.intent.category.DEFAULT"
07-31 03:57:18.801 I/PackageManager(  590):   Scheme: "mms"
07-31 03:57:18.801 I/PackageManager(  590):   AutoVerify=false
07-31 03:57:18.802 I/PackageManager(  590): Replacing preferred activity com.android.messaging/.ui.conversation.LaunchConversationActivity for user 0:
07-31 03:57:18.802 I/PackageManager(  590):   Action: "android.intent.action.SENDTO"
07-31 03:57:18.802 I/PackageManager(  590):   Category: "android.intent.category.DEFAULT"
07-31 03:57:18.802 I/PackageManager(  590):   Scheme: "mmsto"
07-31 03:57:18.802 I/PackageManager(  590):   AutoVerify=false
07-31 03:57:18.812 W/LocationProviderProxy-network(  590): Odd, no component found for service com.android.location.service.v3.NetworkLocationProvider
07-31 03:57:18.812 W/GeocoderProxy(  590): Odd, no component found for service com.android.location.service.GeocodeProvider
07-31 03:57:18.813 W/GeofenceProxy(  590): Odd, no component found for service com.android.location.service.GeofenceProvider
07-31 03:57:18.813 W/ActivityRecognitionProxy(  590): Odd, no component found for service com.android.location.service.ActivityRecognitionProvider
07-31 03:57:18.814 I/DefaultPermGrantPolicy(  590): Granting permissions to default sms app for user:0
07-31 03:57:18.816 W/LocationProviderProxy-network(  590): Odd, no component found for service com.android.location.service.v3.NetworkLocationProvider
07-31 03:57:18.817 W/GeocoderProxy(  590): Odd, no component found for service com.android.location.service.GeocodeProvider
07-31 03:57:18.817 W/GeofenceProxy(  590): Odd, no component found for service com.android.location.service.GeofenceProvider
07-31 03:57:18.817 W/ActivityRecognitionProxy(  590): Odd, no component found for service com.android.location.service.ActivityRecognitionProvider
07-31 03:57:18.819 W/LocationProviderProxy-network(  590): Odd, no component found for service com.android.location.service.v3.NetworkLocationProvider
07-31 03:57:18.819 W/GeocoderProxy(  590): Odd, no component found for service com.android.location.service.GeocodeProvider
07-31 03:57:18.819 W/GeofenceProxy(  590): Odd, no component found for service com.android.location.service.GeofenceProvider
07-31 03:57:18.819 W/ActivityRecognitionProxy(  590): Odd, no component found for service com.android.location.service.ActivityRecognitionProvider
07-31 03:57:18.822 W/LocationProviderProxy-network(  590): Odd, no component found for service com.android.location.service.v3.NetworkLocationProvider
07-31 03:57:18.822 W/GeocoderProxy(  590): Odd, no component found for service com.android.location.service.GeocodeProvider
07-31 03:57:18.822 W/GeofenceProxy(  590): Odd, no component found for service com.android.location.service.GeofenceProvider
07-31 03:57:18.822 W/ActivityRecognitionProxy(  590): Odd, no component found for service com.android.location.service.ActivityRecognitionProvider
07-31 03:57:18.825 D/CarrierSvcBindHelper(  787): No carrier app for: 0
07-31 03:57:18.825 W/LocationProviderProxy-network(  590): Odd, no component found for service com.android.location.service.v3.NetworkLocationProvider
07-31 03:57:18.825 W/GeocoderProxy(  590): Odd, no component found for service com.android.location.service.GeocodeProvider
07-31 03:57:18.826 W/GeofenceProxy(  590): Odd, no component found for service com.android.location.service.GeofenceProvider
07-31 03:57:18.827 W/ActivityRecognitionProxy(  590): Odd, no component found for service com.android.location.service.ActivityRecognitionProvider
07-31 03:57:18.829 W/LocationProviderProxy-network(  590): Odd, no component found for service com.android.location.service.v3.NetworkLocationProvider
07-31 03:57:18.830 W/GeocoderProxy(  590): Odd, no component found for service com.android.location.service.GeocodeProvider
07-31 03:57:18.831 W/GeofenceProxy(  590): Odd, no component found for service com.android.location.service.GeofenceProvider
07-31 03:57:18.831 W/ActivityRecognitionProxy(  590): Odd, no component found for service com.android.location.service.ActivityRecognitionProvider
07-31 03:57:18.833 W/LocationProviderProxy-network(  590): Odd, no component found for service com.android.location.service.v3.NetworkLocationProvider
07-31 03:57:18.834 W/GeocoderProxy(  590): Odd, no component found for service com.android.location.service.GeocodeProvider
07-31 03:57:18.834 W/GeofenceProxy(  590): Odd, no component found for service com.android.location.service.GeofenceProvider
07-31 03:57:18.834 W/ActivityRecognitionProxy(  590): Odd, no component found for service com.android.location.service.ActivityRecognitionProvider
07-31 03:57:18.837 D/CarrierSvcBindHelper(  787): No carrier app for: 0
07-31 03:57:18.840 V/FFmpegExtractor(  249): SniffFFMPEG
07-31 03:57:18.840 I/FFmpegExtractor(  249): android-source:0xef5dc000
07-31 03:57:18.841 W/LocationProviderProxy-network(  590): Odd, no component found for service com.android.location.service.v3.NetworkLocationProvider
07-31 03:57:18.841 W/GeocoderProxy(  590): Odd, no component found for service com.android.location.service.GeocodeProvider
07-31 03:57:18.841 W/GeofenceProxy(  590): Odd, no component found for service com.android.location.service.GeofenceProvider
07-31 03:57:18.841 W/ActivityRecognitionProxy(  590): Odd, no component found for service com.android.location.service.ActivityRecognitionProvider
07-31 03:57:18.842 D/FFMPEG  (  249): android source begin open
07-31 03:57:18.842 D/FFMPEG  (  249): android open, url: android-source:0xef5dc000
07-31 03:57:18.842 D/FFMPEG  (  249): ffmpeg open android data source success, source ptr: 0xef5dc000
07-31 03:57:18.842 D/FFMPEG  (  249): android source open success
07-31 03:57:18.849 I/FFMPEG  (  249): Input #0, ogg, from 'android-source:0xef5dc000':
07-31 03:57:18.849 I/FFMPEG  (  249):   Duration: 00:00:02.30, start: 0.000000, bitrate: 76 kb/s
07-31 03:57:18.850 I/FFMPEG  (  249):     Stream #0:0: Audio: vorbis, 44100 Hz, mono, fltp, 80 kb/s
07-31 03:57:18.850 I/FFMPEG  (  249):     Metadata:
07-31 03:57:18.850 I/FFMPEG  (  249):       ANDROID_LOOP    : false
07-31 03:57:18.850 I/FFMPEG  (  249):       track           : 3d207b2
07-31 03:57:18.850 I/FFMPEG  (  249):       TITLE           : Fomalhaut
07-31 03:57:18.850 I/FFMPEG  (  249):       ARTIST          : pdx
07-31 03:57:18.850 I/FFmpegExtractor(  249): FFmpegExtrator, url: android-source:0xef5dc000, format_name: ogg, format_long_name: Ogg
07-31 03:57:18.850 I/FFmpegExtractor(  249): list the formats suppoted by ffmpeg: 
07-31 03:57:18.850 I/FFmpegExtractor(  249): ========================================
07-31 03:57:18.850 V/FFmpegExtractor(  249): format_names[00]: mpeg
07-31 03:57:18.850 V/FFmpegExtractor(  249): format_names[01]: mpegts
07-31 03:57:18.850 V/FFmpegExtractor(  249): format_names[02]: mov,mp4,m4a,3gp,3g2,mj2
07-31 03:57:18.850 V/FFmpegExtractor(  249): format_names[03]: matroska,webm
07-31 03:57:18.850 V/FFmpegExtractor(  249): format_names[04]: asf
07-31 03:57:18.850 V/FFmpegExtractor(  249): format_names[05]: rm
07-31 03:57:18.850 V/FFmpegExtractor(  249): format_names[06]: flv
07-31 03:57:18.850 V/FFmpegExtractor(  249): format_names[07]: swf
07-31 03:57:18.850 V/FFmpegExtractor(  249): format_names[08]: avi
07-31 03:57:18.850 V/FFmpegExtractor(  249): format_names[09]: ape
07-31 03:57:18.850 V/FFmpegExtractor(  249): format_names[10]: dts
07-31 03:57:18.850 V/FFmpegExtractor(  249): format_names[11]: flac
07-31 03:57:18.850 V/FFmpegExtractor(  249): format_names[12]: ac3
07-31 03:57:18.850 V/FFmpegExtractor(  249): format_names[13]: wav
07-31 03:57:18.850 V/FFmpegExtractor(  249): format_names[14]: ogg
07-31 03:57:18.850 V/FFmpegExtractor(  249): format_names[15]: vc1
07-31 03:57:18.850 V/FFmpegExtractor(  249): format_names[16]: hevc
07-31 03:57:18.850 I/FFmpegExtractor(  249): ========================================
07-31 03:57:18.850 I/FFmpegExtractor(  249): adjust mime(application/ogg -> audio/vorbis)
07-31 03:57:18.850 D/FFmpegExtractor(  249): suppoted codec(vorbis) by official Stagefright
07-31 03:57:18.850 D/CarrierSvcBindHelper(  787): No carrier app for: 0
07-31 03:57:18.850 D/FFMPEG  (  249): android source close
07-31 03:57:18.850 I/FFmpegExtractor(  249): sniff through BetterSniffFFMPEG success
07-31 03:57:18.850 D/FFmpegExtractor(  249): ffmpeg detected media content as 'audio/vorbis' with confidence 0.08
07-31 03:57:18.859 D/CarrierSvcBindHelper(  787): No carrier app for: 0
07-31 03:57:18.865 W/BackupManagerService(  590): dataChanged but no participant pkg='com.android.launcher3' uid=10014
07-31 03:57:18.873 D/CarrierSvcBindHelper(  787): No carrier app for: 0
07-31 03:57:18.888 D/CarrierSvcBindHelper(  787): No carrier app for: 0
07-31 03:57:18.896 V/FFmpegExtractor(  249): SniffFFMPEG
07-31 03:57:18.896 I/FFmpegExtractor(  249): android-source:0xec8cfa00
07-31 03:57:18.896 D/FFMPEG  (  249): android source begin open
07-31 03:57:18.896 D/FFMPEG  (  249): android open, url: android-source:0xec8cfa00
07-31 03:57:18.896 D/FFMPEG  (  249): ffmpeg open android data source success, source ptr: 0xec8cfa00
07-31 03:57:18.896 D/FFMPEG  (  249): android source open success
07-31 03:57:18.899 I/FFMPEG  (  249): Input #0, ogg, from 'android-source:0xec8cfa00':
07-31 03:57:18.899 I/FFMPEG  (  249):   Duration: 00:00:00.80, start: 0.000000, bitrate: 122 kb/s
07-31 03:57:18.899 I/FFMPEG  (  249):     Stream #0:0: Audio: vorbis, 44100 Hz, stereo, fltp, 112 kb/s
07-31 03:57:18.899 I/FFmpegExtractor(  249): FFmpegExtrator, url: android-source:0xec8cfa00, format_name: ogg, format_long_name: Ogg
07-31 03:57:18.899 I/FFmpegExtractor(  249): list the formats suppoted by ffmpeg: 
07-31 03:57:18.899 I/FFmpegExtractor(  249): ========================================
07-31 03:57:18.899 V/FFmpegExtractor(  249): format_names[00]: mpeg
07-31 03:57:18.899 V/FFmpegExtractor(  249): format_names[01]: mpegts
07-31 03:57:18.899 V/FFmpegExtractor(  249): format_names[02]: mov,mp4,m4a,3gp,3g2,mj2
07-31 03:57:18.899 V/FFmpegExtractor(  249): format_names[03]: matroska,webm
07-31 03:57:18.899 V/FFmpegExtractor(  249): format_names[04]: asf
07-31 03:57:18.899 V/FFmpegExtractor(  249): format_names[05]: rm
07-31 03:57:18.899 V/FFmpegExtractor(  249): format_names[06]: flv
07-31 03:57:18.899 V/FFmpegExtractor(  249): format_names[07]: swf
07-31 03:57:18.899 V/FFmpegExtractor(  249): format_names[08]: avi
07-31 03:57:18.899 V/FFmpegExtractor(  249): format_names[09]: ape
07-31 03:57:18.899 V/FFmpegExtractor(  249): format_names[10]: dts
07-31 03:57:18.899 V/FFmpegExtractor(  249): format_names[11]: flac
07-31 03:57:18.899 V/FFmpegExtractor(  249): format_names[12]: ac3
07-31 03:57:18.899 V/FFmpegExtractor(  249): format_names[13]: wav
07-31 03:57:18.899 V/FFmpegExtractor(  249): format_names[14]: ogg
07-31 03:57:18.899 V/FFmpegExtractor(  249): format_names[15]: vc1
07-31 03:57:18.899 V/FFmpegExtractor(  249): format_names[16]: hevc
07-31 03:57:18.899 I/FFmpegExtractor(  249): ========================================
07-31 03:57:18.899 I/FFmpegExtractor(  249): adjust mime(application/ogg -> audio/vorbis)
07-31 03:57:18.899 D/FFmpegExtractor(  249): suppoted codec(vorbis) by official Stagefright
07-31 03:57:18.899 D/FFMPEG  (  249): android source close
07-31 03:57:18.899 I/FFmpegExtractor(  249): sniff through BetterSniffFFMPEG success
07-31 03:57:18.899 D/FFmpegExtractor(  249): ffmpeg detected media content as 'audio/vorbis' with confidence 0.08
07-31 03:57:18.909 D/CarrierSvcBindHelper(  787): No carrier app for: 0
07-31 03:57:18.919 W/BackupManagerService(  590): dataChanged but no participant pkg='com.android.launcher3' uid=10014
07-31 03:57:18.922 D/CarrierSvcBindHelper(  787): No carrier app for: 0
07-31 03:57:18.927 V/FFmpegExtractor(  249): SniffFFMPEG
07-31 03:57:18.927 I/FFmpegExtractor(  249): android-source:0xec5de000
07-31 03:57:18.927 D/FFMPEG  (  249): android source begin open
07-31 03:57:18.927 D/FFMPEG  (  249): android open, url: android-source:0xec5de000
07-31 03:57:18.927 D/FFMPEG  (  249): ffmpeg open android data source success, source ptr: 0xec5de000
07-31 03:57:18.927 D/FFMPEG  (  249): android source open success
07-31 03:57:18.930 I/FFMPEG  (  249): Input #0, ogg, from 'android-source:0xec5de000':
07-31 03:57:18.930 I/FFMPEG  (  249):   Duration: 00:00:02.01, start: 0.000000, bitrate: 153 kb/s
07-31 03:57:18.930 I/FFMPEG  (  249):     Stream #0:0: Audio: vorbis, 48000 Hz, stereo, fltp, 112 kb/s
07-31 03:57:18.930 I/FFMPEG  (  249):     Metadata:
07-31 03:57:18.930 I/FFMPEG  (  249):       TITLE           : Heaven
07-31 03:57:18.930 I/FFmpegExtractor(  249): FFmpegExtrator, url: android-source:0xec5de000, format_name: ogg, format_long_name: Ogg
07-31 03:57:18.930 I/FFmpegExtractor(  249): list the formats suppoted by ffmpeg: 
07-31 03:57:18.930 I/FFmpegExtractor(  249): ========================================
07-31 03:57:18.930 V/FFmpegExtractor(  249): format_names[00]: mpeg
07-31 03:57:18.930 V/FFmpegExtractor(  249): format_names[01]: mpegts
07-31 03:57:18.930 V/FFmpegExtractor(  249): format_names[02]: mov,mp4,m4a,3gp,3g2,mj2
07-31 03:57:18.930 V/FFmpegExtractor(  249): format_names[03]: matroska,webm
07-31 03:57:18.930 V/FFmpegExtractor(  249): format_names[04]: asf
07-31 03:57:18.930 V/FFmpegExtractor(  249): format_names[05]: rm
07-31 03:57:18.930 V/FFmpegExtractor(  249): format_names[06]: flv
07-31 03:57:18.930 V/FFmpegExtractor(  249): format_names[07]: swf
07-31 03:57:18.930 V/FFmpegExtractor(  249): format_names[08]: avi
07-31 03:57:18.930 V/FFmpegExtractor(  249): format_names[09]: ape
07-31 03:57:18.930 V/FFmpegExtractor(  249): format_names[10]: dts
07-31 03:57:18.930 V/FFmpegExtractor(  249): format_names[11]: flac
07-31 03:57:18.930 V/FFmpegExtractor(  249): format_names[12]: ac3
07-31 03:57:18.930 V/FFmpegExtractor(  249): format_names[13]: wav
07-31 03:57:18.930 V/FFmpegExtractor(  249): format_names[14]: ogg
07-31 03:57:18.930 V/FFmpegExtractor(  249): format_names[15]: vc1
07-31 03:57:18.930 V/FFmpegExtractor(  249): format_names[16]: hevc
07-31 03:57:18.930 I/FFmpegExtractor(  249): ========================================
07-31 03:57:18.930 I/FFmpegExtractor(  249): adjust mime(application/ogg -> audio/vorbis)
07-31 03:57:18.930 D/FFmpegExtractor(  249): suppoted codec(vorbis) by official Stagefright
07-31 03:57:18.930 D/FFMPEG  (  249): android source close
