--------- beginning of main
07-31 07:56:53.264 W/auditd  (  114): type=2000 audit(0.0:1): initialized
07-31 07:56:54.155 I/        (  116): debuggerd: starting
--------- beginning of system
07-31 07:56:54.167 I/vold    (  117): Vold 3.0 (the awakening) firing up
07-31 07:56:54.167 V/vold    (  117): Detected support for: ext4 vfat
07-31 07:56:54.430 D/vold    (  117): e4crypt_init_user0
07-31 07:56:54.430 D/vold    (  117): e4crypt_prepare_user_storage for volume null, user 0, serial 0, flags 1
07-31 07:56:54.430 D/vold    (  117): Preparing: /data/system/users/0
07-31 07:56:54.430 D/vold    (  117): Preparing: /data/misc/profiles/cur/0
07-31 07:56:54.430 D/vold    (  117): Preparing: /data/misc/profiles/cur/0/foreign-dex
07-31 07:56:54.430 D/vold    (  117): Preparing: /data/system_de/0
07-31 07:56:54.430 D/vold    (  117): Preparing: /data/misc_de/0
07-31 07:56:54.430 D/vold    (  117): Preparing: /data/user_de/0
07-31 07:56:54.430 D/vold    (  117): e4crypt_unlock_user_key 0 serial=0 token_present=0
07-31 07:56:54.430 E/vold    (  117): Failed to chmod /data/system_ce/0: No such file or directory
07-31 07:56:54.430 E/vold    (  117): Failed to chmod /data/misc_ce/0: No such file or directory
07-31 07:56:54.430 E/vold    (  117): Failed to chmod /data/media/0: No such file or directory
07-31 07:56:54.431 I/vdc     (    1): 200 124 Command succeeded
07-31 07:56:54.434 I//system/bin/tzdatacheck(  131): tzdata file /data/misc/zoneinfo/current/tzdata does not exist. No action required.
07-31 07:56:54.465 I/genybaseband(  136): run_main_looper start
07-31 07:56:54.466 I/perfprofd(  139): starting Android Wide Profiling daemon
07-31 07:56:54.466 E/perfprofd(  139): unable to open configuration file /data/data/com.google.android.gms/files/perfprofd.conf
07-31 07:56:54.466 I/perfprofd(  139): random seed set to 604524470
07-31 07:56:54.488 D/DHCP    (  146): ===== DHCP message:
07-31 07:56:54.488 D/DHCP    (  146): op = BOOTREQUEST (1), htype = 1, hlen = 6, hops = 0
07-31 07:56:54.488 D/DHCP    (  146): xid = 0xc6050000 secs = 0, flags = 0x8000 optlen = 14
07-31 07:56:54.489 D/DHCP    (  146): ciaddr = 0.0.0.0
07-31 07:56:54.489 D/DHCP    (  146): yiaddr = 0.0.0.0
07-31 07:56:54.489 D/DHCP    (  146): siaddr = 0.0.0.0
07-31 07:56:54.489 D/DHCP    (  146): giaddr = 0.0.0.0
07-31 07:56:54.489 D/DHCP    (  146): chaddr = { 08  00  27  0f  a9  fb }
07-31 07:56:54.489 D/DHCP    (  146): sname = ''
07-31 07:56:54.489 D/DHCP    (  146): file = ''
07-31 07:56:54.489 D/DHCP    (  146): op 53 len 1 { 01 } discover
07-31 07:56:54.489 D/DHCP    (  146): op 55 len 4 { 01  03  06  1c } 
07-31 07:56:54.489 D/DHCP    (  146): ===== DHCP message:
07-31 07:56:54.489 D/DHCP    (  146): op = BOOTREPLY (2), htype = 1, hlen = 6, hops = 0
07-31 07:56:54.489 D/DHCP    (  146): xid = 0xc6050000 secs = 0, flags = 0x0000 optlen = 312
07-31 07:56:54.489 D/DHCP    (  146): ciaddr = 192.168.56.101
07-31 07:56:54.489 D/DHCP    (  146): yiaddr = 192.168.56.101
07-31 07:56:54.489 D/DHCP    (  146): siaddr = 0.0.0.0
07-31 07:56:54.489 D/DHCP    (  146): giaddr = 0.0.0.0
07-31 07:56:54.489 D/DHCP    (  146): chaddr = { 08  00  27  0f  a9  fb }
07-31 07:56:54.489 D/DHCP    (  146): sname = ''
07-31 07:56:54.489 D/DHCP    (  146): file = ''
07-31 07:56:54.489 D/DHCP    (  146): op 54 len 4 { c0  a8  38  64 } 
07-31 07:56:54.489 D/DHCP    (  146): op 53 len 1 { 02 } offer
07-31 07:56:54.489 D/DHCP    (  146): op 51 len 4 { 00  00  04  b0 } 
07-31 07:56:54.489 D/DHCP    (  146): op 1 len 4 { ff  ff  ff  00 } 
07-31 07:56:54.489 D/DHCP    (  146): --- dhcp offer (2) ---
07-31 07:56:54.489 D/DHCP    (  146): ip 192.168.56.101 gw 0.0.0.0 prefixLength 24
07-31 07:56:54.489 D/DHCP    (  146): server 192.168.56.100, lease 1200 seconds
07-31 07:56:54.489 D/DHCP    (  146): ===== DHCP message:
07-31 07:56:54.489 D/DHCP    (  146): op = BOOTREQUEST (1), htype = 1, hlen = 6, hops = 0
07-31 07:56:54.489 D/DHCP    (  146): xid = 0xc7050000 secs = 0, flags = 0x8000 optlen = 26
07-31 07:56:54.489 D/DHCP    (  146): ciaddr = 0.0.0.0
07-31 07:56:54.489 D/DHCP    (  146): yiaddr = 0.0.0.0
07-31 07:56:54.489 D/DHCP    (  146): siaddr = 0.0.0.0
07-31 07:56:54.489 D/DHCP    (  146): giaddr = 0.0.0.0
07-31 07:56:54.489 D/DHCP    (  146): chaddr = { 08  00  27  0f  a9  fb }
07-31 07:56:54.489 D/DHCP    (  146): sname = ''
07-31 07:56:54.489 D/DHCP    (  146): file = ''
07-31 07:56:54.489 D/DHCP    (  146): op 53 len 1 { 03 } request
07-31 07:56:54.489 D/DHCP    (  146): op 55 len 4 { 01  03  06  1c } 
07-31 07:56:54.489 D/DHCP    (  146): op 50 len 4 { c0  a8  38  65 } 
07-31 07:56:54.489 D/DHCP    (  146): op 54 len 4 { c0  a8  38  64 } 
07-31 07:56:54.490 D/DHCP    (  146): ===== DHCP message:
07-31 07:56:54.490 D/DHCP    (  146): op = BOOTREPLY (2), htype = 1, hlen = 6, hops = 0
07-31 07:56:54.490 D/DHCP    (  146): xid = 0xc7050000 secs = 0, flags = 0x0000 optlen = 312
07-31 07:56:54.490 D/DHCP    (  146): ciaddr = 192.168.56.101
07-31 07:56:54.490 D/DHCP    (  146): yiaddr = 192.168.56.101
07-31 07:56:54.490 D/DHCP    (  146): siaddr = 0.0.0.0
07-31 07:56:54.490 D/DHCP    (  146): giaddr = 0.0.0.0
07-31 07:56:54.490 D/DHCP    (  146): chaddr = { 08  00  27  0f  a9  fb }
07-31 07:56:54.490 D/DHCP    (  146): sname = ''
07-31 07:56:54.490 D/DHCP    (  146): file = ''
07-31 07:56:54.490 D/DHCP    (  146): op 54 len 4 { c0  a8  38  64 } 
07-31 07:56:54.490 D/DHCP    (  146): op 53 len 1 { 05 } ack
07-31 07:56:54.490 D/DHCP    (  146): op 51 len 4 { 00  00  04  b0 } 
07-31 07:56:54.490 D/DHCP    (  146): op 1 len 4 { ff  ff  ff  00 } 
07-31 07:56:54.490 D/DHCP    (  146): --- dhcp ack (5) ---
07-31 07:56:54.490 D/DHCP    (  146): ip 192.168.56.101 gw 0.0.0.0 prefixLength 24
07-31 07:56:54.490 D/DHCP    (  146): server 192.168.56.100, lease 1200 seconds
07-31 07:56:54.490 D/DHCP    (  146): configuring eth0
07-31 07:56:54.504 D/Genyd   (  135): Connected to genybaseband
07-31 07:56:54.505 I/Genyd   (  135): Genyd running
07-31 07:56:54.523 I/gatekeeperd(  138): Starting gatekeeperd...
07-31 07:56:54.784 E/vinput-seamless(  232): found seamless mouse device
07-31 07:56:54.790 D/local_opengl(  233): Starting local_opengl
07-31 07:56:54.790 D/local_opengl(  233): Getting player version
07-31 07:56:54.946 I/mediacodec(  247): @@@ mediacodecservice starting
07-31 07:56:54.948 W/        (  247): No seccomp filter defined for this architecture.
07-31 07:56:54.954 V/MediaUtils(  249): physMem: 2100838400
07-31 07:56:54.954 V/MediaUtils(  249): requested limit: 420167680
07-31 07:56:54.954 V/MediaUtils(  249): actual limit: 420167680
07-31 07:56:54.954 V/MediaUtils(  249): original limits: 4294967295/4294967295
07-31 07:56:54.954 V/MediaUtils(  249): new limits: 420167680/4294967295
07-31 07:56:54.954 W//system/bin/mediaextractor(  249): libminijail: allowing syscall: socketcall
07-31 07:56:54.954 W//system/bin/mediaextractor(  249): libminijail: allowing syscall: writev
07-31 07:56:54.954 W//system/bin/mediaextractor(  249): libminijail: allowing syscall: fcntl64
07-31 07:56:54.954 W//system/bin/mediaextractor(  249): libminijail: allowing syscall: clock_gettime
07-31 07:56:54.960 I/cameraserver(  243): ServiceManager: 0xee71ae80
07-31 07:56:54.962 W//system/bin/mediaextractor(  249): libminijail: logging seccomp filter failures
07-31 07:56:54.962 I/CameraService(  243): CameraService started (pid=243)
07-31 07:56:54.962 I/CameraService(  243): CameraService process starting
07-31 07:56:54.963 W/BatteryNotifier(  243): batterystats service unavailable!
07-31 07:56:54.963 W/BatteryNotifier(  243): batterystats service unavailable!
07-31 07:56:54.982 I/mediaserver(  248): ServiceManager: 0xe749af00
07-31 07:56:54.982 I/mediaserver(  250): ServiceManager: 0xe8e9af00
07-31 07:56:54.983 W/BatteryNotifier(  250): batterystats service unavailable!
07-31 07:56:54.985 I/        (  242): sMaxFastTracks = 8
07-31 07:56:54.985 I/audioserver(  242): ServiceManager: 0xebf9ae80
07-31 07:56:54.986 W/BatteryNotifier(  242): batterystats service unavailable!
07-31 07:56:54.986 I/AudioFlinger(  242): Using default 3000 mSec as standby time.
07-31 07:56:54.986 I/AudioPolicyService(  242): AudioPolicyService CSTOR in new mode
07-31 07:56:54.987 I/APM::ConfigParsingUtils(  242): loadAudioPolicyConfig() loaded /system/etc/audio_policy.conf
07-31 07:56:54.991 I/AudioFlinger(  242): loadHwModule() Loaded primary audio interface from Genymotion audio HW HAL (audio) handle 10
07-31 07:56:54.991 I/AudioFlinger(  242): openOutput(), module 10 Device 2, SamplingRate 44100, Format 0x000001, Channels 3, flags 2
07-31 07:56:54.991 I/genymotion_audio(  242): Starting pcm server
07-31 07:56:54.991 I/genymotion_audio(  242): out sampling rate 44100
07-31 07:56:54.991 I/AudioFlinger(  242): HAL output buffer size 880 frames, normal sink buffer size 1056 frames
07-31 07:56:54.996 I/BufferProvider(  242): found effect "Multichannel Downmix To Stereo" from The Android Open Source Project
07-31 07:56:54.996 I/AudioFlinger(  242): Using module 10 has the primary audio interface
07-31 07:56:54.996 I/AudioFlinger(  242): AudioFlinger's thread 0xeba03ac0 ready to run
07-31 07:56:54.997 W/BatteryNotifier(  242): batterystats service unavailable!
07-31 07:56:54.997 W/BatteryNotifier(  242): batterystats service unavailable!
07-31 07:56:54.997 W/BatteryNotifier(  242): batterystats service unavailable!
07-31 07:56:54.997 W/AudioFlinger(  242): no wake lock to update, system not ready yet
07-31 07:56:54.998 E/cutils-trace(  242): Error opening trace file: Permission denied (13)
07-31 07:56:54.999 I/AudioFlinger(  242): AudioFlinger's thread 0xeb6832c0 ready to run
07-31 07:56:54.999 I/RadioService(  242): RadioService
07-31 07:56:54.999 I/RadioService(  242): onFirstRef
07-31 07:56:54.999 E/RadioService(  242): couldn't load radio module radio.primary (No such file or directory)
07-31 07:56:55.000 E/SoundTriggerHwService(  242): couldn't load sound trigger module sound_trigger.primary (No such file or directory)
07-31 07:56:55.035 I/lowmemorykiller(  237): Using in-kernel low memory killer interface
07-31 07:56:55.040 I/        (  245): installd firing up
07-31 07:56:55.040 E/cutils  (  245): Failed to read /data/.layout_version: No such file or directory
07-31 07:56:55.040 D/        (  245): Assuming that device has multi-user storage layout; upgrade no longer supported
07-31 07:56:55.040 D/        (  245): Upgrading to /data/misc/user directories
07-31 07:56:55.141 I/Netd    (  251): Netd 1.0 starting
07-31 07:56:55.141 D/TetherController(  251): Setting IP forward enable = 0
07-31 07:56:55.153 I/SurfaceFlinger(  239): SurfaceFlinger is starting
07-31 07:56:55.153 I/SurfaceFlinger(  239): SurfaceFlinger's main thread ready to run. Initializing graphics H/W...
07-31 07:56:55.153 D/libEGL  (  239): Emulator has host GPU support, qemu.gles is set to 1.
07-31 07:56:55.153 E/libEGL  (  239): load_driver(/system/lib/egl/libGLES_emulation.so): dlopen failed: library "/system/lib/egl/libGLES_emulation.so" not found
07-31 07:56:55.206 V/EmulatedCamera_GenyCamera(  243): Initialize:
07-31 07:56:55.206 V/EmulatedCamera_GenyCamera(  243):    initializing back camera on local srv port 24801
07-31 07:56:55.207 V/EmulatedCamera_GenyDevice(  243): Initialize: Connected to the emulated camera service 'back'
07-31 07:56:55.207 V/EmulatedCamera_Device(  243): initializeWhiteBalanceModes with auto, 1.000000, 1.000000
07-31 07:56:55.207 V/EmulatedCamera_Device(  243): initializeWhiteBalanceModes with incandescent, 1.380000, 0.600000
07-31 07:56:55.207 V/EmulatedCamera_Device(  243): initializeWhiteBalanceModes with daylight, 1.090000, 0.920000
07-31 07:56:55.207 V/EmulatedCamera_Device(  243): initializeWhiteBalanceModes with twilight, 0.920000, 1.220000
07-31 07:56:55.207 V/EmulatedCamera_Device(  243): setWhiteBalanceMode with white balance auto
07-31 07:56:55.207 V/EmulatedCamera_GenyCamera(  243): getCameraOrientation: camera orientation set to 90
07-31 07:56:55.207 V/EmulatedCamera_GenyCamera(  243): Initialize: Geny camera back is initialized. Current frame is 640x480
07-31 07:56:55.207 V/EmulatedCamera_GenyCamera(  243): Initialize:
07-31 07:56:55.207 V/EmulatedCamera_GenyCamera(  243):    initializing front camera on local srv port 24811
07-31 07:56:55.207 V/EmulatedCamera_GenyDevice(  243): Initialize: Connected to the emulated camera service 'front'
07-31 07:56:55.207 V/EmulatedCamera_Device(  243): initializeWhiteBalanceModes with auto, 1.000000, 1.000000
07-31 07:56:55.207 V/EmulatedCamera_Device(  243): initializeWhiteBalanceModes with incandescent, 1.380000, 0.600000
07-31 07:56:55.207 V/EmulatedCamera_Device(  243): initializeWhiteBalanceModes with daylight, 1.090000, 0.920000
07-31 07:56:55.207 V/EmulatedCamera_Device(  243): initializeWhiteBalanceModes with twilight, 0.920000, 1.220000
07-31 07:56:55.207 V/EmulatedCamera_Device(  243): setWhiteBalanceMode with white balance auto
07-31 07:56:55.207 V/EmulatedCamera_GenyCamera(  243): getCameraOrientation: camera orientation set to 90
07-31 07:56:55.207 V/EmulatedCamera_GenyCamera(  243): Initialize: Geny camera front is initialized. Current frame is 640x480
07-31 07:56:55.207 E/cutils-trace(  243): Error opening trace file: Permission denied (13)
07-31 07:56:55.207 I/CameraService(  243): Loaded "Emulated Camera Module" camera module
07-31 07:56:55.207 V/EmulatedCamera_Camera(  243): getCameraInfo
07-31 07:56:55.207 V/EmulatedCamera_BaseCamera(  243): getCameraInfo
07-31 07:56:55.207 I/CameraFlashlight(  243): Opening camera 0
07-31 07:56:55.208 V/EmulatedCamera_Camera(  243): getCameraInfo
07-31 07:56:55.208 V/EmulatedCamera_BaseCamera(  243): getCameraInfo
07-31 07:56:55.208 V/EmulatedCamera_Camera(  243): connectCamera
07-31 07:56:55.208 V/EmulatedCamera_GenyDevice(  243): connectDevice
07-31 07:56:55.221 D/libEGL  (  239): loaded /system/lib/egl/libEGL_emulation.so
07-31 07:56:55.232 D/libEGL  (  239): loaded /system/lib/egl/libGLESv1_CM_emulation.so
07-31 07:56:55.238 D/libEGL  (  239): loaded /system/lib/egl/libGLESv2_emulation.so
07-31 07:56:55.244 I/keystore(  246): Found keymaster0 module Keymaster OpenSSL HAL, version 2
07-31 07:56:55.244 I/SoftKeymaster(  246): system/keymaster/soft_keymaster_device.cpp, Line 131: Creating device
07-31 07:56:55.244 D/SoftKeymaster(  246): system/keymaster/soft_keymaster_device.cpp, Line 132: Device address: 0xea9b3000
07-31 07:56:55.244 I/keystore(  246): Keymaster0 module is software-only.  Using SoftKeymasterDevice instead.
07-31 07:56:55.244 I/SoftKeymaster(  246): system/keymaster/soft_keymaster_device.cpp, Line 131: Creating device
07-31 07:56:55.244 D/SoftKeymaster(  246): system/keymaster/soft_keymaster_device.cpp, Line 132: Device address: 0xea9b3200
07-31 07:56:55.245 E/        (  239): Failed to connect to host (UnixStream)!!!
07-31 07:56:55.245 I/keystore(  246): SELinux: Keystore SELinux is disabled.
07-31 07:56:55.245 E/EGL_emulation(  239): Failed to establish connection with the host
07-31 07:56:55.245 W/libEGL  (  239): eglInitialize(0xebebd014) failed (EGL_SUCCESS)
07-31 07:56:55.253 E/        (  239): Failed to connect to host (UnixStream)!!!
07-31 07:56:55.253 E/gralloc_vbox86(  239): gralloc: Failed to get host connection
07-31 07:56:55.253 E/SurfaceFlinger(  239): hwcomposer module not found
07-31 07:56:55.253 E/SurfaceFlinger(  239): ERROR: failed to open framebuffer (I/O error), aborting
--------- beginning of crash
07-31 07:56:55.253 F/libc    (  239): Fatal signal 6 (SIGABRT), code -6 in tid 239 (surfaceflinger)
07-31 07:56:55.253 W/        (  116): debuggerd: handling request: pid=239 uid=1000 gid=1003 tid=239
07-31 07:56:55.254 E/        (  301): debuggerd: Unable to connect to activity manager (connect failed: No such file or directory)
07-31 07:56:55.254 F/DEBUG   (  301): *** *** *** *** *** *** *** *** *** *** *** *** *** *** *** ***
07-31 07:56:55.254 F/DEBUG   (  301): Build fingerprint: 'Android/vbox86p/vbox86p:7.0/NRD90M/genymo03210030:userdebug/test-keys'
07-31 07:56:55.254 F/DEBUG   (  301): Revision: '0'
07-31 07:56:55.254 F/DEBUG   (  301): ABI: 'x86'
07-31 07:56:55.254 F/DEBUG   (  301): pid: 239, tid: 239, name: surfaceflinger  >>> /system/bin/surfaceflinger <<<
07-31 07:56:55.254 F/DEBUG   (  301): signal 6 (SIGABRT), code -6 (SI_TKILL), fault addr --------
07-31 07:56:55.254 F/DEBUG   (  301):     eax 00000000  ebx 000000ef  ecx 000000ef  edx 00000006
07-31 07:56:55.254 F/DEBUG   (  301):     esi ec5da58c  edi ec5da534
07-31 07:56:55.254 F/DEBUG   (  301):     xcs 00000023  xds 0000002b  xes 0000002b  xfs 00000003  xss 0000002b
07-31 07:56:55.254 F/DEBUG   (  301):     eip ec508bb9  ebp ffd1cb48  esp ffd1caec  flags 00000292
07-31 07:56:55.255 F/DEBUG   (  301): 
07-31 07:56:55.255 F/DEBUG   (  301): backtrace:
07-31 07:56:55.255 F/DEBUG   (  301):     #00 pc 00000bb9  [vdso:ec508000] (__kernel_vsyscall+9)
07-31 07:56:55.255 F/DEBUG   (  301):     #01 pc 0007a2ec  /system/lib/libc.so (tgkill+28)
07-31 07:56:55.255 F/DEBUG   (  301):     #02 pc 00075b35  /system/lib/libc.so (pthread_kill+85)
07-31 07:56:55.255 F/DEBUG   (  301):     #03 pc 0002784a  /system/lib/libc.so (raise+42)
07-31 07:56:55.255 F/DEBUG   (  301):     #04 pc 0001ee26  /system/lib/libc.so (abort+86)
07-31 07:56:55.255 F/DEBUG   (  301):     #05 pc 0004b13e  /system/lib/libsurfaceflinger.so
07-31 07:56:55.255 F/DEBUG   (  301):     #06 pc 0003b03f  /system/lib/libsurfaceflinger.so (_ZN7android14SurfaceFlinger4initEv+927)
07-31 07:56:55.255 F/DEBUG   (  301):     #07 pc 00000e17  /system/bin/surfaceflinger
07-31 07:56:55.255 F/DEBUG   (  301):     #08 pc 0001531c  /system/lib/libc.so (__libc_init+108)
07-31 07:56:55.255 F/DEBUG   (  301):     #09 pc 00000c5c  /system/bin/surfaceflinger
07-31 07:56:55.277 W/        (  116): debuggerd: resuming target 239
07-31 07:56:55.278 E/        (  116): debuggerd: failed to send signal 18 to target: No such process
07-31 07:56:55.285 I/ServiceManager(  238): service 'media.player' died
07-31 07:56:55.285 I/ServiceManager(  238): service 'media.resource_manager' died
07-31 07:56:55.285 I/ServiceManager(  238): service 'media.audio_flinger' died
07-31 07:56:55.285 I/ServiceManager(  238): service 'media.audio_policy' died
07-31 07:56:55.285 I/ServiceManager(  238): service 'media.sound_trigger_hw' died
07-31 07:56:55.285 I/ServiceManager(  238): service 'media.radio' died
07-31 07:56:55.524 W/gatekeeperd(  138): falling back to software GateKeeper
07-31 07:56:55.524 I/gatekeeperd(  138): cold boot: clearing state
07-31 07:56:55.579 E/local_camera(  236): We have a problem with the hw connection 111 (Connection refused)
07-31 07:56:55.580 E/local_camera(  235): We have a problem with the hw connection 111 (Connection refused)
07-31 07:56:55.781 I/Genymotion(  230): overriding Battery service paths with fake ones
07-31 07:56:59.607 I/SurfaceFlinger(  336): SurfaceFlinger is starting
07-31 07:56:59.607 I/SurfaceFlinger(  336): SurfaceFlinger's main thread ready to run. Initializing graphics H/W...
07-31 07:56:59.607 D/libEGL  (  336): Emulator has host GPU support, qemu.gles is set to 1.
07-31 07:56:59.608 E/libEGL  (  336): load_driver(/system/lib/egl/libGLES_emulation.so): dlopen failed: library "/system/lib/egl/libGLES_emulation.so" not found
07-31 07:56:59.609 D/libEGL  (  336): loaded /system/lib/egl/libEGL_emulation.so
07-31 07:56:59.609 D/libEGL  (  336): loaded /system/lib/egl/libGLESv1_CM_emulation.so
07-31 07:56:59.612 I/Netd    (  335): Netd 1.0 starting
07-31 07:56:59.612 D/TetherController(  335): Setting IP forward enable = 0
07-31 07:56:59.617 D/libEGL  (  336): loaded /system/lib/egl/libGLESv2_emulation.so
07-31 07:56:59.626 D/        (  336): HostConnection::get() New Host Connection established 0xe839e1b0, tid 336
07-31 07:56:59.683 I/cameraserver(  333): ServiceManager: 0xe8c1ae80
07-31 07:56:59.683 I/CameraService(  333): CameraService started (pid=333)
07-31 07:56:59.683 I/CameraService(  333): CameraService process starting
07-31 07:56:59.684 W/BatteryNotifier(  333): batterystats service unavailable!
07-31 07:56:59.693 W/BatteryNotifier(  333): batterystats service unavailable!
07-31 07:56:59.696 I/        (  332): sMaxFastTracks = 8
07-31 07:56:59.696 I/audioserver(  332): ServiceManager: 0xef31ae80
07-31 07:56:59.696 W/BatteryNotifier(  332): batterystats service unavailable!
07-31 07:56:59.696 I/AudioFlinger(  332): Using default 3000 mSec as standby time.
07-31 07:56:59.700 I/AudioPolicyService(  332): AudioPolicyService CSTOR in new mode
07-31 07:56:59.700 I/APM::ConfigParsingUtils(  332): loadAudioPolicyConfig() loaded /system/etc/audio_policy.conf
07-31 07:56:59.701 I/AudioFlinger(  332): loadHwModule() Loaded primary audio interface from Genymotion audio HW HAL (audio) handle 10
07-31 07:56:59.701 I/AudioFlinger(  332): openOutput(), module 10 Device 2, SamplingRate 44100, Format 0x000001, Channels 3, flags 2
07-31 07:56:59.701 I/genymotion_audio(  332): Starting pcm server
07-31 07:56:59.701 I/AudioFlinger(  332): HAL output buffer size 880 frames, normal sink buffer size 1056 frames
07-31 07:56:59.702 I/BufferProvider(  332): found effect "Multichannel Downmix To Stereo" from The Android Open Source Project
07-31 07:56:59.702 I/AudioFlinger(  332): Using module 10 has the primary audio interface
07-31 07:56:59.704 I/AudioFlinger(  332): AudioFlinger's thread 0xeed839c0 ready to run
07-31 07:56:59.708 W/BatteryNotifier(  332): batterystats service unavailable!
07-31 07:56:59.708 W/BatteryNotifier(  332): batterystats service unavailable!
07-31 07:56:59.708 I/genymotion_audio(  332): out sampling rate 44100
07-31 07:56:59.708 W/BatteryNotifier(  332): batterystats service unavailable!
07-31 07:56:59.709 W/AudioFlinger(  332): no wake lock to update, system not ready yet
07-31 07:56:59.709 E/cutils-trace(  332): Error opening trace file: Permission denied (13)
07-31 07:56:59.713 I/AudioFlinger(  332): AudioFlinger's thread 0xeea03b80 ready to run
07-31 07:56:59.713 I/RadioService(  332): RadioService
07-31 07:56:59.713 I/RadioService(  332): onFirstRef
07-31 07:56:59.713 E/RadioService(  332): couldn't load radio module radio.primary (No such file or directory)
07-31 07:56:59.713 E/SoundTriggerHwService(  332): couldn't load sound trigger module sound_trigger.primary (No such file or directory)
07-31 07:56:59.716 I/mediaserver(  334): ServiceManager: 0xf209af00
07-31 07:56:59.717 W/BatteryNotifier(  334): batterystats service unavailable!
07-31 07:56:59.742 E/SurfaceFlinger(  336): hwcomposer module not found
07-31 07:56:59.744 I/SurfaceFlinger(  336): EGL information:
07-31 07:56:59.744 I/SurfaceFlinger(  336): vendor    : Android
07-31 07:56:59.744 I/SurfaceFlinger(  336): version   : 1.4 Android META-EGL
07-31 07:56:59.744 I/SurfaceFlinger(  336): extensions: EGL_KHR_get_all_proc_addresses EGL_ANDROID_presentation_time EGL_KHR_swap_buffers_with_damage EGL_ANDROID_create_native_client_buffer EGL_ANDROID_front_buffer_auto_refresh EGL_KHR_image_base EGL_KHR_gl_texture_2D_image EGL_KHR_fence_sync EGL_ANDROID_image_native_buffer 
07-31 07:56:59.744 I/SurfaceFlinger(  336): Client API: OpenGL_ES
07-31 07:56:59.744 I/SurfaceFlinger(  336): EGLSurface: 8-8-8-0, config=0x1
07-31 07:56:59.792 I/SurfaceFlinger(  336): OpenGL ES informations:
07-31 07:56:59.792 I/SurfaceFlinger(  336): vendor    : Google (Intel Inc.)
07-31 07:56:59.792 I/SurfaceFlinger(  336): renderer  : Android Emulator OpenGL ES Translator (Intel Iris OpenGL Engine)
07-31 07:56:59.792 I/SurfaceFlinger(  336): version   : OpenGL ES 2.0 (2.1 INTEL-10.25.17)
07-31 07:56:59.792 I/SurfaceFlinger(  336): extensions: GL_EXT_debug_marker GL_OES_EGL_image GL_OES_EGL_image_external GL_OES_depth24 GL_OES_depth32 GL_OES_element_index_uint GL_OES_texture_float GL_OES_texture_float_linear GL_OES_compressed_paletted_texture GL_OES_compressed_ETC1_RGB8_texture GL_OES_depth_texture GL_OES_texture_half_float GL_OES_texture_half_float_linear GL_OES_packed_depth_stencil GL_OES_vertex_half_float GL_OES_texture_npotANDROID_EMU_CHECKSUM_HELPER_v1 
07-31 07:56:59.792 I/SurfaceFlinger(  336): GL_MAX_TEXTURE_SIZE = 16384
07-31 07:56:59.792 I/SurfaceFlinger(  336): GL_MAX_VIEWPORT_DIMS = 16384
07-31 07:56:59.796 E/cutils-trace(  336): Error opening trace file: Permission denied (13)
07-31 07:56:59.809 D/SurfaceFlinger(  336): setOrientation, mFbdev=0xe83d8480, mFbDev->setOrientation=0xe8a4a510, orientation=0
07-31 07:56:59.809 I/gralloc_vbox86(  336): setOrientation: orientation=0
07-31 07:56:59.813 D/SurfaceFlinger(  336): Set power mode=2, type=0 flinger=0xe83b0000
07-31 07:56:59.860 V/EmulatedCamera_GenyCamera(  333): Initialize:
07-31 07:56:59.860 V/EmulatedCamera_GenyCamera(  333):    initializing back camera on local srv port 24801
07-31 07:56:59.860 V/EmulatedCamera_GenyDevice(  333): Initialize: Connected to the emulated camera service 'back'
07-31 07:56:59.860 V/EmulatedCamera_Device(  333): initializeWhiteBalanceModes with auto, 1.000000, 1.000000
07-31 07:56:59.860 V/EmulatedCamera_Device(  333): initializeWhiteBalanceModes with incandescent, 1.380000, 0.600000
07-31 07:56:59.860 V/EmulatedCamera_Device(  333): initializeWhiteBalanceModes with daylight, 1.090000, 0.920000
07-31 07:56:59.860 V/EmulatedCamera_Device(  333): initializeWhiteBalanceModes with twilight, 0.920000, 1.220000
07-31 07:56:59.860 V/EmulatedCamera_Device(  333): setWhiteBalanceMode with white balance auto
07-31 07:56:59.860 V/EmulatedCamera_GenyCamera(  333): getCameraOrientation: camera orientation set to 90
07-31 07:56:59.860 V/EmulatedCamera_GenyCamera(  333): Initialize: Geny camera back is initialized. Current frame is 640x480
07-31 07:56:59.860 V/EmulatedCamera_GenyCamera(  333): Initialize:
07-31 07:56:59.860 V/EmulatedCamera_GenyCamera(  333):    initializing front camera on local srv port 24811
07-31 07:56:59.860 V/EmulatedCamera_GenyDevice(  333): Initialize: Connected to the emulated camera service 'front'
07-31 07:56:59.860 V/EmulatedCamera_Device(  333): initializeWhiteBalanceModes with auto, 1.000000, 1.000000
07-31 07:56:59.860 V/EmulatedCamera_Device(  333): initializeWhiteBalanceModes with incandescent, 1.380000, 0.600000
07-31 07:56:59.860 V/EmulatedCamera_Device(  333): initializeWhiteBalanceModes with daylight, 1.090000, 0.920000
07-31 07:56:59.860 V/EmulatedCamera_Device(  333): initializeWhiteBalanceModes with twilight, 0.920000, 1.220000
07-31 07:56:59.860 V/EmulatedCamera_Device(  333): setWhiteBalanceMode with white balance auto
07-31 07:56:59.860 V/EmulatedCamera_GenyCamera(  333): getCameraOrientation: camera orientation set to 90
07-31 07:56:59.860 V/EmulatedCamera_GenyCamera(  333): Initialize: Geny camera front is initialized. Current frame is 640x480
07-31 07:56:59.860 E/cutils-trace(  333): Error opening trace file: Permission denied (13)
07-31 07:56:59.860 I/CameraService(  333): Loaded "Emulated Camera Module" camera module
07-31 07:56:59.860 V/EmulatedCamera_Camera(  333): getCameraInfo
07-31 07:56:59.860 V/EmulatedCamera_BaseCamera(  333): getCameraInfo
07-31 07:56:59.860 I/CameraFlashlight(  333): Opening camera 0
07-31 07:56:59.860 V/EmulatedCamera_Camera(  333): getCameraInfo
07-31 07:56:59.860 V/EmulatedCamera_BaseCamera(  333): getCameraInfo
07-31 07:56:59.860 V/EmulatedCamera_Camera(  333): connectCamera
07-31 07:56:59.860 V/EmulatedCamera_GenyDevice(  333): connectDevice
07-31 07:56:59.915 D/AndroidRuntime(  331): >>>>>> START com.android.internal.os.ZygoteInit uid 0 <<<<<<
07-31 07:56:59.928 D/AndroidRuntime(  331): CheckJNI is OFF
07-31 07:56:59.936 I/art     (  331): option[0]=-Xzygote
07-31 07:56:59.936 I/art     (  331): option[1]=-Xstacktracefile:/data/anr/traces.txt
07-31 07:56:59.937 I/art     (  331): option[2]=exit
07-31 07:56:59.937 I/art     (  331): option[3]=vfprintf
07-31 07:56:59.937 I/art     (  331): option[4]=sensitiveThread
07-31 07:56:59.937 I/art     (  331): option[5]=-verbose:gc
07-31 07:56:59.937 I/art     (  331): option[6]=-Xms8m
07-31 07:56:59.937 I/art     (  331): option[7]=-Xmx256m
07-31 07:56:59.937 I/art     (  331): option[8]=-XX:HeapGrowthLimit=96m
07-31 07:56:59.937 I/art     (  331): option[9]=-XX:HeapMinFree=512k
07-31 07:56:59.937 I/art     (  331): option[10]=-XX:HeapMaxFree=8m
07-31 07:56:59.937 I/art     (  331): option[11]=-XX:HeapTargetUtilization=0.75
07-31 07:56:59.937 I/art     (  331): option[12]=-Xusejit:true
07-31 07:56:59.937 I/art     (  331): option[13]=-Xjitsaveprofilinginfo
07-31 07:56:59.937 I/art     (  331): option[14]=-agentlib:jdwp=transport=dt_android_adb,suspend=n,server=y
07-31 07:56:59.937 I/art     (  331): option[15]=-Xlockprofthreshold:500
07-31 07:56:59.937 I/art     (  331): option[16]=-Ximage-compiler-option
07-31 07:56:59.937 I/art     (  331): option[17]=--runtime-arg
07-31 07:56:59.937 I/art     (  331): option[18]=-Ximage-compiler-option
07-31 07:56:59.937 I/art     (  331): option[19]=-Xms64m
07-31 07:56:59.937 I/art     (  331): option[20]=-Ximage-compiler-option
07-31 07:56:59.937 I/art     (  331): option[21]=--runtime-arg
07-31 07:56:59.937 I/art     (  331): option[22]=-Ximage-compiler-option
07-31 07:56:59.937 I/art     (  331): option[23]=-Xmx64m
07-31 07:56:59.937 I/art     (  331): option[24]=-Ximage-compiler-option
07-31 07:56:59.937 I/art     (  331): option[25]=--image-classes=/system/etc/preloaded-classes
07-31 07:56:59.937 I/art     (  331): option[26]=-Ximage-compiler-option
07-31 07:56:59.937 I/art     (  331): option[27]=--compiled-classes=/system/etc/compiled-classes
07-31 07:56:59.937 I/art     (  331): option[28]=-Xcompiler-option
07-31 07:56:59.937 I/art     (  331): option[29]=--runtime-arg
07-31 07:56:59.937 I/art     (  331): option[30]=-Xcompiler-option
07-31 07:56:59.937 I/art     (  331): option[31]=-Xms64m
07-31 07:56:59.937 I/art     (  331): option[32]=-Xcompiler-option
07-31 07:56:59.937 I/art     (  331): option[33]=--runtime-arg
07-31 07:56:59.937 I/art     (  331): option[34]=-Xcompiler-option
07-31 07:56:59.937 I/art     (  331): option[35]=-Xmx512m
07-31 07:56:59.937 I/art     (  331): option[36]=-Ximage-compiler-option
07-31 07:56:59.937 I/art     (  331): option[37]=--instruction-set-variant=x86
07-31 07:56:59.937 I/art     (  331): option[38]=-Xcompiler-option
07-31 07:56:59.937 I/art     (  331): option[39]=--instruction-set-variant=x86
07-31 07:56:59.937 I/art     (  331): option[40]=-Ximage-compiler-option
07-31 07:56:59.937 I/art     (  331): option[41]=--instruction-set-features=default
07-31 07:56:59.937 I/art     (  331): option[42]=-Xcompiler-option
07-31 07:56:59.937 I/art     (  331): option[43]=--instruction-set-features=default
07-31 07:56:59.937 I/art     (  331): option[44]=-Duser.locale=en-US
07-31 07:56:59.937 I/art     (  331): option[45]=--cpu-abilist=x86
07-31 07:56:59.937 I/art     (  331): option[46]=-Xfingerprint:Android/vbox86p/vbox86p:7.0/NRD90M/genymo03210030:userdebug/test-keys
07-31 07:56:59.955 I/art     (  331): Pruning dalvik-cache since we are relocating an image and will need to recompile
07-31 07:56:59.955 I/art     (  331): RelocateImage: /system/bin/patchoat --input-image-location=/system/framework/boot.art --output-image-file=/data/dalvik-cache/x86/system@framework@boot.art --instruction-set=x86 --base-offset-delta=-9998336
07-31 07:57:00.216 D/ICU     (  331): No timezone override file found: /data/misc/zoneinfo/current/icu/icu_tzdata.dat
07-31 07:57:00.308 E/memtrack(  331): Couldn't load memtrack module (No such file or directory)
07-31 07:57:00.308 E/android.os.Debug(  331): failed to load memtrack module: -2
07-31 07:57:00.315 I/Radio-JNI(  331): register_android_hardware_Radio DONE
07-31 07:57:00.321 I/SamplingProfilerIntegration(  331): Profiling disabled.
07-31 07:57:00.322 D/Zygote  (  331): begin preload
07-31 07:57:00.322 I/Zygote  (  331): Installing ICU cache reference pinning...
07-31 07:57:00.322 I/Zygote  (  331): Preloading ICU data...
07-31 07:57:00.357 I/Zygote  (  331): Preloading classes...
07-31 07:57:00.487 D/SurfaceFlinger(  336): shader cache generated - 24 shaders in 669.642090 ms
07-31 07:57:00.508 E/Typeface(  331): Error mapping font file /system/fonts/DroidSansFallback.ttf
07-31 07:57:00.581 D/libEGL  (  377): Emulator has host GPU support, qemu.gles is set to 1.
07-31 07:57:00.581 E/libEGL  (  377): load_driver(/system/lib/egl/libGLES_emulation.so): dlopen failed: library "/system/lib/egl/libGLES_emulation.so" not found
07-31 07:57:00.582 D/libEGL  (  377): loaded /system/lib/egl/libEGL_emulation.so
07-31 07:57:00.583 D/libEGL  (  377): loaded /system/lib/egl/libGLESv1_CM_emulation.so
07-31 07:57:00.592 D/libEGL  (  377): loaded /system/lib/egl/libGLESv2_emulation.so
07-31 07:57:00.599 D/        (  377): HostConnection::get() New Host Connection established 0xf089e1e0, tid 392
07-31 07:57:00.607 I/iptables(  335): iptables v1.4.20: can't initialize iptables table `nat': Table does not exist (do you need to insmod?)
07-31 07:57:00.607 I/iptables(  335): Perhaps iptables or your kernel needs to be upgraded.
07-31 07:57:00.607 I/iptables(  335): iptables terminated by exit(3)
07-31 07:57:00.607 E/Netd    (  335): exec() res=0, status=768 for /system/bin/iptables -w -t nat -N oem_nat_pre 
07-31 07:57:00.611 I/iptables(  335): iptables v1.4.20: can't initialize iptables table `nat': Table does not exist (do you need to insmod?)
07-31 07:57:00.611 I/iptables(  335): Perhaps iptables or your kernel needs to be upgraded.
07-31 07:57:00.611 I/iptables(  335): iptables terminated by exit(3)
07-31 07:57:00.611 E/Netd    (  335): exec() res=0, status=768 for /system/bin/iptables -w -t nat -A PREROUTING -j oem_nat_pre 
07-31 07:57:00.615 I/art     (  331): Thread[1,tid=331,Native,Thread*=0xe440b400,peer=0x12c060d0,"main"] recursive attempt to load library "/system/lib/libmedia_jni.so"
07-31 07:57:00.616 D/MtpDeviceJNI(  331): register_android_mtp_MtpDevice
07-31 07:57:00.616 I/art     (  331): Thread[1,tid=331,Native,Thread*=0xe440b400,peer=0x12c060d0,"main"] recursive attempt to load library "/system/lib/libmedia_jni.so"
07-31 07:57:00.616 I/art     (  331): Thread[1,tid=331,Native,Thread*=0xe440b400,peer=0x12c060d0,"main"] recursive attempt to load library "/system/lib/libmedia_jni.so"
07-31 07:57:00.629 E/linker  (  331): library /system/lib/libavcodec.so with text relocation is whitelisted
07-31 07:57:00.629 W/linker  (  331): /system/lib/libavcodec.so has text relocations. This is wasting memory and prevents security hardening. Please fix.
07-31 07:57:00.629 E/linker  (  331): library /system/lib/libavcodec.so with text relocation is whitelisted
07-31 07:57:00.632 I/iptables(  335): iptables v1.4.20: can't initialize iptables table `nat': Table does not exist (do you need to insmod?)
07-31 07:57:00.632 I/iptables(  335): Perhaps iptables or your kernel needs to be upgraded.
07-31 07:57:00.632 I/iptables(  335): iptables terminated by exit(3)
07-31 07:57:00.632 E/Netd    (  335): exec() res=0, status=768 for /system/bin/iptables -w -t nat -N natctrl_nat_POSTROUTING 
07-31 07:57:00.634 E/linker  (  331): library /system/lib/libswresample.so with text relocation is whitelisted
07-31 07:57:00.634 W/linker  (  331): /system/lib/libswresample.so has text relocations. This is wasting memory and prevents security hardening. Please fix.
07-31 07:57:00.634 E/linker  (  331): library /system/lib/libswresample.so with text relocation is whitelisted
07-31 07:57:00.637 I/iptables(  335): iptables v1.4.20: can't initialize iptables table `nat': Table does not exist (do you need to insmod?)
07-31 07:57:00.637 I/iptables(  335): Perhaps iptables or your kernel needs to be upgraded.
07-31 07:57:00.637 I/iptables(  335): iptables terminated by exit(3)
07-31 07:57:00.637 E/Netd    (  335): exec() res=0, status=768 for /system/bin/iptables -w -t nat -A POSTROUTING -j natctrl_nat_POSTROUTING 
07-31 07:57:00.642 I/iptables(  335): iptables v1.4.20: Couldn't find target `fw_dozable'
07-31 07:57:00.642 I/iptables(  335): 
07-31 07:57:00.642 I/iptables(  335): Try `iptables -h' or 'iptables --help' for more information.
07-31 07:57:00.642 I/iptables(  335): iptables terminated by exit(2)
07-31 07:57:00.642 E/Netd    (  335): exec() res=0, status=512 for /system/bin/iptables -w -t filter -D fw_INPUT -j fw_dozable 
07-31 07:57:00.653 I/ip6tables(  335): ip6tables v1.4.20: Couldn't find target `fw_dozable'
07-31 07:57:00.653 I/ip6tables(  335): 
07-31 07:57:00.653 I/ip6tables(  335): Try `ip6tables -h' or 'ip6tables --help' for more information.
07-31 07:57:00.653 I/ip6tables(  335): ip6tables terminated by exit(2)
07-31 07:57:00.653 E/Netd    (  335): exec() res=0, status=512 for /system/bin/ip6tables -w -t filter -D fw_INPUT -j fw_dozable 
07-31 07:57:00.655 E/cutils-trace(  377): Error opening trace file: Permission denied (13)
07-31 07:57:00.655 D/        (  336): HostConnection::get() New Host Connection established 0xe8008030, tid 337
07-31 07:57:00.666 I/iptables(  335): iptables v1.4.20: Couldn't find target `fw_standby'
07-31 07:57:00.666 I/iptables(  335): 
07-31 07:57:00.666 I/iptables(  335): Try `iptables -h' or 'iptables --help' for more information.
07-31 07:57:00.666 I/iptables(  335): iptables terminated by exit(2)
07-31 07:57:00.666 E/Netd    (  335): exec() res=0, status=512 for /system/bin/iptables -w -t filter -D fw_INPUT -j fw_standby 
07-31 07:57:00.670 I/ip6tables(  335): ip6tables v1.4.20: Couldn't find target `fw_standby'
07-31 07:57:00.670 I/ip6tables(  335): 
07-31 07:57:00.670 I/ip6tables(  335): Try `ip6tables -h' or 'ip6tables --help' for more information.
07-31 07:57:00.671 I/ip6tables(  335): ip6tables terminated by exit(2)
07-31 07:57:00.671 E/Netd    (  335): exec() res=0, status=512 for /system/bin/ip6tables -w -t filter -D fw_INPUT -j fw_standby 
07-31 07:57:00.683 I/iptables(  335): iptables v1.4.20: Couldn't find target `fw_powersave'
07-31 07:57:00.683 I/iptables(  335): 
07-31 07:57:00.683 I/iptables(  335): Try `iptables -h' or 'iptables --help' for more information.
07-31 07:57:00.683 I/iptables(  335): iptables terminated by exit(2)
07-31 07:57:00.683 E/Netd    (  335): exec() res=0, status=512 for /system/bin/iptables -w -t filter -D fw_INPUT -j fw_powersave 
07-31 07:57:00.686 I/ip6tables(  335): ip6tables v1.4.20: Couldn't find target `fw_powersave'
07-31 07:57:00.686 I/ip6tables(  335): 
07-31 07:57:00.686 I/ip6tables(  335): Try `ip6tables -h' or 'ip6tables --help' for more information.
07-31 07:57:00.686 I/ip6tables(  335): ip6tables terminated by exit(2)
07-31 07:57:00.686 E/Netd    (  335): exec() res=0, status=512 for /system/bin/ip6tables -w -t filter -D fw_INPUT -j fw_powersave 
07-31 07:57:00.702 V/NatController(  335): runCmd(/system/bin/iptables -w -F natctrl_FORWARD) res=0
07-31 07:57:00.707 V/NatController(  335): runCmd(/system/bin/iptables -w -A natctrl_FORWARD -j DROP) res=0
07-31 07:57:00.711 V/NatController(  335): runCmd(/system/bin/iptables -w -t nat -F natctrl_nat_POSTROUTING) res=3
07-31 07:57:00.775 I/System  (  331): Loaded time zone names for "" in 65ms (64ms in ICU)
07-31 07:57:00.789 I/System  (  331): Loaded time zone names for "en_US" in 14ms (13ms in ICU)
07-31 07:57:00.794 E/Netd    (  335): cannot find interface dummy0
07-31 07:57:00.795 D/Genyd   (  135): Received Get Capabilities
07-31 07:57:00.795 E/Netd    (  335): Unable to create netlink socket: Protocol not supported
07-31 07:57:00.795 E/Netd    (  335): Unable to open quota socket
07-31 07:57:00.798 D/MDnsDS  (  335): MDnsSdListener::Hander starting up
07-31 07:57:00.808 D/MDnsDS  (  335): MDnsSdListener starting to monitor
07-31 07:57:00.808 D/MDnsDS  (  335): Going to poll with pollCount 1
07-31 07:57:00.811 D/Genyd   (  135): Received Get GenymotionVersion
07-31 07:57:00.811 D/Genymotion(  135): Received Get GenymotionVersion
07-31 07:57:00.820 I/Zygote  (  331): ...preloaded 4161 classes in 463ms.
07-31 07:57:00.820 I/art     (  331): VMRuntime.preloadDexCaches starting
07-31 07:57:00.830 D/Genyd   (  135): Received Set Clipboard
07-31 07:57:00.830 D/Genymotion(  135): Received Set Clipboard
07-31 07:57:00.831 D/Genyd   (  135): Received Set TokenValidity
07-31 07:57:00.831 D/Genymotion(  135): Received Set TokenValidity 0
07-31 07:57:00.869 I/art     (  331): VMRuntime.preloadDexCaches strings total=282350 before=39272 after=39272
07-31 07:57:00.869 I/art     (  331): VMRuntime.preloadDexCaches types total=23485 before=7833 after=7860
07-31 07:57:00.869 I/art     (  331): VMRuntime.preloadDexCaches fields total=111429 before=40623 after=40837
07-31 07:57:00.869 I/art     (  331): VMRuntime.preloadDexCaches methods total=196817 before=82161 after=82721
07-31 07:57:00.869 I/art     (  331): VMRuntime.preloadDexCaches finished
07-31 07:57:00.923 I/Zygote  (  331): Preloading resources...
07-31 07:57:00.946 W/Resources(  331): Preloaded drawable resource #0x1080298 (android:drawable/editbox_dropdown_background_dark) that varies with configuration!!
07-31 07:57:01.002 W/Resources(  331): Preloaded drawable resource #0x108030a (android:drawable/ic_clear_disabled) that varies with configuration!!
07-31 07:57:01.002 W/Resources(  331): Preloaded drawable resource #0x108030f (android:drawable/ic_clear_normal) that varies with configuration!!
07-31 07:57:01.006 W/Resources(  331): Preloaded drawable resource #0x1080344 (android:drawable/ic_go) that varies with configuration!!
07-31 07:57:01.010 W/Resources(  331): Preloaded drawable resource #0x1080038 (android:drawable/ic_menu_close_clear_cancel) that varies with configuration!!
07-31 07:57:01.014 W/Resources(  331): Preloaded drawable resource #0x1080045 (android:drawable/ic_menu_more) that varies with configuration!!
07-31 07:57:01.025 D/        (  336): HostConnection::get() New Host Connection established 0xe839e9c0, tid 340
07-31 07:57:01.035 W/Resources(  331): Preloaded drawable resource #0x10804d2 (android:drawable/menu_background_fill_parent_width) that varies with configuration!!
07-31 07:57:01.070 W/Resources(  331): Preloaded drawable resource #0x1080765 (android:drawable/text_edit_paste_window) that varies with configuration!!
07-31 07:57:01.075 W/Resources(  331): Preloaded drawable resource #0x1080096 (android:drawable/toast_frame) that varies with configuration!!
07-31 07:57:01.075 I/Zygote  (  331): ...preloaded 114 resources in 152ms.
07-31 07:57:01.081 I/Zygote  (  331): ...preloaded 41 resources in 6ms.
07-31 07:57:01.081 I/Zygote  (  331): Preloading shared libraries...
07-31 07:57:01.088 I/Zygote  (  331): Uninstalled ICU cache reference pinning...
07-31 07:57:01.091 I/Zygote  (  331): Installed AndroidKeyStoreProvider in 3ms.
07-31 07:57:01.097 I/Zygote  (  331): Warmed up JCA providers in 6ms.
07-31 07:57:01.097 D/Zygote  (  331): end preload
07-31 07:57:01.097 I/art     (  331): Starting a blocking GC Explicit
07-31 07:57:01.106 I/art     (  331): Explicit concurrent mark sweep GC freed 6178(349KB) AllocSpace objects, 2(92KB) LOS objects, 40% free, 4MB/8MB, paused 460us total 8.186ms
07-31 07:57:01.106 I/art     (  331): Starting a blocking GC Explicit
07-31 07:57:01.110 I/art     (  331): Explicit concurrent mark sweep GC freed 705(20KB) AllocSpace objects, 0(0B) LOS objects, 40% free, 4MB/8MB, paused 78us total 3.964ms
07-31 07:57:01.129 I/art     (  331): Starting a blocking GC HeapTrim
07-31 07:57:01.132 I/art     (  331): Starting a blocking GC Background
07-31 07:57:01.144 I/Zygote  (  331): System server process 590 has been created
07-31 07:57:01.147 I/Zygote  (  331): Accepting command socket connections
07-31 07:57:01.150 I/InstallerConnection(  590): connecting...
07-31 07:57:01.150 I/        (  245): new connection
07-31 07:57:01.154 I/InstallerConnection(  590): disconnecting...
07-31 07:57:01.154 E/        (  245): eof
07-31 07:57:01.154 E/        (  245): failed to read size
07-31 07:57:01.154 I/        (  245): closing connection
07-31 07:57:01.167 I/SystemServer(  590): Entered the Android system server!
07-31 07:57:01.212 I/SystemServiceManager(  590): Starting com.android.server.pm.Installer
07-31 07:57:01.215 I/Installer(  590): Waiting for installd to be ready.
07-31 07:57:01.215 I/InstallerConnection(  590): connecting...
07-31 07:57:01.215 I/        (  245): new connection
07-31 07:57:01.215 I/SystemServiceManager(  590): Starting com.android.server.am.ActivityManagerService$Lifecycle
07-31 07:57:01.231 I/ActivityManager(  590): Memory class: 96
07-31 07:57:01.237 I/ServiceThread(  590): Enabled StrictMode logging for ActivityManager looper.
07-31 07:57:01.245 I/ServiceThread(  590): Enabled StrictMode logging for android.ui looper.
07-31 07:57:01.256 D/BatteryStatsImpl(  590): Reading daily items from /data/system/batterystats-daily.xml
07-31 07:57:01.277 I/AppOps  (  590): No existing app ops /data/system/appops.xml; starting empty
07-31 07:57:01.297 I/IntentFirewall(  590): Read new rules (A:0 B:0 S:0)
07-31 07:57:01.300 I/ServiceThread(  590): Enabled StrictMode logging for android.display looper.
07-31 07:57:01.303 D/AppOps  (  590): AppOpsService published
07-31 07:57:01.303 I/SystemServiceManager(  590): Starting com.android.server.power.PowerManagerService
07-31 07:57:01.307 I/ServiceThread(  590): Enabled StrictMode logging for PowerManagerService looper.
07-31 07:57:01.308 W/libsuspend(  590): Error writing 'on' to /sys/power/state: Invalid argument
07-31 07:57:01.308 I/libsuspend(  590): Selected autosleep
07-31 07:57:01.316 I/SystemServiceManager(  590): Starting com.android.server.lights.LightsService
07-31 07:57:01.319 I/SystemServiceManager(  590): Starting com.android.server.display.DisplayManagerService
07-31 07:57:01.321 I/SystemServiceManager(  590): Starting phase 100
07-31 07:57:01.333 I/DisplayManagerService(  590): Display device added: DisplayDeviceInfo{"Built-in Screen": uniqueId="local:0", 1080 x 1920, modeId 1, defaultModeId 1, supportedModes [{id=1, width=1080, height=1920, fps=60.000004}], colorTransformId 1, defaultColorTransformId 1, supportedColorTransforms [{id=1, colorTransform=0}], HdrCapabilities android.view.Display$HdrCapabilities@f49e9e4, density 420, 420.0 x 420.0 dpi, appVsyncOff 0, presDeadline 17666666, touch INTERNAL, rotation 0, type BUILT_IN, state UNKNOWN, FLAG_DEFAULT_DISPLAY, FLAG_ROTATES_WITH_CONTENT, FLAG_SECURE, FLAG_SUPPORTS_PROTECTED_BUFFERS}
07-31 07:57:01.334 D/SurfaceFlinger(  336): Set power mode=2, type=0 flinger=0xe83b0000
07-31 07:57:01.334 D/SurfaceFlinger(  336): Screen type=0 is already mode=2
07-31 07:57:01.334 I/DisplayManagerService(  590): Display device changed state: "Built-in Screen", ON
07-31 07:57:01.334 I/SystemServer(  590): StartPackageManagerService
07-31 07:57:01.352 W/FileUtils(  590): Failed to chmod(/data/system/packages.list): android.system.ErrnoException: chmod failed: ENOENT (No such file or directory)
07-31 07:57:01.356 W/SystemConfig(  590): No directory /system/etc/sysconfig, skipping
07-31 07:57:01.377 D/SELinuxMMAC(  590): Using policy file /system/etc/security/mac_permissions.xml
07-31 07:57:01.379 I/PackageManager(  590): No settings file; creating initial state
07-31 07:57:01.387 E/art     (  590): DexFile_getDexOptNeeded file '/system/framework/org.apache.http.legacy.jar' does not exist
07-31 07:57:01.387 W/PackageManager(  590): Library not found: /system/framework/org.apache.http.legacy.jar
07-31 07:57:01.390 D/PackageManager(  590): No files in app dir /vendor/overlay
07-31 07:57:01.399 I/PackageManager(  590): /system/framework/framework-res.apk changed; collecting certs
07-31 07:57:01.583 W/PackageManager(  590): Failed to parse /system/framework/oat: Missing base APK in /system/framework/oat
07-31 07:57:01.584 W/PackageManager(  590): Failed to parse /system/framework/x86: Missing base APK in /system/framework/x86
07-31 07:57:01.586 I/PackageManager(  590): /system/priv-app/BackupRestoreConfirmation changed; collecting certs
07-31 07:57:01.591 I/PackageManager(  590): /system/priv-app/BlockedNumberProvider changed; collecting certs
07-31 07:57:01.592 I/PackageManager(  590): New shared user android.uid.shared: id=10001
07-31 07:57:01.595 I/PackageManager(  590): /system/priv-app/CalendarProvider changed; collecting certs
07-31 07:57:01.597 I/PackageManager(  590): New shared user android.uid.calendar: id=10002
07-31 07:57:01.599 I/PackageManager(  590): /system/priv-app/CallLogBackup changed; collecting certs
07-31 07:57:01.605 I/PackageManager(  590): /system/priv-app/CarrierConfig changed; collecting certs
07-31 07:57:01.610 I/PackageManager(  590): /system/priv-app/CellBroadcastReceiver changed; collecting certs
07-31 07:57:01.633 W/PackageParser(  590): No actions in intent filter at /system/priv-app/Contacts/Contacts.apk Binary XML file line #403
07-31 07:57:01.634 I/PackageManager(  590): /system/priv-app/Contacts changed; collecting certs
07-31 07:57:01.674 I/PackageManager(  590): /system/priv-app/ContactsProvider changed; collecting certs
07-31 07:57:01.680 I/PackageManager(  590): /system/priv-app/CtsShimPrivPrebuilt changed; collecting certs
07-31 07:57:01.683 I/PackageManager(  590): /system/priv-app/DefaultContainerService changed; collecting certs
07-31 07:57:01.699 W/PackageParser(  590): No actions in intent filter at /system/priv-app/Dialer/Dialer.apk Binary XML file line #185
07-31 07:57:01.699 I/PackageManager(  590): /system/priv-app/Dialer changed; collecting certs
07-31 07:57:01.753 I/PackageManager(  590): /system/priv-app/DocumentsUI changed; collecting certs
07-31 07:57:01.763 I/PackageManager(  590): /system/priv-app/DownloadProvider changed; collecting certs
07-31 07:57:01.767 I/PackageManager(  590): New shared user android.media: id=10010
07-31 07:57:01.770 W/PackageManager(  590): Permission android.permission.DOWNLOAD_WITHOUT_NOTIFICATION from package com.android.providers.downloads in an unknown group android.permission-group.NETWORK
07-31 07:57:01.781 I/PackageManager(  590): /system/priv-app/EmergencyInfo changed; collecting certs
07-31 07:57:01.803 I/PackageManager(  590): New shared user com.android.emergency.uid: id=10011
07-31 07:57:01.805 I/PackageManager(  590): /system/priv-app/ExtServices changed; collecting certs
