07-31 03:57:07.176 D/ZenLog  (  590): config: conditionChanged,ZenModeConfig[user=0,allowCalls=true,allowRepeatCallers=false,allowMessages=false,allowCallsFrom=contacts,allowMessagesFrom=contacts,allowReminders=true,allowEvents=true,allowWhenScreenOff=true,allowWhenScreenOn=true,automaticRules={7f278d0d75dc45498f6af2d486ee2b13=ZenRule[enabled=false,snoozing=false,name=Weeknight,zenMode=ZEN_MODE_ALARMS,conditionId=condition://android/schedule?days=1.2.3.4.5&start=22.0&end=7.0&exitAtAlarm=false,condition=Condition[id=condition://android/schedule?days=1.2.3.4.5&start=22.0&end=7.0&exitAtAlarm=false,summary=...,line1=...,line2=...,icon=0,state=STATE_TRUE,flags=2],component=ComponentInfo{android/com.android.server.notification.ScheduleConditionProvider},id=7f278d0d75dc45498f6af2d486ee2b13,creationTime=1501487824671], 193c9eee9199496197b37c119c25ae65=ZenRule[enabled=false,snoozing=false,name=Weekend,zenMode=ZEN_MODE_ALARMS,conditionId=condition://android/schedule?days=6.7&start=23.30&end=10.0&exitAtAlarm=false,condition=Condition[id=condition://android/schedule?days=6.7&start=23.30&end=10.0&exitAtAlarm=false,summary=...,line1=...,line2=...,icon=0,state=STATE_FALSE,flags=2],component=ComponentInfo{android/com.android.server.notification.ScheduleConditionProvider},id=193c9eee9199496197b37c119c25ae65,creationTime=1501487824671], de405f54d08c416e82744d6ab834a91e=ZenRule[enabled=false,snoozing=false,name=Event,zenMode=ZEN_MODE_ALARMS,conditionId=condition://android/event?userId=-10000&calendar=&reply=1,condition=Condition[id=condition://android/event?userId=-10000&calendar=&reply=1,summary=...,line1=...,line2=...,icon=0,state=STATE_FALSE,flags=2],component=ComponentInfo{android/com.android.server.notification.EventConditionProvider},id=de405f54d08c416e82744d6ab834a91e,creationTime=1501487824671]},manualRule=null],Diff[automaticRule[7f278d0d75dc45498f6af2d486ee2b13].condition:Condition[id=condition://android/schedule?days=1.2.3.4.5&start=22.0&end=7.0&exitAtAlarm=false,summary=...,line1=...,line2=...,icon=0,state=STATE_FALSE,flags=2]->Condition[id=condition://android/schedule?days=1.2.3.4.5&start=22.0&end=7.0&exitAtAlarm=false,summary=...,line1=...,line2=...,icon=0,state=STATE_TRUE,flags=2]]
07-31 03:57:07.189 D/ZenLog  (  590): set_zen_mode: off,conditionChanged
07-31 03:57:07.189 I/CameraManagerGlobal(  713): Connecting to camera service
07-31 03:57:07.192 V/EmulatedCamera_Camera(  333): getCameraInfo
07-31 03:57:07.192 V/EmulatedCamera_BaseCamera(  333): getCameraInfo
07-31 03:57:07.192 I/CameraService(  333): getCameraCharacteristics: Switching to HAL1 shim implementation...
07-31 03:57:07.192 V/EmulatedCamera_Camera(  333): getCameraInfo
07-31 03:57:07.192 V/EmulatedCamera_BaseCamera(  333): getCameraInfo
07-31 03:57:07.192 I/CameraService(  333): CameraService::connect call (PID -1 "cameraserver", camera ID 0) for HAL version default and Camera API version 1
07-31 03:57:07.194 E/CameraService(  333): getCameraPriorityFromProcState: Received invalid process state -1 from ActivityManagerService!
07-31 03:57:07.194 V/EmulatedCamera_Camera(  333): getCameraInfo
07-31 03:57:07.194 V/EmulatedCamera_BaseCamera(  333): getCameraInfo
07-31 03:57:07.204 E/linker  (  334): library /system/lib/libavcodec.so with text relocation is whitelisted
07-31 03:57:07.204 W/linker  (  334): /system/lib/libavcodec.so has text relocations. This is wasting memory and prevents security hardening. Please fix.
07-31 03:57:07.204 E/linker  (  334): library /system/lib/libavcodec.so with text relocation is whitelisted
07-31 03:57:07.206 E/linker  (  334): library /system/lib/libswresample.so with text relocation is whitelisted
07-31 03:57:07.206 W/linker  (  334): /system/lib/libswresample.so has text relocations. This is wasting memory and prevents security hardening. Please fix.
07-31 03:57:07.206 E/linker  (  334): library /system/lib/libswresample.so with text relocation is whitelisted
07-31 03:57:07.215 E/WVMExtractor(  334): Failed to open libwvm.so: dlopen failed: library "libwvm.so" not found
07-31 03:57:07.219 V/FFmpegExtractor(  249): SniffFFMPEG
07-31 03:57:07.219 I/FFmpegExtractor(  249): android-source:0xef5e5600
07-31 03:57:07.219 D/FFMPEG  (  249): android source begin open
07-31 03:57:07.219 D/FFMPEG  (  249): android open, url: android-source:0xef5e5600
07-31 03:57:07.219 D/FFMPEG  (  249): ffmpeg open android data source success, source ptr: 0xef5e5600
07-31 03:57:07.219 D/FFMPEG  (  249): android source open success
07-31 03:57:07.221 W/System  (  999): ClassLoader referenced unknown path: /system/app/DeskClock/lib/x86
07-31 03:57:07.221 I/FFMPEG  (  249): Input #0, ogg, from 'android-source:0xef5e5600':
07-31 03:57:07.221 I/FFMPEG  (  249):   Duration: 00:00:00.11, start: 0.000000, bitrate: 431 kb/s
07-31 03:57:07.221 I/FFMPEG  (  249):     Stream #0:0: Audio: vorbis, 48000 Hz, mono, fltp, 140 kb/s
07-31 03:57:07.221 I/FFmpegExtractor(  249): FFmpegExtrator, url: android-source:0xef5e5600, format_name: ogg, format_long_name: Ogg
07-31 03:57:07.221 I/FFmpegExtractor(  249): list the formats suppoted by ffmpeg: 
07-31 03:57:07.221 I/FFmpegExtractor(  249): ========================================
07-31 03:57:07.221 V/FFmpegExtractor(  249): format_names[00]: mpeg
07-31 03:57:07.221 V/FFmpegExtractor(  249): format_names[01]: mpegts
07-31 03:57:07.221 V/FFmpegExtractor(  249): format_names[02]: mov,mp4,m4a,3gp,3g2,mj2
07-31 03:57:07.221 V/FFmpegExtractor(  249): format_names[03]: matroska,webm
07-31 03:57:07.221 V/FFmpegExtractor(  249): format_names[04]: asf
07-31 03:57:07.221 V/FFmpegExtractor(  249): format_names[05]: rm
07-31 03:57:07.221 V/FFmpegExtractor(  249): format_names[06]: flv
07-31 03:57:07.221 V/FFmpegExtractor(  249): format_names[07]: swf
07-31 03:57:07.221 V/FFmpegExtractor(  249): format_names[08]: avi
07-31 03:57:07.221 V/FFmpegExtractor(  249): format_names[09]: ape
07-31 03:57:07.221 V/FFmpegExtractor(  249): format_names[10]: dts
07-31 03:57:07.221 V/FFmpegExtractor(  249): format_names[11]: flac
07-31 03:57:07.221 V/FFmpegExtractor(  249): format_names[12]: ac3
07-31 03:57:07.221 V/FFmpegExtractor(  249): format_names[13]: wav
07-31 03:57:07.221 V/FFmpegExtractor(  249): format_names[14]: ogg
07-31 03:57:07.221 V/FFmpegExtractor(  249): format_names[15]: vc1
07-31 03:57:07.221 V/FFmpegExtractor(  249): format_names[16]: hevc
07-31 03:57:07.221 I/FFmpegExtractor(  249): ========================================
07-31 03:57:07.221 I/FFmpegExtractor(  249): adjust mime(application/ogg -> audio/vorbis)
07-31 03:57:07.221 D/FFmpegExtractor(  249): suppoted codec(vorbis) by official Stagefright
07-31 03:57:07.222 D/FFMPEG  (  249): android source close
07-31 03:57:07.222 I/FFmpegExtractor(  249): sniff through BetterSniffFFMPEG success
07-31 03:57:07.222 D/FFmpegExtractor(  249): ffmpeg detected media content as 'audio/vorbis' with confidence 0.08
07-31 03:57:07.224 I/MediaPlayerService(  334): MediaPlayerService::getOMX
07-31 03:57:07.225 V/FFmpegExtractor(  249): SniffFFMPEG
07-31 03:57:07.225 I/FFmpegExtractor(  249): android-source:0xec8cfa00
07-31 03:57:07.225 D/FFMPEG  (  249): android source begin open
07-31 03:57:07.225 D/FFMPEG  (  249): android open, url: android-source:0xec8cfa00
07-31 03:57:07.225 D/FFMPEG  (  249): ffmpeg open android data source success, source ptr: 0xec8cfa00
07-31 03:57:07.225 D/FFMPEG  (  249): android source open success
07-31 03:57:07.225 I/OMXClient(  590): MuxOMX ctor
07-31 03:57:07.227 I/OMXMaster(  247): makeComponentInstance(OMX.google.vorbis.decoder) in mediacodec process
07-31 03:57:07.227 I/FFMPEG  (  249): Input #0, ogg, from 'android-source:0xec8cfa00':
07-31 03:57:07.227 I/FFMPEG  (  249):   Duration: 00:00:00.42, start: 0.000000, bitrate: 113 kb/s
07-31 03:57:07.227 I/FFMPEG  (  249):     Stream #0:0: Audio: vorbis, 48000 Hz, mono, fltp, 48 kb/s
07-31 03:57:07.227 I/FFMPEG  (  249):     Metadata:
07-31 03:57:07.227 I/FFMPEG  (  249):       TITLE           : Camera Shutter
07-31 03:57:07.227 I/FFMPEG  (  249):       ARTIST          : (c) 2012 Android Open Source Project
07-31 03:57:07.227 I/FFmpegExtractor(  249): FFmpegExtrator, url: android-source:0xec8cfa00, format_name: ogg, format_long_name: Ogg
07-31 03:57:07.227 I/FFmpegExtractor(  249): list the formats suppoted by ffmpeg: 
07-31 03:57:07.227 I/FFmpegExtractor(  249): ========================================
07-31 03:57:07.227 V/FFmpegExtractor(  249): format_names[00]: mpeg
07-31 03:57:07.227 V/FFmpegExtractor(  249): format_names[01]: mpegts
07-31 03:57:07.227 V/FFmpegExtractor(  249): format_names[02]: mov,mp4,m4a,3gp,3g2,mj2
07-31 03:57:07.227 V/FFmpegExtractor(  249): format_names[03]: matroska,webm
07-31 03:57:07.227 V/FFmpegExtractor(  249): format_names[04]: asf
07-31 03:57:07.227 V/FFmpegExtractor(  249): format_names[05]: rm
07-31 03:57:07.227 V/FFmpegExtractor(  249): format_names[06]: flv
07-31 03:57:07.227 V/FFmpegExtractor(  249): format_names[07]: swf
07-31 03:57:07.227 V/FFmpegExtractor(  249): format_names[08]: avi
07-31 03:57:07.227 V/FFmpegExtractor(  249): format_names[09]: ape
07-31 03:57:07.227 V/FFmpegExtractor(  249): format_names[10]: dts
07-31 03:57:07.227 V/FFmpegExtractor(  249): format_names[11]: flac
07-31 03:57:07.227 V/FFmpegExtractor(  249): format_names[12]: ac3
07-31 03:57:07.227 V/FFmpegExtractor(  249): format_names[13]: wav
07-31 03:57:07.227 V/FFmpegExtractor(  249): format_names[14]: ogg
07-31 03:57:07.227 V/FFmpegExtractor(  249): format_names[15]: vc1
07-31 03:57:07.227 V/FFmpegExtractor(  249): format_names[16]: hevc
07-31 03:57:07.227 I/FFmpegExtractor(  249): ========================================
07-31 03:57:07.227 I/FFmpegExtractor(  249): adjust mime(application/ogg -> audio/vorbis)
07-31 03:57:07.227 D/FFmpegExtractor(  249): suppoted codec(vorbis) by official Stagefright
07-31 03:57:07.227 D/FFMPEG  (  249): android source close
07-31 03:57:07.227 I/FFmpegExtractor(  249): sniff through BetterSniffFFMPEG success
07-31 03:57:07.227 D/FFmpegExtractor(  249): ffmpeg detected media content as 'audio/vorbis' with confidence 0.08
07-31 03:57:07.229 D/NuPlayerDriver(  334): notifyListener_l(0xf088c180), (1, 0, 0), loop setting(0, 0)
07-31 03:57:07.237 V/FFmpegExtractor(  249): SniffFFMPEG
07-31 03:57:07.237 I/FFmpegExtractor(  249): android-source:0xef5dc000
07-31 03:57:07.237 D/FFMPEG  (  249): android source begin open
07-31 03:57:07.237 D/FFMPEG  (  249): android open, url: android-source:0xef5dc000
07-31 03:57:07.237 D/FFMPEG  (  249): ffmpeg open android data source success, source ptr: 0xef5dc000
07-31 03:57:07.237 D/FFMPEG  (  249): android source open success
07-31 03:57:07.249 I/FFMPEG  (  249): Input #0, ogg, from 'android-source:0xef5dc000':
07-31 03:57:07.249 I/FFMPEG  (  249):   Duration: 00:00:00.54, start: 0.000000, bitrate: 95 kb/s
07-31 03:57:07.249 I/FFMPEG  (  249):     Stream #0:0: Audio: vorbis, 48000 Hz, mono, fltp, 48 kb/s
07-31 03:57:07.249 I/FFMPEG  (  249):     Metadata:
07-31 03:57:07.249 I/FFMPEG  (  249):       TITLE           : Video Record
07-31 03:57:07.249 I/FFMPEG  (  249):       ARTIST          : (c) 2012 Android Open Source Project
07-31 03:57:07.249 I/FFmpegExtractor(  249): FFmpegExtrator, url: android-source:0xef5dc000, format_name: ogg, format_long_name: Ogg
07-31 03:57:07.249 I/FFmpegExtractor(  249): list the formats suppoted by ffmpeg: 
07-31 03:57:07.249 I/FFmpegExtractor(  249): ========================================
07-31 03:57:07.249 V/FFmpegExtractor(  249): format_names[00]: mpeg
07-31 03:57:07.249 V/FFmpegExtractor(  249): format_names[01]: mpegts
07-31 03:57:07.249 V/FFmpegExtractor(  249): format_names[02]: mov,mp4,m4a,3gp,3g2,mj2
07-31 03:57:07.249 V/FFmpegExtractor(  249): format_names[03]: matroska,webm
07-31 03:57:07.249 V/FFmpegExtractor(  249): format_names[04]: asf
07-31 03:57:07.250 V/FFmpegExtractor(  249): format_names[05]: rm
07-31 03:57:07.250 V/FFmpegExtractor(  249): format_names[06]: flv
07-31 03:57:07.250 V/FFmpegExtractor(  249): format_names[07]: swf
07-31 03:57:07.250 V/FFmpegExtractor(  249): format_names[08]: avi
07-31 03:57:07.250 V/FFmpegExtractor(  249): format_names[09]: ape
07-31 03:57:07.250 V/FFmpegExtractor(  249): format_names[10]: dts
07-31 03:57:07.250 V/FFmpegExtractor(  249): format_names[11]: flac
07-31 03:57:07.250 V/FFmpegExtractor(  249): format_names[12]: ac3
07-31 03:57:07.250 V/FFmpegExtractor(  249): format_names[13]: wav
07-31 03:57:07.250 V/FFmpegExtractor(  249): format_names[14]: ogg
07-31 03:57:07.250 V/FFmpegExtractor(  249): format_names[15]: vc1
07-31 03:57:07.250 V/FFmpegExtractor(  249): format_names[16]: hevc
07-31 03:57:07.250 I/FFmpegExtractor(  249): ========================================
07-31 03:57:07.250 I/FFmpegExtractor(  249): adjust mime(application/ogg -> audio/vorbis)
07-31 03:57:07.250 D/FFmpegExtractor(  249): suppoted codec(vorbis) by official Stagefright
07-31 03:57:07.250 D/FFMPEG  (  249): android source close
07-31 03:57:07.250 I/FFmpegExtractor(  249): sniff through BetterSniffFFMPEG success
07-31 03:57:07.250 D/FFmpegExtractor(  249): ffmpeg detected media content as 'audio/vorbis' with confidence 0.08
07-31 03:57:07.254 D/NuPlayerDriver(  334): notifyListener_l(0xf088c000), (1, 0, 0), loop setting(0, 0)
07-31 03:57:07.254 I/Telephony(  787): PstnIncomingCallNotifier: Unregistering: Handler (com.android.internal.telephony.GsmCdmaPhone) {9d3abc2}
07-31 03:57:07.255 E/PhoneInterfaceManager(  787): [PhoneIntfMgr] getIccId: No UICC
07-31 03:57:07.262 I/Telecom (  590): PhoneAccountRegistrar: [ComponentInfo{com.android.phone/com.android.services.telephony.TelephonyConnectionService}, [e0184adedf913b076626646d3f52c3b49c39ad6d], UserHandle{0}(icon: Icon(typ=BITMAP size=50x63) -> Icon(typ=BITMAP size=50x63))]: TSI.rPA@AAk
07-31 03:57:07.264 I/Telecom (  590): : Sending phone-account registered intent as user: TSI.rPA@AAk
07-31 03:57:07.265 I/Telephony(  787): AccountEntry: Registered phoneAccount: [[ ] PhoneAccount: ComponentInfo{com.android.phone/com.android.services.telephony.TelephonyConnectionService}, [e0184adedf913b076626646d3f52c3b49c39ad6d], UserHandle{0} Capabilities: CallProvider MultiUser PlaceEmerg SimSub  Schemes: tel voicemail  Extras: null] with handle: ComponentInfo{com.android.phone/com.android.services.telephony.TelephonyConnectionService}, [e0184adedf913b076626646d3f52c3b49c39ad6d], UserHandle{0}
07-31 03:57:07.265 I/Telephony(  787): PstnIncomingCallNotifier: Registering: Handler (com.android.internal.telephony.GsmCdmaPhone) {9d3abc2}
07-31 03:57:07.265 V/FFmpegExtractor(  249): SniffFFMPEG
07-31 03:57:07.265 I/FFmpegExtractor(  249): android-source:0xec8d2c00
07-31 03:57:07.265 D/FFMPEG  (  249): android source begin open
07-31 03:57:07.265 D/FFMPEG  (  249): android open, url: android-source:0xec8d2c00
07-31 03:57:07.265 D/FFMPEG  (  249): ffmpeg open android data source success, source ptr: 0xec8d2c00
07-31 03:57:07.265 D/FFMPEG  (  249): android source open success
07-31 03:57:07.267 I/FFMPEG  (  249): Input #0, ogg, from 'android-source:0xec8d2c00':
07-31 03:57:07.267 I/FFMPEG  (  249):   Duration: 00:00:00.51, start: 0.000000, bitrate: 101 kb/s
07-31 03:57:07.267 I/FFMPEG  (  249):     Stream #0:0: Audio: vorbis, 48000 Hz, mono, fltp, 48 kb/s
07-31 03:57:07.267 I/FFMPEG  (  249):     Metadata:
07-31 03:57:07.267 I/FFMPEG  (  249):       TITLE           : Video Stop
07-31 03:57:07.267 I/FFMPEG  (  249):       ARTIST          : (c) 2012 Android Open Source Project
07-31 03:57:07.267 I/FFmpegExtractor(  249): FFmpegExtrator, url: android-source:0xec8d2c00, format_name: ogg, format_long_name: Ogg
07-31 03:57:07.267 I/FFmpegExtractor(  249): list the formats suppoted by ffmpeg: 
07-31 03:57:07.267 I/FFmpegExtractor(  249): ========================================
07-31 03:57:07.267 V/FFmpegExtractor(  249): format_names[00]: mpeg
07-31 03:57:07.267 V/FFmpegExtractor(  249): format_names[01]: mpegts
07-31 03:57:07.267 V/FFmpegExtractor(  249): format_names[02]: mov,mp4,m4a,3gp,3g2,mj2
07-31 03:57:07.267 V/FFmpegExtractor(  249): format_names[03]: matroska,webm
07-31 03:57:07.267 V/FFmpegExtractor(  249): format_names[04]: asf
07-31 03:57:07.267 V/FFmpegExtractor(  249): format_names[05]: rm
07-31 03:57:07.267 V/FFmpegExtractor(  249): format_names[06]: flv
07-31 03:57:07.267 V/FFmpegExtractor(  249): format_names[07]: swf
07-31 03:57:07.267 V/FFmpegExtractor(  249): format_names[08]: avi
07-31 03:57:07.267 V/FFmpegExtractor(  249): format_names[09]: ape
07-31 03:57:07.267 V/FFmpegExtractor(  249): format_names[10]: dts
07-31 03:57:07.267 V/FFmpegExtractor(  249): format_names[11]: flac
07-31 03:57:07.267 V/FFmpegExtractor(  249): format_names[12]: ac3
07-31 03:57:07.267 V/FFmpegExtractor(  249): format_names[13]: wav
07-31 03:57:07.267 V/FFmpegExtractor(  249): format_names[14]: ogg
07-31 03:57:07.267 V/FFmpegExtractor(  249): format_names[15]: vc1
07-31 03:57:07.267 V/FFmpegExtractor(  249): format_names[16]: hevc
07-31 03:57:07.267 I/FFmpegExtractor(  249): ========================================
07-31 03:57:07.267 I/FFmpegExtractor(  249): adjust mime(application/ogg -> audio/vorbis)
07-31 03:57:07.267 D/FFmpegExtractor(  249): suppoted codec(vorbis) by official Stagefright
07-31 03:57:07.267 D/FFMPEG  (  249): android source close
07-31 03:57:07.267 I/FFmpegExtractor(  249): sniff through BetterSniffFFMPEG success
07-31 03:57:07.267 D/FFmpegExtractor(  249): ffmpeg detected media content as 'audio/vorbis' with confidence 0.08
07-31 03:57:07.270 D/NuPlayerDriver(  334): notifyListener_l(0xf088c060), (1, 0, 0), loop setting(0, 0)
07-31 03:57:07.272 I/CameraFlashlight(  333): Opening camera 0
07-31 03:57:07.272 V/EmulatedCamera_Camera(  333): getCameraInfo
07-31 03:57:07.272 V/EmulatedCamera_BaseCamera(  333): getCameraInfo
07-31 03:57:07.272 V/EmulatedCamera_Camera(  333): connectCamera
07-31 03:57:07.272 V/EmulatedCamera_GenyDevice(  333): connectDevice
07-31 03:57:07.273 V/EmulatedCamera_GenyDevice(  333): connectDevice: Connected to device 'back'
07-31 03:57:07.273 V/EmulatedCamera_CallbackNotifier(  333): setCallbacks: 0xe8de1eb0, 0xe8de1f00, 0xe8de2020, 0xe8de2140 (0xe8c42280)
07-31 03:57:07.273 V/EmulatedCamera_CallbackNotifier(  333): enableMessage: msg_type = 0xc0d
07-31 03:57:07.273 V/EmulatedCamera_CallbackNotifier(  333):     CAMERA_MSG_ERROR
07-31 03:57:07.273 V/EmulatedCamera_CallbackNotifier(  333):     CAMERA_MSG_FOCUS
07-31 03:57:07.273 V/EmulatedCamera_CallbackNotifier(  333):     CAMERA_MSG_ZOOM
07-31 03:57:07.273 V/EmulatedCamera_CallbackNotifier(  333):     CAMERA_MSG_PREVIEW_METADATA
07-31 03:57:07.273 V/EmulatedCamera_CallbackNotifier(  333): **** Currently enabled messages:
07-31 03:57:07.273 V/EmulatedCamera_CallbackNotifier(  333):     CAMERA_MSG_ERROR
07-31 03:57:07.273 V/EmulatedCamera_CallbackNotifier(  333):     CAMERA_MSG_FOCUS
07-31 03:57:07.273 V/EmulatedCamera_CallbackNotifier(  333):     CAMERA_MSG_ZOOM
07-31 03:57:07.273 V/EmulatedCamera_CallbackNotifier(  333):     CAMERA_MSG_PREVIEW_METADATA
07-31 03:57:07.273 V/EmulatedCamera_CallbackNotifier(  333): disableMessage: msg_type = 0xffff
07-31 03:57:07.273 V/EmulatedCamera_CallbackNotifier(  333):     CAMERA_MSG_ERROR
07-31 03:57:07.273 V/EmulatedCamera_CallbackNotifier(  333):     CAMERA_MSG_SHUTTER
07-31 03:57:07.273 V/EmulatedCamera_CallbackNotifier(  333):     CAMERA_MSG_FOCUS
07-31 03:57:07.273 V/EmulatedCamera_CallbackNotifier(  333):     CAMERA_MSG_ZOOM
07-31 03:57:07.273 V/EmulatedCamera_CallbackNotifier(  333):     CAMERA_MSG_PREVIEW_FRAME
07-31 03:57:07.273 V/EmulatedCamera_CallbackNotifier(  333):     CAMERA_MSG_VIDEO_FRAME
07-31 03:57:07.273 V/EmulatedCamera_CallbackNotifier(  333):     CAMERA_MSG_POSTVIEW_FRAME
07-31 03:57:07.273 V/EmulatedCamera_CallbackNotifier(  333):     CAMERA_MSG_RAW_IMAGE
07-31 03:57:07.273 V/EmulatedCamera_CallbackNotifier(  333):     CAMERA_MSG_COMPRESSED_IMAGE
07-31 03:57:07.273 V/EmulatedCamera_CallbackNotifier(  333):     CAMERA_MSG_RAW_IMAGE_NOTIFY
07-31 03:57:07.273 V/EmulatedCamera_CallbackNotifier(  333):     CAMERA_MSG_PREVIEW_METADATA
07-31 03:57:07.273 V/EmulatedCamera_CallbackNotifier(  333): **** Currently enabled messages:
07-31 03:57:07.273 V/EmulatedCamera_Camera(  333): doStopPreview
07-31 03:57:07.274 V/EmulatedCamera_Camera(  333): cancelPicture
07-31 03:57:07.274 V/EmulatedCamera_Camera(  333): releaseCamera
07-31 03:57:07.274 V/EmulatedCamera_Camera(  333): doStopPreview
07-31 03:57:07.274 V/EmulatedCamera_GenyDevice(  333): disconnectDevice
07-31 03:57:07.275 V/EmulatedCamera_GenyDevice(  333): disconnectDevice: Disonnected from device 'back'
07-31 03:57:07.275 I/CameraFlashlight(  333): Destroying camera 0
07-31 03:57:07.275 V/EmulatedCamera_Camera(  333): closeCamera
07-31 03:57:07.275 V/EmulatedCamera_Camera(  333): doStopPreview
07-31 03:57:07.277 I/CameraService(  333): disconnect: Disconnected client for camera 0 for PID 333
07-31 03:57:07.277 D/NuPlayerDriver(  334): reset(0xf088c180) at state 4
07-31 03:57:07.277 D/NuPlayerDriver(  334): notifyListener_l(0xf088c180), (8, 0, 0), loop setting(0, 0)
07-31 03:57:07.277 D/NuPlayerDriver(  334): notifyResetComplete(0xf088c180)
07-31 03:57:07.279 D/NuPlayerDriver(  334): reset(0xf088c000) at state 4
07-31 03:57:07.279 D/NuPlayerDriver(  334): notifyListener_l(0xf088c000), (8, 0, 0), loop setting(0, 0)
07-31 03:57:07.279 D/NuPlayerDriver(  334): notifyResetComplete(0xf088c000)
07-31 03:57:07.280 D/NuPlayerDriver(  334): reset(0xf088c060) at state 4
07-31 03:57:07.280 D/NuPlayerDriver(  334): notifyListener_l(0xf088c060), (8, 0, 0), loop setting(0, 0)
07-31 03:57:07.280 D/NuPlayerDriver(  334): notifyResetComplete(0xf088c060)
07-31 03:57:07.281 V/EmulatedCamera_Camera(  333): getCameraInfo
07-31 03:57:07.281 V/EmulatedCamera_BaseCamera(  333): getCameraInfo
07-31 03:57:07.281 I/CameraService(  333): getCameraCharacteristics: Switching to HAL1 shim implementation...
07-31 03:57:07.281 V/EmulatedCamera_Camera(  333): getCameraInfo
07-31 03:57:07.281 V/EmulatedCamera_BaseCamera(  333): getCameraInfo
07-31 03:57:07.281 I/CameraService(  333): CameraService::connect call (PID -1 "cameraserver", camera ID 1) for HAL version default and Camera API version 1
07-31 03:57:07.281 E/CameraService(  333): getCameraPriorityFromProcState: Received invalid process state -1 from ActivityManagerService!
07-31 03:57:07.282 V/EmulatedCamera_Camera(  333): getCameraInfo
07-31 03:57:07.282 V/EmulatedCamera_BaseCamera(  333): getCameraInfo
07-31 03:57:07.289 V/FFmpegExtractor(  249): SniffFFMPEG
07-31 03:57:07.289 I/FFmpegExtractor(  249): android-source:0xec5dfe00
07-31 03:57:07.289 D/FFMPEG  (  249): android source begin open
07-31 03:57:07.289 D/FFMPEG  (  249): android open, url: android-source:0xec5dfe00
07-31 03:57:07.289 D/FFMPEG  (  249): ffmpeg open android data source success, source ptr: 0xec5dfe00
07-31 03:57:07.289 D/FFMPEG  (  249): android source open success
07-31 03:57:07.293 I/FFMPEG  (  249): Input #0, ogg, from 'android-source:0xec5dfe00':
07-31 03:57:07.293 I/FFMPEG  (  249):   Duration: 00:00:00.42, start: 0.000000, bitrate: 113 kb/s
07-31 03:57:07.293 I/FFMPEG  (  249):     Stream #0:0: Audio: vorbis, 48000 Hz, mono, fltp, 48 kb/s
07-31 03:57:07.293 I/FFMPEG  (  249):     Metadata:
07-31 03:57:07.293 I/FFMPEG  (  249):       TITLE           : Camera Shutter
07-31 03:57:07.293 I/FFMPEG  (  249):       ARTIST          : (c) 2012 Android Open Source Project
07-31 03:57:07.293 I/FFmpegExtractor(  249): FFmpegExtrator, url: android-source:0xec5dfe00, format_name: ogg, format_long_name: Ogg
07-31 03:57:07.293 I/FFmpegExtractor(  249): list the formats suppoted by ffmpeg: 
07-31 03:57:07.293 I/FFmpegExtractor(  249): ========================================
07-31 03:57:07.293 V/FFmpegExtractor(  249): format_names[00]: mpeg
07-31 03:57:07.293 V/FFmpegExtractor(  249): format_names[01]: mpegts
07-31 03:57:07.293 V/FFmpegExtractor(  249): format_names[02]: mov,mp4,m4a,3gp,3g2,mj2
07-31 03:57:07.293 V/FFmpegExtractor(  249): format_names[03]: matroska,webm
07-31 03:57:07.293 V/FFmpegExtractor(  249): format_names[04]: asf
07-31 03:57:07.293 V/FFmpegExtractor(  249): format_names[05]: rm
07-31 03:57:07.293 V/FFmpegExtractor(  249): format_names[06]: flv
07-31 03:57:07.293 V/FFmpegExtractor(  249): format_names[07]: swf
07-31 03:57:07.293 V/FFmpegExtractor(  249): format_names[08]: avi
07-31 03:57:07.293 V/FFmpegExtractor(  249): format_names[09]: ape
07-31 03:57:07.293 V/FFmpegExtractor(  249): format_names[10]: dts
07-31 03:57:07.293 V/FFmpegExtractor(  249): format_names[11]: flac
07-31 03:57:07.293 V/FFmpegExtractor(  249): format_names[12]: ac3
07-31 03:57:07.293 V/FFmpegExtractor(  249): format_names[13]: wav
07-31 03:57:07.293 V/FFmpegExtractor(  249): format_names[14]: ogg
07-31 03:57:07.293 V/FFmpegExtractor(  249): format_names[15]: vc1
07-31 03:57:07.293 V/FFmpegExtractor(  249): format_names[16]: hevc
07-31 03:57:07.293 I/FFmpegExtractor(  249): ========================================
07-31 03:57:07.293 I/FFmpegExtractor(  249): adjust mime(application/ogg -> audio/vorbis)
07-31 03:57:07.293 D/FFmpegExtractor(  249): suppoted codec(vorbis) by official Stagefright
07-31 03:57:07.293 D/FFMPEG  (  249): android source close
07-31 03:57:07.293 I/FFmpegExtractor(  249): sniff through BetterSniffFFMPEG success
07-31 03:57:07.293 D/FFmpegExtractor(  249): ffmpeg detected media content as 'audio/vorbis' with confidence 0.08
07-31 03:57:07.305 D/NuPlayerDriver(  334): notifyListener_l(0xf088c060), (1, 0, 0), loop setting(0, 0)
07-31 03:57:07.308 I/AlarmClock(  999): AlarmInitReceiver android.intent.action.TIMEZONE_CHANGED
07-31 03:57:07.311 V/FFmpegExtractor(  249): SniffFFMPEG
07-31 03:57:07.311 I/FFmpegExtractor(  249): android-source:0xec8cfa00
07-31 03:57:07.311 D/FFMPEG  (  249): android source begin open
07-31 03:57:07.311 D/FFMPEG  (  249): android open, url: android-source:0xec8cfa00
07-31 03:57:07.311 D/FFMPEG  (  249): ffmpeg open android data source success, source ptr: 0xec8cfa00
07-31 03:57:07.311 D/FFMPEG  (  249): android source open success
07-31 03:57:07.315 I/FFMPEG  (  249): Input #0, ogg, from 'android-source:0xec8cfa00':
07-31 03:57:07.315 I/FFMPEG  (  249):   Duration: 00:00:00.11, start: 0.000000, bitrate: 462 kb/s
07-31 03:57:07.316 I/FFMPEG  (  249):     Stream #0:0: Audio: vorbis, 48000 Hz, mono, fltp, 140 kb/s
07-31 03:57:07.316 I/FFmpegExtractor(  249): FFmpegExtrator, url: android-source:0xec8cfa00, format_name: ogg, format_long_name: Ogg
07-31 03:57:07.316 I/FFmpegExtractor(  249): list the formats suppoted by ffmpeg: 
07-31 03:57:07.316 I/FFmpegExtractor(  249): ========================================
07-31 03:57:07.316 V/FFmpegExtractor(  249): format_names[00]: mpeg
07-31 03:57:07.316 V/FFmpegExtractor(  249): format_names[01]: mpegts
07-31 03:57:07.316 V/FFmpegExtractor(  249): format_names[02]: mov,mp4,m4a,3gp,3g2,mj2
07-31 03:57:07.316 V/FFmpegExtractor(  249): format_names[03]: matroska,webm
07-31 03:57:07.316 V/FFmpegExtractor(  249): format_names[04]: asf
07-31 03:57:07.316 V/FFmpegExtractor(  249): format_names[05]: rm
07-31 03:57:07.316 V/FFmpegExtractor(  249): format_names[06]: flv
07-31 03:57:07.316 V/FFmpegExtractor(  249): format_names[07]: swf
07-31 03:57:07.316 V/FFmpegExtractor(  249): format_names[08]: avi
07-31 03:57:07.316 V/FFmpegExtractor(  249): format_names[09]: ape
07-31 03:57:07.316 V/FFmpegExtractor(  249): format_names[10]: dts
07-31 03:57:07.316 V/FFmpegExtractor(  249): format_names[11]: flac
07-31 03:57:07.316 V/FFmpegExtractor(  249): format_names[12]: ac3
07-31 03:57:07.316 V/FFmpegExtractor(  249): format_names[13]: wav
07-31 03:57:07.316 V/FFmpegExtractor(  249): format_names[14]: ogg
07-31 03:57:07.316 V/FFmpegExtractor(  249): format_names[15]: vc1
07-31 03:57:07.316 V/FFmpegExtractor(  249): format_names[16]: hevc
07-31 03:57:07.316 I/FFmpegExtractor(  249): ========================================
07-31 03:57:07.316 I/FFmpegExtractor(  249): adjust mime(application/ogg -> audio/vorbis)
07-31 03:57:07.316 D/FFmpegExtractor(  249): suppoted codec(vorbis) by official Stagefright
07-31 03:57:07.316 D/FFMPEG  (  249): android source close
07-31 03:57:07.316 I/FFmpegExtractor(  249): sniff through BetterSniffFFMPEG success
07-31 03:57:07.316 D/FFmpegExtractor(  249): ffmpeg detected media content as 'audio/vorbis' with confidence 0.08
07-31 03:57:07.327 V/FFmpegExtractor(  249): SniffFFMPEG
07-31 03:57:07.327 I/FFmpegExtractor(  249): android-source:0xec8d2c00
07-31 03:57:07.327 D/FFMPEG  (  249): android source begin open
07-31 03:57:07.327 D/FFMPEG  (  249): android open, url: android-source:0xec8d2c00
07-31 03:57:07.327 D/FFMPEG  (  249): ffmpeg open android data source success, source ptr: 0xec8d2c00
07-31 03:57:07.327 D/FFMPEG  (  249): android source open success
07-31 03:57:07.328 I/MediaPlayerService(  334): MediaPlayerService::getOMX
07-31 03:57:07.336 I/OMXClient(  590): MuxOMX ctor
07-31 03:57:07.336 I/FFMPEG  (  249): Input #0, ogg, from 'android-source:0xec8d2c00':
07-31 03:57:07.336 I/FFMPEG  (  249):   Duration: 00:00:00.54, start: 0.000000, bitrate: 95 kb/s
07-31 03:57:07.336 I/FFMPEG  (  249):     Stream #0:0: Audio: vorbis, 48000 Hz, mono, fltp, 48 kb/s
07-31 03:57:07.336 I/FFMPEG  (  249):     Metadata:
07-31 03:57:07.336 I/FFMPEG  (  249):       TITLE           : Video Record
07-31 03:57:07.336 I/FFMPEG  (  249):       ARTIST          : (c) 2012 Android Open Source Project
07-31 03:57:07.336 I/FFmpegExtractor(  249): FFmpegExtrator, url: android-source:0xec8d2c00, format_name: ogg, format_long_name: Ogg
07-31 03:57:07.336 I/FFmpegExtractor(  249): list the formats suppoted by ffmpeg: 
07-31 03:57:07.336 I/FFmpegExtractor(  249): ========================================
07-31 03:57:07.336 V/FFmpegExtractor(  249): format_names[00]: mpeg
07-31 03:57:07.336 V/FFmpegExtractor(  249): format_names[01]: mpegts
07-31 03:57:07.336 V/FFmpegExtractor(  249): format_names[02]: mov,mp4,m4a,3gp,3g2,mj2
07-31 03:57:07.336 V/FFmpegExtractor(  249): format_names[03]: matroska,webm
07-31 03:57:07.336 V/FFmpegExtractor(  249): format_names[04]: asf
07-31 03:57:07.336 V/FFmpegExtractor(  249): format_names[05]: rm
07-31 03:57:07.336 V/FFmpegExtractor(  249): format_names[06]: flv
07-31 03:57:07.336 V/FFmpegExtractor(  249): format_names[07]: swf
07-31 03:57:07.336 V/FFmpegExtractor(  249): format_names[08]: avi
07-31 03:57:07.336 V/FFmpegExtractor(  249): format_names[09]: ape
07-31 03:57:07.336 V/FFmpegExtractor(  249): format_names[10]: dts
07-31 03:57:07.336 V/FFmpegExtractor(  249): format_names[11]: flac
07-31 03:57:07.336 V/FFmpegExtractor(  249): format_names[12]: ac3
07-31 03:57:07.336 V/FFmpegExtractor(  249): format_names[13]: wav
07-31 03:57:07.336 V/FFmpegExtractor(  249): format_names[14]: ogg
07-31 03:57:07.336 V/FFmpegExtractor(  249): format_names[15]: vc1
07-31 03:57:07.336 V/FFmpegExtractor(  249): format_names[16]: hevc
07-31 03:57:07.336 I/FFmpegExtractor(  249): ========================================
07-31 03:57:07.336 I/FFmpegExtractor(  249): adjust mime(application/ogg -> audio/vorbis)
07-31 03:57:07.336 D/FFmpegExtractor(  249): suppoted codec(vorbis) by official Stagefright
07-31 03:57:07.336 D/FFMPEG  (  249): android source close
07-31 03:57:07.336 I/FFmpegExtractor(  249): sniff through BetterSniffFFMPEG success
07-31 03:57:07.336 D/FFmpegExtractor(  249): ffmpeg detected media content as 'audio/vorbis' with confidence 0.08
07-31 03:57:07.338 I/OMXMaster(  247): makeComponentInstance(OMX.google.vorbis.decoder) in mediacodec process
07-31 03:57:07.347 D/NuPlayerDriver(  334): notifyListener_l(0xf088c240), (1, 0, 0), loop setting(0, 0)
07-31 03:57:07.352 V/FFmpegExtractor(  249): SniffFFMPEG
07-31 03:57:07.352 I/FFmpegExtractor(  249): android-source:0xef5dc000
07-31 03:57:07.352 D/FFMPEG  (  249): android source begin open
07-31 03:57:07.352 D/FFMPEG  (  249): android open, url: android-source:0xef5dc000
07-31 03:57:07.352 D/FFMPEG  (  249): ffmpeg open android data source success, source ptr: 0xef5dc000
07-31 03:57:07.352 D/FFMPEG  (  249): android source open success
07-31 03:57:07.354 I/FFMPEG  (  249): Input #0, ogg, from 'android-source:0xef5dc000':
07-31 03:57:07.354 I/FFMPEG  (  249):   Duration: 00:00:00.51, start: 0.000000, bitrate: 101 kb/s
07-31 03:57:07.354 I/FFMPEG  (  249):     Stream #0:0: Audio: vorbis, 48000 Hz, mono, fltp, 48 kb/s
07-31 03:57:07.354 I/FFMPEG  (  249):     Metadata:
07-31 03:57:07.354 I/FFMPEG  (  249):       TITLE           : Video Stop
07-31 03:57:07.354 I/FFMPEG  (  249):       ARTIST          : (c) 2012 Android Open Source Project
07-31 03:57:07.354 I/FFmpegExtractor(  249): FFmpegExtrator, url: android-source:0xef5dc000, format_name: ogg, format_long_name: Ogg
07-31 03:57:07.354 I/FFmpegExtractor(  249): list the formats suppoted by ffmpeg: 
07-31 03:57:07.354 I/FFmpegExtractor(  249): ========================================
07-31 03:57:07.354 V/FFmpegExtractor(  249): format_names[00]: mpeg
07-31 03:57:07.354 V/FFmpegExtractor(  249): format_names[01]: mpegts
07-31 03:57:07.354 V/FFmpegExtractor(  249): format_names[02]: mov,mp4,m4a,3gp,3g2,mj2
07-31 03:57:07.354 V/FFmpegExtractor(  249): format_names[03]: matroska,webm
07-31 03:57:07.354 V/FFmpegExtractor(  249): format_names[04]: asf
07-31 03:57:07.354 V/FFmpegExtractor(  249): format_names[05]: rm
07-31 03:57:07.354 V/FFmpegExtractor(  249): format_names[06]: flv
07-31 03:57:07.354 V/FFmpegExtractor(  249): format_names[07]: swf
07-31 03:57:07.354 V/FFmpegExtractor(  249): format_names[08]: avi
07-31 03:57:07.354 V/FFmpegExtractor(  249): format_names[09]: ape
07-31 03:57:07.354 V/FFmpegExtractor(  249): format_names[10]: dts
07-31 03:57:07.354 V/FFmpegExtractor(  249): format_names[11]: flac
07-31 03:57:07.354 V/FFmpegExtractor(  249): format_names[12]: ac3
07-31 03:57:07.354 V/FFmpegExtractor(  249): format_names[13]: wav
07-31 03:57:07.354 V/FFmpegExtractor(  249): format_names[14]: ogg
07-31 03:57:07.354 V/FFmpegExtractor(  249): format_names[15]: vc1
07-31 03:57:07.354 V/FFmpegExtractor(  249): format_names[16]: hevc
07-31 03:57:07.354 I/FFmpegExtractor(  249): ========================================
07-31 03:57:07.354 I/FFmpegExtractor(  249): adjust mime(application/ogg -> audio/vorbis)
07-31 03:57:07.354 D/FFmpegExtractor(  249): suppoted codec(vorbis) by official Stagefright
07-31 03:57:07.354 D/FFMPEG  (  249): android source close
07-31 03:57:07.354 I/FFmpegExtractor(  249): sniff through BetterSniffFFMPEG success
07-31 03:57:07.354 D/FFmpegExtractor(  249): ffmpeg detected media content as 'audio/vorbis' with confidence 0.08
07-31 03:57:07.359 D/NuPlayerDriver(  334): notifyListener_l(0xf088c2a0), (1, 0, 0), loop setting(0, 0)
07-31 03:57:07.359 D/MccTable(  787): updateMccMncConfiguration mccmnc='310270' fromServiceState=false
07-31 03:57:07.360 D/MccTable(  787): updateMccMncConfiguration defaultMccMnc=
07-31 03:57:07.360 D/MccTable(  787): updateMccMncConfiguration: mcc=310, mnc=270
07-31 03:57:07.360 D/MccTable(  787): updateMccMncConfiguration updateConfig config={1.0 310mcc270mnc ?localeList ?layoutDir ?swdp ?wdp ?hdp ?density ?lsize ?long ?orien ?uimode ?night ?touch ?keyb/?/? ?nav/?}
07-31 03:57:07.360 I/ActivityManager(  590): Config changes=3 {1.0 310mcc270mnc [en_US] ldltr sw411dp w411dp h659dp 420dpi nrml port finger qwerty/v/v dpad/v s.6}
07-31 03:57:07.362 I/CameraFlashlight(  333): Opening camera 1
07-31 03:57:07.362 V/EmulatedCamera_Camera(  333): getCameraInfo
07-31 03:57:07.362 V/EmulatedCamera_BaseCamera(  333): getCameraInfo
07-31 03:57:07.362 V/EmulatedCamera_Camera(  333): connectCamera
07-31 03:57:07.362 V/EmulatedCamera_GenyDevice(  333): connectDevice
07-31 03:57:07.365 V/EmulatedCamera_GenyDevice(  333): connectDevice: Connected to device 'front'
07-31 03:57:07.365 V/EmulatedCamera_CallbackNotifier(  333): setCallbacks: 0xe8de1eb0, 0xe8de1f00, 0xe8de2020, 0xe8de2140 (0xe8c426e0)
07-31 03:57:07.365 V/EmulatedCamera_CallbackNotifier(  333): enableMessage: msg_type = 0xc0d
07-31 03:57:07.365 V/EmulatedCamera_CallbackNotifier(  333):     CAMERA_MSG_ERROR
07-31 03:57:07.365 V/EmulatedCamera_CallbackNotifier(  333):     CAMERA_MSG_FOCUS
07-31 03:57:07.365 V/EmulatedCamera_CallbackNotifier(  333):     CAMERA_MSG_ZOOM
07-31 03:57:07.365 V/EmulatedCamera_CallbackNotifier(  333):     CAMERA_MSG_PREVIEW_METADATA
07-31 03:57:07.365 V/EmulatedCamera_CallbackNotifier(  333): **** Currently enabled messages:
07-31 03:57:07.365 V/EmulatedCamera_CallbackNotifier(  333):     CAMERA_MSG_ERROR
07-31 03:57:07.365 V/EmulatedCamera_CallbackNotifier(  333):     CAMERA_MSG_FOCUS
07-31 03:57:07.365 V/EmulatedCamera_CallbackNotifier(  333):     CAMERA_MSG_ZOOM
07-31 03:57:07.365 V/EmulatedCamera_CallbackNotifier(  333):     CAMERA_MSG_PREVIEW_METADATA
07-31 03:57:07.366 V/EmulatedCamera_CallbackNotifier(  333): disableMessage: msg_type = 0xffff
07-31 03:57:07.366 V/EmulatedCamera_CallbackNotifier(  333):     CAMERA_MSG_ERROR
07-31 03:57:07.366 V/EmulatedCamera_CallbackNotifier(  333):     CAMERA_MSG_SHUTTER
07-31 03:57:07.366 V/EmulatedCamera_CallbackNotifier(  333):     CAMERA_MSG_FOCUS
07-31 03:57:07.366 V/EmulatedCamera_CallbackNotifier(  333):     CAMERA_MSG_ZOOM
07-31 03:57:07.366 V/EmulatedCamera_CallbackNotifier(  333):     CAMERA_MSG_PREVIEW_FRAME
07-31 03:57:07.366 V/EmulatedCamera_CallbackNotifier(  333):     CAMERA_MSG_VIDEO_FRAME
07-31 03:57:07.366 V/EmulatedCamera_CallbackNotifier(  333):     CAMERA_MSG_POSTVIEW_FRAME
07-31 03:57:07.366 V/EmulatedCamera_CallbackNotifier(  333):     CAMERA_MSG_RAW_IMAGE
07-31 03:57:07.366 V/EmulatedCamera_CallbackNotifier(  333):     CAMERA_MSG_COMPRESSED_IMAGE
07-31 03:57:07.366 V/EmulatedCamera_CallbackNotifier(  333):     CAMERA_MSG_RAW_IMAGE_NOTIFY
07-31 03:57:07.366 V/EmulatedCamera_CallbackNotifier(  333):     CAMERA_MSG_PREVIEW_METADATA
07-31 03:57:07.366 V/EmulatedCamera_CallbackNotifier(  333): **** Currently enabled messages:
07-31 03:57:07.366 V/EmulatedCamera_Camera(  333): doStopPreview
07-31 03:57:07.366 V/EmulatedCamera_Camera(  333): cancelPicture
07-31 03:57:07.366 V/EmulatedCamera_Camera(  333): releaseCamera
07-31 03:57:07.366 V/EmulatedCamera_Camera(  333): doStopPreview
07-31 03:57:07.366 V/EmulatedCamera_GenyDevice(  333): disconnectDevice
07-31 03:57:07.367 V/EmulatedCamera_GenyDevice(  333): disconnectDevice: Disonnected from device 'front'
07-31 03:57:07.367 I/CameraFlashlight(  333): Destroying camera 1
07-31 03:57:07.367 V/EmulatedCamera_Camera(  333): closeCamera
07-31 03:57:07.367 V/EmulatedCamera_Camera(  333): doStopPreview
07-31 03:57:07.368 I/CameraService(  333): disconnect: Disconnected client for camera 1 for PID 333
07-31 03:57:07.368 D/NuPlayerDriver(  334): reset(0xf088c060) at state 4
07-31 03:57:07.368 D/NuPlayerDriver(  334): notifyListener_l(0xf088c060), (8, 0, 0), loop setting(0, 0)
07-31 03:57:07.369 D/NuPlayerDriver(  334): notifyResetComplete(0xf088c060)
07-31 03:57:07.369 I/AlarmClock(  999): Alarms Table created
07-31 03:57:07.369 I/AlarmClock(  999): Instance table created
07-31 03:57:07.369 I/AlarmClock(  999): Inserting default alarms
07-31 03:57:07.371 D/NuPlayerDriver(  334): reset(0xf088c240) at state 4
07-31 03:57:07.371 D/NuPlayerDriver(  334): notifyListener_l(0xf088c240), (8, 0, 0), loop setting(0, 0)
07-31 03:57:07.371 D/NuPlayerDriver(  334): notifyResetComplete(0xf088c240)
07-31 03:57:07.372 D/NuPlayerDriver(  334): reset(0xf088c2a0) at state 4
07-31 03:57:07.372 D/NuPlayerDriver(  334): notifyListener_l(0xf088c2a0), (8, 0, 0), loop setting(0, 0)
07-31 03:57:07.373 D/NuPlayerDriver(  334): notifyResetComplete(0xf088c2a0)
07-31 03:57:07.376 V/EmulatedCamera_Camera(  333): getCameraInfo
07-31 03:57:07.376 V/EmulatedCamera_BaseCamera(  333): getCameraInfo
07-31 03:57:07.377 V/EmulatedCamera_Camera(  333): getCameraInfo
07-31 03:57:07.377 V/EmulatedCamera_BaseCamera(  333): getCameraInfo
07-31 03:57:07.389 D/        (  336): HostConnection::get() New Host Connection established 0xe839f4d0, tid 633
07-31 03:57:07.394 I/WindowManager(  590): Destroying surface Surface(name=com.android.settings/com.android.settings.FallbackHome) called by com.android.server.wm.WindowStateAnimator.destroySurface:2014 com.android.server.wm.WindowStateAnimator.destroySurfaceLocked:881 com.android.server.wm.WindowState.removeLocked:1449 com.android.server.wm.WindowManagerService.removeWindowInnerLocked:2478 com.android.server.wm.WindowManagerService.removeWindowLocked:2436 com.android.server.wm.WindowManagerService.removeWindowLocked:2305 com.android.server.wm.WindowManagerService.removeWindow:2300 com.android.server.wm.Session.remove:193 
07-31 03:57:07.394 I/GnssLocationProvider(  590): WakeLock acquired by sendMessage(12, 0, null)
07-31 03:57:07.406 I/GnssLocationProvider(  590): WakeLock released by handleMessage(12, 0, null)
07-31 03:57:07.407 D/CellBroadcastReceiver(  956): Service state changed! 0 Full: 0 0 voice home data home Android Android 310260 Android Android 310260  Unknown UMTS CSS not supported -1 -1 RoamInd=-1 DefRoamInd=-1 EmergOnly=false IsDataRoamingFromRegistration=false Current state=3
07-31 03:57:07.407 V/AlarmClock(  999): AlarmInitReceiver finished
07-31 03:57:07.408 D/CellBroadcastReceiver(  956): Start Cell Broadcast configuration.
07-31 03:57:07.415 I/Telephony(  787): PstnIncomingCallNotifier: Unregistering: Handler (com.android.internal.telephony.GsmCdmaPhone) {9d3abc2}
07-31 03:57:07.419 E/PhoneInterfaceManager(  787): [PhoneIntfMgr] getIccId: No UICC
07-31 03:57:07.435 I/Telecom (  590): PhoneAccountRegistrar: [ComponentInfo{com.android.phone/com.android.services.telephony.TelephonyConnectionService}, [e0184adedf913b076626646d3f52c3b49c39ad6d], UserHandle{0}(addr: tel:*********** -> tel:)(icon: Icon(typ=BITMAP size=50x63) -> Icon(typ=BITMAP size=50x63))(subAddr: tel:*********** -> tel:)]: TSI.rPA@AA0
07-31 03:57:07.436 I/Telecom (  590): : Sending phone-account registered intent as user: TSI.rPA@AA0
07-31 03:57:07.438 I/Telephony(  787): AccountEntry: Registered phoneAccount: [[ ] PhoneAccount: ComponentInfo{com.android.phone/com.android.services.telephony.TelephonyConnectionService}, [e0184adedf913b076626646d3f52c3b49c39ad6d], UserHandle{0} Capabilities: CallProvider MultiUser PlaceEmerg SimSub  Schemes: tel voicemail  Extras: null] with handle: ComponentInfo{com.android.phone/com.android.services.telephony.TelephonyConnectionService}, [e0184adedf913b076626646d3f52c3b49c39ad6d], UserHandle{0}
07-31 03:57:07.438 I/Telephony(  787): PstnIncomingCallNotifier: Registering: Handler (com.android.internal.telephony.GsmCdmaPhone) {9d3abc2}
07-31 03:57:07.463 I/GnssLocationProvider(  590): WakeLock acquired by sendMessage(12, 0, null)
07-31 03:57:07.504 I/GnssLocationProvider(  590): WakeLock released by handleMessage(12, 0, null)
07-31 03:57:07.510 I/Telephony(  787): PstnIncomingCallNotifier: Unregistering: Handler (com.android.internal.telephony.GsmCdmaPhone) {9d3abc2}
07-31 03:57:07.517 E/PhoneInterfaceManager(  787): [PhoneIntfMgr] getIccId: No UICC
07-31 03:57:07.528 I/Telecom (  590): PhoneAccountRegistrar: [ComponentInfo{com.android.phone/com.android.services.telephony.TelephonyConnectionService}, [e0184adedf913b076626646d3f52c3b49c39ad6d], UserHandle{0}(icon: Icon(typ=BITMAP size=50x63) -> Icon(typ=BITMAP size=50x63))]: TSI.rPA@ABM
07-31 03:57:07.532 I/Telecom (  590): : Sending phone-account registered intent as user: TSI.rPA@ABM
07-31 03:57:07.534 I/Telephony(  787): AccountEntry: Registered phoneAccount: [[ ] PhoneAccount: ComponentInfo{com.android.phone/com.android.services.telephony.TelephonyConnectionService}, [e0184adedf913b076626646d3f52c3b49c39ad6d], UserHandle{0} Capabilities: CallProvider MultiUser PlaceEmerg SimSub  Schemes: tel voicemail  Extras: null] with handle: ComponentInfo{com.android.phone/com.android.services.telephony.TelephonyConnectionService}, [e0184adedf913b076626646d3f52c3b49c39ad6d], UserHandle{0}
07-31 03:57:07.535 I/Telephony(  787): PstnIncomingCallNotifier: Registering: Handler (com.android.internal.telephony.GsmCdmaPhone) {9d3abc2}
07-31 03:57:07.579 E/ActivityThread(  713): Failed to find provider info for com.android.contacts
07-31 03:57:07.579 D/OpenGLRenderer(  713): profile bars disabled
07-31 03:57:07.580 D/OpenGLRenderer(  713): ambientRatio = 1.50
07-31 03:57:07.592 D/PhoneStatusBar(  713): disable: < EXPAND* icons alerts system_info BACK* HOME* RECENT* clock SEARCH* quick_settings >
07-31 03:57:07.617 V/FFmpegExtractor(  249): SniffFFMPEG
07-31 03:57:07.617 I/FFmpegExtractor(  249): android-source:0xec8d2c00
07-31 03:57:07.617 D/FFMPEG  (  249): android source begin open
07-31 03:57:07.617 D/FFMPEG  (  249): android open, url: android-source:0xec8d2c00
07-31 03:57:07.617 D/FFMPEG  (  249): ffmpeg open android data source success, source ptr: 0xec8d2c00
07-31 03:57:07.617 D/FFMPEG  (  249): android source open success
07-31 03:57:07.622 D/MccTable(  787): updateMccMncConfiguration mccmnc='310270' fromServiceState=false
07-31 03:57:07.633 I/FFMPEG  (  249): Input #0, ogg, from 'android-source:0xec8d2c00':
07-31 03:57:07.633 D/MccTable(  787): updateMccMncConfiguration defaultMccMnc=310270
07-31 03:57:07.633 D/MccTable(  787): updateMccMncConfiguration: mcc=310, mnc=270
07-31 03:57:07.633 D/MccTable(  787): updateMccMncConfiguration updateConfig config={1.0 310mcc270mnc ?localeList ?layoutDir ?swdp ?wdp ?hdp ?density ?lsize ?long ?orien ?uimode ?night ?touch ?keyb/?/? ?nav/?}
07-31 03:57:07.634 I/FFMPEG  (  249):   Duration: 00:00:00.18, start: 0.000000, bitrate: 431 kb/s
07-31 03:57:07.634 I/FFMPEG  (  249):     Stream #0:0: Audio: vorbis, 44100 Hz, mono, fltp, 239 kb/s
07-31 03:57:07.634 I/FFMPEG  (  249):     Metadata:
07-31 03:57:07.634 I/FFMPEG  (  249):       ARTIST          : Copyright 2013 Android Open Source Project
07-31 03:57:07.634 I/FFmpegExtractor(  249): FFmpegExtrator, url: android-source:0xec8d2c00, format_name: ogg, format_long_name: Ogg
07-31 03:57:07.634 I/FFmpegExtractor(  249): list the formats suppoted by ffmpeg: 
07-31 03:57:07.634 I/FFmpegExtractor(  249): ========================================
07-31 03:57:07.634 V/FFmpegExtractor(  249): format_names[00]: mpeg
07-31 03:57:07.634 V/FFmpegExtractor(  249): format_names[01]: mpegts
07-31 03:57:07.634 V/FFmpegExtractor(  249): format_names[02]: mov,mp4,m4a,3gp,3g2,mj2
07-31 03:57:07.634 V/FFmpegExtractor(  249): format_names[03]: matroska,webm
07-31 03:57:07.634 V/FFmpegExtractor(  249): format_names[04]: asf
07-31 03:57:07.634 V/FFmpegExtractor(  249): format_names[05]: rm
07-31 03:57:07.634 V/FFmpegExtractor(  249): format_names[06]: flv
07-31 03:57:07.634 V/FFmpegExtractor(  249): format_names[07]: swf
07-31 03:57:07.634 V/FFmpegExtractor(  249): format_names[08]: avi
07-31 03:57:07.634 V/FFmpegExtractor(  249): format_names[09]: ape
07-31 03:57:07.634 V/FFmpegExtractor(  249): format_names[10]: dts
07-31 03:57:07.634 V/FFmpegExtractor(  249): format_names[11]: flac
07-31 03:57:07.634 V/FFmpegExtractor(  249): format_names[12]: ac3
07-31 03:57:07.634 V/FFmpegExtractor(  249): format_names[13]: wav
07-31 03:57:07.634 V/FFmpegExtractor(  249): format_names[14]: ogg
07-31 03:57:07.634 V/FFmpegExtractor(  249): format_names[15]: vc1
07-31 03:57:07.634 V/FFmpegExtractor(  249): format_names[16]: hevc
07-31 03:57:07.634 I/FFmpegExtractor(  249): ========================================
07-31 03:57:07.634 I/FFmpegExtractor(  249): adjust mime(application/ogg -> audio/vorbis)
07-31 03:57:07.634 D/FFmpegExtractor(  249): suppoted codec(vorbis) by official Stagefright
07-31 03:57:07.634 D/FFMPEG  (  249): android source close
07-31 03:57:07.634 I/FFmpegExtractor(  249): sniff through BetterSniffFFMPEG success
07-31 03:57:07.634 D/FFmpegExtractor(  249): ffmpeg detected media content as 'audio/vorbis' with confidence 0.08
07-31 03:57:07.658 I/GnssLocationProvider(  590): WakeLock acquired by sendMessage(12, 0, null)
07-31 03:57:07.661 I/MediaPlayerService(  334): MediaPlayerService::getOMX
07-31 03:57:07.662 I/OMXClient(  590): MuxOMX ctor
07-31 03:57:07.667 I/OMXMaster(  247): makeComponentInstance(OMX.google.vorbis.decoder) in mediacodec process
07-31 03:57:07.673 E/GnssLocationProvider(  590): no AGPS interface in set_agps_server
07-31 03:57:07.673 I/GnssLocationProvider(  590): WakeLock released by handleMessage(12, 0, null)
07-31 03:57:07.693 D/PhoneStatusBar(  713): heads up is enabled
07-31 03:57:07.700 D/StatusBar(  713): user hasn't seen notification about hidden notifications
07-31 03:57:07.702 D/StatusBar(  713): insecure lockscreen, skipping notification
07-31 03:57:07.709 W/WindowManager(  590): Keyguard drawn timeout. Setting mKeyguardDrawComplete
07-31 03:57:07.735 V/KeyguardServiceDelegate(  590): *** Keyguard connected (yay!)
07-31 03:57:07.774 I/GnssLocationProvider(  590): WakeLock acquired by sendMessage(12, 0, null)
07-31 03:57:07.776 E/GnssLocationProvider(  590): no AGPS interface in set_agps_server
07-31 03:57:07.776 I/GnssLocationProvider(  590): WakeLock released by handleMessage(12, 0, null)
07-31 03:57:07.776 D/MccTable(  787): updateMccMncConfiguration mccmnc='310270' fromServiceState=false
07-31 03:57:07.777 D/MccTable(  787): updateMccMncConfiguration defaultMccMnc=310270
07-31 03:57:07.777 D/MccTable(  787): updateMccMncConfiguration: mcc=310, mnc=270
07-31 03:57:07.777 D/MccTable(  787): updateMccMncConfiguration updateConfig config={1.0 310mcc270mnc ?localeList ?layoutDir ?swdp ?wdp ?hdp ?density ?lsize ?long ?orien ?uimode ?night ?touch ?keyb/?/? ?nav/?}
07-31 03:57:07.806 I/GnssLocationProvider(  590): WakeLock acquired by sendMessage(12, 0, null)
07-31 03:57:07.807 E/GnssLocationProvider(  590): no AGPS interface in set_agps_server
07-31 03:57:07.808 I/GnssLocationProvider(  590): WakeLock released by handleMessage(12, 0, null)
07-31 03:57:07.935 I/Choreographer(  713): Skipped 49 frames!  The application may be doing too much work on its main thread.
07-31 03:57:07.944 D/ViewRootImpl[StatusBar](  713): changeCanvasOpacity: opaque=true
