07-20 03:29:37.424 I/InputReader(  493): Reconfiguring input devices.  changes=0x00000010
07-20 03:29:37.429 D/NuPlayerDriver(   89): notifyResetComplete(0xf2c2f1c0)
07-20 03:29:37.429 D/NuPlayerDriver(   89): reset(0xf5c4edc0)
07-20 03:29:37.433 D/NuPlayerDriver(   89): notifyResetComplete(0xf5c4edc0)
07-20 03:29:37.442 I/ActivityManager(  493): Start proc 825:com.android.phone/1001 for added application com.android.phone
07-20 03:29:37.443 I/ActivityManager(  493): START u0 {act=android.intent.action.MAIN cat=[android.intent.category.HOME] flg=0x10000000 cmp=com.android.launcher3/.Launcher} from uid 0 on display 0
07-20 03:29:37.445 V/WindowManager(  493): addAppToken: AppWindowToken{1d8770b0 token=Token{688abf3 ActivityRecord{32d68e62 u0 com.android.launcher3/.Launcher t16}}} to stack=0 task=16 at 0
07-20 03:29:37.465 V/FFmpegExtractor(   89): SniffFFMPEG
07-20 03:29:37.465 I/FFmpegExtractor(   89): android-source:0xf2c24280
07-20 03:29:37.465 D/FFMPEG  (   89): android source begin open
07-20 03:29:37.465 D/FFMPEG  (   89): android open, url: android-source:0xf2c24280
07-20 03:29:37.465 D/FFMPEG  (   89): ffmpeg open android data source success, source ptr: 0xf2c24280
07-20 03:29:37.465 D/FFMPEG  (   89): android source open success
07-20 03:29:37.466 I/FFMPEG  (   89): Input #0, ogg, from 'android-source:0xf2c24280':
07-20 03:29:37.466 I/FFMPEG  (   89):   Duration: 00:00:00.11, start: 0.000000, bitrate: 431 kb/s
07-20 03:29:37.466 I/FFMPEG  (   89):     Stream #0:0: Audio: vorbis, 48000 Hz, mono, fltp, 140 kb/s
07-20 03:29:37.466 I/FFmpegExtractor(   89): FFmpegExtrator, url: android-source:0xf2c24280, format_name: ogg, format_long_name: Ogg
07-20 03:29:37.466 I/FFmpegExtractor(   89): list the formats suppoted by ffmpeg: 
07-20 03:29:37.466 I/FFmpegExtractor(   89): ========================================
07-20 03:29:37.466 V/FFmpegExtractor(   89): format_names[00]: mpeg
07-20 03:29:37.466 V/FFmpegExtractor(   89): format_names[01]: mpegts
07-20 03:29:37.466 V/FFmpegExtractor(   89): format_names[02]: mov,mp4,m4a,3gp,3g2,mj2
07-20 03:29:37.466 V/FFmpegExtractor(   89): format_names[03]: matroska,webm
07-20 03:29:37.466 V/FFmpegExtractor(   89): format_names[04]: asf
07-20 03:29:37.466 V/FFmpegExtractor(   89): format_names[05]: rm
07-20 03:29:37.466 V/FFmpegExtractor(   89): format_names[06]: flv
07-20 03:29:37.466 V/FFmpegExtractor(   89): format_names[07]: swf
07-20 03:29:37.466 V/FFmpegExtractor(   89): format_names[08]: avi
07-20 03:29:37.466 V/FFmpegExtractor(   89): format_names[09]: ape
07-20 03:29:37.466 V/FFmpegExtractor(   89): format_names[10]: dts
07-20 03:29:37.466 V/FFmpegExtractor(   89): format_names[11]: flac
07-20 03:29:37.466 V/FFmpegExtractor(   89): format_names[12]: ac3
07-20 03:29:37.466 V/FFmpegExtractor(   89): format_names[13]: wav
07-20 03:29:37.466 V/FFmpegExtractor(   89): format_names[14]: ogg
07-20 03:29:37.466 V/FFmpegExtractor(   89): format_names[15]: vc1
07-20 03:29:37.466 V/FFmpegExtractor(   89): format_names[16]: hevc
07-20 03:29:37.466 I/FFmpegExtractor(   89): ========================================
07-20 03:29:37.466 I/FFmpegExtractor(   89): adjust mime(application/ogg -> audio/vorbis)
07-20 03:29:37.467 D/FFmpegExtractor(   89): suppoted codec(vorbis) by official Stagefright
07-20 03:29:37.467 D/FFMPEG  (   89): android source close
07-20 03:29:37.467 I/FFmpegExtractor(   89): sniff through BetterSniffFFMPEG success
07-20 03:29:37.467 D/FFmpegExtractor(   89): ffmpeg detected media content as 'audio/vorbis' with confidence 0.08
07-20 03:29:37.467 I/ActivityManager(  493): Start proc 845:com.android.launcher3/u0a39 for activity com.android.launcher3/.Launcher
07-20 03:29:37.467 I/SystemServer(  493): Enabled StrictMode for system server main thread.
07-20 03:29:37.470 V/ActivityManager(  493): Display changed displayId=0
07-20 03:29:37.471 V/ActivityManager(  493): Display changed displayId=0
07-20 03:29:37.471 V/ActivityManager(  493): Display changed displayId=0
07-20 03:29:37.471 D/WifiScanningService(  493): SCAN_AVAILABLE : 1
07-20 03:29:37.471 D/WifiScanningService(  493): DefaultState got{ when=0 what=160007 target=com.android.internal.util.StateMachine$SmHandler }
07-20 03:29:37.471 D/RttService(  493): SCAN_AVAILABLE : 1
07-20 03:29:37.472 D/RttService(  493): DefaultState got{ when=-1ms what=160513 target=com.android.internal.util.StateMachine$SmHandler }
07-20 03:29:37.475 D/NuPlayerDriver(   89): start(0xf2c2f340)
07-20 03:29:37.475 I/GenericSource(   89): start
07-20 03:29:37.485 I/ActivityManager(  493): Start proc 862:com.android.printspooler/u0a50 for service com.android.printspooler/.model.PrintSpoolerService
07-20 03:29:37.496 D/NuPlayerDriver(   89): reset(0xf2c2f340)
07-20 03:29:37.498 D/NuPlayerDriver(   89): notifyResetComplete(0xf2c2f340)
07-20 03:29:37.513 V/FFmpegExtractor(   89): SniffFFMPEG
07-20 03:29:37.514 I/FFmpegExtractor(   89): android-source:0xf2c24280
07-20 03:29:37.514 D/FFMPEG  (   89): android source begin open
07-20 03:29:37.514 D/FFMPEG  (   89): android open, url: android-source:0xf2c24280
07-20 03:29:37.514 D/FFMPEG  (   89): ffmpeg open android data source success, source ptr: 0xf2c24280
07-20 03:29:37.514 D/FFMPEG  (   89): android source open success
07-20 03:29:37.518 I/FFMPEG  (   89): Input #0, ogg, from 'android-source:0xf2c24280':
07-20 03:29:37.518 I/FFMPEG  (   89):   Duration: 00:00:00.11, start: 0.000000, bitrate: 462 kb/s
07-20 03:29:37.518 I/FFMPEG  (   89):     Stream #0:0: Audio: vorbis, 48000 Hz, mono, fltp, 140 kb/s
07-20 03:29:37.518 I/FFmpegExtractor(   89): FFmpegExtrator, url: android-source:0xf2c24280, format_name: ogg, format_long_name: Ogg
07-20 03:29:37.518 I/FFmpegExtractor(   89): list the formats suppoted by ffmpeg: 
07-20 03:29:37.518 I/FFmpegExtractor(   89): ========================================
07-20 03:29:37.518 V/FFmpegExtractor(   89): format_names[00]: mpeg
07-20 03:29:37.518 V/FFmpegExtractor(   89): format_names[01]: mpegts
07-20 03:29:37.518 V/FFmpegExtractor(   89): format_names[02]: mov,mp4,m4a,3gp,3g2,mj2
07-20 03:29:37.518 V/FFmpegExtractor(   89): format_names[03]: matroska,webm
07-20 03:29:37.518 V/FFmpegExtractor(   89): format_names[04]: asf
07-20 03:29:37.518 V/FFmpegExtractor(   89): format_names[05]: rm
07-20 03:29:37.518 V/FFmpegExtractor(   89): format_names[06]: flv
07-20 03:29:37.518 V/FFmpegExtractor(   89): format_names[07]: swf
07-20 03:29:37.518 V/FFmpegExtractor(   89): format_names[08]: avi
07-20 03:29:37.518 V/FFmpegExtractor(   89): format_names[09]: ape
07-20 03:29:37.518 V/FFmpegExtractor(   89): format_names[10]: dts
07-20 03:29:37.518 V/FFmpegExtractor(   89): format_names[11]: flac
07-20 03:29:37.518 V/FFmpegExtractor(   89): format_names[12]: ac3
07-20 03:29:37.518 V/FFmpegExtractor(   89): format_names[13]: wav
07-20 03:29:37.518 V/FFmpegExtractor(   89): format_names[14]: ogg
07-20 03:29:37.518 V/FFmpegExtractor(   89): format_names[15]: vc1
07-20 03:29:37.518 V/FFmpegExtractor(   89): format_names[16]: hevc
07-20 03:29:37.518 I/FFmpegExtractor(   89): ========================================
07-20 03:29:37.518 I/FFmpegExtractor(   89): adjust mime(application/ogg -> audio/vorbis)
07-20 03:29:37.518 D/FFmpegExtractor(   89): suppoted codec(vorbis) by official Stagefright
07-20 03:29:37.518 D/FFMPEG  (   89): android source close
07-20 03:29:37.518 I/FFmpegExtractor(   89): sniff through BetterSniffFFMPEG success
07-20 03:29:37.518 D/FFmpegExtractor(   89): ffmpeg detected media content as 'audio/vorbis' with confidence 0.08
07-20 03:29:37.521 D/NuPlayerDriver(   89): start(0xf5c4eca0)
07-20 03:29:37.522 I/GenericSource(   89): start
07-20 03:29:37.523 W/ResourceType(  592): No package identifier when getting value for resource number 0x00000000
07-20 03:29:37.524 W/PackageManager(  592): Failure retrieving resources for com.android.browser: Resource ID #0x0
07-20 03:29:37.535 V/ActivityManager(  493): Display changed displayId=0
07-20 03:29:37.535 I/Choreographer(  493): Skipped 106 frames!  The application may be doing too much work on its main thread.
07-20 03:29:37.544 D/NuPlayerDriver(   89): reset(0xf5c4eca0)
07-20 03:29:37.546 D/NuPlayerDriver(   89): notifyResetComplete(0xf5c4eca0)
07-20 03:29:37.579 V/FFmpegExtractor(   89): SniffFFMPEG
07-20 03:29:37.579 I/FFmpegExtractor(   89): android-source:0xf2c24280
07-20 03:29:37.579 D/FFMPEG  (   89): android source begin open
07-20 03:29:37.579 D/FFMPEG  (   89): android open, url: android-source:0xf2c24280
07-20 03:29:37.579 D/FFMPEG  (   89): ffmpeg open android data source success, source ptr: 0xf2c24280
07-20 03:29:37.579 D/FFMPEG  (   89): android source open success
07-20 03:29:37.585 I/FFMPEG  (   89): Input #0, ogg, from 'android-source:0xf2c24280':
07-20 03:29:37.585 I/FFMPEG  (   89):   Duration: 00:00:00.18, start: 0.000000, bitrate: 431 kb/s
07-20 03:29:37.585 I/FFMPEG  (   89):     Stream #0:0: Audio: vorbis, 44100 Hz, mono, fltp, 239 kb/s
07-20 03:29:37.585 I/FFMPEG  (   89):     Metadata:
07-20 03:29:37.585 I/FFMPEG  (   89):       ARTIST          : Copyright 2013 Android Open Source Project
07-20 03:29:37.585 I/FFmpegExtractor(   89): FFmpegExtrator, url: android-source:0xf2c24280, format_name: ogg, format_long_name: Ogg
07-20 03:29:37.585 I/FFmpegExtractor(   89): list the formats suppoted by ffmpeg: 
07-20 03:29:37.585 I/FFmpegExtractor(   89): ========================================
07-20 03:29:37.585 V/FFmpegExtractor(   89): format_names[00]: mpeg
07-20 03:29:37.585 V/FFmpegExtractor(   89): format_names[01]: mpegts
07-20 03:29:37.585 V/FFmpegExtractor(   89): format_names[02]: mov,mp4,m4a,3gp,3g2,mj2
07-20 03:29:37.585 V/FFmpegExtractor(   89): format_names[03]: matroska,webm
07-20 03:29:37.585 V/FFmpegExtractor(   89): format_names[04]: asf
07-20 03:29:37.585 V/FFmpegExtractor(   89): format_names[05]: rm
07-20 03:29:37.585 V/FFmpegExtractor(   89): format_names[06]: flv
07-20 03:29:37.585 V/FFmpegExtractor(   89): format_names[07]: swf
07-20 03:29:37.585 V/FFmpegExtractor(   89): format_names[08]: avi
07-20 03:29:37.585 V/FFmpegExtractor(   89): format_names[09]: ape
07-20 03:29:37.585 V/FFmpegExtractor(   89): format_names[10]: dts
07-20 03:29:37.585 V/FFmpegExtractor(   89): format_names[11]: flac
07-20 03:29:37.585 V/FFmpegExtractor(   89): format_names[12]: ac3
07-20 03:29:37.585 V/FFmpegExtractor(   89): format_names[13]: wav
07-20 03:29:37.585 V/FFmpegExtractor(   89): format_names[14]: ogg
07-20 03:29:37.585 V/FFmpegExtractor(   89): format_names[15]: vc1
07-20 03:29:37.585 V/FFmpegExtractor(   89): format_names[16]: hevc
07-20 03:29:37.585 I/FFmpegExtractor(   89): ========================================
07-20 03:29:37.585 I/FFmpegExtractor(   89): adjust mime(application/ogg -> audio/vorbis)
07-20 03:29:37.585 D/FFmpegExtractor(   89): suppoted codec(vorbis) by official Stagefright
07-20 03:29:37.585 D/FFMPEG  (   89): android source close
07-20 03:29:37.585 I/FFmpegExtractor(   89): sniff through BetterSniffFFMPEG success
07-20 03:29:37.585 D/FFmpegExtractor(   89): ffmpeg detected media content as 'audio/vorbis' with confidence 0.08
07-20 03:29:37.592 D/NuPlayerDriver(   89): start(0xf2c2f1c0)
07-20 03:29:37.592 I/GenericSource(   89): start
07-20 03:29:37.608 D/NuPlayerDriver(   89): reset(0xf2c2f1c0)
07-20 03:29:37.610 D/NuPlayerDriver(   89): notifyResetComplete(0xf2c2f1c0)
07-20 03:29:37.618 I/PrintSpoolerService(  862): No existing print spooler state.
07-20 03:29:37.662 I/Telecom (  493): TelecomGlobals: TelecomGlobals initializing
07-20 03:29:37.683 I/ActivityManager(  493): Start proc 906:android.process.acore/u0a2 for content provider com.android.providers.contacts/.CallLogProvider
07-20 03:29:37.688 I/art     (   93): Explicit concurrent mark sweep GC freed 706(30KB) AllocSpace objects, 0(0B) LOS objects, 91% free, 92KB/1116KB, paused 74us total 5.153ms
07-20 03:29:37.694 I/art     (   93): Explicit concurrent mark sweep GC freed 5(160B) AllocSpace objects, 0(0B) LOS objects, 91% free, 92KB/1116KB, paused 69us total 5.365ms
07-20 03:29:37.700 I/art     (   93): Explicit concurrent mark sweep GC freed 5(160B) AllocSpace objects, 0(0B) LOS objects, 91% free, 92KB/1116KB, paused 110us total 5.546ms
07-20 03:29:37.719 E/BluetoothAdapter(  493): Bluetooth binder is null
07-20 03:29:37.752 I/LatinIME(  678): Hardware accelerated drawing: true
07-20 03:29:37.769 I/Telecom (  493): TelecomGlobals: CallsManager initialized
07-20 03:29:37.769 E/BluetoothAdapter(  493): Bluetooth binder is null
07-20 03:29:37.774 D/ZenLog  (  493): downtime: Autotrigger skipped: not in downtime
07-20 03:29:37.809 I/wpa_supplicant(  656): Successfully initialized wpa_supplicant
07-20 03:29:37.894 I/art     (  592): Background sticky concurrent mark sweep GC freed 4624(361KB) AllocSpace objects, 2(32KB) LOS objects, 43% free, 633KB/1117KB, paused 146us total 127.681ms
07-20 03:29:38.076 W/ResourceType(  592): No package identifier when getting value for resource number 0x00000000
07-20 03:29:38.076 W/PackageManager(  592): Failure retrieving resources for com.android.settings: Resource ID #0x0
07-20 03:29:38.136 D/GpsNetInitiatedHandler(  493): location enabled :true
07-20 03:29:38.136 V/WiredAccessoryManager(  493): init()
07-20 03:29:38.144 D/WifiConfigStore(  493): Loading config and enabling all networks 
07-20 03:29:38.146 E/WifiConfigStore(  493): Error parsing configuration: java.io.FileNotFoundException: /data/misc/wifi/ipconfig.txt: open failed: ENOENT (No such file or directory)
07-20 03:29:38.149 I/art     (  493): Background partial concurrent mark sweep GC freed 21546(1793KB) AllocSpace objects, 8(132KB) LOS objects, 33% free, 9MB/13MB, paused 1.562ms total 426.485ms
07-20 03:29:38.180 D/skia    (  592): --- SkImageDecoder::Factory returned null
07-20 03:29:38.181 W/ResourceType(  592): No package identifier when getting value for resource number 0x00000000
07-20 03:29:38.181 W/PackageManager(  592): Failure retrieving resources for com.google.android.apps.maps: Resource ID #0x0
07-20 03:29:38.304 I/ActivityManager(  493): Start proc 943:com.google.android.googlequicksearchbox:search/u0a66 for service com.google.android.googlequicksearchbox/com.google.android.hotword.service.HotwordService
07-20 03:29:38.305 E/wpa_supplicant(  656): Line -1: too long model_name (len=42 max_len=32)
07-20 03:29:38.305 E/wpa_supplicant(  656): Line -1: failed to parse 'model_name=Google Nexus 7 - 5.1.0 - API 22 - 800x1280'.
07-20 03:29:38.305 E/WifiStateMachine(  493): Failed to set model name Google Nexus 7 - 5.1.0 - API 22 - 800x1280
07-20 03:29:38.305 E/wpa_supplicant(  656): Line -1: too long model_number (len=42 max_len=32)
07-20 03:29:38.305 E/wpa_supplicant(  656): Line -1: failed to parse 'model_number=Google Nexus 7 - 5.1.0 - API 22 - 800x1280'.
07-20 03:29:38.305 E/WifiStateMachine(  493): Failed to set model number Google Nexus 7 - 5.1.0 - API 22 - 800x1280
07-20 03:29:38.306 D/WifiNative-HAL(  493): Setting external_sim to 1
07-20 03:29:38.306 D/WifiStateMachine(  493): Setting OUI to DA-A1-19
07-20 03:29:38.306 I/WifiNative-HAL(  493): startHal
07-20 03:29:38.306 E/wifi    (  493): getStaticLongField sWifiHalHandle 0xe0dfb83c
07-20 03:29:38.306 D/wifi    (  493): halHandle = 0x0, mVM = 0xf3c4d280, mCls = 0x200662
07-20 03:29:38.306 I/WifiNative-HAL(  493): Could not start hal
07-20 03:29:38.308 I/WifiNative-HAL(  493): startHal
07-20 03:29:38.308 E/WifiStateMachine(  493): cancelDelayedScan -> 1
07-20 03:29:38.309 E/WifiStateMachine(  493): Failed to set country code US
07-20 03:29:38.309 E/WifiStateMachine(  493): Failed to set frequency band 0
07-20 03:29:38.321 W/ResourcesManager(  493): Asset path '/system/framework/com.google.android.media.effects.jar' does not exist or contains no resources.
07-20 03:29:38.324 W/ResourcesManager(  493): Asset path '/system/framework/com.google.android.media.effects.jar' does not exist or contains no resources.
07-20 03:29:38.326 W/ResourcesManager(  493): Asset path '/system/framework/com.google.android.maps.jar' does not exist or contains no resources.
07-20 03:29:38.338 D/Launcher.LauncherProvider(  845): 11683562 - initializeMaxScreenId(): 3
07-20 03:29:38.339 V/Launcher(  845): LauncherAppState inited
07-20 03:29:38.368 W/InputAttributes(  678): No editor info for this field. Bug?
07-20 03:29:38.430 D/PermissionCache(  166): checking android.permission.HARDWARE_TEST for uid=1000 => granted (167 us)
07-20 03:29:38.440 V/ActivityManager(  493): Display changed displayId=0
07-20 03:29:38.440 V/BackupManagerService(  493): Connected to transport ComponentInfo{android/com.android.internal.backup.LocalTransportService}
07-20 03:29:38.440 V/BackupManagerService(  493): Registering transport android/com.android.internal.backup.LocalTransportService::android/com.android.internal.backup.LocalTransport = android.app.backup.BackupTransport$TransportImpl@2b745f91
07-20 03:29:38.441 I/Choreographer(  493): Skipped 53 frames!  The application may be doing too much work on its main thread.
07-20 03:29:38.442 D/        (  166): HostConnection::get() New Host Connection established 0xf6839dd0, tid 570
07-20 03:29:38.491 D/        (  493): HostConnection::get() New Host Connection established 0xe14e9f60, tid 493
07-20 03:29:38.516 E/native  (  493): do suspend false
07-20 03:29:38.612 I/ActivityManager(  493): Start proc 977:com.google.android.gms/u0a60 for broadcast com.google.android.gms/com.google.android.location.internal.NlpNetworkProviderSettingsUpdateReceiver
07-20 03:29:38.613 D/WifiScanningService(  493): SCAN_AVAILABLE : 3
07-20 03:29:38.613 D/RttService(  493): SCAN_AVAILABLE : 3
07-20 03:29:38.613 D/WifiScanningService(  493): DefaultState got{ when=0 what=160006 target=com.android.internal.util.StateMachine$SmHandler }
07-20 03:29:38.613 I/WifiNative-HAL(  493): startHal
07-20 03:29:38.613 E/WifiScanningService(  493): could not start HAL
07-20 03:29:38.613 D/RttService(  493): DefaultState got{ when=0 what=160512 target=com.android.internal.util.StateMachine$SmHandler }
07-20 03:29:38.619 I/LatinIME:LogUtils(  678): Dictionary info: dictionary = userunigram.en_US ; version = 1500535778 ; date = ?
07-20 03:29:38.619 I/LatinIME:LogUtils(  678): Dictionary info: dictionary = UserHistoryDictionary.en_US ; version = 1500535778 ; date = ?
07-20 03:29:38.622 I/LatinIME:LogUtils(  678): Dictionary info: dictionary = PersonalizationDictionary.en_US ; version = 1500535778 ; date = ?
07-20 03:29:38.623 I/LatinIME:LogUtils(  678): Dictionary info: dictionary = PersonalizationDictionary.en_US ; version = 1500535778 ; date = ?
07-20 03:29:38.636 W/ResourcesManager(  977): Asset path '/system/framework/com.android.media.remotedisplay.jar' does not exist or contains no resources.
07-20 03:29:38.636 W/ResourcesManager(  977): Asset path '/system/framework/com.android.location.provider.jar' does not exist or contains no resources.
07-20 03:29:38.643 I/LatinIME:LogUtils(  678): Dictionary info: dictionary = ContextualDictionary.en_US ; version = 1500535778 ; date = ?
07-20 03:29:38.643 I/LatinIME:LogUtils(  678): Dictionary info: dictionary = PersonalizationDictionary.en_US ; version = 1500535778 ; date = ?
07-20 03:29:38.823 I/LatinIME:LogUtils(  678): Dictionary info: dictionary = contacts.en_US ; version = 1500535778 ; date = ?
07-20 03:29:38.873 W/art     (  906): Long monitor contention event with owner method=long android.database.sqlite.SQLiteConnection.nativeExecuteForLong(long, long) from SQLiteConnection.java:4294967294 waiters=0 for 538ms
07-20 03:29:39.048 I/wpa_supplicant(  656): eth1: Trying to associate with 01:80:c2:00:00:03 (SSID='WiredSSID' freq=2412 MHz)
07-20 03:29:39.048 I/wpa_supplicant(  656): eth1: Associated with 01:80:c2:00:00:03
07-20 03:29:39.049 I/wpa_supplicant(  656): eth1: CTRL-EVENT-CONNECTED - Connection to 01:80:c2:00:00:03 completed [id=0 id_str=]
07-20 03:29:39.050 D/WIFI    (  493): Registering NetworkFactory
07-20 03:29:39.050 D/WIFI_UT (  493): Registering NetworkFactory
07-20 03:29:39.050 I/WifiNative-HAL(  493): startHal
07-20 03:29:39.051 D/ConnectivityService(  493): Got NetworkFactory Messenger for WIFI
07-20 03:29:39.051 D/ConnectivityService(  493): Got NetworkFactory Messenger for WIFI_UT
07-20 03:29:39.051 D/ConnectivityService(  493): Ignoring this network
07-20 03:29:39.052 E/WifiConfigStore(  493):  rewrite network history for "WiredSSID"NONE
07-20 03:29:39.057 D/ConnectivityService(  493): registerNetworkAgent NetworkAgentInfo{ ni{[type: WIFI[], state: CONNECTING/CONNECTING, reason: (unspecified), extra: 0x, roaming: false, failover: false, isAvailable: true, isConnectedToProvisioningNetwork: false]}  network{null}  lp{{LinkAddresses: []  Routes: [] DnsAddresses: [] Domains: null MTU: 0 TcpBufferSizes: 524288,1048576,2097152,262144,524288,1048576}}  nc{[ Transports: WIFI Capabilities: INTERNET&NOT_RESTRICTED&TRUSTED&NOT_VPN LinkUpBandwidth>=1048576Kbps LinkDnBandwidth>=1048576Kbps]}  Score{20}  everValidated{false}  lastValidated{false}  created{false}  explicitlySelected{false} }
07-20 03:29:39.057 E/WifiConfigStore(  493): saveWifiConfigBSSID Setting BSSID for "WiredSSID"NONE to any
07-20 03:29:39.058 D/ConnectivityService(  493): NetworkAgentInfo [WIFI () - 100] EVENT_NETWORK_INFO_CHANGED, going from null to CONNECTING
07-20 03:29:39.070 E/WifiConfigStore(  493): saveWifiConfigBSSID Setting BSSID for "WiredSSID"NONE to any
07-20 03:29:39.071 D/CommandListener(   85): Setting iface cfg
07-20 03:29:39.072 E/WifiStateMachine(  493): Start Dhcp Watchdog 1
07-20 03:29:39.072 I/WifiNative-HAL(  493): startHal
07-20 03:29:39.073 D/WIFI    (  493): got request NetworkRequest [ id=1, legacyType=-1, [ Capabilities: INTERNET&NOT_RESTRICTED&TRUSTED&NOT_VPN] ] with score 0
07-20 03:29:39.073 I/WifiNative-HAL(  493): startHal
07-20 03:29:39.074 D/ConnectivityService(  493): updateNetworkScore for NetworkAgentInfo [WIFI () - 100] to 60
07-20 03:29:39.074 E/native  (  493): do suspend false
07-20 03:29:39.075 E/WifiStateMachine(  493): Unexpected BatchedScanResults :null
07-20 03:29:39.304 D/VolumeUI(  592): Registering volume controller
07-20 03:29:39.443 I/dhcpcd  ( 1004): version 5.5.6 starting
07-20 03:29:39.444 D/Launcher.Model(  845): Old launcher provider: content://com.android.launcher2.settings/favorites?notify=true
07-20 03:29:39.444 D/Launcher.Model(  845): Old launcher provider does not exist.
07-20 03:29:39.468 I/ContactLocale(  906): AddressBook Labels [en-US]: [, A, B, C, D, E, F, G, H, I, J, K, L, M, N, O, P, Q, R, S, T, U, V, W, X, Y, Z, , , , , , , , , , , , , , , , , , , , , , , , , , , , , , , , , , , , , , , , , , , , , , , , , , , , , , , , , , , , , , , , , , , , , , , , , , , , , , , , , , , , , , , , , , , , , , , , , , , , , , , , , , , , , , , , , , , , , , , , , , , , , , , , , , , , , , , , , , , , , , , , , , , , , , , , , , , , , , , , , , , , , , , , , , , , , , , , , , , , , , , , , , , , #, ]
07-20 03:29:39.523 I/dhcpcd  ( 1004): eth1: broadcasting for a lease
07-20 03:29:39.541 I/dhcpcd  ( 1004): eth1: offered 10.0.3.15 from 10.0.3.2
07-20 03:29:39.541 I/dhcpcd  ( 1004): eth1: acknowledged 10.0.3.15 from 10.0.3.2
07-20 03:29:39.568 I/dhcpcd  ( 1004): eth1: leased 10.0.3.15 for 86400 seconds
07-20 03:29:39.576 I/LatinIME:LogUtils(  678): Dictionary info: dictionary = main:en ; version = 47 ; date = 1402373178
07-20 03:29:39.609 I/StatusBarManagerService(  493): registerStatusBar bar=com.android.internal.statusbar.IStatusBar$Stub$Proxy@2f6ad5bc
07-20 03:29:39.648 W/Launcher(  845): setApplicationContext called twice! old=com.android.launcher3.LauncherApplication@107d7946 new=com.android.launcher3.LauncherApplication@107d7946
07-20 03:29:39.679 D/ConnectivityService(  493): NetworkAgentInfo [WIFI () - 100] EVENT_NETWORK_INFO_CHANGED, going from CONNECTING to CONNECTED
07-20 03:29:39.679 E/WifiStateMachine(  493): Did not find remoteAddress {10.0.3.2} in /proc/net/arp
07-20 03:29:39.679 D/ConnectivityService(  493): Adding iface eth1 to network 100
07-20 03:29:39.688 E/ConnectivityService(  493): Unexpected mtu value: 0, eth1
07-20 03:29:39.689 D/ConnectivityService(  493): Adding Route [fe80::/64 -> :: eth1] to network 100
07-20 03:29:39.690 D/ConnectivityService(  493): Adding Route [10.0.3.0/24 -> 0.0.0.0 eth1] to network 100
07-20 03:29:39.690 D/ConnectivityService(  493): Adding Route [0.0.0.0/0 -> 10.0.3.2 eth1] to network 100
07-20 03:29:39.690 D/ConnectivityService(  493): Setting Dns servers for network 100 to [/192.168.0.1]
07-20 03:29:39.693 D/ConnectivityService(  493): notifyType IP_CHANGED for NetworkAgentInfo [WIFI () - 100]
07-20 03:29:39.694 D/ConnectivityService(  493): notifyType PRECHECK for NetworkAgentInfo [WIFI () - 100]
07-20 03:29:39.694 D/ConnectivityService(  493): rematching NetworkAgentInfo [WIFI () - 100]
07-20 03:29:39.694 D/ConnectivityService(  493):    accepting network in place of null
07-20 03:29:39.694 D/NetworkMonitor/NetworkAgentInfo [WIFI () - 100](  493): DefaultState{ when=0 what=532481 target=com.android.internal.util.StateMachine$SmHandler }
07-20 03:29:39.694 D/NetworkMonitor/NetworkAgentInfo [WIFI () - 100](  493): Connected
07-20 03:29:39.694 D/NetworkMonitor/NetworkAgentInfo [WIFI () - 100](  493): EvaluatingState{ when=0 what=532486 arg1=1 target=com.android.internal.util.StateMachine$SmHandler }
07-20 03:29:39.694 D/ConnectivityService(  493): Switching to new default network: NetworkAgentInfo{ ni{[type: WIFI[], state: CONNECTED/CONNECTED, reason: (unspecified), extra: "WiredSSID", roaming: false, failover: false, isAvailable: true, isConnectedToProvisioningNetwork: false]}  network{100}  lp{{InterfaceName: eth1 LinkAddresses: [10.0.3.15/24,]  Routes: [fe80::/64 -> :: eth1,10.0.3.0/24 -> 0.0.0.0 eth1,0.0.0.0/0 -> 10.0.3.2 eth1,] DnsAddresses: [192.168.0.1,] Domains:  MTU: 0 TcpBufferSizes: 524288,1048576,2097152,262144,524288,1048576}}  nc{[ Transports: WIFI Capabilities: INTERNET&NOT_RESTRICTED&TRUSTED&NOT_VPN LinkUpBandwidth>=1048576Kbps LinkDnBandwidth>=1048576Kbps]}  Score{20}  everValidated{false}  lastValidated{false}  created{true}  explicitlySelected{false} }
07-20 03:29:39.694 D/NetworkMonitor/NetworkAgentInfo [WIFI () - 100](  493): Checking http://connectivitycheck.android.com/generate_204 on "WiredSSID"
07-20 03:29:39.694 D/ConnectivityService(  493): Setting tx/rx TCP buffers to 524288,1048576,2097152,262144,524288,1048576
07-20 03:29:39.698 D/ConnectivityService(  493): notifyType AVAILABLE for NetworkAgentInfo [WIFI () - 100]
07-20 03:29:39.698 D/CSLegacyTypeTracker(  493): Sending connected broadcast for type 1 NetworkAgentInfo [WIFI () - 100] isDefaultNetwork=true
07-20 03:29:39.698 D/ConnectivityService(  493): sendStickyBroadcast: action=android.net.conn.CONNECTIVITY_CHANGE_IMMEDIATE
07-20 03:29:39.698 D/ConnectivityService(  493): sendStickyBroadcast: action=android.net.conn.CONNECTIVITY_CHANGE
07-20 03:29:39.700 D/Tethering(  493): MasterInitialState.processMessage what=3
07-20 03:29:39.700 D/TelephonyManager(  493): getDataEnabled: retVal=false
07-20 03:29:39.728 D/AlarmManagerService(  493): Setting time of day to sec=1500535781
07-20 03:29:41.984 I/art     (  592): Background sticky concurrent mark sweep GC freed 8319(597KB) AllocSpace objects, 0(0B) LOS objects, 17% free, 3MB/3MB, paused 299us total 150.857ms
07-20 03:29:42.207 D/NetworkMonitor/NetworkAgentInfo [WIFI () - 100](  493): isCaptivePortal: ret=204 headers={null=[HTTP/1.1 204 No Content], Content-Length=[0], Date=[Thu, 20 Jul 2017 07:29:42 GMT], X-Android-Received-Millis=[1500535782207], X-Android-Response-Source=[NETWORK 204], X-Android-Sent-Millis=[1500535782180]}
07-20 03:29:42.207 D/NetworkMonitor/NetworkAgentInfo [WIFI () - 100](  493): Don't send network conditions - lacking user consent.
07-20 03:29:42.207 D/NetworkMonitor/NetworkAgentInfo [WIFI () - 100](  493): Validated
07-20 03:29:42.207 D/ConnectivityService(  493): setProvNotificationVisibleIntent: E visible=false networkType=0 extraInfo=null
07-20 03:29:42.208 D/ConnectivityService(  493): Validated NetworkAgentInfo [WIFI () - 100]
07-20 03:29:42.208 D/ConnectivityService(  493): rematching NetworkAgentInfo [WIFI () - 100]
07-20 03:29:42.208 D/ConnectivityService(  493): Network NetworkAgentInfo [WIFI () - 100] was already satisfying request 1. No change.
07-20 03:29:42.208 D/ConnectivityService(  493): notifyType AVAILABLE for NetworkAgentInfo [WIFI () - 100]
07-20 03:29:42.208 D/ConnectivityService(  493): sendStickyBroadcast: action=android.net.conn.INET_CONDITION_ACTION
07-20 03:29:42.234 D/ConnectivityService(  493): notifyType IP_CHANGED for NetworkAgentInfo [WIFI () - 100]
07-20 03:29:42.408 I/MultiDex(  977): VM with version 2.1.0 has multidex support
07-20 03:29:42.408 I/MultiDex(  977): install
07-20 03:29:42.408 I/MultiDex(  977): VM has multidex support, MultiDex support library is disabled.
07-20 03:29:42.439 E/SQLiteLog(  825): (539) recovered 2 pages from /data/data/com.android.providers.telephony/databases/telephony.db-journal
07-20 03:29:42.609 D/TelephonyProvider(  825): dbh.onOpen: ok, queried table=siminfo
07-20 03:29:42.609 D/TelephonyProvider(  825): dbh.onOpen: ok, queried table=carriers
07-20 03:29:42.613 E/GpsLocationProvider(  493): No APN found to select.
07-20 03:29:42.614 I/art     (  825): Background sticky concurrent mark sweep GC freed 3970(259KB) AllocSpace objects, 2(32KB) LOS objects, 31% free, 770KB/1117KB, paused 336us total 205.360ms
07-20 03:29:42.615 D/GpsLocationProvider(  493): NTP server returned: 1500535781886 (Thu Jul 20 03:29:41 EDT 2017) reference: 24728 certainty: 3 system time offset: -729
07-20 03:29:42.646 W/art     (  943): Suspending all threads took: 39.164ms
07-20 03:29:42.676 I/art     (  943): Background sticky concurrent mark sweep GC freed 2247(136KB) AllocSpace objects, 0(0B) LOS objects, 19% free, 904KB/1117KB, paused 67.673ms total 493.615ms
07-20 03:29:42.723 I/ActivityManager(  493): Start proc 1055:com.android.smspush/u0a56 for service com.android.smspush/.WapPushManager
07-20 03:29:42.816 D/GpsLocationProvider(  493): received SIM realted action: 
07-20 03:29:42.817 D/GpsLocationProvider(  493): SIM MCC/MNC is still not available
07-20 03:29:42.818 E/DcSwitchStateMachine-0(  825): DctController is not ready
07-20 03:29:42.819 E/ConnectivityService(  493): Failed to find Messenger in unregisterNetworkFactory
07-20 03:29:42.820 D/ConnectivityService(  493): Got NetworkFactory Messenger for Telephony
07-20 03:29:42.820 D/ConnectivityService(  493): Ignoring this network
07-20 03:29:42.826 W/ResourcesManager(  825): Asset path '/system/framework/com.google.android.media.effects.jar' does not exist or contains no resources.
07-20 03:29:42.833 W/art     (  943): Suspending all threads took: 18.226ms
07-20 03:29:42.835 I/art     (  943): Background partial concurrent mark sweep GC freed 86(22KB) AllocSpace objects, 0(0B) LOS objects, 53% free, 899KB/1923KB, paused 18.834ms total 157.944ms
07-20 03:29:42.839 W/ResourceType(  845): Attempt to retrieve bag 0x7f0d0008 which is invalid or in a cycle.
07-20 03:29:42.879 E/BluetoothAdapter(  825): Bluetooth binder is null
07-20 03:29:42.964 D/Launcher.Model(  845): 11683562 - loadWorkspace()
07-20 03:29:42.964 D/Launcher.Model(  845): 11683562 -   loadedOldDb: false
07-20 03:29:42.965 W/Launcher(  845): setApplicationContext called twice! old=com.android.launcher3.LauncherApplication@107d7946 new=com.android.launcher3.LauncherApplication@107d7946
07-20 03:29:42.971 D/OpenGLRenderer(  845): Use EGL_SWAP_BEHAVIOR_PRESERVED: true
07-20 03:29:42.974 D/        (  845): HostConnection::get() New Host Connection established 0xf3e78e60, tid 845
07-20 03:29:43.011 D/Atlas   (  845): Validating map...
07-20 03:29:43.012 V/WindowManager(  493): Based on layer: Adding window Window{301a245f u0 com.android.launcher3/com.android.launcher3.Launcher} at 0 of 1
07-20 03:29:43.042 I/ActivityManager(  493): Start proc 1088:com.google.android.partnersetup/u0a63 for content provider com.google.android.partnersetup/.RlzAppProvider
07-20 03:29:43.065 I/art     (  592): Background partial concurrent mark sweep GC freed 5119(389KB) AllocSpace objects, 0(0B) LOS objects, 39% free, 3MB/5MB, paused 590us total 363.989ms
07-20 03:29:43.066 I/art     (  592): WaitForGcToComplete blocked for 34.384ms for cause HeapTrim
07-20 03:29:43.069 I/art     (  906): Background sticky concurrent mark sweep GC freed 6947(331KB) AllocSpace objects, 2(32KB) LOS objects, 43% free, 629KB/1117KB, paused 343us total 190.894ms
07-20 03:29:43.132 I/DropBoxManagerService(  493): Cleaning temp file: /data/system/dropbox/drop124.tmp
07-20 03:29:43.204 I/ActivityManager(  493): Start proc 1110:com.google.process.gapps/u0a60 for content provider com.google.android.gsf/.gservices.GservicesProvider
07-20 03:29:43.217 W/art     (  977): Suspending all threads took: 214.593ms
07-20 03:29:43.230 I/art     (  493): Background sticky concurrent mark sweep GC freed 45032(3MB) AllocSpace objects, 17(708KB) LOS objects, 30% free, 9MB/13MB, paused 619us total 214.527ms
07-20 03:29:43.230 I/art     (  493): WaitForGcToComplete blocked for 17.367ms for cause Explicit
07-20 03:29:43.256 I/art     (  493): Explicit concurrent mark sweep GC freed 3821(275KB) AllocSpace objects, 2(32KB) LOS objects, 33% free, 9MB/13MB, paused 284us total 25.901ms
07-20 03:29:43.258 I/art     (  493): WaitForGcToComplete blocked for 24.052ms for cause HeapTrim
07-20 03:29:43.279 D/Launcher.Model(  845): 11683562 - loadWorkspaceScreensDb()
07-20 03:29:43.303 D/Launcher.Model(  845): 11683562 -   screens: { 0: 3 }
07-20 03:29:43.303 D/Launcher.Model(  845): 11683562 -   sBgWorkspaceScreens: 3
07-20 03:29:43.325 D/libEGL  (  845): loaded /system/lib/egl/libEGL_emulation.so
07-20 03:29:43.326 D/libEGL  (  845): loaded /system/lib/egl/libGLESv1_CM_emulation.so
07-20 03:29:43.330 D/libEGL  (  845): loaded /system/lib/egl/libGLESv2_emulation.so
07-20 03:29:43.337 D/WifiService(  493): New client listening to asynchronous messages
07-20 03:29:43.338 D/        (  845): HostConnection::get() New Host Connection established 0xf3ffb080, tid 1083
07-20 03:29:43.387 I/OpenGLRenderer(  845): Initialized EGL, version 1.4
07-20 03:29:43.424 E/BluetoothAdapter(  592): Bluetooth binder is null
07-20 03:29:43.425 W/BluetoothController(  592): Default BT adapter not found
07-20 03:29:43.426 D/ConnectivityService(  493): listenForNetwork for NetworkRequest [ id=2, legacyType=-1, [] ]
07-20 03:29:43.426 D/ConnectivityService(  493): handleRegisterNetworkRequest checking NetworkAgentInfo [WIFI () - 100]
07-20 03:29:43.426 D/ConnectivityService(  493): apparently satisfied.  currentScore=60
07-20 03:29:43.426 D/ConnectivityManager.CallbackHandler(  592): CM callback handler got msg 524290
07-20 03:29:43.436 D/OpenGLRenderer(  845): Enabling debug mode 0
07-20 03:29:43.443 W/EGL_emulation(  845): eglSurfaceAttrib not implemented
07-20 03:29:43.443 W/OpenGLRenderer(  845): Failed to set EGL_SWAP_BEHAVIOR on surface 0xf3ef02a0, error=EGL_SUCCESS
07-20 03:29:43.447 I/CameraManagerGlobal(  592): getCameraService: Reconnecting to camera service
07-20 03:29:43.447 I/art     (  592): Background sticky concurrent mark sweep GC freed 16246(952KB) AllocSpace objects, 0(0B) LOS objects, 19% free, 4MB/5MB, paused 8.130ms total 18.289ms
07-20 03:29:43.450 V/EmulatedCamera_Camera(   89): getCameraInfo
07-20 03:29:43.450 V/EmulatedCamera_BaseCamera(   89): getCameraInfo
07-20 03:29:43.450 I/CameraService(   89): getCameraCharacteristics: Switching to HAL1 shim implementation...
07-20 03:29:43.450 V/EmulatedCamera_Camera(   89): getCameraInfo
07-20 03:29:43.450 V/EmulatedCamera_BaseCamera(   89): getCameraInfo
07-20 03:29:43.450 V/EmulatedCamera_Camera(   89): getCameraInfo
07-20 03:29:43.450 V/EmulatedCamera_BaseCamera(   89): getCameraInfo
07-20 03:29:43.475 V/FFmpegExtractor(   89): SniffFFMPEG
07-20 03:29:43.475 I/FFmpegExtractor(   89): android-source:0xf2c24240
07-20 03:29:43.475 D/FFMPEG  (   89): android source begin open
07-20 03:29:43.475 D/FFMPEG  (   89): android open, url: android-source:0xf2c24240
07-20 03:29:43.475 D/FFMPEG  (   89): ffmpeg open android data source success, source ptr: 0xf2c24240
07-20 03:29:43.475 D/FFMPEG  (   89): android source open success
07-20 03:29:43.478 I/FFMPEG  (   89): Input #0, ogg, from 'android-source:0xf2c24240':
07-20 03:29:43.478 I/FFMPEG  (   89):   Duration: 00:00:00.42, start: 0.000000, bitrate: 113 kb/s
07-20 03:29:43.478 I/FFMPEG  (   89):     Stream #0:0: Audio: vorbis, 48000 Hz, mono, fltp, 48 kb/s
07-20 03:29:43.478 I/FFMPEG  (   89):     Metadata:
07-20 03:29:43.478 I/FFMPEG  (   89):       TITLE           : Camera Shutter
07-20 03:29:43.478 I/FFMPEG  (   89):       ARTIST          : (c) 2012 Android Open Source Project
07-20 03:29:43.478 I/FFmpegExtractor(   89): FFmpegExtrator, url: android-source:0xf2c24240, format_name: ogg, format_long_name: Ogg
07-20 03:29:43.478 I/FFmpegExtractor(   89): list the formats suppoted by ffmpeg: 
07-20 03:29:43.478 I/FFmpegExtractor(   89): ========================================
07-20 03:29:43.478 V/FFmpegExtractor(   89): format_names[00]: mpeg
07-20 03:29:43.478 V/FFmpegExtractor(   89): format_names[01]: mpegts
07-20 03:29:43.478 V/FFmpegExtractor(   89): format_names[02]: mov,mp4,m4a,3gp,3g2,mj2
07-20 03:29:43.478 V/FFmpegExtractor(   89): format_names[03]: matroska,webm
07-20 03:29:43.478 V/FFmpegExtractor(   89): format_names[04]: asf
07-20 03:29:43.478 V/FFmpegExtractor(   89): format_names[05]: rm
07-20 03:29:43.478 V/FFmpegExtractor(   89): format_names[06]: flv
07-20 03:29:43.478 V/FFmpegExtractor(   89): format_names[07]: swf
07-20 03:29:43.478 V/FFmpegExtractor(   89): format_names[08]: avi
07-20 03:29:43.478 V/FFmpegExtractor(   89): format_names[09]: ape
07-20 03:29:43.478 V/FFmpegExtractor(   89): format_names[10]: dts
07-20 03:29:43.478 V/FFmpegExtractor(   89): format_names[11]: flac
07-20 03:29:43.478 V/FFmpegExtractor(   89): format_names[12]: ac3
07-20 03:29:43.478 V/FFmpegExtractor(   89): format_names[13]: wav
07-20 03:29:43.478 V/FFmpegExtractor(   89): format_names[14]: ogg
07-20 03:29:43.478 V/FFmpegExtractor(   89): format_names[15]: vc1
07-20 03:29:43.478 V/FFmpegExtractor(   89): format_names[16]: hevc
07-20 03:29:43.478 I/FFmpegExtractor(   89): ========================================
07-20 03:29:43.478 I/FFmpegExtractor(   89): adjust mime(application/ogg -> audio/vorbis)
07-20 03:29:43.478 D/FFmpegExtractor(   89): suppoted codec(vorbis) by official Stagefright
07-20 03:29:43.478 D/FFMPEG  (   89): android source close
07-20 03:29:43.478 I/FFmpegExtractor(   89): sniff through BetterSniffFFMPEG success
07-20 03:29:43.478 D/FFmpegExtractor(   89): ffmpeg detected media content as 'audio/vorbis' with confidence 0.08
07-20 03:29:43.490 V/FFmpegExtractor(   89): SniffFFMPEG
07-20 03:29:43.490 I/FFmpegExtractor(   89): android-source:0xf2c24740
07-20 03:29:43.490 D/FFMPEG  (   89): android source begin open
07-20 03:29:43.490 D/FFMPEG  (   89): android open, url: android-source:0xf2c24740
07-20 03:29:43.490 D/FFMPEG  (   89): ffmpeg open android data source success, source ptr: 0xf2c24740
07-20 03:29:43.490 D/FFMPEG  (   89): android source open success
07-20 03:29:43.491 I/FFMPEG  (   89): Input #0, ogg, from 'android-source:0xf2c24740':
07-20 03:29:43.491 I/FFMPEG  (   89):   Duration: 00:00:00.54, start: 0.000000, bitrate: 95 kb/s
07-20 03:29:43.491 I/FFMPEG  (   89):     Stream #0:0: Audio: vorbis, 48000 Hz, mono, fltp, 48 kb/s
07-20 03:29:43.491 I/FFMPEG  (   89):     Metadata:
07-20 03:29:43.491 I/FFMPEG  (   89):       TITLE           : Video Record
07-20 03:29:43.491 I/FFMPEG  (   89):       ARTIST          : (c) 2012 Android Open Source Project
07-20 03:29:43.491 I/FFmpegExtractor(   89): FFmpegExtrator, url: android-source:0xf2c24740, format_name: ogg, format_long_name: Ogg
07-20 03:29:43.491 I/FFmpegExtractor(   89): list the formats suppoted by ffmpeg: 
07-20 03:29:43.491 I/FFmpegExtractor(   89): ========================================
07-20 03:29:43.491 V/FFmpegExtractor(   89): format_names[00]: mpeg
07-20 03:29:43.491 V/FFmpegExtractor(   89): format_names[01]: mpegts
07-20 03:29:43.491 V/FFmpegExtractor(   89): format_names[02]: mov,mp4,m4a,3gp,3g2,mj2
07-20 03:29:43.491 V/FFmpegExtractor(   89): format_names[03]: matroska,webm
07-20 03:29:43.491 V/FFmpegExtractor(   89): format_names[04]: asf
07-20 03:29:43.491 V/FFmpegExtractor(   89): format_names[05]: rm
07-20 03:29:43.491 V/FFmpegExtractor(   89): format_names[06]: flv
07-20 03:29:43.491 V/FFmpegExtractor(   89): format_names[07]: swf
07-20 03:29:43.491 V/FFmpegExtractor(   89): format_names[08]: avi
07-20 03:29:43.491 V/FFmpegExtractor(   89): format_names[09]: ape
07-20 03:29:43.491 V/FFmpegExtractor(   89): format_names[10]: dts
07-20 03:29:43.491 V/FFmpegExtractor(   89): format_names[11]: flac
07-20 03:29:43.491 V/FFmpegExtractor(   89): format_names[12]: ac3
07-20 03:29:43.491 V/FFmpegExtractor(   89): format_names[13]: wav
07-20 03:29:43.491 V/FFmpegExtractor(   89): format_names[14]: ogg
07-20 03:29:43.491 V/FFmpegExtractor(   89): format_names[15]: vc1
07-20 03:29:43.491 V/FFmpegExtractor(   89): format_names[16]: hevc
07-20 03:29:43.491 I/FFmpegExtractor(   89): ========================================
07-20 03:29:43.491 I/FFmpegExtractor(   89): adjust mime(application/ogg -> audio/vorbis)
07-20 03:29:43.491 D/FFmpegExtractor(   89): suppoted codec(vorbis) by official Stagefright
07-20 03:29:43.491 D/FFMPEG  (   89): android source close
07-20 03:29:43.491 I/FFmpegExtractor(   89): sniff through BetterSniffFFMPEG success
07-20 03:29:43.491 D/FFmpegExtractor(   89): ffmpeg detected media content as 'audio/vorbis' with confidence 0.08
07-20 03:29:43.496 I/CameraClient(   89): Opening camera 0
07-20 03:29:43.496 V/EmulatedCamera_Camera(   89): getCameraInfo
07-20 03:29:43.496 V/EmulatedCamera_BaseCamera(   89): getCameraInfo
07-20 03:29:43.496 V/EmulatedCamera_Camera(   89): connectCamera
07-20 03:29:43.496 V/EmulatedCamera_GenyDevice(   89): connectDevice
07-20 03:29:43.501 V/EmulatedCamera_GenyDevice(   89): connectDevice: Connected to device 'back'
07-20 03:29:43.501 V/EmulatedCamera_CallbackNotifier(   89): setCallbacks: 0xf756c030, 0xf756c3e0, 0xf756c4f0, 0xf756c9e0 (0xf5c4ef40)
07-20 03:29:43.501 V/EmulatedCamera_CallbackNotifier(   89): enableMessage: msg_type = 0xc0d
07-20 03:29:43.501 V/EmulatedCamera_CallbackNotifier(   89):     CAMERA_MSG_ERROR
07-20 03:29:43.501 V/EmulatedCamera_CallbackNotifier(   89):     CAMERA_MSG_FOCUS
07-20 03:29:43.501 V/EmulatedCamera_CallbackNotifier(   89):     CAMERA_MSG_ZOOM
07-20 03:29:43.501 V/EmulatedCamera_CallbackNotifier(   89):     CAMERA_MSG_PREVIEW_METADATA
07-20 03:29:43.501 V/EmulatedCamera_CallbackNotifier(   89): **** Currently enabled messages:
07-20 03:29:43.501 V/EmulatedCamera_CallbackNotifier(   89):     CAMERA_MSG_ERROR
07-20 03:29:43.501 V/EmulatedCamera_CallbackNotifier(   89):     CAMERA_MSG_FOCUS
07-20 03:29:43.501 V/EmulatedCamera_CallbackNotifier(   89):     CAMERA_MSG_ZOOM
07-20 03:29:43.501 V/EmulatedCamera_CallbackNotifier(   89):     CAMERA_MSG_PREVIEW_METADATA
07-20 03:29:43.501 V/EmulatedCamera_CallbackNotifier(   89): disableMessage: msg_type = 0xffff
07-20 03:29:43.501 V/EmulatedCamera_CallbackNotifier(   89):     CAMERA_MSG_ERROR
07-20 03:29:43.501 V/EmulatedCamera_CallbackNotifier(   89):     CAMERA_MSG_SHUTTER
07-20 03:29:43.501 V/EmulatedCamera_CallbackNotifier(   89):     CAMERA_MSG_FOCUS
07-20 03:29:43.501 V/EmulatedCamera_CallbackNotifier(   89):     CAMERA_MSG_ZOOM
07-20 03:29:43.501 V/EmulatedCamera_CallbackNotifier(   89):     CAMERA_MSG_PREVIEW_FRAME
07-20 03:29:43.501 V/EmulatedCamera_CallbackNotifier(   89):     CAMERA_MSG_VIDEO_FRAME
07-20 03:29:43.501 V/EmulatedCamera_CallbackNotifier(   89):     CAMERA_MSG_POSTVIEW_FRAME
07-20 03:29:43.501 V/EmulatedCamera_CallbackNotifier(   89):     CAMERA_MSG_RAW_IMAGE
07-20 03:29:43.501 V/EmulatedCamera_CallbackNotifier(   89):     CAMERA_MSG_COMPRESSED_IMAGE
07-20 03:29:43.501 V/EmulatedCamera_CallbackNotifier(   89):     CAMERA_MSG_RAW_IMAGE_NOTIFY
07-20 03:29:43.501 V/EmulatedCamera_CallbackNotifier(   89):     CAMERA_MSG_PREVIEW_METADATA
07-20 03:29:43.501 V/EmulatedCamera_CallbackNotifier(   89): **** Currently enabled messages:
07-20 03:29:43.501 V/EmulatedCamera_Camera(   89): doStopPreview
07-20 03:29:43.501 V/EmulatedCamera_Camera(   89): cancelPicture
07-20 03:29:43.501 V/EmulatedCamera_Camera(   89): releaseCamera
07-20 03:29:43.501 V/EmulatedCamera_Camera(   89): doStopPreview
07-20 03:29:43.501 V/EmulatedCamera_GenyDevice(   89): disconnectDevice
07-20 03:29:43.510 V/EmulatedCamera_GenyDevice(   89): disconnectDevice: Disonnected from device 'back'
07-20 03:29:43.510 I/CameraClient(   89): Destroying camera 0
07-20 03:29:43.510 V/EmulatedCamera_Camera(   89): closeCamera
07-20 03:29:43.510 V/EmulatedCamera_Camera(   89): doStopPreview
07-20 03:29:43.511 D/NuPlayerDriver(   89): reset(0xf5c4edc0)
07-20 03:29:43.514 D/NuPlayerDriver(   89): notifyResetComplete(0xf5c4edc0)
07-20 03:29:43.515 D/NuPlayerDriver(   89): reset(0xf5c4ed00)
07-20 03:29:43.515 D/NuPlayerDriver(   89): notifyResetComplete(0xf5c4ed00)
07-20 03:29:43.518 I/art     (  825): Background partial concurrent mark sweep GC freed 4032(327KB) AllocSpace objects, 2(32KB) LOS objects, 49% free, 1057KB/2MB, paused 3.270ms total 746.285ms
07-20 03:29:43.522 V/EmulatedCamera_Camera(   89): getCameraInfo
07-20 03:29:43.522 V/EmulatedCamera_BaseCamera(   89): getCameraInfo
07-20 03:29:43.522 I/CameraService(   89): getCameraCharacteristics: Switching to HAL1 shim implementation...
07-20 03:29:43.522 V/EmulatedCamera_Camera(   89): getCameraInfo
07-20 03:29:43.522 V/EmulatedCamera_BaseCamera(   89): getCameraInfo
07-20 03:29:43.522 V/EmulatedCamera_Camera(   89): getCameraInfo
07-20 03:29:43.522 V/EmulatedCamera_BaseCamera(   89): getCameraInfo
07-20 03:29:43.523 I/Telephony(  825): TtyManager: updateUiTtyMode -1 -> 0
07-20 03:29:43.526 V/FFmpegExtractor(   89): SniffFFMPEG
07-20 03:29:43.526 I/FFmpegExtractor(   89): android-source:0xf2c24240
07-20 03:29:43.526 D/FFMPEG  (   89): android source begin open
07-20 03:29:43.526 D/FFMPEG  (   89): android open, url: android-source:0xf2c24240
07-20 03:29:43.526 D/FFMPEG  (   89): ffmpeg open android data source success, source ptr: 0xf2c24240
07-20 03:29:43.526 D/FFMPEG  (   89): android source open success
07-20 03:29:43.531 I/FFMPEG  (   89): Input #0, ogg, from 'android-source:0xf2c24240':
07-20 03:29:43.531 I/FFMPEG  (   89):   Duration: 00:00:00.42, start: 0.000000, bitrate: 113 kb/s
07-20 03:29:43.531 I/FFMPEG  (   89):     Stream #0:0: Audio: vorbis, 48000 Hz, mono, fltp, 48 kb/s
07-20 03:29:43.531 I/FFMPEG  (   89):     Metadata:
07-20 03:29:43.531 I/FFMPEG  (   89):       TITLE           : Camera Shutter
07-20 03:29:43.531 I/FFMPEG  (   89):       ARTIST          : (c) 2012 Android Open Source Project
07-20 03:29:43.531 I/FFmpegExtractor(   89): FFmpegExtrator, url: android-source:0xf2c24240, format_name: ogg, format_long_name: Ogg
07-20 03:29:43.531 I/FFmpegExtractor(   89): list the formats suppoted by ffmpeg: 
07-20 03:29:43.531 I/FFmpegExtractor(   89): ========================================
07-20 03:29:43.531 V/FFmpegExtractor(   89): format_names[00]: mpeg
07-20 03:29:43.531 V/FFmpegExtractor(   89): format_names[01]: mpegts
07-20 03:29:43.531 V/FFmpegExtractor(   89): format_names[02]: mov,mp4,m4a,3gp,3g2,mj2
07-20 03:29:43.531 V/FFmpegExtractor(   89): format_names[03]: matroska,webm
07-20 03:29:43.531 V/FFmpegExtractor(   89): format_names[04]: asf
07-20 03:29:43.531 V/FFmpegExtractor(   89): format_names[05]: rm
07-20 03:29:43.531 V/FFmpegExtractor(   89): format_names[06]: flv
07-20 03:29:43.531 V/FFmpegExtractor(   89): format_names[07]: swf
07-20 03:29:43.531 V/FFmpegExtractor(   89): format_names[08]: avi
07-20 03:29:43.531 V/FFmpegExtractor(   89): format_names[09]: ape
07-20 03:29:43.531 V/FFmpegExtractor(   89): format_names[10]: dts
07-20 03:29:43.531 V/FFmpegExtractor(   89): format_names[11]: flac
07-20 03:29:43.531 V/FFmpegExtractor(   89): format_names[12]: ac3
07-20 03:29:43.531 V/FFmpegExtractor(   89): format_names[13]: wav
07-20 03:29:43.531 V/FFmpegExtractor(   89): format_names[14]: ogg
07-20 03:29:43.531 V/FFmpegExtractor(   89): format_names[15]: vc1
07-20 03:29:43.531 V/FFmpegExtractor(   89): format_names[16]: hevc
07-20 03:29:43.531 I/FFmpegExtractor(   89): ========================================
07-20 03:29:43.531 I/FFmpegExtractor(   89): adjust mime(application/ogg -> audio/vorbis)
07-20 03:29:43.531 D/FFmpegExtractor(   89): suppoted codec(vorbis) by official Stagefright
07-20 03:29:43.531 D/FFMPEG  (   89): android source close
07-20 03:29:43.531 I/FFmpegExtractor(   89): sniff through BetterSniffFFMPEG success
07-20 03:29:43.531 D/FFmpegExtractor(   89): ffmpeg detected media content as 'audio/vorbis' with confidence 0.08
07-20 03:29:43.533 I/ActivityManager(  493): Displayed com.android.launcher3/.Launcher: +3s931ms
07-20 03:29:43.542 D/Launcher(  845): 11683562 - bindAddScreens()
07-20 03:29:43.542 D/Launcher(  845): 11683562 -   orderedScreenIds: 3
07-20 03:29:43.542 D/Launcher.Workspace(  845): 11683562 - insertNewWorkspaceScreen(): 3 at index: 0
07-20 03:29:43.542 V/FFmpegExtractor(   89): SniffFFMPEG
07-20 03:29:43.542 I/FFmpegExtractor(   89): android-source:0xf2c24740
07-20 03:29:43.542 D/FFMPEG  (   89): android source begin open
07-20 03:29:43.542 D/FFMPEG  (   89): android open, url: android-source:0xf2c24740
07-20 03:29:43.542 D/FFMPEG  (   89): ffmpeg open android data source success, source ptr: 0xf2c24740
07-20 03:29:43.542 D/FFMPEG  (   89): android source open success
07-20 03:29:43.544 I/FFMPEG  (   89): Input #0, ogg, from 'android-source:0xf2c24740':
07-20 03:29:43.544 I/FFMPEG  (   89):   Duration: 00:00:00.54, start: 0.000000, bitrate: 95 kb/s
07-20 03:29:43.545 I/FFMPEG  (   89):     Stream #0:0: Audio: vorbis, 48000 Hz, mono, fltp, 48 kb/s
07-20 03:29:43.545 I/FFMPEG  (   89):     Metadata:
