07-20 03:29:35.129 W/PackageManager(  493): Unknown permission com.android.launcher.permission.WRITE_SETTINGS in package com.google.android.onetimeinitializer
07-20 03:29:35.129 W/PackageManager(  493): Not granting permission android.permission.GLOBAL_SEARCH to package com.android.quicksearchbox (protectionLevel=18 flags=0x8be45)
07-20 03:29:35.129 W/PackageManager(  493): Not granting permission android.permission.ACCESS_DOWNLOAD_MANAGER to package com.android.browser (protectionLevel=18 flags=0x9be45)
07-20 03:29:35.129 W/PackageManager(  493): Not granting permission android.permission.SEND_DOWNLOAD_COMPLETED_INTENTS to package com.android.browser (protectionLevel=2 flags=0x9be45)
07-20 03:29:35.129 W/PackageManager(  493): Not granting permission android.permission.SEND_DOWNLOAD_COMPLETED_INTENTS to package com.android.vending (protectionLevel=2 flags=0x400abe45)
07-20 03:29:35.129 W/PackageManager(  493): Unknown permission android.permission.SEND_SMS_NO_CONFIRMATION in package com.android.vending
07-20 03:29:35.129 W/PackageManager(  493): Not granting permission android.permission.BIND_WALLPAPER to package com.android.camera2 (protectionLevel=18 flags=0x58bc45)
07-20 03:29:35.129 W/PackageManager(  493): Unknown permission android.permission.INSTALL_DRM in package com.android.mms
07-20 03:29:35.129 W/PackageManager(  493): Not granting permission android.permission.BIND_APPWIDGET to package com.android.launcher3 (protectionLevel=18 flags=0x483e45)
07-20 03:29:35.129 W/PackageManager(  493): Unknown permission com.android.launcher.permission.READ_SETTINGS in package com.android.launcher3
07-20 03:29:35.129 W/PackageManager(  493): Unknown permission com.android.launcher.permission.WRITE_SETTINGS in package com.android.launcher3
07-20 03:29:35.129 W/PackageManager(  493): Unknown permission com.google.android.email.permission.READ_ATTACHMENT in package com.google.android.gm
07-20 03:29:35.129 W/PackageManager(  493): Unknown permission com.google.android.email.permission.ACCESS_PROVIDER in package com.google.android.gm
07-20 03:29:35.129 W/PackageManager(  493): Unknown permission android.permission.READ_OWNER_DATA in package com.google.android.setupwizard
07-20 03:29:35.129 W/PackageManager(  493): Unknown permission android.permission.WRITE_OWNER_DATA in package com.google.android.setupwizard
07-20 03:29:35.129 W/PackageManager(  493): Unknown permission com.google.android.gms.permission.CAR_SPEED in package com.google.android.apps.maps
07-20 03:29:35.129 W/PackageManager(  493): Unknown permission com.google.android.gallery3d.permission.PICASA_STORE in package com.google.android.apps.plus
07-20 03:29:35.129 W/PackageManager(  493): Unknown permission com.android.launcher.permission.READ_SETTINGS in package com.android.onetimeinitializer
07-20 03:29:35.129 W/PackageManager(  493): Unknown permission com.android.launcher.permission.WRITE_SETTINGS in package com.android.onetimeinitializer
07-20 03:29:35.129 W/PackageManager(  493): Unknown permission com.google.android.apps.enterprise.dmagent.permission.AutoSyncPermission in package com.google.android.gms
07-20 03:29:35.129 W/PackageManager(  493): Unknown permission com.google.android.wearable.READ_SETTINGS in package com.google.android.gms
07-20 03:29:35.130 W/PackageManager(  493): Unknown permission com.android.launcher.permission.PRELOAD_WORKSPACE in package com.google.android.partnersetup
07-20 03:29:35.130 W/PackageManager(  493): Not granting permission android.permission.DELETE_PACKAGES to package com.svox.pico (protectionLevel=18 flags=0x8be45)
07-20 03:29:35.130 W/PackageManager(  493): Unknown permission com.cyanogenmod.filemanager.permissions.READ_THEME in package com.cyanogenmod.filemanager
07-20 03:29:35.130 W/PackageManager(  493): Unknown permission com.google.android.gallery3d.permission.PICASA_STORE in package com.android.dreams.phototable
07-20 03:29:35.130 W/PackageManager(  493): Not granting permission android.permission.CONTROL_KEYGUARD to package com.google.android.gsf.login (protectionLevel=2 flags=0x4048be45)
07-20 03:29:35.130 W/PackageManager(  493): Unknown permission com.android.vending.billing.IBillingAccountService.BIND2 in package com.google.android.gsf.login
07-20 03:29:35.131 W/PackageManager(  493): Unknown permission com.android.chrome.TOS_ACKED in package com.google.android.gsf.login
07-20 03:29:35.131 W/PackageManager(  493): Unknown permission com.android.launcher.permission.READ_SETTINGS in package com.android.settings
07-20 03:29:35.131 W/PackageManager(  493): Unknown permission com.android.launcher.permission.WRITE_SETTINGS in package com.android.settings
07-20 03:29:35.131 W/PackageManager(  493): Not granting permission android.permission.DEVICE_POWER to package com.android.deskclock (protectionLevel=2 flags=0x48be45)
07-20 03:29:35.199 I/WifiP2pService(  493): Registering wifip2p
07-20 03:29:35.200 I/SystemServiceManager(  493): Starting com.android.server.wifi.WifiService
07-20 03:29:35.201 I/InputReader(  493): Device added: id=-1, name='Virtual', sources=0x00000301
07-20 03:29:35.201 I/InputReader(  493): Device added: id=5, name='AT Translated Set 2 keyboard', sources=0x00000101
07-20 03:29:35.201 I/InputReader(  493): Device added: id=4, name='Power Button', sources=0x00000101
07-20 03:29:35.201 I/InputReader(  493): Device added: id=3, name='Sleep Button', sources=0x00000101
07-20 03:29:35.201 I/InputReader(  493):   Touch device 'Genymotion Virtual Input' could not query the properties of its associated display.  The device will be inoperable until the display size becomes available.
07-20 03:29:35.201 I/InputReader(  493): Device added: id=1, name='Genymotion Virtual Input', sources=0x00001303
07-20 03:29:35.202 I/InputReader(  493): Reconfiguring input devices.  changes=0x00000004
07-20 03:29:35.202 I/InputReader(  493): Device reconfigured: id=1, name='Genymotion Virtual Input', size 800x1280, orientation 0, mode 1, display id 0
07-20 03:29:35.204 I/ActivityManager(  493): Config changes=78 {1.0 ?mcc?mnc en_US ?layoutDir sw600dp w600dp h888dp 213dpi lrg port ?uimode ?night finger qwerty/v/v dpad/v s.4}
07-20 03:29:35.239 E/WifiConfigStore(  493): associatedPartialScanPeriodMilli set to 20000
07-20 03:29:35.245 D/WifiController(  493): isAirplaneModeOn = false, isWifiEnabled = true, isScanningAvailable = false
07-20 03:29:35.246 I/WifiService(  493): Registering wifi
07-20 03:29:35.246 I/SystemServiceManager(  493): Starting com.android.server.wifi.WifiScanningService
07-20 03:29:35.246 I/WifiScanningService(  493): Creating wifiscanner
07-20 03:29:35.246 I/WifiScanningService(  493): Starting wifiscanner
07-20 03:29:35.247 I/SystemServiceManager(  493): Starting com.android.server.wifi.RttService
07-20 03:29:35.247 I/RttService(  493): Creating rttmanager
07-20 03:29:35.247 I/RttService(  493): Starting rttmanager
07-20 03:29:35.247 I/SystemServer(  493): Connectivity Service
07-20 03:29:35.250 D/ConnectivityService(  493): ConnectivityService starting up
07-20 03:29:35.252 D/ConnectivityService(  493): wifiOnly=false
07-20 03:29:35.283 I/SystemServer(  493): Network Service Discovery Service
07-20 03:29:35.284 D/NsdService(  493): Network service discovery enabled true
07-20 03:29:35.285 I/SystemServer(  493): UpdateLock Service
07-20 03:29:35.386 I/SystemServiceManager(  493): Starting com.android.server.notification.NotificationManagerService
07-20 03:29:35.422 D/ZenLog  (  493): set_zen_mode: off,setting
07-20 03:29:35.423 I/SystemServiceManager(  493): Starting com.android.server.storage.DeviceStorageMonitorService
07-20 03:29:35.424 I/SystemServer(  493): Location Manager
07-20 03:29:35.433 I/SystemServer(  493): Country Detector
07-20 03:29:35.433 I/SystemServer(  493): Search Service
07-20 03:29:35.434 I/SystemServer(  493): DropBox Service
07-20 03:29:35.434 I/SystemServer(  493): Wallpaper Service
07-20 03:29:35.436 I/SystemServer(  493): Audio Service
07-20 03:29:35.443 W/TelecomManager(  493): Telecom Service not found.
07-20 03:29:35.453 I/SystemServiceManager(  493): Starting com.android.server.DockObserver
07-20 03:29:35.453 W/DockObserver(  493): This kernel does not have dock station support
07-20 03:29:35.454 I/SystemServer(  493): Wired Accessory Manager
07-20 03:29:35.454 W/WiredAccessoryManager(  493): This kernel does not have wired headset support
07-20 03:29:35.454 W/WiredAccessoryManager(  493): This kernel does not have usb audio support
07-20 03:29:35.454 W/WiredAccessoryManager(  493): This kernel does not have HDMI audio support
07-20 03:29:35.455 I/SystemServiceManager(  493): Starting com.android.server.usb.UsbService$Lifecycle
07-20 03:29:35.461 I/SystemServer(  493): Serial Service
07-20 03:29:35.461 I/SystemServiceManager(  493): Starting com.android.server.twilight.TwilightService
07-20 03:29:35.462 I/SystemServiceManager(  493): Starting com.android.server.UiModeManagerService
07-20 03:29:35.463 I/SystemServiceManager(  493): Starting com.android.server.job.JobSchedulerService
07-20 03:29:35.475 D/JobStore(  493): job-info
07-20 03:29:35.476 I/SystemServiceManager(  493): Starting com.android.server.backup.BackupManagerService$Lifecycle
07-20 03:29:35.487 I/SystemServiceManager(  493): Starting com.android.server.appwidget.AppWidgetService
07-20 03:29:35.491 I/SystemServiceManager(  493): Starting com.android.server.voiceinteraction.VoiceInteractionManagerService
07-20 03:29:35.492 W/SoundTriggerHelper(  493): listModules status=0, # of modules=0
07-20 03:29:35.492 I/SystemServer(  493): DiskStats Service
07-20 03:29:35.492 I/SystemServer(  493): SamplingProfiler Service
07-20 03:29:35.494 I/SystemServer(  493): NetworkTimeUpdateService
07-20 03:29:35.495 I/SystemServer(  493): CommonTimeManagementService
07-20 03:29:35.495 I/SystemServer(  493): CertBlacklister
07-20 03:29:35.496 I/SystemServiceManager(  493): Starting com.android.server.dreams.DreamManagerService
07-20 03:29:35.498 I/SystemServer(  493): Assets Atlas Service
07-20 03:29:35.499 I/SystemServiceManager(  493): Starting com.android.server.print.PrintManagerService
07-20 03:29:35.501 I/SystemServiceManager(  493): Starting com.android.server.restrictions.RestrictionsManagerService
07-20 03:29:35.502 I/SystemServiceManager(  493): Starting com.android.server.media.MediaSessionService
07-20 03:29:35.505 D/AssetAtlas(  493): Loaded configuration: SliceMinArea (768x768) flags=0x2 count=2
07-20 03:29:35.510 D/        (  493): HostConnection::get() New Host Connection established 0xe14a3f10, tid 560
07-20 03:29:35.517 I/SystemServer(  493): Media Router Service
07-20 03:29:35.517 I/SystemServer(  493): Genyd Service
07-20 03:29:35.517 D/GenydService(  493): GenydService startup
07-20 03:29:35.518 I/SystemServiceManager(  493): Starting com.android.server.trust.TrustManagerService
07-20 03:29:35.519 I/SystemServiceManager(  493): Starting com.android.server.fingerprint.FingerprintService
07-20 03:29:35.520 V/Fingerprint-JNI(  493): nativeInit()
07-20 03:29:35.520 V/Fingerprint-JNI(  493): nativeOpenHal()
07-20 03:29:35.520 E/Fingerprint-JNI(  493): Can't open fingerprint HW Module, error: -2
07-20 03:29:35.520 I/SystemServer(  493): BackgroundDexOptService
07-20 03:29:35.523 I/SystemServiceManager(  493): Starting com.android.server.pm.LauncherAppsService
07-20 03:29:35.524 I/SystemServiceManager(  493): Starting com.android.server.media.projection.MediaProjectionManagerService
07-20 03:29:35.558 D/libEGL  (  493): loaded /system/lib/egl/libEGL_emulation.so
07-20 03:29:35.558 I/WindowManager(  493): SAFE MODE not enabled
07-20 03:29:35.560 D/libEGL  (  493): loaded /system/lib/egl/libGLESv1_CM_emulation.so
07-20 03:29:35.560 I/SystemServiceManager(  493): Starting com.android.server.MmsServiceBroker
07-20 03:29:35.566 D/libEGL  (  493): loaded /system/lib/egl/libGLESv2_emulation.so
07-20 03:29:35.578 E/SQLiteLog(  493): (283) recovered 16 frames from WAL file /data/system/locksettings.db-wal
07-20 03:29:35.581 E/LockSettingsStorage(  493): Cannot read file java.io.FileNotFoundException: /data/system/password.key: open failed: ENOENT (No such file or directory)
07-20 03:29:35.581 E/LockSettingsStorage(  493): Cannot read file java.io.FileNotFoundException: /data/system/gesture.key: open failed: ENOENT (No such file or directory)
07-20 03:29:35.581 I/SystemServiceManager(  493): Starting phase 480
07-20 03:29:35.602 I/SystemServiceManager(  493): Starting phase 500
07-20 03:29:35.603 I/WifiService(  493): WifiService starting up with Wi-Fi enabled
07-20 03:29:35.607 D/WifiService(  493): setWifiEnabled: true pid=493, uid=1000
07-20 03:29:35.607 E/WifiService(  493): Invoking mWifiStateMachine.setWifiEnabled
07-20 03:29:35.609 D/WifiController(  493): WifiController msg { when=-1ms what=155656 target=com.android.internal.util.StateMachine$SmHandler } deferred for 499ms
07-20 03:29:35.624 D/WifiService(  493): New client listening to asynchronous messages
07-20 03:29:35.625 I/WifiScanningService(  493): Registering wifiscanner
07-20 03:29:35.627 D/WifiScanningService(  493): New client, channel: null messenger: null
07-20 03:29:35.627 I/RttService(  493): Registering rttmanager
07-20 03:29:35.628 D/WifiChangeStateMachine(  493): Entering IdleState
07-20 03:29:35.628 D/WifiScanningService(  493): DefaultState
07-20 03:29:35.629 D/AssetAtlas(  493): Rendered atlas in 73.41ms (0.06+73.34ms)
07-20 03:29:35.631 I/ActivityManager(  493): Config changes=200 {1.0 ?mcc?mnc en_US ?layoutDir sw600dp w600dp h888dp 213dpi lrg port finger qwerty/v/v dpad/v s.5}
07-20 03:29:35.647 V/BackupManagerService(  493): No ancestral data
07-20 03:29:35.667 D/BackupManagerService(  493): Now staging backup of com.google.android.googlequicksearchbox
07-20 03:29:35.670 D/BackupManagerService(  493): Now staging backup of com.android.browser
07-20 03:29:35.671 D/BackupManagerService(  493): Now staging backup of com.android.vending
07-20 03:29:35.673 D/BackupManagerService(  493): Now staging backup of com.google.android.marvin.talkback
07-20 03:29:35.675 D/BackupManagerService(  493): Now staging backup of android
07-20 03:29:35.677 D/BackupManagerService(  493): Now staging backup of com.google.android.gm
07-20 03:29:35.678 D/BackupManagerService(  493): Now staging backup of com.android.calendar
07-20 03:29:35.679 D/BackupManagerService(  493): Now staging backup of com.android.providers.settings
07-20 03:29:35.680 D/BackupManagerService(  493): Now staging backup of com.android.sharedstoragebackup
07-20 03:29:35.681 D/BackupManagerService(  493): Now staging backup of com.android.dialer
07-20 03:29:35.682 D/BackupManagerService(  493): Now staging backup of com.google.android.talk
07-20 03:29:35.685 D/BackupManagerService(  493): Now staging backup of com.android.providers.userdictionary
07-20 03:29:35.686 V/BackupManagerService(  493): Starting with transport android/com.android.internal.backup.LocalTransport
07-20 03:29:35.686 V/BackupManagerService(  493): Found transports: 2
07-20 03:29:35.686 I/BackupManagerService(  493): Binding to transport host ComponentInfo{android/com.android.internal.backup.LocalTransportService}
07-20 03:29:35.688 I/BackupManagerService(  493): Binding to transport host ComponentInfo{com.google.android.backuptransport/com.google.android.backup.BackupTransportService}
07-20 03:29:35.688 I/BackupManagerService(  493): Found stale backup journal, scheduling
07-20 03:29:35.761 D/SurfaceFlinger(  166): Set power mode=2, type=0 flinger=0xf685c000
07-20 03:29:35.761 I/DisplayManagerService(  493): Display device changed: DisplayDeviceInfo{"Built-in Screen": uniqueId="local:0", 800 x 1280, 60.000004 fps, supportedRefreshRates [60.000004], density 213, 213.0 x 213.0 dpi, appVsyncOff 0, presDeadline 17666666, touch INTERNAL, rotation 0, type BUILT_IN, state ON, FLAG_DEFAULT_DISPLAY, FLAG_ROTATES_WITH_CONTENT, FLAG_SECURE, FLAG_SUPPORTS_PROTECTED_BUFFERS}
07-20 03:29:35.762 D/SurfaceFlinger(  166): Screen type=0 is already mode=2
07-20 03:29:35.815 I/AppOps  (  493): Pruning old package media/1013: new uid=-1
07-20 03:29:35.816 I/ActivityManager(  493): System now ready
07-20 03:29:35.817 I/SystemServer(  493): Making services ready
07-20 03:29:35.817 I/SystemServiceManager(  493): Starting phase 550
07-20 03:29:35.818 I/SystemServer(  493): WebViewFactory preparation
07-20 03:29:35.829 I/Zygote  (  493): Process: zygote socket opened, supported ABIS: x86
07-20 03:29:35.841 I/ActivityManager(  493): Start proc 574:WebViewLoader-x86/1037 [android.webkit.WebViewFactory$RelroFileCreator] for 
07-20 03:29:35.848 V/WebViewFactory(  574): RelroFileCreator (64bit = false),  32-bit lib: /system/app/webview/lib/x86/libwebviewchromium.so, 64-bit lib: 
07-20 03:29:35.862 I/ActivityManager(  493): Start proc 592:com.android.systemui/u0a13 for service com.android.systemui/.SystemUIService
07-20 03:29:35.863 W/MountService(  493): Duplicate state transition (mounted -> mounted) for /storage/emulated/0
07-20 03:29:35.863 D/NetworkManagementService(  493): enabling bandwidth control
07-20 03:29:36.077 I/art     (  493): Background sticky concurrent mark sweep GC freed 26030(1916KB) AllocSpace objects, 19(304KB) LOS objects, 23% free, 7MB/10MB, paused 422us total 144.170ms
07-20 03:29:36.084 V/SystemUIService(  592): Starting SystemUI services.
07-20 03:29:36.109 D/PermissionMonitor(  493): Monitoring
07-20 03:29:36.110 D/PermissionMonitor(  493): Users: 1, Apps: 82
07-20 03:29:36.111 I/SystemServiceManager(  493): Starting phase 600
07-20 03:29:36.112 E/BluetoothAdapter(  493): Bluetooth binder is null
07-20 03:29:36.112 E/BluetoothAdapter(  493): Bluetooth binder is null
07-20 03:29:36.113 I/BackupManagerService(  493): Backup enabled => true
07-20 03:29:36.115 D/WifiController(  493): DEFERRED_TOGGLE handled
07-20 03:29:36.116 E/WifiStateMachine(  493): Failed to reload STA firmware java.lang.IllegalArgumentException: command '15 softap fwreload eth1 STA' failed with '501 15 SoftAP command has failed'
07-20 03:29:36.117 D/CommandListener(   85): Setting iface cfg
07-20 03:29:36.117 D/CommandListener(   85): Trying to bring down eth1
07-20 03:29:36.117 D/CommandListener(   85): Clearing all IP addresses on eth1
07-20 03:29:36.118 E/WifiMonitor(  493): killSupplicant p2pfalse init.svc.wpa_supplicant=unknown init.svc.p2p_supplicant=unknown
07-20 03:29:36.139 I/ActivityManager(  493): Start proc 657:com.google.android.googlequicksearchbox:interactor/u0a66 for service com.google.android.googlequicksearchbox/com.google.android.voiceinteraction.GsaVoiceInteractionService
07-20 03:29:36.140 D/WifiMonitor(  493): startMonitoring(eth1) with mConnected = false
07-20 03:29:36.141 E/InputMethodManagerService(  493): Ignoring setImeWindowStatus due to an invalid token. uid:1000 token:null
07-20 03:29:36.170 I/ActivityManager(  493): Start proc 678:com.android.inputmethod.latin/u0a38 for service com.android.inputmethod.latin/.LatinIME
07-20 03:29:36.170 V/InputMethodManagerService(  493): Adding window token: android.os.Binder@e52ecf5
07-20 03:29:36.283 W/linker  (   89): libavcodec.so has text relocations. This is wasting memory and prevents security hardening. Please fix.
07-20 03:29:36.284 W/linker  (   89): libswresample.so has text relocations. This is wasting memory and prevents security hardening. Please fix.
07-20 03:29:36.307 E/WVMExtractor(   89): Failed to open libwvm.so: dlopen failed: library "libwvm.so" not found
07-20 03:29:36.307 V/FFmpegExtractor(   89): SniffFFMPEG
07-20 03:29:36.307 I/FFmpegExtractor(   89): android-source:0xf2c24440
07-20 03:29:36.351 V/FingerprintService(  493): startListening(android.service.fingerprint.IFingerprintServiceReceiver$Stub$Proxy@3856006)
07-20 03:29:36.566 V/FFmpegExtractor(   89): SniffFFMPEG
07-20 03:29:36.566 I/FFmpegExtractor(   89): android-source:0xf2c24540
07-20 03:29:36.620 D/FFMPEG  (   89): android source begin open
07-20 03:29:36.620 D/FFMPEG  (   89): android open, url: android-source:0xf2c24440
07-20 03:29:36.620 D/FFMPEG  (   89): ffmpeg open android data source success, source ptr: 0xf2c24440
07-20 03:29:36.620 D/FFMPEG  (   89): android source open success
07-20 03:29:36.620 D/FFMPEG  (   89): android source begin open
07-20 03:29:36.620 D/FFMPEG  (   89): android open, url: android-source:0xf2c24540
07-20 03:29:36.620 D/FFMPEG  (   89): ffmpeg open android data source success, source ptr: 0xf2c24540
07-20 03:29:36.620 D/FFMPEG  (   89): android source open success
07-20 03:29:36.969 I/FFMPEG  (   89): Input #0, ogg, from 'android-source:0xf2c24440':
07-20 03:29:36.969 I/FFMPEG  (   89):   Duration: 00:00:00.09, start: 0.000000, bitrate: 437 kb/s
07-20 03:29:36.969 I/FFMPEG  (   89):     Stream #0:0: Audio: vorbis, 48000 Hz, stereo, fltp, 96 kb/s
07-20 03:29:36.969 I/FFmpegExtractor(   89): FFmpegExtrator, url: android-source:0xf2c24440, format_name: ogg, format_long_name: Ogg
07-20 03:29:36.969 I/FFmpegExtractor(   89): list the formats suppoted by ffmpeg: 
07-20 03:29:36.969 I/FFmpegExtractor(   89): ========================================
07-20 03:29:36.969 V/FFmpegExtractor(   89): format_names[00]: mpeg
07-20 03:29:36.969 V/FFmpegExtractor(   89): format_names[01]: mpegts
07-20 03:29:36.969 V/FFmpegExtractor(   89): format_names[02]: mov,mp4,m4a,3gp,3g2,mj2
07-20 03:29:36.969 V/FFmpegExtractor(   89): format_names[03]: matroska,webm
07-20 03:29:36.969 V/FFmpegExtractor(   89): format_names[04]: asf
07-20 03:29:36.969 V/FFmpegExtractor(   89): format_names[05]: rm
07-20 03:29:36.969 V/FFmpegExtractor(   89): format_names[06]: flv
07-20 03:29:36.969 V/FFmpegExtractor(   89): format_names[07]: swf
07-20 03:29:36.969 V/FFmpegExtractor(   89): format_names[08]: avi
07-20 03:29:36.969 V/FFmpegExtractor(   89): format_names[09]: ape
07-20 03:29:36.969 V/FFmpegExtractor(   89): format_names[10]: dts
07-20 03:29:36.969 V/FFmpegExtractor(   89): format_names[11]: flac
07-20 03:29:36.969 V/FFmpegExtractor(   89): format_names[12]: ac3
07-20 03:29:36.969 V/FFmpegExtractor(   89): format_names[13]: wav
07-20 03:29:36.969 V/FFmpegExtractor(   89): format_names[14]: ogg
07-20 03:29:36.969 V/FFmpegExtractor(   89): format_names[15]: vc1
07-20 03:29:36.969 V/FFmpegExtractor(   89): format_names[16]: hevc
07-20 03:29:36.969 I/FFmpegExtractor(   89): ========================================
07-20 03:29:36.969 I/FFmpegExtractor(   89): adjust mime(application/ogg -> audio/vorbis)
07-20 03:29:36.969 D/FFmpegExtractor(   89): suppoted codec(vorbis) by official Stagefright
07-20 03:29:36.969 D/FFMPEG  (   89): android source close
07-20 03:29:36.969 I/FFmpegExtractor(   89): sniff through BetterSniffFFMPEG success
07-20 03:29:36.969 D/FFmpegExtractor(   89): ffmpeg detected media content as 'audio/vorbis' with confidence 0.08
07-20 03:29:36.970 I/FFMPEG  (   89): Input #0, ogg, from 'android-source:0xf2c24540':
07-20 03:29:36.970 I/FFMPEG  (   89):   Duration: 00:00:00.23, start: 0.000000, bitrate: 293 kb/s
07-20 03:29:36.970 I/FFMPEG  (   89):     Stream #0:0: Audio: vorbis, 44100 Hz, stereo, fltp, 160 kb/s
07-20 03:29:36.970 I/FFmpegExtractor(   89): FFmpegExtrator, url: android-source:0xf2c24540, format_name: ogg, format_long_name: Ogg
07-20 03:29:36.970 I/FFmpegExtractor(   89): list the formats suppoted by ffmpeg: 
07-20 03:29:36.970 I/FFmpegExtractor(   89): ========================================
07-20 03:29:36.970 V/FFmpegExtractor(   89): format_names[00]: mpeg
07-20 03:29:36.970 V/FFmpegExtractor(   89): format_names[01]: mpegts
07-20 03:29:36.970 V/FFmpegExtractor(   89): format_names[02]: mov,mp4,m4a,3gp,3g2,mj2
07-20 03:29:36.970 V/FFmpegExtractor(   89): format_names[03]: matroska,webm
07-20 03:29:36.970 V/FFmpegExtractor(   89): format_names[04]: asf
07-20 03:29:36.970 V/FFmpegExtractor(   89): format_names[05]: rm
07-20 03:29:36.970 V/FFmpegExtractor(   89): format_names[06]: flv
07-20 03:29:36.970 V/FFmpegExtractor(   89): format_names[07]: swf
07-20 03:29:36.970 V/FFmpegExtractor(   89): format_names[08]: avi
07-20 03:29:36.970 V/FFmpegExtractor(   89): format_names[09]: ape
07-20 03:29:36.970 V/FFmpegExtractor(   89): format_names[10]: dts
07-20 03:29:36.970 V/FFmpegExtractor(   89): format_names[11]: flac
07-20 03:29:36.970 V/FFmpegExtractor(   89): format_names[12]: ac3
07-20 03:29:36.970 V/FFmpegExtractor(   89): format_names[13]: wav
07-20 03:29:36.970 V/FFmpegExtractor(   89): format_names[14]: ogg
07-20 03:29:36.970 V/FFmpegExtractor(   89): format_names[15]: vc1
07-20 03:29:36.970 V/FFmpegExtractor(   89): format_names[16]: hevc
07-20 03:29:36.970 I/FFmpegExtractor(   89): ========================================
07-20 03:29:36.970 I/FFmpegExtractor(   89): adjust mime(application/ogg -> audio/vorbis)
07-20 03:29:36.970 D/FFmpegExtractor(   89): suppoted codec(vorbis) by official Stagefright
07-20 03:29:36.970 D/FFMPEG  (   89): android source close
07-20 03:29:36.970 I/FFmpegExtractor(   89): sniff through BetterSniffFFMPEG success
07-20 03:29:36.970 D/FFmpegExtractor(   89): ffmpeg detected media content as 'audio/vorbis' with confidence 0.08
07-20 03:29:36.988 D/NuPlayerDriver(   89): start(0xf2c2f1c0)
07-20 03:29:36.988 I/GenericSource(   89): start
07-20 03:29:36.991 D/NuPlayerDriver(   89): start(0xf5c4edc0)
07-20 03:29:36.991 I/GenericSource(   89): start
07-20 03:29:37.047 D/SoftFFmpegAudio(   89): SoftFFmpegAudio component: OMX.ffmpeg.wma.decoder mMode: 4
07-20 03:29:37.047 V/SoftFFmpegAudio(   89): ~SoftFFmpegAudio
07-20 03:29:37.048 D/SoftFFmpegAudio(   89): SoftFFmpegAudio component: OMX.ffmpeg.ra.decoder mMode: 5
07-20 03:29:37.049 V/SoftFFmpegAudio(   89): ~SoftFFmpegAudio
07-20 03:29:37.050 D/SoftFFmpegAudio(   89): SoftFFmpegAudio component: OMX.ffmpeg.flac.decoder mMode: 6
07-20 03:29:37.050 V/SoftFFmpegAudio(   89): ~SoftFFmpegAudio
07-20 03:29:37.051 D/SoftFFmpegAudio(   89): SoftFFmpegAudio component: OMX.ffmpeg.mp2.decoder mMode: 7
07-20 03:29:37.051 V/SoftFFmpegAudio(   89): ~SoftFFmpegAudio
07-20 03:29:37.052 D/SoftFFmpegAudio(   89): SoftFFmpegAudio component: OMX.ffmpeg.ac3.decoder mMode: 8
07-20 03:29:37.052 V/SoftFFmpegAudio(   89): ~SoftFFmpegAudio
07-20 03:29:37.053 D/SoftFFmpegAudio(   89): SoftFFmpegAudio component: OMX.ffmpeg.ape.decoder mMode: 9
07-20 03:29:37.053 V/SoftFFmpegAudio(   89): ~SoftFFmpegAudio
07-20 03:29:37.054 D/SoftFFmpegAudio(   89): SoftFFmpegAudio component: OMX.ffmpeg.dts.decoder mMode: 10
07-20 03:29:37.054 V/SoftFFmpegAudio(   89): ~SoftFFmpegAudio
07-20 03:29:37.055 D/SoftFFmpegAudio(   89): SoftFFmpegAudio component: OMX.ffmpeg.pcm.decoder mMode: 12
07-20 03:29:37.055 V/SoftFFmpegAudio(   89): ~SoftFFmpegAudio
07-20 03:29:37.056 D/SoftFFmpegAudio(   89): SoftFFmpegAudio component: OMX.ffmpeg.atrial.decoder mMode: 11
07-20 03:29:37.057 V/SoftFFmpegAudio(   89): ~SoftFFmpegAudio
07-20 03:29:37.084 D/GpsLocationProvider(  493): Reset GPS properties, previous size = 0
07-20 03:29:37.084 D/GpsLocationProvider(  493): GpsParamsResource: SUPL_HOST=supl.google.com
07-20 03:29:37.084 D/GpsLocationProvider(  493): GpsParamsResource: SUPL_PORT=7275
07-20 03:29:37.084 D/GpsLocationProvider(  493): GpsParamsResource: NTP_SERVER=north-america.pool.ntp.org
07-20 03:29:37.084 D/GpsLocationProvider(  493): GpsParamsResource: SUPL_VER=0x20000
07-20 03:29:37.084 D/GpsLocationProvider(  493): GpsParamsResource: SUPL_MODE=1
07-20 03:29:37.089 W/linker  (   89): libswscale.so has text relocations. This is wasting memory and prevents security hardening. Please fix.
07-20 03:29:37.117 D/SoftFFmpegVideo(   89): SoftFFmpegVideo component: OMX.ffmpeg.h264.decoder mMode: 0 appData: 0xf5c5c480
07-20 03:29:37.118 E/OMXNodeInstance(   89): getParameter(a:ffmpeg.h264.decoder, ParamVideoProfileLevelQuerySupported(0x600000f)) ERROR: UnsupportedIndex(0x8000101a)
07-20 03:29:37.118 W/OMXNodeInstance(   89): [a:ffmpeg.h264.decoder] component does not support metadata mode; using fallback
07-20 03:29:37.118 E/OMXNodeInstance(   89): getExtensionIndex(a:ffmpeg.h264.decoder, OMX.google.android.index.prepareForAdaptivePlayback) ERROR: UnsupportedIndex(0x8000101a)
07-20 03:29:37.118 V/SoftFFmpegVideo(   89): ~SoftFFmpegVideo
07-20 03:29:37.118 W/linker  (   89): libswscale.so has text relocations. This is wasting memory and prevents security hardening. Please fix.
07-20 03:29:37.119 D/SoftFFmpegVideo(   89): SoftFFmpegVideo component: OMX.ffmpeg.mpeg2v.decoder mMode: 0 appData: 0xf5c5c480
07-20 03:29:37.119 E/SoftFFmpegVideo(   89): unsupported role: video_decoder.mpeg2
07-20 03:29:37.119 E/OMXNodeInstance(   89): setParameter(b:ffmpeg.mpeg2v.decoder, ParamStandardComponentRole(0x1000017)) ERROR: Undefined(0x80001001)
07-20 03:29:37.119 W/OMXCodec(   89): Failed to set standard component role 'video_decoder.mpeg2'.
07-20 03:29:37.119 E/OMXNodeInstance(   89): getParameter(b:ffmpeg.mpeg2v.decoder, ParamVideoProfileLevelQuerySupported(0x600000f)) ERROR: UnsupportedIndex(0x8000101a)
07-20 03:29:37.119 W/OMXNodeInstance(   89): [b:ffmpeg.mpeg2v.decoder] component does not support metadata mode; using fallback
07-20 03:29:37.119 E/OMXNodeInstance(   89): getExtensionIndex(b:ffmpeg.mpeg2v.decoder, OMX.google.android.index.prepareForAdaptivePlayback) ERROR: UnsupportedIndex(0x8000101a)
07-20 03:29:37.119 V/SoftFFmpegVideo(   89): ~SoftFFmpegVideo
07-20 03:29:37.120 W/linker  (   89): libswscale.so has text relocations. This is wasting memory and prevents security hardening. Please fix.
07-20 03:29:37.120 D/SoftFFmpegVideo(   89): SoftFFmpegVideo component: OMX.ffmpeg.wmv.decoder mMode: 0 appData: 0xf5c5c480
07-20 03:29:37.120 E/OMXNodeInstance(   89): getParameter(c:ffmpeg.wmv.decoder, ParamVideoProfileLevelQuerySupported(0x600000f)) ERROR: UnsupportedIndex(0x8000101a)
07-20 03:29:37.120 W/OMXNodeInstance(   89): [c:ffmpeg.wmv.decoder] component does not support metadata mode; using fallback
07-20 03:29:37.120 E/OMXNodeInstance(   89): getExtensionIndex(c:ffmpeg.wmv.decoder, OMX.google.android.index.prepareForAdaptivePlayback) ERROR: UnsupportedIndex(0x8000101a)
07-20 03:29:37.120 V/SoftFFmpegVideo(   89): ~SoftFFmpegVideo
07-20 03:29:37.121 W/linker  (   89): libswscale.so has text relocations. This is wasting memory and prevents security hardening. Please fix.
07-20 03:29:37.121 D/SoftFFmpegVideo(   89): SoftFFmpegVideo component: OMX.ffmpeg.rv.decoder mMode: 0 appData: 0xf5c5c480
07-20 03:29:37.121 E/OMXNodeInstance(   89): getParameter(d:ffmpeg.rv.decoder, ParamVideoProfileLevelQuerySupported(0x600000f)) ERROR: UnsupportedIndex(0x8000101a)
07-20 03:29:37.121 W/OMXNodeInstance(   89): [d:ffmpeg.rv.decoder] component does not support metadata mode; using fallback
07-20 03:29:37.121 E/OMXNodeInstance(   89): getExtensionIndex(d:ffmpeg.rv.decoder, OMX.google.android.index.prepareForAdaptivePlayback) ERROR: UnsupportedIndex(0x8000101a)
07-20 03:29:37.122 V/SoftFFmpegVideo(   89): ~SoftFFmpegVideo
07-20 03:29:37.122 W/linker  (   89): libswscale.so has text relocations. This is wasting memory and prevents security hardening. Please fix.
07-20 03:29:37.123 D/SoftFFmpegVideo(   89): SoftFFmpegVideo component: OMX.ffmpeg.vc1.decoder mMode: 0 appData: 0xf5c5c480
07-20 03:29:37.123 E/OMXNodeInstance(   89): getParameter(e:ffmpeg.vc1.decoder, ParamVideoProfileLevelQuerySupported(0x600000f)) ERROR: UnsupportedIndex(0x8000101a)
07-20 03:29:37.123 W/OMXNodeInstance(   89): [e:ffmpeg.vc1.decoder] component does not support metadata mode; using fallback
07-20 03:29:37.123 E/OMXNodeInstance(   89): getExtensionIndex(e:ffmpeg.vc1.decoder, OMX.google.android.index.prepareForAdaptivePlayback) ERROR: UnsupportedIndex(0x8000101a)
07-20 03:29:37.123 V/SoftFFmpegVideo(   89): ~SoftFFmpegVideo
07-20 03:29:37.123 W/linker  (   89): libswscale.so has text relocations. This is wasting memory and prevents security hardening. Please fix.
07-20 03:29:37.125 D/SoftFFmpegVideo(   89): SoftFFmpegVideo component: OMX.ffmpeg.flv1.decoder mMode: 0 appData: 0xf5c5c480
07-20 03:29:37.125 E/OMXNodeInstance(   89): getParameter(f:ffmpeg.flv1.decoder, ParamVideoProfileLevelQuerySupported(0x600000f)) ERROR: UnsupportedIndex(0x8000101a)
07-20 03:29:37.125 W/OMXNodeInstance(   89): [f:ffmpeg.flv1.decoder] component does not support metadata mode; using fallback
07-20 03:29:37.125 E/OMXNodeInstance(   89): getExtensionIndex(f:ffmpeg.flv1.decoder, OMX.google.android.index.prepareForAdaptivePlayback) ERROR: UnsupportedIndex(0x8000101a)
07-20 03:29:37.125 V/SoftFFmpegVideo(   89): ~SoftFFmpegVideo
07-20 03:29:37.126 W/linker  (   89): libswscale.so has text relocations. This is wasting memory and prevents security hardening. Please fix.
07-20 03:29:37.126 D/SoftFFmpegVideo(   89): SoftFFmpegVideo component: OMX.ffmpeg.divx.decoder mMode: 0 appData: 0xf5c5c480
07-20 03:29:37.127 E/OMXNodeInstance(   89): getParameter(10:ffmpeg.divx.decoder, ParamVideoProfileLevelQuerySupported(0x600000f)) ERROR: UnsupportedIndex(0x8000101a)
07-20 03:29:37.127 W/OMXNodeInstance(   89): [10:ffmpeg.divx.decoder] component does not support metadata mode; using fallback
07-20 03:29:37.127 E/OMXNodeInstance(   89): getExtensionIndex(10:ffmpeg.divx.decoder, OMX.google.android.index.prepareForAdaptivePlayback) ERROR: UnsupportedIndex(0x8000101a)
07-20 03:29:37.127 V/SoftFFmpegVideo(   89): ~SoftFFmpegVideo
07-20 03:29:37.128 W/linker  (   89): libswscale.so has text relocations. This is wasting memory and prevents security hardening. Please fix.
07-20 03:29:37.128 D/SoftFFmpegVideo(   89): SoftFFmpegVideo component: OMX.ffmpeg.vtrial.decoder mMode: 0 appData: 0xf5c5c480
07-20 03:29:37.128 E/OMXNodeInstance(   89): getParameter(11:ffmpeg.vtrial.decoder, ParamVideoProfileLevelQuerySupported(0x600000f)) ERROR: UnsupportedIndex(0x8000101a)
07-20 03:29:37.128 W/OMXNodeInstance(   89): [11:ffmpeg.vtrial.decoder] component does not support metadata mode; using fallback
07-20 03:29:37.128 E/OMXNodeInstance(   89): getExtensionIndex(11:ffmpeg.vtrial.decoder, OMX.google.android.index.prepareForAdaptivePlayback) ERROR: UnsupportedIndex(0x8000101a)
07-20 03:29:37.128 V/SoftFFmpegVideo(   89): ~SoftFFmpegVideo
07-20 03:29:37.202 I/art     (  574): System.exit called, status: 0
07-20 03:29:37.202 I/AndroidRuntime(  574): VM exiting with result code 0, cleanup skipped.
07-20 03:29:37.256 W/OMXNodeInstance(   89): [1c:google.mpeg4.decoder] component does not support metadata mode; using fallback
07-20 03:29:37.257 W/OMXNodeInstance(   89): [1d:google.h263.decoder] component does not support metadata mode; using fallback
07-20 03:29:37.261 W/OMXNodeInstance(   89): [1e:google.vp8.decoder] component does not support metadata mode; using fallback
07-20 03:29:37.264 W/OMXNodeInstance(   89): [1f:google.vp9.decoder] component does not support metadata mode; using fallback
07-20 03:29:37.270 D/SoftHEVC(   89): Number of CPU cores: 4
07-20 03:29:37.270 D/SoftHEVC(   89): Initializing decoder
07-20 03:29:37.270 D/SoftHEVC(   89): Set number of cores to 4
07-20 03:29:37.270 D/SoftHEVC(   89): Ittiam decoder version number: @(#)Id:HEVCDEC_production Ver:04.01 Released by ITTIAM Build: Feb 21 2016 @ 00:56:12
07-20 03:29:37.270 W/OMXNodeInstance(   89): [20:google.hevc.decoder] component does not support metadata mode; using fallback
07-20 03:29:37.270 D/SoftHEVC(   89): Freeing codec memory
07-20 03:29:37.271 D/SoftHEVC(   89): Number of CPU cores: 4
07-20 03:29:37.271 D/SoftHEVC(   89): Initializing decoder
07-20 03:29:37.271 D/SoftHEVC(   89): Set number of cores to 4
07-20 03:29:37.271 D/SoftHEVC(   89): Ittiam decoder version number: @(#)Id:HEVCDEC_production Ver:04.01 Released by ITTIAM Build: Feb 21 2016 @ 00:56:12
07-20 03:29:37.271 D/SoftHEVC(   89): In SoftHEVC::~SoftHEVC
07-20 03:29:37.271 D/SoftHEVC(   89): Freeing codec memory
07-20 03:29:37.286 I/SoftMPEG4Encoder(   89): Construct SoftMPEG4Encoder
07-20 03:29:37.286 W/ACodec  (   89): do not know color format 0x7f000789 = 2130708361
07-20 03:29:37.288 I/SoftAVCEncoder(   89): Construct SoftAVCEncoder
07-20 03:29:37.288 W/ACodec  (   89): do not know color format 0x7f000789 = 2130708361
07-20 03:29:37.289 I/SoftMPEG4Encoder(   89): Construct SoftMPEG4Encoder
07-20 03:29:37.289 W/ACodec  (   89): do not know color format 0x7f000789 = 2130708361
07-20 03:29:37.297 W/ACodec  (   89): do not know color format 0x7f000789 = 2130708361
07-20 03:29:37.309 D/NuPlayerDriver(   89): reset(0xf2c2f1c0)
07-20 03:29:37.316 D/NuPlayerDriver(   89): reset(0xf5c4edc0)
07-20 03:29:37.316 D/NuPlayerDriver(   89): notifyResetComplete(0xf2c2f1c0)
07-20 03:29:37.318 D/NuPlayerDriver(   89): notifyResetComplete(0xf5c4edc0)
07-20 03:29:37.353 V/FFmpegExtractor(   89): SniffFFMPEG
07-20 03:29:37.353 I/FFmpegExtractor(   89): android-source:0xf5d8d380
07-20 03:29:37.353 V/FFmpegExtractor(   89): SniffFFMPEG
07-20 03:29:37.353 I/FFmpegExtractor(   89): android-source:0xf2c245c0
07-20 03:29:37.353 D/FFMPEG  (   89): android source begin open
07-20 03:29:37.353 D/FFMPEG  (   89): android open, url: android-source:0xf5d8d380
07-20 03:29:37.353 D/FFMPEG  (   89): ffmpeg open android data source success, source ptr: 0xf5d8d380
07-20 03:29:37.353 D/FFMPEG  (   89): android source open success
07-20 03:29:37.354 D/FFMPEG  (   89): android source begin open
07-20 03:29:37.354 D/FFMPEG  (   89): android open, url: android-source:0xf2c245c0
07-20 03:29:37.354 D/FFMPEG  (   89): ffmpeg open android data source success, source ptr: 0xf2c245c0
07-20 03:29:37.354 D/FFMPEG  (   89): android source open success
07-20 03:29:37.354 I/FFMPEG  (   89): Input #0, ogg, from 'android-source:0xf5d8d380':
07-20 03:29:37.355 I/FFMPEG  (   89):   Duration: 00:00:00.11, start: 0.000000, bitrate: 431 kb/s
07-20 03:29:37.355 I/FFMPEG  (   89):     Stream #0:0: Audio: vorbis, 48000 Hz, mono, fltp, 140 kb/s
07-20 03:29:37.355 I/FFmpegExtractor(   89): FFmpegExtrator, url: android-source:0xf5d8d380, format_name: ogg, format_long_name: Ogg
07-20 03:29:37.355 I/FFmpegExtractor(   89): list the formats suppoted by ffmpeg: 
07-20 03:29:37.355 I/FFmpegExtractor(   89): ========================================
07-20 03:29:37.355 V/FFmpegExtractor(   89): format_names[00]: mpeg
07-20 03:29:37.355 V/FFmpegExtractor(   89): format_names[01]: mpegts
07-20 03:29:37.355 V/FFmpegExtractor(   89): format_names[02]: mov,mp4,m4a,3gp,3g2,mj2
07-20 03:29:37.355 V/FFmpegExtractor(   89): format_names[03]: matroska,webm
07-20 03:29:37.355 V/FFmpegExtractor(   89): format_names[04]: asf
07-20 03:29:37.355 V/FFmpegExtractor(   89): format_names[05]: rm
07-20 03:29:37.355 V/FFmpegExtractor(   89): format_names[06]: flv
07-20 03:29:37.355 V/FFmpegExtractor(   89): format_names[07]: swf
07-20 03:29:37.355 V/FFmpegExtractor(   89): format_names[08]: avi
07-20 03:29:37.355 V/FFmpegExtractor(   89): format_names[09]: ape
07-20 03:29:37.355 V/FFmpegExtractor(   89): format_names[10]: dts
07-20 03:29:37.355 V/FFmpegExtractor(   89): format_names[11]: flac
07-20 03:29:37.355 V/FFmpegExtractor(   89): format_names[12]: ac3
07-20 03:29:37.355 V/FFmpegExtractor(   89): format_names[13]: wav
07-20 03:29:37.355 V/FFmpegExtractor(   89): format_names[14]: ogg
07-20 03:29:37.355 V/FFmpegExtractor(   89): format_names[15]: vc1
07-20 03:29:37.355 V/FFmpegExtractor(   89): format_names[16]: hevc
07-20 03:29:37.355 I/FFmpegExtractor(   89): ========================================
07-20 03:29:37.355 I/FFmpegExtractor(   89): adjust mime(application/ogg -> audio/vorbis)
07-20 03:29:37.355 D/FFmpegExtractor(   89): suppoted codec(vorbis) by official Stagefright
07-20 03:29:37.355 D/FFMPEG  (   89): android source close
07-20 03:29:37.355 I/FFmpegExtractor(   89): sniff through BetterSniffFFMPEG success
07-20 03:29:37.355 D/FFmpegExtractor(   89): ffmpeg detected media content as 'audio/vorbis' with confidence 0.08
07-20 03:29:37.355 I/FFMPEG  (   89): Input #0, ogg, from 'android-source:0xf2c245c0':
07-20 03:29:37.355 I/FFMPEG  (   89):   Duration: 00:00:00.19, start: 0.000000, bitrate: 332 kb/s
07-20 03:29:37.355 I/FFMPEG  (   89):     Stream #0:0: Audio: vorbis, 44100 Hz, stereo, fltp, 160 kb/s
07-20 03:29:37.355 I/FFmpegExtractor(   89): FFmpegExtrator, url: android-source:0xf2c245c0, format_name: ogg, format_long_name: Ogg
07-20 03:29:37.355 I/FFmpegExtractor(   89): list the formats suppoted by ffmpeg: 
07-20 03:29:37.355 I/FFmpegExtractor(   89): ========================================
07-20 03:29:37.355 V/FFmpegExtractor(   89): format_names[00]: mpeg
07-20 03:29:37.355 V/FFmpegExtractor(   89): format_names[01]: mpegts
07-20 03:29:37.355 V/FFmpegExtractor(   89): format_names[02]: mov,mp4,m4a,3gp,3g2,mj2
07-20 03:29:37.355 V/FFmpegExtractor(   89): format_names[03]: matroska,webm
07-20 03:29:37.355 V/FFmpegExtractor(   89): format_names[04]: asf
07-20 03:29:37.355 V/FFmpegExtractor(   89): format_names[05]: rm
07-20 03:29:37.355 V/FFmpegExtractor(   89): format_names[06]: flv
07-20 03:29:37.355 V/FFmpegExtractor(   89): format_names[07]: swf
07-20 03:29:37.355 V/FFmpegExtractor(   89): format_names[08]: avi
07-20 03:29:37.355 V/FFmpegExtractor(   89): format_names[09]: ape
07-20 03:29:37.355 V/FFmpegExtractor(   89): format_names[10]: dts
07-20 03:29:37.355 V/FFmpegExtractor(   89): format_names[11]: flac
07-20 03:29:37.355 V/FFmpegExtractor(   89): format_names[12]: ac3
07-20 03:29:37.355 V/FFmpegExtractor(   89): format_names[13]: wav
07-20 03:29:37.355 V/FFmpegExtractor(   89): format_names[14]: ogg
07-20 03:29:37.355 V/FFmpegExtractor(   89): format_names[15]: vc1
07-20 03:29:37.355 V/FFmpegExtractor(   89): format_names[16]: hevc
07-20 03:29:37.355 I/FFmpegExtractor(   89): ========================================
07-20 03:29:37.355 I/FFmpegExtractor(   89): adjust mime(application/ogg -> audio/vorbis)
07-20 03:29:37.355 D/FFmpegExtractor(   89): suppoted codec(vorbis) by official Stagefright
07-20 03:29:37.355 D/FFMPEG  (   89): android source close
07-20 03:29:37.355 I/FFmpegExtractor(   89): sniff through BetterSniffFFMPEG success
07-20 03:29:37.355 D/FFmpegExtractor(   89): ffmpeg detected media content as 'audio/vorbis' with confidence 0.08
07-20 03:29:37.358 D/NuPlayerDriver(   89): start(0xf5c4eca0)
07-20 03:29:37.358 I/GenericSource(   89): start
07-20 03:29:37.359 D/NuPlayerDriver(   89): start(0xf2c2f340)
07-20 03:29:37.359 I/GenericSource(   89): start
07-20 03:29:37.376 D/NuPlayerDriver(   89): reset(0xf2c2f340)
07-20 03:29:37.381 D/NuPlayerDriver(   89): notifyResetComplete(0xf2c2f340)
07-20 03:29:37.387 D/NuPlayerDriver(   89): reset(0xf5c4eca0)
07-20 03:29:37.392 D/NuPlayerDriver(   89): notifyResetComplete(0xf5c4eca0)
07-20 03:29:37.392 V/FFmpegExtractor(   89): SniffFFMPEG
07-20 03:29:37.392 I/FFmpegExtractor(   89): android-source:0xf5d8d380
07-20 03:29:37.392 D/FFMPEG  (   89): android source begin open
07-20 03:29:37.392 D/FFMPEG  (   89): android open, url: android-source:0xf5d8d380
07-20 03:29:37.392 D/FFMPEG  (   89): ffmpeg open android data source success, source ptr: 0xf5d8d380
07-20 03:29:37.392 D/FFMPEG  (   89): android source open success
07-20 03:29:37.394 I/FFMPEG  (   89): Input #0, ogg, from 'android-source:0xf5d8d380':
07-20 03:29:37.394 I/FFMPEG  (   89):   Duration: 00:00:00.11, start: 0.000000, bitrate: 440 kb/s
07-20 03:29:37.394 I/FFMPEG  (   89):     Stream #0:0: Audio: vorbis, 48000 Hz, mono, fltp, 140 kb/s
07-20 03:29:37.394 I/FFmpegExtractor(   89): FFmpegExtrator, url: android-source:0xf5d8d380, format_name: ogg, format_long_name: Ogg
07-20 03:29:37.394 I/FFmpegExtractor(   89): list the formats suppoted by ffmpeg: 
07-20 03:29:37.394 I/FFmpegExtractor(   89): ========================================
07-20 03:29:37.394 V/FFmpegExtractor(   89): format_names[00]: mpeg
07-20 03:29:37.394 V/FFmpegExtractor(   89): format_names[01]: mpegts
07-20 03:29:37.394 V/FFmpegExtractor(   89): format_names[02]: mov,mp4,m4a,3gp,3g2,mj2
07-20 03:29:37.394 V/FFmpegExtractor(   89): format_names[03]: matroska,webm
07-20 03:29:37.394 V/FFmpegExtractor(   89): format_names[04]: asf
07-20 03:29:37.394 V/FFmpegExtractor(   89): format_names[05]: rm
07-20 03:29:37.394 V/FFmpegExtractor(   89): format_names[06]: flv
07-20 03:29:37.394 V/FFmpegExtractor(   89): format_names[07]: swf
07-20 03:29:37.394 V/FFmpegExtractor(   89): format_names[08]: avi
07-20 03:29:37.394 V/FFmpegExtractor(   89): format_names[09]: ape
07-20 03:29:37.394 V/FFmpegExtractor(   89): format_names[10]: dts
07-20 03:29:37.394 V/FFmpegExtractor(   89): format_names[11]: flac
07-20 03:29:37.394 V/FFmpegExtractor(   89): format_names[12]: ac3
07-20 03:29:37.394 V/FFmpegExtractor(   89): format_names[13]: wav
07-20 03:29:37.394 V/FFmpegExtractor(   89): format_names[14]: ogg
07-20 03:29:37.394 V/FFmpegExtractor(   89): format_names[15]: vc1
07-20 03:29:37.394 V/FFmpegExtractor(   89): format_names[16]: hevc
07-20 03:29:37.394 I/FFmpegExtractor(   89): ========================================
07-20 03:29:37.394 I/FFmpegExtractor(   89): adjust mime(application/ogg -> audio/vorbis)
07-20 03:29:37.394 D/FFmpegExtractor(   89): suppoted codec(vorbis) by official Stagefright
07-20 03:29:37.394 D/FFMPEG  (   89): android source close
07-20 03:29:37.394 I/FFmpegExtractor(   89): sniff through BetterSniffFFMPEG success
07-20 03:29:37.394 D/FFmpegExtractor(   89): ffmpeg detected media content as 'audio/vorbis' with confidence 0.08
07-20 03:29:37.395 V/FFmpegExtractor(   89): SniffFFMPEG
07-20 03:29:37.395 I/FFmpegExtractor(   89): android-source:0xf2c24540
07-20 03:29:37.395 D/FFMPEG  (   89): android source begin open
07-20 03:29:37.395 D/FFMPEG  (   89): android open, url: android-source:0xf2c24540
07-20 03:29:37.395 D/FFMPEG  (   89): ffmpeg open android data source success, source ptr: 0xf2c24540
07-20 03:29:37.395 D/FFMPEG  (   89): android source open success
07-20 03:29:37.399 I/FFMPEG  (   89): Input #0, ogg, from 'android-source:0xf2c24540':
07-20 03:29:37.399 I/FFMPEG  (   89):   Duration: 00:00:00.08, start: 0.000000, bitrate: 571 kb/s
07-20 03:29:37.399 I/FFMPEG  (   89):     Stream #0:0: Audio: vorbis, 48000 Hz, stereo, fltp, 160 kb/s
07-20 03:29:37.399 I/FFmpegExtractor(   89): FFmpegExtrator, url: android-source:0xf2c24540, format_name: ogg, format_long_name: Ogg
07-20 03:29:37.399 I/FFmpegExtractor(   89): list the formats suppoted by ffmpeg: 
07-20 03:29:37.399 I/FFmpegExtractor(   89): ========================================
07-20 03:29:37.399 V/FFmpegExtractor(   89): format_names[00]: mpeg
07-20 03:29:37.399 V/FFmpegExtractor(   89): format_names[01]: mpegts
07-20 03:29:37.399 V/FFmpegExtractor(   89): format_names[02]: mov,mp4,m4a,3gp,3g2,mj2
07-20 03:29:37.399 V/FFmpegExtractor(   89): format_names[03]: matroska,webm
07-20 03:29:37.399 V/FFmpegExtractor(   89): format_names[04]: asf
07-20 03:29:37.399 V/FFmpegExtractor(   89): format_names[05]: rm
07-20 03:29:37.399 V/FFmpegExtractor(   89): format_names[06]: flv
07-20 03:29:37.399 V/FFmpegExtractor(   89): format_names[07]: swf
07-20 03:29:37.399 V/FFmpegExtractor(   89): format_names[08]: avi
07-20 03:29:37.399 V/FFmpegExtractor(   89): format_names[09]: ape
07-20 03:29:37.399 V/FFmpegExtractor(   89): format_names[10]: dts
07-20 03:29:37.399 V/FFmpegExtractor(   89): format_names[11]: flac
07-20 03:29:37.399 V/FFmpegExtractor(   89): format_names[12]: ac3
07-20 03:29:37.399 V/FFmpegExtractor(   89): format_names[13]: wav
07-20 03:29:37.399 V/FFmpegExtractor(   89): format_names[14]: ogg
07-20 03:29:37.399 V/FFmpegExtractor(   89): format_names[15]: vc1
07-20 03:29:37.399 V/FFmpegExtractor(   89): format_names[16]: hevc
07-20 03:29:37.399 I/FFmpegExtractor(   89): ========================================
07-20 03:29:37.399 I/FFmpegExtractor(   89): adjust mime(application/ogg -> audio/vorbis)
07-20 03:29:37.399 D/FFmpegExtractor(   89): suppoted codec(vorbis) by official Stagefright
07-20 03:29:37.399 D/FFMPEG  (   89): android source close
07-20 03:29:37.399 I/FFmpegExtractor(   89): sniff through BetterSniffFFMPEG success
07-20 03:29:37.399 D/FFmpegExtractor(   89): ffmpeg detected media content as 'audio/vorbis' with confidence 0.08
07-20 03:29:37.400 D/NuPlayerDriver(   89): start(0xf2c2f1c0)
07-20 03:29:37.400 I/GenericSource(   89): start
07-20 03:29:37.403 D/GpsLocationProvider(  493): GPS properties reloaded, size = 8
07-20 03:29:37.403 E/GpsLocationProvider(  493): no AGPS interface in set_agps_server
07-20 03:29:37.403 E/GpsLocationProvider(  493): no GPS configuration interface in configuraiton_update
07-20 03:29:37.403 D/NuPlayerDriver(   89): start(0xf5c4edc0)
07-20 03:29:37.403 D/GpsLocationProvider(  493): final config = #Thu Jul 20 03:29:37 EDT 2017
07-20 03:29:37.403 D/GpsLocationProvider(  493): SUPL_VER=0x20000
07-20 03:29:37.403 D/GpsLocationProvider(  493): SUPL_HOST=supl.google.com
07-20 03:29:37.403 D/GpsLocationProvider(  493): XTRA_SERVER_3=http\://xtra3.gpsonextra.net/xtra.bin
07-20 03:29:37.403 D/GpsLocationProvider(  493): XTRA_SERVER_1=http\://xtra1.gpsonextra.net/xtra.bin
07-20 03:29:37.403 D/GpsLocationProvider(  493): SUPL_PORT=7276
07-20 03:29:37.403 D/GpsLocationProvider(  493): XTRA_SERVER_2=http\://xtra2.gpsonextra.net/xtra.bin
07-20 03:29:37.403 D/GpsLocationProvider(  493): NTP_SERVER=north-america.pool.ntp.org
07-20 03:29:37.403 D/GpsLocationProvider(  493): SUPL_MODE=1
07-20 03:29:37.403 I/GenericSource(   89): start
07-20 03:29:37.410 E/FlpHardwareProvider(  493): Error hw_get_module 'flp': -2
07-20 03:29:37.410 E/LocationManagerService(  493): FLP HAL not supported
07-20 03:29:37.411 E/ActivityRecognitionHardware(  493): Error hw_get_module: -2
07-20 03:29:37.413 E/LocationManagerService(  493): Hardware Activity-Recognition not supported.
07-20 03:29:37.416 E/GpsLocationProvider(  493): no AGPS interface in set_agps_server
07-20 03:29:37.420 I/CommonTimeManagementService(  493): No common time service detected on this platform.  Common time services will be unavailable.
07-20 03:29:37.422 I/MmsServiceBroker(  493): Delay connecting to MmsService until an API is called
07-20 03:29:37.422 I/InputReader(  493): Reconfiguring input devices.  changes=0x00000020
07-20 03:29:37.422 D/NuPlayerDriver(   89): reset(0xf2c2f1c0)
