07-20 03:29:52.036 I/dex2oat ( 1578): /system/bin/dex2oat --runtime-arg -classpath --runtime-arg  --instruction-set=x86 --instruction-set-features=default --runtime-arg -Xrelocate --boot-image=/system/framework/boot.art --dex-file=/data/data/com.google.android.gms/app_fb/f.apk --oat-fd=40 --oat-location=/data/data/com.google.android.gms/app_fb/f.dex --runtime-arg -Xms64m --runtime-arg -Xmx512m
07-20 03:29:52.051 I/GoogleHttpClient(  977): Falling back to old SSLCertificateSocketFactory
07-20 03:29:52.053 D/WifiService(  493): New client listening to asynchronous messages
07-20 03:29:52.151 I/dex2oat ( 1578): dex2oat took 115.150ms (threads: 4) arena alloc=80KB java alloc=18KB native alloc=1310KB free=6MB
07-20 03:29:52.155 D/libEGL  ( 1519): loaded /system/lib/egl/libEGL_emulation.so
07-20 03:29:52.155 D/libEGL  ( 1519): loaded /system/lib/egl/libGLESv1_CM_emulation.so
07-20 03:29:52.159 D/libEGL  ( 1519): loaded /system/lib/egl/libGLESv2_emulation.so
07-20 03:29:52.162 D/        ( 1519): HostConnection::get() New Host Connection established 0xf3e73700, tid 1536
07-20 03:29:52.196 D/ExtensionsFactory( 1562): No custom extensions.
07-20 03:29:52.222 I/ActivityManager(  493): Start proc 1595:com.android.deskclock/u0a27 for broadcast com.android.deskclock/.AlarmInitReceiver
07-20 03:29:52.250 I/ActivityManager(  493): Start proc 1613:com.android.providers.calendar/u0a1 for content provider com.android.providers.calendar/.CalendarProvider2
07-20 03:29:52.262 W/ResourcesManager( 1613): Asset path '/system/framework/android.test.runner.jar' does not exist or contains no resources.
07-20 03:29:52.353 V/AlarmClock( 1595): AlarmInitReceiver android.intent.action.TIME_SET
07-20 03:29:52.451 I/CalendarProvider2( 1613): Created com.android.providers.calendar.CalendarAlarmManager@23e1c121(com.android.providers.calendar.CalendarProvider2@107d7946)
07-20 03:29:52.467 V/AlarmClock( 1595): AlarmInitReceiver finished
07-20 03:29:52.516 D/SIP     (  825): [SipSharedPreferences] isReceivingCallsEnabled, option not set; use default value, exception: android.provider.Settings$SettingNotFoundException: sip_receive_calls
07-20 03:29:52.516 V/UserPresentBroadcastReceiver( 1110): Recieved ACTION_USER_PRESENT.
07-20 03:29:52.517 D/d       ( 1110): Notifying listener(s): onUserPresent()...
07-20 03:29:52.517 D/c       ( 1110): Starting periodic check for user presence.
07-20 03:29:52.522 D/c       ( 1110): Stoping periodic check for user presence.
07-20 03:29:52.566 I/GLSUser ( 1110): [GLSUser]  extracting token using key:Auth
07-20 03:29:52.592 W/GLSUser ( 1110): [GLSUser] [GLSUser]  Permission for com.google.android.gms to access AndroidCheckInServer will be managed locally.
07-20 03:29:52.595 I/ActivityManager(  493): Start proc 1644:com.android.keychain/1000 for service com.android.keychain/.KeyChainService
07-20 03:29:52.600 I/RecoverySystem(  493): No recovery log file
07-20 03:29:52.628 I/ActivityManager(  493): Start proc 1665:com.android.dialer/u0a4 for broadcast com.android.dialer/.calllog.CallLogReceiver
07-20 03:29:52.632 I/BootReceiver(  493): Copying audit failures to DropBox
07-20 03:29:52.632 I/BootReceiver(  493): Checking for fsck errors
07-20 03:29:52.634 I/BootReceiver(  493): Copying /data/tombstones/tombstone_07 to DropBox (SYSTEM_TOMBSTONE)
07-20 03:29:52.765 D/ExtensionsFactory( 1665): No custom extensions.
07-20 03:29:52.777 V/OtaStartupReceiver(  825): onOtaspChanged: mOtaspMode=3
07-20 03:29:52.799 I/ActivityManager(  493): Start proc 1690:com.android.managedprovisioning/u0a7 for broadcast com.android.managedprovisioning/.BootReminder
07-20 03:29:52.802 I/NotificationStore( 1110): file does not exist: /data/data/com.google.android.gms/files/notification_data.dat
07-20 03:29:52.837 I/ActivityManager(  493): Start proc 1708:com.google.android.videos/u0a78 for service com.google.android.videos/.store.SyncService
07-20 03:29:52.848 I/Fitness ( 1224): create fitness syncadapterService
07-20 03:29:52.849 I/Fitness ( 1224): bind fitness syncadapterService
07-20 03:29:52.869 W/ResourcesManager( 1708): Asset path '/system/framework/com.google.widevine.software.drm.jar' does not exist or contains no resources.
07-20 03:29:52.876 I/art     (  493): Explicit concurrent mark sweep GC freed 15067(1368KB) AllocSpace objects, 36(1302KB) LOS objects, 33% free, 9MB/14MB, paused 526us total 25.947ms
07-20 03:29:53.407 I/GoogleHttpClient( 1519): Falling back to old SSLCertificateSocketFactory
07-20 03:29:53.411 D/ConnectivityManager( 1449): getMobileDataEnabled()+ subId=1
07-20 03:29:53.412 D/PhoneInterfaceManager(  825): [PhoneIntfMgr] getDataEnabled: subId=1 phoneId=0
07-20 03:29:53.412 D/PhoneInterfaceManager(  825): [PhoneIntfMgr] getDataEnabled: subId=1 retVal=true
07-20 03:29:53.412 D/ConnectivityManager( 1449): getMobileDataEnabled()- subId=1 retVal=true
07-20 03:29:53.431 I/ActivityManager(  493): Start proc 1748:com.android.onetimeinitializer/u0a10 for broadcast com.android.onetimeinitializer/.OneTimeInitializerReceiver
07-20 03:29:53.434 I/GLSUser ( 1110): [GLSUser]  extracting token using key:Auth
07-20 03:29:53.438 D/Mms     ( 1449): cancelNotification
07-20 03:29:53.439 I/art     (   93): Explicit concurrent mark sweep GC freed 706(30KB) AllocSpace objects, 0(0B) LOS objects, 91% free, 92KB/1116KB, paused 97us total 7.006ms
07-20 03:29:53.444 I/art     (   93): Explicit concurrent mark sweep GC freed 5(160B) AllocSpace objects, 0(0B) LOS objects, 91% free, 92KB/1116KB, paused 66us total 4.062ms
07-20 03:29:53.444 W/GLSUser ( 1110): [GLSUser] [GLSUser]  Permission for com.google.android.gms to access ac2dm will be managed locally.
07-20 03:29:53.453 I/art     (   93): Explicit concurrent mark sweep GC freed 5(160B) AllocSpace objects, 0(0B) LOS objects, 91% free, 92KB/1116KB, paused 60us total 8.394ms
07-20 03:29:53.459 W/GmsApplication(  977): Using Auth Proxy for data requests.
07-20 03:29:53.464 D/Mms     ( 1449): cancelNotification
07-20 03:29:53.466 I/GoogleHttpClient(  977): Falling back to old SSLCertificateSocketFactory
07-20 03:29:53.467 I/GLSUser (  977): [ ChannelManager ] Attempting to channel bind connection HttpClient.
07-20 03:29:53.471 I/GLSUser (  977): [ ChannelManager ] Skip channel binding on pre-KLP devices.
07-20 03:29:53.482 W/GmsApplication(  977): Using Auth Proxy for data requests.
07-20 03:29:53.484 V/OneTimeInitializerRece( 1748): OneTimeInitializerReceiver.onReceive
07-20 03:29:53.490 I/CalendarProvider2( 1613): Sending notification intent: Intent { act=android.intent.action.PROVIDER_CHANGED dat=content://com.android.calendar }
07-20 03:29:53.490 W/ContentResolver( 1613): Failed to get type for: content://com.android.calendar (Unknown URL content://com.android.calendar)
07-20 03:29:53.495 I/ActivityManager(  493): Start proc 1776:com.android.settings/1000 for broadcast com.android.settings/.sim.SimBootReceiver
07-20 03:29:53.503 I/GLSService( 1110): [AuthCronService] Successfully performed schedueled work for room6272@gmail.com
07-20 03:29:53.605 E/SQLiteLog( 1371): (283) recovered 6 frames from WAL file /data/user/0/com.android.providers.media/databases/internal.db-wal
07-20 03:29:53.732 W/MediaScanner( 1371): Error opening directory '/oem/media/', skipping: No such file or directory.
07-20 03:29:53.738 W/GmsApplication(  977): Using Auth Proxy for data requests.
07-20 03:29:53.743 W/GmsApplication(  977): Using Auth Proxy for data requests.
07-20 03:29:53.745 W/GmsApplication(  977): Using Auth Proxy for data requests.
07-20 03:29:53.823 W/GmsApplication(  977): Using Auth Proxy for data requests.
07-20 03:29:54.119 I/art     (  977): Background sticky concurrent mark sweep GC freed 3682(273KB) AllocSpace objects, 3(48KB) LOS objects, 13% free, 2MB/2MB, paused 645us total 278.543ms
07-20 03:29:54.119 I/art     (  977): WaitForGcToComplete blocked for 114.620ms for cause HeapTrim
07-20 03:29:54.175 I/ActivityManager(  493): Start proc 1801:com.android.voicedialer/u0a14 for broadcast com.android.voicedialer/.VoiceDialerReceiver
07-20 03:29:54.176 I/ActivityManager(  493): Killing 1088:com.google.android.partnersetup/u0a63 (adj 15): empty #17
07-20 03:29:54.317 V/MediaScanner( 1371): pruneDeadThumbnailFiles... android.database.sqlite.SQLiteCursor@27ecce64
07-20 03:29:54.317 V/MediaScanner( 1371): /pruneDeadThumbnailFiles... android.database.sqlite.SQLiteCursor@27ecce64
07-20 03:29:54.320 I/ActivityManager(  493): Killing 1259:com.google.android.gms.ui/u0a60 (adj 15): empty #17
07-20 03:29:54.381 I/ActivityManager(  493): Killing 862:com.android.printspooler/u0a50 (adj 15): empty #17
07-20 03:29:54.415 I/SystemUpdateService(  977): receiver: Intent { act=android.intent.action.BOOT_COMPLETED flg=0x8000010 cmp=com.google.android.gms/.update.SystemUpdateService$Receiver (has extras) }
07-20 03:29:54.418 D/SystemUpdateService(  977): onCreate
07-20 03:29:54.458 D/SystemUpdateService(  977): onStartCommand: intent: Intent { cmp=com.google.android.gms/.update.SystemUpdateService (has extras) }
07-20 03:29:54.459 I/ConfigFetchService(  977): PackageReceiver: Intent { act=android.intent.action.BOOT_COMPLETED flg=0x8000010 cmp=com.google.android.gms/.config.ConfigFetchService$PackageReceiver (has extras) }
07-20 03:29:54.464 I/SystemUpdateService(  977): cancelUpdate (empty URL)
07-20 03:29:54.464 I/SystemUpdateService(  977): active receiver: disabled
07-20 03:29:54.465 I/ConfigFetchService(  977): onStartCommand Intent { act=android.intent.action.BOOT_COMPLETED cmp=com.google.android.gms/.config.ConfigFetchService (has extras) }
07-20 03:29:54.466 I/ConfigFetchService(  977): connected = true
07-20 03:29:54.466 I/ConfigFetchService(  977): self-hosted config:fetch_interval = 43200
07-20 03:29:54.524 W/AudioCapabilities( 1708): Unsupported mime audio/x-ms-wma
07-20 03:29:54.525 W/AudioCapabilities( 1708): Unsupported mime audio/vnd.rn-realaudio
07-20 03:29:54.529 E/Icing   (  977): Not initialized
07-20 03:29:54.541 D/PlayMovies( 1708): TransferService.onCreate:52 creating transfer service
07-20 03:29:54.561 D/SystemUpdateService(  977): onDestroy
07-20 03:29:54.571 D/PlayMovies( 1708): PersistentCache.cleanup:103 Cache is below limit, no need to shrink: [size=0, limit=5242880]
07-20 03:29:54.585 W/AudioCapabilities( 1708): Unsupported mime audio/mpeg-L2
07-20 03:29:54.586 W/AudioCapabilities( 1708): Unsupported mime audio/ac3
07-20 03:29:54.587 W/AudioCapabilities( 1708): Unsupported mime audio/x-ape
07-20 03:29:54.587 W/AudioCapabilities( 1708): Unsupported mime audio/vnd.dts
07-20 03:29:54.588 W/AudioCapabilities( 1708): Unsupported mime audio/x-pcm
07-20 03:29:54.589 W/AudioCapabilities( 1708): Unsupported mime audio/ffmpeg
07-20 03:29:54.591 W/VideoCapabilities( 1708): Unsupported mime video/mpeg2
07-20 03:29:54.594 W/VideoCapabilities( 1708): Unsupported mime video/x-ms-wmv
07-20 03:29:54.596 W/VideoCapabilities( 1708): Unsupported mime video/vnd.rn-realvideo
07-20 03:29:54.597 W/VideoCapabilities( 1708): Unsupported mime video/vc1
07-20 03:29:54.599 W/VideoCapabilities( 1708): Unsupported mime video/x-flv
07-20 03:29:54.603 W/VideoCapabilities( 1708): Unsupported mime video/divx
07-20 03:29:54.604 W/VideoCapabilities( 1708): Unsupported mime video/ffmpeg
07-20 03:29:54.624 E/.AppDataSearchProvider( 1708): Could not connect to AppDataSearchClient for registerCorpora, error 16
07-20 03:29:54.627 I/VideoCapabilities( 1708): Unsupported profile 4 for video/mp4v-es
07-20 03:29:54.635 V/GLSUser ( 1110): [LoginAccountsChangedWakefulBroadcastReceiver] recieved broadcast intent with action: android.intent.action.BOOT_COMPLETED
07-20 03:29:54.640 D/GCM     (  977): COMPAT: Multi user ser=0 current=0
07-20 03:29:54.642 D/PersistentNotificationBroadcastReceiver( 1110): Received intent: Intent { act=android.intent.action.BOOT_COMPLETED flg=0x8000010 cmp=com.google.android.gms/.common.notification.PersistentNotificationBroadcastReceiver (has extras) }
07-20 03:29:54.652 I/ActivityManager(  493): Start proc 1852:com.google.android.onetimeinitializer/u0a62 for broadcast com.google.android.onetimeinitializer/.OneTimeInitializerReceiver
07-20 03:29:54.653 D/GCM     ( 1110): GcmService start Intent { act=android.intent.action.BOOT_COMPLETED flg=0x8000010 cmp=com.google.android.gms/.gcm.GcmService (has extras) } android.intent.action.BOOT_COMPLETED
07-20 03:29:54.656 V/AuthZen (  977): Handling intent: android.intent.action.BOOT_COMPLETED
07-20 03:29:54.660 V/AuthZen (  977): [DefaultAuthzenGcmReceiverDelegateService] Handling delegate intent.
07-20 03:29:54.698 I/AuthZen (  977): Fetching signing key...
07-20 03:29:54.735 V/OneTimeInitializerReceiver( 1852): OneTimeInitializerReceiver.onReceive
07-20 03:29:54.737 V/OneTimeService( 1852): OneTimeService.onHandleIntent
07-20 03:29:54.756 I/AuthZen (  977): Signing key fetched successfuly!
07-20 03:29:54.756 I/ActivityManager(  493): Start proc 1877:com.google.android.partnersetup/u0a63 for broadcast com.google.android.partnersetup/.GooglePartnerSetup
07-20 03:29:54.757 I/ActivityManager(  493): Killing 943:com.google.android.googlequicksearchbox:search/u0a66 (adj 15): empty #17
07-20 03:29:54.777 D/WifiService(  493): Client connection lost with reason: 4
07-20 03:29:54.791 W/art     (  493): Long monitor contention event with owner method=void com.android.server.accounts.AccountManagerService.setUserdataInternal(com.android.server.accounts.AccountManagerService$UserAccounts, android.accounts.Account, java.lang.String, java.lang.String) from AccountManagerService.java:1486 waiters=1 for 158ms
07-20 03:29:54.794 I/GCoreUlr(  977): Starting service, intent=Intent { act=com.google.android.location.reporting.ACTION_UPDATE_WORLD cmp=com.google.android.gms/com.google.android.location.reporting.service.DispatchingService (has extras) }, extras=Bundle[{receiverAction=android.intent.action.BOOT_COMPLETED}]
07-20 03:29:54.794 I/AuthZen (  977): No encryption key found or existing keys are expired for account room6272@gmail.com
07-20 03:29:54.813 W/GmsApplication(  977): Using Auth Proxy for data requests.
07-20 03:29:54.813 I/AuthZen (  977): Starting Enrollment...
07-20 03:29:54.817 I/GoogleHttpClient(  977): Falling back to old SSLCertificateSocketFactory
07-20 03:29:54.817 I/GLSUser (  977): [ ChannelManager ] Attempting to channel bind connection HttpClient.
07-20 03:29:54.818 I/GLSUser (  977): [ ChannelManager ] Skip channel binding on pre-KLP devices.
07-20 03:29:54.830 I/art     (  493): Explicit concurrent mark sweep GC freed 26190(1526KB) AllocSpace objects, 17(825KB) LOS objects, 33% free, 9MB/14MB, paused 1.032ms total 31.228ms
07-20 03:29:54.840 I/ActivityManager(  493): Start proc 1910:com.android.vending/u0a64 for broadcast com.android.vending/com.google.android.finsky.receivers.BootCompletedReceiver
07-20 03:29:54.843 I/GCoreUlr( 1224): WorldUpdater received intent Intent { act=com.google.android.location.reporting.ACTION_UPDATE_WORLD cmp=com.google.android.gms/com.google.android.location.reporting.service.DispatchingService (has extras) } with receiverAction android.intent.action.BOOT_COMPLETED
07-20 03:29:54.857 D/        ( 1519): HostConnection::get() New Host Connection established 0xde53c6a0, tid 1538
07-20 03:29:54.858 W/ActivityThread(  977): ClassLoader.loadClass: The class loader returned by Thread.getContextClassLoader() may fail for processes that host multiple applications. You should explicitly specify a context class loader. For example: Thread.setContextClassLoader(getClass().getClassLoader());
07-20 03:29:54.924 I/CheckinTask(  977): Sending checkin request (10513 bytes)
07-20 03:29:55.007 I/PeopleSync(  977): onPerformSync() [99e94f5f]
07-20 03:29:55.031 I/RlzPingService( 1877): Setting next ping for 1501140595030
07-20 03:29:55.062 I/GLSUser ( 1110): [GLSUser]  extracting token using key:Auth
07-20 03:29:55.110 I/GCoreUlr( 1224): No GCM registration ID
07-20 03:29:55.127 W/GLSUser ( 1110): [GLSUser] [GLSUser]  Permission for com.google.android.videos to access oauth2:https://www.googleapis.com/auth/android_video https://www.googleapis.com/auth/youtube https://www.googleapis.com/auth/pos will be managed locally.
07-20 03:29:55.199 I/PlayMovies( 1708): SyncService.syncAllPurchasesAndWishlist:151 Starting sync for 38720BB8E75573A7634D4D9E1CB4A57FD6CCF524
07-20 03:29:55.210 I/GLSUser (  977): [GLSUser]  extracting token using key:Auth
07-20 03:29:55.235 W/GLSUser (  977): [GLSUser] [GLSUser]  Permission for com.google.android.gms to access oauth2:https://www.googleapis.com/auth/cryptauth will be managed locally.
07-20 03:29:55.348 I/GCoreUlr( 1224): Ensuring that reporting is stopped because of reasons: {account#7#=[InactiveReason{mVersionCode=0, mIdentifier=2, mName='DeferringToGmm'}]}
07-20 03:29:55.350 D/GCoreFlp( 1224): Unknown pending intent to remove.
07-20 03:29:55.352 I/GCoreUlr( 1224): Unbound from all location providers
07-20 03:29:55.352 I/BleScanCompatLib( 1224): Scan : No clients left, canceling alarm.
07-20 03:29:55.424 D/AuthZen (  977): Starting authzen enrollment
07-20 03:29:55.426 I/ActivityManager(  493): Killing 1334:com.google.android.music:main/u0a74 (adj 15): empty #17
07-20 03:29:55.496 D/Finsky  ( 1910): [1] FinskyApp.onCreate: Initializing network with DFE https://android.clients.google.com/fdfe/
07-20 03:29:55.526 I/CheckinResponseProcessor(  977): From server: 161 gservices updates and 26 deletes
07-20 03:29:55.599 I/PeopleDatabaseHelper(  977): cleanUpNonGplusAccounts done.
07-20 03:29:55.609 W/GCM-DMM ( 1110): Force release of GOOGLE_C2DM lock
07-20 03:29:55.763 D/Finsky  ( 1910): [1] DailyHygiene.goMakeHygieneIfDirty: Dirty, need more hygiene.
07-20 03:29:55.765 I/GLSUser ( 1110): [GLSUser]  extracting token using key:Auth
07-20 03:29:55.844 W/GLSUser ( 1110): [GLSUser] [GLSUser]  Permission for com.google.android.gms to access ac2dm will be managed locally.
07-20 03:29:55.863 W/Settings( 1910): Setting download_manager_max_bytes_over_mobile has moved from android.provider.Settings.Secure to android.provider.Settings.Global.
07-20 03:29:55.864 W/Settings( 1910): Setting download_manager_recommended_max_bytes_over_mobile has moved from android.provider.Settings.Secure to android.provider.Settings.Global.
07-20 03:29:55.963 I/PeopleSync(  977): Setting subscription: result=true [99e94f5f]
07-20 03:29:55.970 I/GLSService( 1110): [AuthCronService] Successfully performed schedueled work for room6272@gmail.com
07-20 03:29:55.973 I/PeopleSync(  977): Starting sync, feed=null [99e94f5f]
07-20 03:29:55.997 W/GmsApplication(  977): Using Auth Proxy for data requests.
07-20 03:29:55.998 W/GmsApplication(  977): Using Auth Proxy for data requests.
07-20 03:29:56.003 W/GmsApplication(  977): Using Auth Proxy for data requests.
07-20 03:29:56.003 I/PeopleSync(  977): Sync start: cannotHavePeople=true isPageExistenceCheckOnly=false
07-20 03:29:56.004 D/Volley  ( 1910): [198] DiskBasedCache.clear: Cache cleared.
07-20 03:29:56.007 D/Volley  ( 1910): [202] DiskBasedCache.clear: Cache cleared.
07-20 03:29:56.032 I/ActivityManager(  493): Start proc 1959:com.google.android.googlequicksearchbox:search/u0a66 for broadcast com.google.android.googlequicksearchbox/com.google.android.search.core.StartUpReceiver
07-20 03:29:56.032 I/ActivityManager(  493): Killing 906:android.process.acore/u0a2 (adj 15): empty #17
07-20 03:29:56.072 D/Finsky  ( 1910): [1] 2.run: Loaded library for account: [OHILuOdVc6djTU2eHLSlf9bM9SQ]
07-20 03:29:56.072 D/Finsky  ( 1910): [1] 2.run: Finished loading 1 libraries.
07-20 03:29:56.231 I/GLSUser ( 1110): [GLSUser]  extracting token using key:Auth
07-20 03:29:56.242 I/PlayMovies( 1708): SyncService.waitForCompletion:177 Sync completed for 38720BB8E75573A7634D4D9E1CB4A57FD6CCF524 purchases
07-20 03:29:56.252 W/GLSUser ( 1110): [GLSUser] [GLSUser]  Permission for com.google.android.gms to access oauth2:https://www.googleapis.com/auth/plus.circles.read https://www.googleapis.com/auth/plus.circles.write https://www.googleapis.com/auth/plus.media.upload https://www.googleapis.com/auth/plus.pages.manage https://www.googleapis.com/auth/plus.me https://www.googleapis.com/auth/plus.profiles.read https://www.googleapis.com/auth/plus.profiles.write https://www.googleapis.com/auth/plus.stream.read https://www.googleapis.com/auth/plus.peopleapi.readwrite https://www.googleapis.com/auth/plus.applications.manage https://www.googleapis.com/auth/plus.settings will be managed locally.
07-20 03:29:56.473 I/AuthZen (  977): Enrollment phase1 complete.
07-20 03:29:56.475 D/AuthZen (  977): Adding new credential
07-20 03:29:56.475 D/AuthZen (  977): Encryption key data:  Account: room6272@gmail.comCreation Time: 1500535796475Expiration Time: 1500535916475
07-20 03:29:56.487 I/PlayMovies( 1708): SyncService.waitForCompletion:177 Sync completed for 38720BB8E75573A7634D4D9E1CB4A57FD6CCF524 wishlist
07-20 03:29:56.497 I/ActivityManager(  493): Start proc 1989:com.google.android.syncadapters.calendar/u0a70 for service com.google.android.syncadapters.calendar/.CalendarSyncAdapterService
07-20 03:29:56.544 D/WifiService(  493): New client listening to asynchronous messages
07-20 03:29:56.546 I/Velvet.VelvetFactory( 1959): refreshing internal icing corpora
07-20 03:29:56.546 I/Velvet.VelvetFactory( 1959): checking for language pack updates
07-20 03:29:56.553 I/ActivityManager(  493): Killing 1562:com.android.calendar/u0a21 (adj 15): empty #17
07-20 03:29:56.607 I/MediaRouter( 1959): Found default route: MediaRouter.RouteInfo{ uniqueId=android/mo:DEFAULT_ROUTE, name=Phone, description=null, enabled=true, connecting=false, playbackType=0, playbackStream=3, volumeHandling=1, volume=11, volumeMax=15, presentationDisplayId=-1, extras=null, providerPackageName=android }
07-20 03:29:56.610 I/ContactAccountLoggerTas( 1959): canRun() : Opted Out
07-20 03:29:56.614 I/FavoriteContactNamesSup( 1959): get() : Execute runnable (UI thread)
07-20 03:29:56.615 I/ContactLabelSupplier( 1959): get() : Execute runnable (UI thread)
07-20 03:29:56.615 I/ContactLabelSupplier( 1959): get() : OptedIn = false
07-20 03:29:56.617 D/Finsky  ( 1910): [1] GmsCoreHelper.cleanupNlp: result=false type=4
07-20 03:29:56.628 I/ActivityManager(  493): Start proc 2013:android.process.acore/u0a2 for content provider com.android.providers.contacts/.ContactsProvider2
07-20 03:29:56.654 W/art     ( 1910): Suspending all threads took: 18.844ms
07-20 03:29:56.659 I/Velvet.VelvetFactory( 1959): refreshing search history.
07-20 03:29:56.672 I/ActivityManager(  493): Start proc 2037:com.android.calendar/u0a21 for broadcast com.android.calendar/.alerts.AlertReceiver
07-20 03:29:56.677 W/LocationOracleImpl( 1959): Best location was null
07-20 03:29:56.686 I/ContactLocale( 2013): AddressBook Labels [en-US]: [, A, B, C, D, E, F, G, H, I, J, K, L, M, N, O, P, Q, R, S, T, U, V, W, X, Y, Z, , , , , , , , , , , , , , , , , , , , , , , , , , , , , , , , , , , , , , , , , , , , , , , , , , , , , , , , , , , , , , , , , , , , , , , , , , , , , , , , , , , , , , , , , , , , , , , , , , , , , , , , , , , , , , , , , , , , , , , , , , , , , , , , , , , , , , , , , , , , , , , , , , , , , , , , , , , , , , , , , , , , , , , , , , , , , , , , , , , , , , , , , , , , #, ]
07-20 03:29:56.693 D/ExtensionsFactory( 2037): No custom extensions.
07-20 03:29:56.703 I/ContactAccountLoggerTas( 1959): canRun() : Opted Out
07-20 03:29:56.704 I/Search.GservicesUpdateTask( 1959): Updating Gservices keys
07-20 03:29:56.714 I/GStaticConfiguration( 1959): #getNewConfigurationUrl [pref=2016_11_17_20_35_53, gservice=2017_04_03_15_41_57
07-20 03:29:56.737 D/Finsky  ( 1910): [1] RestoreTracker.stopServiceIfDone: Restore complete with 0 success and 0 failed.
07-20 03:29:56.739 I/ActivityManager(  493): Killing 1595:com.android.deskclock/u0a27 (adj 15): empty #17
07-20 03:29:56.742 I/AuthZen (  977): Successfully generated encryption key.
07-20 03:29:56.745 E/BluetoothAdapter(  977): Bluetooth binder is null
07-20 03:29:56.745 E/BluetoothAdapter(  977): Bluetooth binder is null
07-20 03:29:56.758 W/AbstractGoogleClient( 1989): Application name is not set. Call Builder#setApplicationName.
07-20 03:29:56.758 I/CertBlacklister(  493): Certificate blacklist changed, updating...
07-20 03:29:56.771 D/c       (  977): Getting permits under account: room6272@gmail.com...
07-20 03:29:56.771 D/a       (  977): Opening database...
07-20 03:29:56.788 D/a       (  977): Opening database auth.proximity.permit_store...
07-20 03:29:56.789 D/a       (  977): Closing database...
07-20 03:29:56.793 I/GservicesProvider( 1110): main difference update completed
07-20 03:29:56.807 I/art     (  493): Explicit concurrent mark sweep GC freed 22630(1444KB) AllocSpace objects, 14(474KB) LOS objects, 33% free, 9MB/14MB, paused 446us total 23.215ms
07-20 03:29:56.831 D/AlertReceiver( 2037): onReceive: a=android.intent.action.BOOT_COMPLETED Intent { act=android.intent.action.BOOT_COMPLETED flg=0x8000010 cmp=com.android.calendar/.alerts.AlertReceiver (has extras) }
07-20 03:29:56.837 I/WebViewFactory( 1959): Loading com.android.webview version 39 (eng.genymotion-x86) (code 399997)
07-20 03:29:56.852 I/ActivityManager(  493): Start proc 2073:com.android.deskclock/u0a27 for broadcast com.android.deskclock/.AlarmInitReceiver
07-20 03:29:56.870 V/AlarmClock( 2073): AlarmInitReceiver android.intent.action.BOOT_COMPLETED
07-20 03:29:56.875 I/CheckinTask(  977): Checkin success: https://android.clients.google.com/checkin (1 requests sent)
07-20 03:29:56.879 I/CheckinService(  977): active receiver: disabled
07-20 03:29:56.904 I/CertBlacklister(  493): Certificate blacklist updated
07-20 03:29:56.904 D/AlertUtils( 2037): Flushing old alerts from shared prefs table
07-20 03:29:56.945 V/AlarmClock( 2073): AlarmInitReceiver - Reset timers and clear stopwatch data
07-20 03:29:56.955 D/AlertService( 2037): 0 Action = android.intent.action.BOOT_COMPLETED
07-20 03:29:56.956 D/AlertService( 2037): Scheduling next alarm with AlarmScheduler. sEventReminderReceived: null
07-20 03:29:56.962 D/AlarmScheduler( 2037): No events found starting within 1 week.
07-20 03:29:56.985 I/CheckinService(  977): active receiver: disabled
07-20 03:29:57.092 V/AlarmClock( 2073): AlarmInitReceiver finished
07-20 03:29:57.106 I/ActivityManager(  493): Start proc 2098:com.android.email/u0a31 for broadcast com.android.email/.service.EmailBroadcastReceiver
07-20 03:29:57.112 I/art     (   93): Explicit concurrent mark sweep GC freed 706(30KB) AllocSpace objects, 0(0B) LOS objects, 91% free, 92KB/1116KB, paused 81us total 5.260ms
07-20 03:29:57.117 I/art     (   93): Explicit concurrent mark sweep GC freed 5(160B) AllocSpace objects, 0(0B) LOS objects, 91% free, 92KB/1116KB, paused 54us total 3.632ms
07-20 03:29:57.121 I/art     (   93): Explicit concurrent mark sweep GC freed 5(160B) AllocSpace objects, 0(0B) LOS objects, 91% free, 92KB/1116KB, paused 54us total 3.662ms
07-20 03:29:58.351 I/ContactAccountLoggerTas( 1959): canRun() : Opted Out
07-20 03:29:58.353 I/ContactAccountLoggerTas( 1959): canRun() : Opted Out
07-20 03:29:58.354 I/UpdateIcingCorporaServi( 1959): Updating corpora: APPS=MAYBE, CONTACTS=MAYBE
07-20 03:29:58.354 I/UpdateLanguagePacksTask( 1959): Checking for language pack updates.
07-20 03:29:58.355 I/ContactAccountLoggerTas( 1959): canRun() : Opted Out
07-20 03:29:58.355 I/ContactAccountLoggerTas( 1959): canRun() : Opted Out
07-20 03:29:58.355 I/ContactAccountLoggerTas( 1959): canRun() : Opted Out
07-20 03:29:58.358 W/GAV2    ( 1959): Thread[Background Non-Blocking-0,5,main]: Need to call initialize() and be in fallback mode to start dispatch.
07-20 03:29:58.358 W/GAV2    ( 1959): Thread[Background Non-Blocking-0,5,main]: dispatch call queued.  Need to call GAServiceManager.getInstance().initialize().
07-20 03:29:58.358 I/ContactAccountLoggerTas( 1959): canRun() : Opted Out
07-20 03:29:58.362 E/Icing   (  977): Not initialized
07-20 03:29:58.363 E/.AppDataSearchProvider( 1959): Could not connect to AppDataSearchClient for registerCorpora, error 16
07-20 03:29:58.363 W/IcingCorporaProvider( 1959): Corpora registration failed
07-20 03:29:58.441 W/ResourcesManager( 1959): Asset path '/system/framework/com.google.android.media.effects.jar' does not exist or contains no resources.
07-20 03:29:58.494 E/Icing   (  977): Not initialized
07-20 03:29:58.494 E/.AppDataSearchProvider( 1959): Could not connect to AppDataSearchClient for registerCorpora, error 16
07-20 03:29:58.494 W/IcingCorporaProvider( 1959): Corpora registration failed
07-20 03:29:58.595 I/ContactAccountLoggerTas( 1959): canRun() : Opted Out
07-20 03:29:58.595 I/ContactAccountLoggerTas( 1959): canRun() : Opted Out
07-20 03:29:58.663 W/art     ( 1110): Long monitor contention event with owner method=void android.database.sqlite.SQLiteConnection.nativeExecute(long, long) from SQLiteConnection.java:4294967294 waiters=0 for 1.099s
07-20 03:29:58.665 I/AuthZen (  977): Enrollment phase2 complete.
07-20 03:29:58.667 I/AuthZen (  977): Increasing encryption key's expiration time to 1503214198665
07-20 03:29:58.668 D/AuthZen (  977): Updating keys for account room6272@gmail.com created at 1500535796475 with new expiary: 1503214198665
07-20 03:29:58.723 I/LibraryLoader( 1959): Time to load native libraries: 1663 ms (timestamps 9903-1566)
07-20 03:29:58.723 I/LibraryLoader( 1959): Expected native library version number "",actual native library version number ""
07-20 03:29:58.772 W/art     ( 1959): Attempt to remove local handle scope entry from IRT, ignoring
07-20 03:29:58.797 W/art     (  493): Long monitor contention event with owner method=void com.android.server.accounts.AccountManagerService.invalidateAuthToken(java.lang.String, java.lang.String) from AccountManagerService.java:1275 waiters=0 for 196ms
07-20 03:29:58.914 I/AuthZen (  977): Enrollment successful!
07-20 03:29:58.914 I/AuthZen (  977): Key:  Handle: 2 Account: room6272@gmail.comCreation Time: 1500535796475Expiration Time: 1500535916475
07-20 03:29:59.045 W/art     (  493): Long monitor contention event with owner method=void com.android.server.accounts.AccountManagerService.invalidateAuthToken(java.lang.String, java.lang.String) from AccountManagerService.java:1275 waiters=0 for 246ms
07-20 03:29:59.048 I/ContactLoggerTask( 1959): canRun() : Disabled
07-20 03:29:59.048 I/UpdateIcingCorporaServi( 1959): UpdateCorporaTask done [took 693 ms] updated apps [took 135 ms] updated contacts [took 558 ms]
07-20 03:29:59.119 I/ActivityManager(  493): Start proc 2133:com.android.exchange/u0a32 for service com.android.exchange/.service.EasService
07-20 03:29:59.134 D/ActivityThread( 2098): Loading provider com.android.email.provider;com.android.email.notifier: com.android.email.provider.EmailProvider
07-20 03:29:59.136 D/ActivityThread( 2098): Loading provider com.android.email.provider;com.android.email.notifier: com.android.email.provider.EmailProvider
07-20 03:29:59.137 D/ActivityThread( 2098): Loading provider com.android.email.provider;com.android.email.notifier: com.android.email.provider.EmailProvider
07-20 03:29:59.174 D/ActivityThread( 2098): Loading provider com.android.email.provider;com.android.email.notifier: com.android.email.provider.EmailProvider
07-20 03:29:59.234 I/ContactAccountLoggerTas( 1959): canRun() : Opted Out
07-20 03:29:59.384 I/GLSUser ( 1110): [GLSUser]  extracting token using key:Auth
07-20 03:29:59.420 I/GLSUser ( 1110): [GLSUser]  extracting token using key:Auth
07-20 03:29:59.442 E/Volley  (  977): [94] a.a: Unexpected response code 410 for https://www.googleapis.com/plus/v2whitelisted/people/me/people/all?prettyPrint=true&fields=items(etag,id,names,nicknames,images,urls,sortKeys,taglines,emails,phoneNumbers,addresses,metadata,memberships),nextPageToken,nextSyncToken&includeAffinity=gplusAutocomplete&includeAffinity=chatAutocomplete&includeAffinity=emailAutocomplete&includeOthers=true&maxResults=100&orderBy=modified&syncToken=CJ-ouZiLKxIBMRiPEyoCCAE
07-20 03:29:59.442 I/PeopleSync(  977): Sync Token out of date, syncing all people/gaia-map
07-20 03:29:59.527 I/SystemBroadcastReceiver(  678): Boot has been completed
07-20 03:29:59.528 I/LauncherIconVisibilityManager(  678): Activity has already been disabled: ComponentInfo{com.android.inputmethod.latin/com.android.inputmethod.latin.setup.SetupActivity}
07-20 03:29:59.539 W/GLSUser ( 1110): [GLSUser] [GLSUser]  Permission for com.google.android.googlequicksearchbox to access oauth2:https://www.googleapis.com/auth/googlenow will be managed locally.
07-20 03:29:59.559 I/ActivityManager(  493): Start proc 2161:com.genymotion.superuser/u0a54 for broadcast com.genymotion.superuser/com.koushikdutta.superuser.SuCheckerReceiver
07-20 03:29:59.562 W/GLSUser ( 1110): [GLSUser] [GLSUser]  Permission for com.google.android.syncadapters.calendar to access oauth2:https://www.googleapis.com/auth/calendar will be managed locally.
07-20 03:29:59.666 I/Superuser( 2161): Result: 16 com.genymotion.superuser
07-20 03:29:59.671 I/ActivityManager(  493): Start proc 2183:com.google.android.configupdater/u0a68 for broadcast com.google.android.configupdater/.CertPin.CertPinUpdateRequestReceiver
07-20 03:29:59.672 I/ActivityManager(  493): Killing 1644:com.android.keychain/1000 (adj 15): empty #17
07-20 03:29:59.708 W/art     ( 2098): Long monitor contention event with owner method=void android.database.sqlite.SQLiteOpenHelper.<init>(android.content.Context, java.lang.String, android.database.sqlite.SQLiteDatabase$CursorFactory, int, android.database.DatabaseErrorHandler) from SQLiteOpenHelper.java:106 waiters=1 for 327ms
07-20 03:29:59.709 W/ActivityManager(  493): Unable to start service Intent { cmp=com.android.email/.service.AttachmentService } U=0: not found
07-20 03:29:59.709 W/ActivityManager(  493): Unable to start service Intent { cmp=com.android.email/.service.AttachmentService } U=0: not found
07-20 03:29:59.782 W/ActivityManager(  493): Unable to start service Intent { cmp=com.android.email/.service.AttachmentService } U=0: not found
07-20 03:29:59.783 W/ActivityManager(  493): Unable to start service Intent { cmp=com.android.email/.service.AttachmentService } U=0: not found
07-20 03:29:59.784 I/Email   ( 2098): Observing account changes for notifications
07-20 03:29:59.786 W/ActivityManager(  493): Unable to start service Intent { cmp=com.android.email/.service.AttachmentService } U=0: not found
07-20 03:29:59.786 W/art     ( 2098): Long monitor contention event with owner method=boolean android.os.BinderProxy.transactNative(int, android.os.Parcel, android.os.Parcel, int) from Binder.java:4294967294 waiters=0 for 626ms
07-20 03:29:59.851 I/Exchange( 2133): EasService.onCreate
07-20 03:29:59.860 W/ActivityManager(  493): Unable to start service Intent { cmp=com.android.email/.service.AttachmentService } U=0: not found
07-20 03:29:59.894 W/art     (  493): Long monitor contention event with owner method=void com.android.server.accounts.AccountManagerService.invalidateAuthToken(java.lang.String, java.lang.String) from AccountManagerService.java:1275 waiters=0 for 187ms
07-20 03:29:59.900 W/art     ( 2098): Long monitor contention event with owner method=boolean android.os.BinderProxy.transactNative(int, android.os.Parcel, android.os.Parcel, int) from Binder.java:4294967294 waiters=1 for 371ms
07-20 03:29:59.907 E/ActivityThread( 2098): Service com.android.email.service.EmailBroadcastProcessorService has leaked ServiceConnection com.android.emailcommon.service.ServiceProxy$ProxyConnection@329f05e8 that was originally bound here
07-20 03:29:59.907 E/ActivityThread( 2098): android.app.ServiceConnectionLeaked: Service com.android.email.service.EmailBroadcastProcessorService has leaked ServiceConnection com.android.emailcommon.service.ServiceProxy$ProxyConnection@329f05e8 that was originally bound here
07-20 03:29:59.907 E/ActivityThread( 2098): 	at android.app.LoadedApk$ServiceDispatcher.<init>(LoadedApk.java:1077)
07-20 03:29:59.907 E/ActivityThread( 2098): 	at android.app.LoadedApk.getServiceDispatcher(LoadedApk.java:971)
07-20 03:29:59.907 E/ActivityThread( 2098): 	at android.app.ContextImpl.bindServiceCommon(ContextImpl.java:1782)
07-20 03:29:59.907 E/ActivityThread( 2098): 	at android.app.ContextImpl.bindService(ContextImpl.java:1765)
07-20 03:29:59.907 E/ActivityThread( 2098): 	at android.content.ContextWrapper.bindService(ContextWrapper.java:539)
07-20 03:29:59.907 E/ActivityThread( 2098): 	at com.android.emailcommon.service.ServiceProxy.setTask(ServiceProxy.java:181)
07-20 03:29:59.907 E/ActivityThread( 2098): 	at com.android.emailcommon.service.ServiceProxy.test(ServiceProxy.java:224)
07-20 03:29:59.907 E/ActivityThread( 2098): 	at com.android.email.service.EmailServiceUtils.isServiceAvailable(EmailServiceUtils.java:160)
07-20 03:29:59.907 E/ActivityThread( 2098): 	at com.android.email.provider.AccountReconciler.reconcileAccountsInternal(AccountReconciler.java:171)
07-20 03:29:59.907 E/ActivityThread( 2098): 	at com.android.email.provider.AccountReconciler.reconcileAccounts(AccountReconciler.java:115)
07-20 03:29:59.907 E/ActivityThread( 2098): 	at com.android.email.service.EmailBroadcastProcessorService.reconcileAndStartServices(EmailBroadcastProcessorService.java:305)
07-20 03:29:59.907 E/ActivityThread( 2098): 	at com.android.email.service.EmailBroadcastProcessorService.onBootCompleted(EmailBroadcastProcessorService.java:295)
07-20 03:29:59.907 E/ActivityThread( 2098): 	at com.android.email.service.EmailBroadcastProcessorService.onHandleIntent(EmailBroadcastProcessorService.java:130)
07-20 03:29:59.907 E/ActivityThread( 2098): 	at android.app.IntentService$ServiceHandler.handleMessage(IntentService.java:65)
07-20 03:29:59.907 E/ActivityThread( 2098): 	at android.os.Handler.dispatchMessage(Handler.java:102)
07-20 03:29:59.907 E/ActivityThread( 2098): 	at android.os.Looper.loop(Looper.java:135)
07-20 03:29:59.907 E/ActivityThread( 2098): 	at android.os.HandlerThread.run(HandlerThread.java:61)
07-20 03:29:59.957 I/Exchange( 2133): RestartPingTask
07-20 03:29:59.961 I/ActivityManager(  493): Killing 1665:com.android.dialer/u0a4 (adj 15): empty #17
07-20 03:29:59.969 E/UpdateRequestReceiver( 2183): ignoring update request
07-20 03:29:59.980 I/Exchange( 2133): RestartPingsTask did not start any pings.
07-20 03:29:59.980 I/Exchange( 2133): PSS stopIfIdle
07-20 03:29:59.980 I/Exchange( 2133): PSS has no active accounts; stopping service.
07-20 03:29:59.984 E/UpdateRequestReceiver( 2183): ignoring update request
07-20 03:29:59.984 I/ActivityManager(  493): Killing 1690:com.android.managedprovisioning/u0a7 (adj 15): empty #17
07-20 03:30:00.000 I/Exchange( 2133): onDestroy
07-20 03:30:00.001 E/UpdateRequestReceiver( 2183): ignoring update request
07-20 03:30:00.004 E/UpdateRequestReceiver( 2183): ignoring update request
07-20 03:30:00.011 E/UpdateRequestReceiver( 2183): ignoring update request
07-20 03:30:00.018 E/UpdateRequestReceiver( 2183): ignoring update request
07-20 03:30:00.043 I/ActivityManager(  493): Start proc 2222:com.google.android.gm/u0a69 for broadcast com.google.android.gm/.GoogleMailDeviceStartupReceiver
07-20 03:30:00.043 I/ActivityManager(  493): Killing 1371:android.process.media/u0a5 (adj 15): empty #17
07-20 03:30:00.075 I/GLSUser ( 1110): [GLSUser]  extracting token using key:Auth
07-20 03:30:00.079 W/GLSUser ( 1110): [GLSUser] [GLSUser]  Permission for com.google.android.googlequicksearchbox to access oauth2:https://www.googleapis.com/auth/googlenow will be managed locally.
07-20 03:30:00.326 I/ContactAccountLoggerTas( 1959): canRun() : Opted Out
07-20 03:30:00.441 D/CalendarSyncAdapter( 1989): Found 0 events marked dirty & lastSynced
07-20 03:30:00.447 I/ActivityManager(  493): Killing 1486:com.google.android.apps.plus/u0a76 (adj 15): empty #17
07-20 03:30:00.480 I/ActivityManager(  493): Killing 1449:com.android.mms/u0a8 (adj 15): empty #17
07-20 03:30:00.505 D/CountryDetector(  493): No listener is left
07-20 03:30:00.514 I/ActivityManager(  493): Killing 1748:com.android.onetimeinitializer/u0a10 (adj 15): empty #17
07-20 03:30:00.561 I/art     (  493): Explicit concurrent mark sweep GC freed 18907(1186KB) AllocSpace objects, 16(594KB) LOS objects, 33% free, 9MB/14MB, paused 382us total 16.941ms
07-20 03:30:00.578 I/Gmail   ( 2222): getAccountsCursor
07-20 03:30:00.579 I/GoogleHttpClient(  977): Falling back to old SSLCertificateSocketFactory
07-20 03:30:00.579 D/ActivityThread( 2222): Loading provider com.google.android.gmail.provider;com.android.mail.notifier;com.google.android.gm.email.provider;com.google.android.gm.email.notifier: com.android.email.provider.EmailProvider
07-20 03:30:00.597 I/PeopleSync(  977): Sync finished, successful=true, took 4591ms
07-20 03:30:00.705 I/PeopleSync(  977): ***Sync finished***, duration: 5695 [99e94f5f]
07-20 03:30:00.751 W/ActivityManager(  493): Unable to start service Intent { act=com.google.android.gm.email.EXCHANGE_INTENT pkg=com.google.android.gm.exchange } U=0: not found
07-20 03:30:00.751 W/ActivityManager(  493): Unable to start service Intent { act=com.google.android.gm.email.EXCHANGE_INTENT pkg=com.google.android.gm.exchange } U=0: not found
07-20 03:30:00.843 W/GAV2    ( 2222): Thread[main,5,main]: Need to call initialize() and be in fallback mode to start dispatch.
07-20 03:30:00.891 W/DefaultRequestDirector( 1110): Authentication error: Unable to respond to any of these challenges: {googlelogin=WWW-Authenticate: GoogleLogin realm="http://www.google.com/accounts/ClientLogin", service=""}
07-20 03:30:00.891 W/ConfigFetchTask(  977): bad response from server: 401 Unauthorized
07-20 03:30:00.892 I/ConfigFetchService(  977): launchTask
07-20 03:30:00.893 I/EventLogService(  977): Aggregate from 1500535792032 (log), 1480472376693 (data)
07-20 03:30:00.895 W/EventLogAggregator(  977): Unknown tag: snet_gcore
07-20 03:30:00.895 W/EventLogAggregator(  977): Unknown tag: snet_launch_service
07-20 03:30:00.968 W/Gmail   ( 2222): Sync started for account: account:1119179107
07-20 03:30:00.983 W/art     ( 2222): Long monitor contention event with owner method=boolean libcore.io.Posix.access(java.lang.String, int) from Posix.java:4294967294 waiters=2 for 228ms
07-20 03:30:00.989 I/GoogleHttpClient(  977): Falling back to old SSLCertificateSocketFactory
07-20 03:30:00.989 W/ActivityManager(  493): Unable to start service Intent { cmp=com.google.android.gm/com.android.email.service.AttachmentService } U=0: not found
07-20 03:30:00.990 W/ActivityManager(  493): Unable to start service Intent { act=com.google.android.gm.email.EXCHANGE_INTENT pkg=com.google.android.gm.exchange } U=0: not found
07-20 03:30:00.990 W/ActivityManager(  493): Unable to start service Intent { cmp=com.google.android.gm/com.android.email.service.AttachmentService } U=0: not found
07-20 03:30:00.990 I/Gmail   ( 2222): getAccountsCursor
07-20 03:30:00.991 W/ActivityManager(  493): Unable to start service Intent { act=com.google.android.gm.email.EXCHANGE_INTENT pkg=com.google.android.gm.exchange } U=0: not found
07-20 03:30:00.995 W/ActivityManager(  493): Unable to start service Intent { act=com.google.android.gm.email.EXCHANGE_INTENT pkg=com.google.android.gm.exchange } U=0: not found
07-20 03:30:01.042 I/Gmail   ( 2222): Observing account changes for notifications
07-20 03:30:01.062 E/Gmail   ( 2222): Error finding the version of the Email provider.....
07-20 03:30:01.062 E/Gmail   ( 2222): android.content.pm.PackageManager$NameNotFoundException: com.google.android.email
07-20 03:30:01.062 E/Gmail   ( 2222): 	at android.app.ApplicationPackageManager.getPackageInfo(ApplicationPackageManager.java:114)
07-20 03:30:01.062 E/Gmail   ( 2222): 	at com.google.android.gm.EmailMigrationService.aU(SourceFile:1235)
07-20 03:30:01.062 E/Gmail   ( 2222): 	at com.google.android.gm.EmailMigrationService.onHandleIntent(SourceFile:187)
07-20 03:30:01.062 E/Gmail   ( 2222): 	at android.app.IntentService$ServiceHandler.handleMessage(IntentService.java:65)
07-20 03:30:01.062 E/Gmail   ( 2222): 	at android.os.Handler.dispatchMessage(Handler.java:102)
07-20 03:30:01.062 E/Gmail   ( 2222): 	at android.os.Looper.loop(Looper.java:135)
07-20 03:30:01.062 E/Gmail   ( 2222): 	at android.os.HandlerThread.run(HandlerThread.java:61)
07-20 03:30:01.062 W/EmailMigration( 2222): We do not support migrating this version of the Email provider.
07-20 03:30:01.084 I/GoogleHttpClient( 1110): GMS http client unavailable, use old client
07-20 03:30:01.101 I/ActivityManager(  493): Start proc 2272:com.google.android.talk/u0a72 for broadcast com.google.android.talk/com.google.android.apps.hangouts.service.BootReceiver
07-20 03:30:01.103 W/ActivityManager(  493): Unable to start service Intent { act=com.google.android.gm.email.EXCHANGE_INTENT pkg=com.google.android.gm.exchange } U=0: not found
07-20 03:30:01.103 W/ActivityManager(  493): Unable to start service Intent { act=com.google.android.gm.email.EXCHANGE_INTENT pkg=com.google.android.gm.exchange } U=0: not found
07-20 03:30:01.105 E/ActivityThread( 2222): Service com.android.email.service.EmailBroadcastProcessorService has leaked ServiceConnection com.android.emailcommon.service.J@3744768a that was originally bound here
07-20 03:30:01.105 E/ActivityThread( 2222): android.app.ServiceConnectionLeaked: Service com.android.email.service.EmailBroadcastProcessorService has leaked ServiceConnection com.android.emailcommon.service.J@3744768a that was originally bound here
07-20 03:30:01.105 E/ActivityThread( 2222): 	at android.app.LoadedApk$ServiceDispatcher.<init>(LoadedApk.java:1077)
07-20 03:30:01.105 E/ActivityThread( 2222): 	at android.app.LoadedApk.getServiceDispatcher(LoadedApk.java:971)
07-20 03:30:01.105 E/ActivityThread( 2222): 	at android.app.ContextImpl.bindServiceCommon(ContextImpl.java:1782)
07-20 03:30:01.105 E/ActivityThread( 2222): 	at android.app.ContextImpl.bindService(ContextImpl.java:1765)
07-20 03:30:01.105 E/ActivityThread( 2222): 	at android.content.ContextWrapper.bindService(ContextWrapper.java:539)
07-20 03:30:01.105 E/ActivityThread( 2222): 	at com.android.emailcommon.service.H.a(SourceFile:181)
07-20 03:30:01.105 E/ActivityThread( 2222): 	at com.android.emailcommon.service.H.mb(SourceFile:224)
07-20 03:30:01.105 E/ActivityThread( 2222): 	at com.android.email.service.n.j(SourceFile:160)
07-20 03:30:01.105 E/ActivityThread( 2222): 	at com.android.email.provider.b.a(SourceFile:171)
07-20 03:30:01.105 E/ActivityThread( 2222): 	at com.android.email.provider.b.F(SourceFile:115)
07-20 03:30:01.105 E/ActivityThread( 2222): 	at com.android.email.service.EmailBroadcastProcessorService.kD(SourceFile:305)
07-20 03:30:01.105 E/ActivityThread( 2222): 	at com.android.email.service.EmailBroadcastProcessorService.onHandleIntent(SourceFile:130)
07-20 03:30:01.105 E/ActivityThread( 2222): 	at android.app.IntentService$ServiceHandler.handleMessage(IntentService.java:65)
07-20 03:30:01.105 E/ActivityThread( 2222): 	at android.os.Handler.dispatchMessage(Handler.java:102)
07-20 03:30:01.105 E/ActivityThread( 2222): 	at android.os.Looper.loop(Looper.java:135)
07-20 03:30:01.105 E/ActivityThread( 2222): 	at android.os.HandlerThread.run(HandlerThread.java:61)
07-20 03:30:01.105 W/ActivityManager(  493): Unbind failed: could not find connection for android.os.BinderProxy@3583ddb9
07-20 03:30:01.116 W/ResourcesManager( 2272): Asset path '/system/framework/com.google.android.media.effects.jar' does not exist or contains no resources.
07-20 03:30:01.185 W/ConfigFetchTask(  977): bad response from server: 401 Unauthorized
07-20 03:30:01.186 I/ConfigFetchService(  977): fetch service done; releasing wakelock
07-20 03:30:01.186 I/ConfigFetchService(  977): stopping self
07-20 03:30:01.227 E/Icing   (  977): Not initialized
07-20 03:30:01.228 E/Gmail   ( 2222): Search registration failed: 16
07-20 03:30:01.251 E/SQLiteLog( 2222): (283) recovered 70 frames from WAL file /data/data/com.google.android.gm/databases/mailstore.room6272@gmail.com.db-wal
07-20 03:30:01.274 I/Gmail   ( 2222): calculateUnknownSyncRationalesAndPurgeInBackground: exiting (labelMap not synced
07-20 03:30:01.275 I/Gmail   ( 2222): calculateUnknownSyncRationalesAndPurgeInBackground: exiting (labelMap not synced
07-20 03:30:01.289 W/art     ( 2222): Long monitor contention event with owner method=long android.database.sqlite.SQLiteConnection.nativeOpen(java.lang.String, int, java.lang.String, boolean, boolean) from SQLiteConnection.java:4294967294 waiters=0 for 182ms
07-20 03:30:01.294 I/Gmail   ( 2222): notifyAccountChanged
07-20 03:30:01.299 I/GLSUser ( 1110): [GLSUser]  extracting token using key:Auth
07-20 03:30:01.305 E/Gmail.LabelManager( 2222): Unable to get label ^i for account room6272@gmail.com
07-20 03:30:01.305 E/Gmail   ( 2222): Couldn't find label: ^i
07-20 03:30:01.310 I/Gmail   ( 2222): getAccountsCursor
07-20 03:30:01.313 E/Gmail.LabelManager( 2222): Unable to get label ^i for account room6272@gmail.com
07-20 03:30:01.313 E/Gmail   ( 2222): Couldn't find label: ^i
07-20 03:30:01.345 W/ResourcesManager( 2222): Asset path '/system/framework/com.android.media.remotedisplay.jar' does not exist or contains no resources.
07-20 03:30:01.345 W/ResourcesManager( 2222): Asset path '/system/framework/com.android.location.provider.jar' does not exist or contains no resources.
07-20 03:30:01.348 E/art     ( 2222): dlopen("/system/priv-app/GmsCore/lib/x86/libgmscore.so", RTLD_LAZY) failed: dlopen failed: library "/system/priv-app/GmsCore/lib/x86/libgmscore.so" not found
07-20 03:30:01.348 E/ProviderInstaller( 2222): Unable to load native code from /system/priv-app/GmsCore/lib/x86/libgmscore.so
07-20 03:30:01.348 E/ProviderInstaller( 2222): Unable to loadLibrary() gmscore
07-20 03:30:01.348 E/ProviderInstaller( 2222): Failed to install provider: null
07-20 03:30:01.348 E/Gmail   ( 2222): Unrecoverable error from installIfNeeded, in runHttpRequest
07-20 03:30:01.348 E/Gmail   ( 2222): com.google.android.gms.common.GooglePlayServicesNotAvailableException
07-20 03:30:01.348 E/Gmail   ( 2222): 	at com.google.android.gms.g.a.cl(Unknown Source)
