07-20 03:30:01.348 E/Gmail   ( 2222): 	at com.google.android.gm.provider.MailEngine.b(SourceFile:2663)
07-20 03:30:01.348 E/Gmail   ( 2222): 	at com.google.android.gm.provider.MailEngine.a(SourceFile:2546)
07-20 03:30:01.348 E/Gmail   ( 2222): 	at com.google.android.gm.provider.MailEngine.a(SourceFile:2413)
07-20 03:30:01.348 E/Gmail   ( 2222): 	at com.google.android.gm.provider.MailEngine.a(SourceFile:2129)
07-20 03:30:01.348 E/Gmail   ( 2222): 	at com.google.android.gm.provider.bp.a(SourceFile:127)
07-20 03:30:01.348 E/Gmail   ( 2222): 	at com.google.android.common.b.onPerformSync(SourceFile:33)
07-20 03:30:01.348 E/Gmail   ( 2222): 	at com.google.android.gm.provider.bp.onPerformSync(SourceFile:82)
07-20 03:30:01.348 E/Gmail   ( 2222): 	at android.content.AbstractThreadedSyncAdapter$SyncThread.run(AbstractThreadedSyncAdapter.java:259)
07-20 03:30:01.350 E/Gmail   ( 2222): Conscrypt error during sync
07-20 03:30:01.350 E/Gmail   ( 2222): com.google.android.gm.provider.MailEngine$ConscryptInstallationException: Error from runHttpRequest
07-20 03:30:01.350 E/Gmail   ( 2222): 	at com.google.android.gm.provider.MailEngine.b(SourceFile:2676)
07-20 03:30:01.350 E/Gmail   ( 2222): 	at com.google.android.gm.provider.MailEngine.a(SourceFile:2546)
07-20 03:30:01.350 E/Gmail   ( 2222): 	at com.google.android.gm.provider.MailEngine.a(SourceFile:2413)
07-20 03:30:01.350 E/Gmail   ( 2222): 	at com.google.android.gm.provider.MailEngine.a(SourceFile:2129)
07-20 03:30:01.350 E/Gmail   ( 2222): 	at com.google.android.gm.provider.bp.a(SourceFile:127)
07-20 03:30:01.350 E/Gmail   ( 2222): 	at com.google.android.common.b.onPerformSync(SourceFile:33)
07-20 03:30:01.350 E/Gmail   ( 2222): 	at com.google.android.gm.provider.bp.onPerformSync(SourceFile:82)
07-20 03:30:01.350 E/Gmail   ( 2222): 	at android.content.AbstractThreadedSyncAdapter$SyncThread.run(AbstractThreadedSyncAdapter.java:259)
07-20 03:30:01.350 E/Gmail   ( 2222): Caused by: com.google.android.gms.common.GooglePlayServicesNotAvailableException
07-20 03:30:01.350 E/Gmail   ( 2222): 	at com.google.android.gms.g.a.cl(Unknown Source)
07-20 03:30:01.350 E/Gmail   ( 2222): 	at com.google.android.gm.provider.MailEngine.b(SourceFile:2663)
07-20 03:30:01.350 E/Gmail   ( 2222): 	... 7 more
07-20 03:30:01.350 I/Gmail   ( 2222): notifyAccountChanged
07-20 03:30:01.351 I/Gmail   ( 2222): getAccountsCursor
07-20 03:30:01.352 I/Gmail   ( 2222): notifyAccountChanged
07-20 03:30:01.352 W/Gmail   ( 2222): Sync complete for account: account:1119179107
07-20 03:30:01.355 D/SyncManager(  493): failed sync operation room6272@gmail.com u0 (com.google), gmail-ls, PERIODIC, currentRunTime 35611, reason: Periodic, SyncResult: stats [ numParseExceptions: 1]
07-20 03:30:01.355 D/SyncManager(  493): not retrying sync operation because the error is a hard error: room6272@gmail.com u0 (com.google), gmail-ls, PERIODIC, currentRunTime 76663, reason: Periodic
07-20 03:30:01.357 E/Gmail.LabelManager( 2222): Unable to get label ^i for account room6272@gmail.com
07-20 03:30:01.357 E/Gmail   ( 2222): Couldn't find label: ^i
07-20 03:30:01.393 I/ConfigService( 1110): onDestroy
07-20 03:30:01.400 W/GLSUser ( 1110): [GLSUser] [GLSUser]  Permission for com.google.android.gsf to access mail will be managed locally.
07-20 03:30:01.541 I/ActivityManager(  493): Waited long enough for: ServiceRecord{3f739c47 u0 com.android.music/.MediaPlaybackService}
07-20 03:30:01.553 E/Babel   ( 2272): Error installing NativeCrashHandler
07-20 03:30:01.554 E/Babel   ( 2272): java.lang.UnsatisfiedLinkError: dalvik.system.PathClassLoader[DexPathList[[zip file "/system/framework/com.google.android.media.effects.jar", zip file "/system/app/Hangouts/Hangouts.apk"],nativeLibraryDirectories=[/vendor/lib, /system/lib]]] couldn't find "libcrashreporter-x86.so"
07-20 03:30:01.554 E/Babel   ( 2272): 	at java.lang.Runtime.loadLibrary(Runtime.java:366)
07-20 03:30:01.554 E/Babel   ( 2272): 	at java.lang.System.loadLibrary(System.java:988)
07-20 03:30:01.554 E/Babel   ( 2272): 	at com.google.android.libraries.social.jni.crashreporter.NativeCrashHandler.a(PG:190)
07-20 03:30:01.554 E/Babel   ( 2272): 	at com.google.android.libraries.social.jni.crashreporter.NativeCrashHandler.a(PG:81)
07-20 03:30:01.554 E/Babel   ( 2272): 	at com.google.android.apps.hangouts.phone.EsApplication.onCreate(PG:459)
07-20 03:30:01.554 E/Babel   ( 2272): 	at android.app.Instrumentation.callApplicationOnCreate(Instrumentation.java:1012)
07-20 03:30:01.554 E/Babel   ( 2272): 	at android.app.ActivityThread.handleBindApplication(ActivityThread.java:4553)
07-20 03:30:01.554 E/Babel   ( 2272): 	at android.app.ActivityThread.access$1500(ActivityThread.java:151)
07-20 03:30:01.554 E/Babel   ( 2272): 	at android.app.ActivityThread$H.handleMessage(ActivityThread.java:1364)
07-20 03:30:01.554 E/Babel   ( 2272): 	at android.os.Handler.dispatchMessage(Handler.java:102)
07-20 03:30:01.554 E/Babel   ( 2272): 	at android.os.Looper.loop(Looper.java:135)
07-20 03:30:01.554 E/Babel   ( 2272): 	at android.app.ActivityThread.main(ActivityThread.java:5254)
07-20 03:30:01.554 E/Babel   ( 2272): 	at java.lang.reflect.Method.invoke(Native Method)
07-20 03:30:01.554 E/Babel   ( 2272): 	at java.lang.reflect.Method.invoke(Method.java:372)
07-20 03:30:01.554 E/Babel   ( 2272): 	at com.android.internal.os.ZygoteInit$MethodAndArgsCaller.run(ZygoteInit.java:903)
07-20 03:30:01.554 E/Babel   ( 2272): 	at com.android.internal.os.ZygoteInit.main(ZygoteInit.java:698)
07-20 03:30:01.732 I/Gmail   ( 2222): getAccountsCursor
07-20 03:30:01.740 E/Gmail.LabelManager( 2222): Unable to get label ^i for account room6272@gmail.com
07-20 03:30:01.740 E/Gmail   ( 2222): Couldn't find label: ^i
07-20 03:30:01.741 I/Gmail   ( 2222): getAccountsCursor
07-20 03:30:01.763 I/art     (  493): Explicit concurrent mark sweep GC freed 13792(676KB) AllocSpace objects, 5(201KB) LOS objects, 33% free, 9MB/14MB, paused 411us total 20.945ms
07-20 03:30:01.770 E/Gmail.LabelManager( 2222): Unable to get label ^i for account room6272@gmail.com
07-20 03:30:01.770 E/Gmail   ( 2222): Couldn't find label: ^i
07-20 03:30:01.774 W/art     ( 2272): Suspending all threads took: 14.098ms
07-20 03:30:01.848 I/GCM     ( 1110): GCM config loaded
07-20 03:30:01.864 W/art     ( 2272): Suspending all threads took: 17.979ms
07-20 03:30:01.869 W/AudioCapabilities( 2272): Unsupported mime audio/x-ms-wma
07-20 03:30:01.870 W/AudioCapabilities( 2272): Unsupported mime audio/vnd.rn-realaudio
07-20 03:30:01.871 W/AudioCapabilities( 2272): Unsupported mime audio/mpeg-L2
07-20 03:30:01.872 W/AudioCapabilities( 2272): Unsupported mime audio/ac3
07-20 03:30:01.873 W/AudioCapabilities( 2272): Unsupported mime audio/x-ape
07-20 03:30:01.874 W/AudioCapabilities( 2272): Unsupported mime audio/vnd.dts
07-20 03:30:01.874 W/AudioCapabilities( 2272): Unsupported mime audio/x-pcm
07-20 03:30:01.875 W/AudioCapabilities( 2272): Unsupported mime audio/ffmpeg
07-20 03:30:01.877 W/VideoCapabilities( 2272): Unsupported mime video/mpeg2
07-20 03:30:01.877 W/VideoCapabilities( 2272): Unsupported mime video/x-ms-wmv
07-20 03:30:01.878 W/VideoCapabilities( 2272): Unsupported mime video/vnd.rn-realvideo
07-20 03:30:01.879 W/VideoCapabilities( 2272): Unsupported mime video/vc1
07-20 03:30:01.879 W/VideoCapabilities( 2272): Unsupported mime video/x-flv
07-20 03:30:01.880 W/VideoCapabilities( 2272): Unsupported mime video/divx
07-20 03:30:01.881 W/VideoCapabilities( 2272): Unsupported mime video/ffmpeg
07-20 03:30:01.886 I/Babel   ( 2272): MmsConfig: mnc/mcc: 310/260
07-20 03:30:01.886 I/Babel   ( 2272): MmsConfig.loadMmsSettings
07-20 03:30:01.887 I/Babel   ( 2272): MmsConfig.loadDeviceMmsSettings from API: mUserAgent=Genymotion, mUaProfUrl=http://gsm.lge.com/html/gsm/20130914.xml
07-20 03:30:01.887 I/Babel   ( 2272): MmsConfig.loadFromDatabase
07-20 03:30:01.895 W/Settings( 2272): Setting airplane_mode_on has moved from android.provider.Settings.System to android.provider.Settings.Global, returning read-only value.
07-20 03:30:01.895 I/VideoCapabilities( 2272): Unsupported profile 4 for video/mp4v-es
07-20 03:30:01.897 W/Babel   ( 2272): Calls not supported due to: no_armv7 
07-20 03:30:01.943 E/SQLiteLog( 2272): (1) no such table: mmsconfig
07-20 03:30:01.943 I/Babel   ( 2272): MmsConfig: no mmsconfig table android.database.sqlite.SQLiteException: no such table: mmsconfig (code 1): , while compiling: SELECT key, value, type FROM mmsconfig WHERE numeric=?
07-20 03:30:01.943 I/Babel   ( 2272): MmsConfig.loadFromResources
07-20 03:30:01.956 E/Babel   ( 2272): canonicalizeMccMnc: invalid mccmnc nullnull
07-20 03:30:01.956 W/Babel   ( 2272): MmsConfig: invalid key=userAgent or type=string
07-20 03:30:01.956 W/Babel   ( 2272): MmsConfig: invalid key=uaProfUrl or type=string
07-20 03:30:01.956 I/Babel   ( 2272): MmsConfig.loadMmsSettings: mUserAgent=Genymotion, mUaProfUrl=http://gsm.lge.com/html/gsm/20130914.xml
07-20 03:30:01.980 W/DefaultRequestDirector( 1110): Authentication error: Unable to respond to any of these challenges: {}
07-20 03:30:01.983 D/ContactsSyncAdapter( 1110): Authentication error, ignoring rest of feed
07-20 03:30:01.983 D/ContactsSyncAdapter( 1110): com.google.wireless.gdata2.client.AuthenticationException: Could not fetch feed https://www.google.com/m8/feeds/groups/room6272@gmail.com/base2_property-android?sortorder=ascending&showdeleted=true&max-results=500&requirealldeleted=true&updated-min=2016-11-30T02%3A27%3A08.428Z&orderby=lastmodified com.google.wireless.gdata2.client.HttpException: Received 401 status code: <html><head><meta http-equiv="Content-Type" content="text/html; charset=utf-8">
07-20 03:30:01.983 D/ContactsSyncAdapter( 1110): <title>Error
07-20 03:30:01.983 D/ContactsSyncAdapter( 1110): 401
07-20 03:30:01.983 D/ContactsSyncAdapter( 1110): (Client Error)!!1</title>
07-20 03:30:01.983 D/ContactsSyncAdapter( 1110): <style type="text/css">
07-20 03:30:01.983 D/ContactsSyncAdapter( 1110):         *{margin:0;padding:0}html,code{font:15px/22px arial,sans-serif}html{background:#fff;color:#222;padding:15px}body{background:url(data:image/png;base64,iVBORw0KGgoAAAANSUhEUgAAAKsAAADVCAMAAAAfHvCaAAAAGFBMVEVYn%2BH%2F%2F%2F%2Bex%2B3U5vd7s%2Bfq8%2Fs0itq72PMLUPvtAAASvklEQVR4AbXBC0JqCQxEwT5Jd7L%2FHc8FdR4g%2BEGtEr8u%2FBHxu7otdzd%2FQPyqlmRp1Pw%2B8aukDfRa1fw28ZtWy4sa89vEb7LCi0zx28RvqgkvouW3id%2FU8pbtWmv5beJXRWNrRmp%2BnfhlHXZm%2BQPi95Vk%2FoD4fZbMHxC%2FryTzB8Tva435A%2BL3rcb8AfH7VjJ%2FQPy%2BHYk%2FIH5facwfEL8iaZcrnKyn%2BAPi57K2VL2WF1hJ%2FAHxQ2tJrg6HteXVjPkD4ge6V3J1%2BF97zhx%2BnXhWb8nacKXlnYPErxNPyfqw4ZYKVuUZdfhd4hmxunY73NICgfWMOvwm8ZQ1pMvlDZdaCic98kjV4beIp8ScpLvsSvhflzqQmqVLB281v0E8pc2bdNne8EayNTPNSbt02PBj4intcKltb%2FNibY%2BLf9aSO%2FyMeMo6XMva3g0vwrWsxvyMeEoc3knZ2g53ZaXa8DzxlHa4J23Jae5aycXTxFPa4WRdXAtdsivckZXG4TniKWtOSlre6y7LG651Wxq5OzxDPGUVIKNwX6ekCv%2B0ddglVPMM8ZQ10FJ4LGVvOEuXRl7OqnmGeEor4Ck%2BtnI1ZEvjDa%2FcPEM8ZQVY4RO9VqUlN%2F84PEM8JQ50cUgXH2mrKlyq5RniOQ4vVjPLHdu86OKGi2eIr%2BgNV6JwljmYO6zlbJsbWp4hPtVrjYpLLV7UHIp7rOVkixtaniE%2BU5I2Nc2FKJytZhTuiac5rLnh4hniEzUbDjXhn3g5W0nNA1aAKm7YPEN8bMecrZYLWl70hkcyBay5YfMM8aHI4aR7xAUVHyirOdhAmRsqniE%2BtOKsRjIXtDzmmRGHVmDFDRfPEB%2BJzMmO01xScdYnVRs6vPHMFG9W4ZrMM8RHouWw43DNhlDWiSVZY3nDoWYc3qzDNZlniPe6w4uoOFjcKhPXuJNWyG6VqjSuhm7%2BiZorUfEM8U5J8nKyMw0tcZLwPxdRtTlUcUgVdGlml0uZ4pqKZ4hr5VUnpSXdUgVa4hA5vHERV1Tp9XhdJTWHksYd%2Ftdarql4hrjQiaPiYLclNSeebVYz5o0W7Ghsa9blmlFtx01rxP8yy5XIPEP8L1W7bjWHlbzhRTwjzXrCK1f3qqSEyBysLVtayKp40yqurcITxJtUgavVHNob%2FinZTWt5VVvWVKvJSttQCkRjb%2FA4vLK5thOeIN6sm9ai5cTFhYRDy%2FyTGpdU0hxkaZvWUrZluTmLims14QniVbywClqgeouT9IZXNWoupGzNqHa3y5LGVYBnipbCSVxcq1meIN54oRXsbEk26S3NmBcZ807K3gon2ZLcxF5tPMVJprlWE54g3nihtbRHm7WjkbxTHSCWwj1r2U4HSMmdQEmWwonNtah4gnhjA9ZSaohmpnpDjWRptDwS25LcQGsc2Bla5sTFtZV4gnixpWmIVWpgRuVwsiV5q7kv0JJcNVIFapydUrHTQKa5IfMEcRKrurSQ0qhsmVR4kea%2B7pIr9NqSrRltWlaxomUgVVyLxBPEYeUGygtszew2KfOBclVpVN2ctCXNidZaaKWmONhc6rKaJwi6xuGkRmWpAkRa7outF9XN%2F7LlmbJmpiCyvBxk%2FtnSqHmGWGk5i2ZcaWBLau5KKHt3Ce%2FsaLMz46VG4cTFm%2FaMOzxFUYWztjzhkNI43JPyYvPAegPxzFRpOYmWF1WywrPUag5xjRapqqxxubijvYFVaC%2Fv7YSDpzxjzlbhpKXxhqcpWshqtECk0Yys6m5utZdD1LCuCifhfyVOapqsxhyiQMmSm58QNdZheZGV5FqwueXiZBUga28DvRte1NQCpQVSUkFqPbIr%2FIxg7arwJqqEg6e5Vuas1Zytyw1ka5uT9ajKI87WbksaLT8mbkXFyWqaa2rOVuFVStUNpGrDoSTPmDfWdlby8kPiHQtoa0vLpXU4WzX%2FS5W2gWxtOHQ24U3CSUmu8BPinR2XVSFyuNAOZ9Fyae1qDu2qcF8suRKeJt7pcW1zaE9xwcVZq7nWtpeTrQ0PrEeq8CTxnsWrlbThELra5ixqbsXWNoeq6nBft6TlOeK9VnG2lfb4TKOOlpOouKPsWg4pb3Nf1uMGusP3iDtKDaTcgMuWvL1FmZOouCtlbwJs1Yb7SuN2Nd8k7mgvXV4OKWALiGkVJ14eyPqQQG9Vc0dWGnn5LnFPTW1z1gW0OdSyag5aHsvaroVs1YZL2dKMt1nzXeKulas52QLanGy3xq4a87Eu2yHZ2uZNWzPjDbDmu8R9a8m7iQNscbKyy%2BWS%2BUzWtqp7qzpA1jPj8KKK7xIPZG2NVWTTSbpKbs5cfEF6y64qV6ctqcKbdvgm8VhSlnWwJbuaV3LzRb11onFt%2BKcVvkl8one7u3bD%2FzJuXnRt%2BFTXVHOWqubQ4rvEEyI1L1Z2h8%2B0eRHLKiBqvkk8IePmxZq1lk%2B0w0nJUHKIlm8ST8ioeVEFtFwbPhA3h8gcdpZV803iCRkVL7Y42bK2w0NlDqXlpJRV803iGZYrnFRxlqwO3eEuN4dSOGlVme8Sz7C37QZqeZPekl0b3nMBreKsp1bNN4lnWIEtF1Vc6i1bVZtwxQX0NC9UrfBN4hk7zaHLNrey1kgVLljATnO2rmj5JvEMqzlrF%2B%2BFXitcsAArnFkdLd8knrFqPmFzyQq0xUm0tJZvEs8oAR0eix0u1ARSqg70NNHyTeIZUqgZ85gdLlgcMjOSRlBqvkk8wwOSp3moJlyoCYfeKkmBVvgm8YyaUJJ5zOJSTXMWSgus%2BC7xjJpA%2BMiquVATXiUcSuGbxDNqmk%2BUxtW82WmurMI3iWd4wifaHo1rNxx2miul8E3iGTXhc4nH0lQ1O80VK3yTeEYNX5SspbEnXFmFbxLPqGm%2BrsvWFFdK4ZvEM2rCt6RmzCWL7xLP2Anfs2M3Fyy%2BSzyjpvmqDoed5YrFd4ln7DRftHI19BRXSuGbxDN6wtdEqjF4lisS3yWeEYUvWlkDNeZKTfgm8ZFu7mqFr%2FKMYae4lFH4JvGBVLgraghf09uQMZdabr5JfKC2q1zV3IgarOLLPMWllptvEo%2B1e7dkq5ZrLkip%2BKqa4lLk5ZvEY15INay9XIqXVGS%2
07-20 03:30:01.985 D/ContactsSyncAdapter( 1110): FAILURE: processed 0 records in 328 ms from feed https://www.google.com/m8/feeds/groups/room6272@gmail.com/base2_property-android, updated time is 2016-11-30T02:27:08.428Z
07-20 03:30:01.990 V/Babel   ( 2272): babel boot account: SMS
07-20 03:30:01.994 D/ContactsSyncAdapter( 1110): innerSync failed
07-20 03:30:01.994 D/ContactsSyncAdapter( 1110): com.google.wireless.gdata2.client.AuthenticationException
07-20 03:30:01.994 D/ContactsSyncAdapter( 1110): 	at com.google.android.syncadapters.contacts.ContactsSyncAdapter.getServerDiffs(ContactsSyncAdapter.java:1224)
07-20 03:30:01.994 D/ContactsSyncAdapter( 1110): 	at com.google.android.syncadapters.contacts.ContactsSyncAdapter.innerPerformSync(ContactsSyncAdapter.java:290)
07-20 03:30:01.994 D/ContactsSyncAdapter( 1110): 	at com.google.android.syncadapters.contacts.ContactsSyncAdapter.onPerformLoggedSync(ContactsSyncAdapter.java:168)
07-20 03:30:01.994 D/ContactsSyncAdapter( 1110): 	at com.google.android.common.LoggingThreadedSyncAdapter.onPerformSync(LoggingThreadedSyncAdapter.java:33)
07-20 03:30:01.994 D/ContactsSyncAdapter( 1110): 	at android.content.AbstractThreadedSyncAdapter$SyncThread.run(AbstractThreadedSyncAdapter.java:259)
07-20 03:30:02.011 I/ActivityManager(  493): Start proc 2318:com.google.android.youtube/u0a79 for broadcast com.google.android.youtube/com.google.android.apps.youtube.core.transfer.DownloadService$BootReceiver
07-20 03:30:02.011 I/ActivityManager(  493): Killing 1776:com.android.settings/1000 (adj 15): empty #17
07-20 03:30:02.041 I/ActivityManager(  493): Killing 1353:com.google.android.gms.wearable/u0a60 (adj 15): empty #17
07-20 03:30:02.042 I/InputReader(  493): Reconfiguring input devices.  changes=0x00000010
07-20 03:30:02.042 W/ResourcesManager(  825): Asset path '/system/framework/com.google.android.media.effects.jar' does not exist or contains no resources.
07-20 03:30:02.060 D/BackupManagerService(  493): Received broadcast Intent { act=android.intent.action.PACKAGE_CHANGED dat=package:com.google.android.gms flg=0x4000010 (has extras) }
07-20 03:30:02.070 D/SyncManager(  493): failed sync operation room6272@gmail.com u0 (com.google), com.android.contacts, PERIODIC, currentRunTime 35619, reason: Periodic, SyncResult: stats [ numAuthExceptions: 2]
07-20 03:30:02.071 I/InputReader(  493): Reconfiguring input devices.  changes=0x00000010
07-20 03:30:02.071 D/SyncManager(  493): not retrying sync operation because the error is a hard error: room6272@gmail.com u0 (com.google), com.android.contacts, PERIODIC, currentRunTime 76114, reason: Periodic
07-20 03:30:02.075 D/BackupManagerService(  493): Received broadcast Intent { act=android.intent.action.PACKAGE_CHANGED dat=package:com.google.android.videos flg=0x4000010 (has extras) }
07-20 03:30:02.078 I/Fitness ( 1224): create fitness syncadapterService
07-20 03:30:02.078 I/Fitness ( 1224): bind fitness syncadapterService
07-20 03:30:02.087 V/GmsNetworkLocationProvi( 1224): DISABLE
07-20 03:30:02.231 W/ResourcesManager(  845): Asset path '/system/framework/com.google.android.media.effects.jar' does not exist or contains no resources.
07-20 03:30:02.233 W/ResourcesManager(  845): Asset path '/system/framework/com.google.android.maps.jar' does not exist or contains no resources.
07-20 03:30:02.249 I/copresGcore( 1224): Sync all.
07-20 03:30:02.249 I/copresGcore( 1224): Broadcast sent to handle copresence sync settings.
07-20 03:30:02.259 I/Kids    (  977): [CommonUtils] disabled. skipping.
07-20 03:30:02.259 I/Kids    (  977): [RestrictionsSyncAdapter] Skipping
07-20 03:30:02.301 W/GmsApplication(  977): Using Auth Proxy for data requests.
07-20 03:30:02.302 W/GmsApplication(  977): Using Auth Proxy for data requests.
07-20 03:30:02.308 W/GmsApplication(  977): Using Auth Proxy for data requests.
07-20 03:30:02.315 W/GmsApplication(  977): Using Auth Proxy for data requests.
07-20 03:30:02.321 W/GmsApplication(  977): Using Auth Proxy for data requests.
07-20 03:30:02.327 W/GmsApplication(  977): Using Auth Proxy for data requests.
07-20 03:30:02.338 W/GmsApplication(  977): Using Auth Proxy for data requests.
07-20 03:30:02.418 W/ResourcesManager( 2318): Asset path '/system/framework/com.android.media.remotedisplay.jar' does not exist or contains no resources.
07-20 03:30:02.418 W/ResourcesManager( 2318): Asset path '/system/framework/com.android.location.provider.jar' does not exist or contains no resources.
07-20 03:30:02.458 E/art     ( 2318): dlopen("/system/priv-app/GmsCore/lib/x86/libgmscore.so", RTLD_LAZY) failed: dlopen failed: library "/system/priv-app/GmsCore/lib/x86/libgmscore.so" not found
07-20 03:30:02.458 E/ProviderInstaller( 2318): Unable to load native code from /system/priv-app/GmsCore/lib/x86/libgmscore.so
07-20 03:30:02.459 E/ProviderInstaller( 2318): Unable to loadLibrary() gmscore
07-20 03:30:02.459 E/ProviderInstaller( 2318): Failed to install provider: null
07-20 03:30:02.470 W/L       ( 2318): (unknown) ProviderInstaller failed.
07-20 03:30:02.470 W/L       ( 2318): ejb
07-20 03:30:02.470 W/L       ( 2318): 	at eqi.a(Unknown Source)
07-20 03:30:02.470 W/L       ( 2318): 	at evv.a(PG:93)
07-20 03:30:02.470 W/L       ( 2318): 	at evw.run(PG:62)
07-20 03:30:02.470 W/L       ( 2318): 	at java.util.concurrent.ThreadPoolExecutor.runWorker(ThreadPoolExecutor.java:1112)
07-20 03:30:02.470 W/L       ( 2318): 	at java.util.concurrent.ThreadPoolExecutor$Worker.run(ThreadPoolExecutor.java:587)
07-20 03:30:02.470 W/L       ( 2318): 	at ewj.run(PG:40)
07-20 03:30:02.470 W/L       ( 2318): 	at java.lang.Thread.run(Thread.java:818)
07-20 03:30:02.564 W/ResourcesManager( 2318): Asset path '/system/framework/com.android.media.remotedisplay.jar' does not exist or contains no resources.
07-20 03:30:02.564 W/ResourcesManager( 2318): Asset path '/system/framework/com.android.location.provider.jar' does not exist or contains no resources.
07-20 03:30:02.565 E/art     ( 2318): dlopen("/system/priv-app/GmsCore/lib/x86/libgmscore.so", RTLD_LAZY) failed: dlopen failed: library "/system/priv-app/GmsCore/lib/x86/libgmscore.so" not found
07-20 03:30:02.565 E/ProviderInstaller( 2318): Unable to load native code from /system/priv-app/GmsCore/lib/x86/libgmscore.so
07-20 03:30:02.565 E/ProviderInstaller( 2318): Unable to loadLibrary() gmscore
07-20 03:30:02.565 E/ProviderInstaller( 2318): Failed to install provider: null
07-20 03:30:02.565 W/YouTube ( 2318): (unknown) ProviderInstaller failed.
07-20 03:30:02.565 W/YouTube ( 2318): ejb
07-20 03:30:02.565 W/YouTube ( 2318): 	at eqi.a(Unknown Source)
07-20 03:30:02.565 W/YouTube ( 2318): 	at evv.a(PG:93)
07-20 03:30:02.565 W/YouTube ( 2318): 	at evw.run(PG:62)
07-20 03:30:02.565 W/YouTube ( 2318): 	at java.util.concurrent.ThreadPoolExecutor.runWorker(ThreadPoolExecutor.java:1112)
07-20 03:30:02.565 W/YouTube ( 2318): 	at java.util.concurrent.ThreadPoolExecutor$Worker.run(ThreadPoolExecutor.java:587)
07-20 03:30:02.565 W/YouTube ( 2318): 	at ewj.run(PG:40)
07-20 03:30:02.565 W/YouTube ( 2318): 	at java.lang.Thread.run(Thread.java:818)
07-20 03:30:02.594 E/art     ( 2318): dlopen("/system/priv-app/GmsCore/lib/x86/libgmscore.so", RTLD_LAZY) failed: dlopen failed: library "/system/priv-app/GmsCore/lib/x86/libgmscore.so" not found
07-20 03:30:02.594 E/ProviderInstaller( 2318): Unable to load native code from /system/priv-app/GmsCore/lib/x86/libgmscore.so
07-20 03:30:02.594 E/ProviderInstaller( 2318): Unable to loadLibrary() gmscore
07-20 03:30:02.594 E/ProviderInstaller( 2318): Failed to install provider: null
07-20 03:30:02.594 W/YouTube ( 2318): (unknown) ProviderInstaller failed.
07-20 03:30:02.594 W/YouTube ( 2318): ejb
07-20 03:30:02.594 W/YouTube ( 2318): 	at eqi.a(Unknown Source)
07-20 03:30:02.594 W/YouTube ( 2318): 	at evv.a(PG:93)
07-20 03:30:02.594 W/YouTube ( 2318): 	at evw.run(PG:62)
07-20 03:30:02.594 W/YouTube ( 2318): 	at java.util.concurrent.ThreadPoolExecutor.runWorker(ThreadPoolExecutor.java:1112)
07-20 03:30:02.594 W/YouTube ( 2318): 	at java.util.concurrent.ThreadPoolExecutor$Worker.run(ThreadPoolExecutor.java:587)
07-20 03:30:02.594 W/YouTube ( 2318): 	at ewj.run(PG:40)
07-20 03:30:02.594 W/YouTube ( 2318): 	at java.lang.Thread.run(Thread.java:818)
07-20 03:30:02.703 I/GLSUser ( 1110): [GLSUser]  extracting token using key:Auth
07-20 03:30:02.723 E/YouTube ( 2318): apps.youtube.app.YouTubeApplication.e:186 Blocking main thread on ProviderInstaller.
07-20 03:30:02.727 W/ResourcesManager( 2318): Asset path '/system/framework/com.android.media.remotedisplay.jar' does not exist or contains no resources.
07-20 03:30:02.727 W/ResourcesManager( 2318): Asset path '/system/framework/com.android.location.provider.jar' does not exist or contains no resources.
07-20 03:30:02.727 E/art     ( 2318): dlopen("/system/priv-app/GmsCore/lib/x86/libgmscore.so", RTLD_LAZY) failed: dlopen failed: library "/system/priv-app/GmsCore/lib/x86/libgmscore.so" not found
07-20 03:30:02.727 E/ProviderInstaller( 2318): Unable to load native code from /system/priv-app/GmsCore/lib/x86/libgmscore.so
07-20 03:30:02.727 E/ProviderInstaller( 2318): Unable to loadLibrary() gmscore
07-20 03:30:02.727 E/ProviderInstaller( 2318): Failed to install provider: null
07-20 03:30:02.727 W/YouTube ( 2318): apps.youtube.app.YouTubeApplication.e:186 ProviderInstaller failed.
07-20 03:30:02.727 W/YouTube ( 2318): ejb
07-20 03:30:02.727 W/YouTube ( 2318): 	at eqi.a(Unknown Source)
07-20 03:30:02.727 W/YouTube ( 2318): 	at evv.a(PG:93)
07-20 03:30:02.727 W/YouTube ( 2318): 	at a.a(PG:55)
07-20 03:30:02.727 W/YouTube ( 2318): 	at a.b(PG:109)
07-20 03:30:02.727 W/YouTube ( 2318): 	at eqv.a(PG:70)
07-20 03:30:02.727 W/YouTube ( 2318): 	at ewa.b(PG:92)
07-20 03:30:02.727 W/YouTube ( 2318): 	at ewa.a_(PG:76)
07-20 03:30:02.727 W/YouTube ( 2318): 	at equ.d(PG:292)
07-20 03:30:02.727 W/YouTube ( 2318): 	at agj.a(PG:1137)
07-20 03:30:02.727 W/YouTube ( 2318): 	at ewa.b(PG:92)
07-20 03:30:02.727 W/YouTube ( 2318): 	at ewa.a_(PG:76)
07-20 03:30:02.727 W/YouTube ( 2318): 	at aef.u(PG:1845)
07-20 03:30:02.727 W/YouTube ( 2318): 	at agp.a(PG:1230)
07-20 03:30:02.727 W/YouTube ( 2318): 	at ewa.b(PG:92)
07-20 03:30:02.727 W/YouTube ( 2318): 	at ewa.a_(PG:76)
07-20 03:30:02.727 W/YouTube ( 2318): 	at aef.y(PG:1871)
07-20 03:30:02.727 W/YouTube ( 2318): 	at afy.a(PG:886)
07-20 03:30:02.727 W/YouTube ( 2318): 	at ewa.b(PG:92)
07-20 03:30:02.727 W/YouTube ( 2318): 	at ewa.a_(PG:76)
07-20 03:30:02.727 W/YouTube ( 2318): 	at aef.R(PG:1984)
07-20 03:30:02.727 W/YouTube ( 2318): 	at com.google.android.apps.youtube.app.YouTubeApplication.e(PG:186)
07-20 03:30:02.727 W/YouTube ( 2318): 	at brt.onCreate(PG:30)
07-20 03:30:02.727 W/YouTube ( 2318): 	at android.app.Instrumentation.callApplicationOnCreate(Instrumentation.java:1012)
07-20 03:30:02.727 W/YouTube ( 2318): 	at android.app.ActivityThread.handleBindApplication(ActivityThread.java:4553)
07-20 03:30:02.727 W/YouTube ( 2318): 	at android.app.ActivityThread.access$1500(ActivityThread.java:151)
07-20 03:30:02.727 W/YouTube ( 2318): 	at android.app.ActivityThread$H.handleMessage(ActivityThread.java:1364)
07-20 03:30:02.727 W/YouTube ( 2318): 	at android.os.Handler.dispatchMessage(Handler.java:102)
07-20 03:30:02.727 W/YouTube ( 2318): 	at android.os.Looper.loop(Looper.java:135)
07-20 03:30:02.727 W/YouTube ( 2318): 	at android.app.ActivityThread.main(ActivityThread.java:5254)
07-20 03:30:02.727 W/YouTube ( 2318): 	at java.lang.reflect.Method.invoke(Native Method)
07-20 03:30:02.727 W/YouTube ( 2318): 	at java.lang.reflect.Method.invoke(Method.java:372)
07-20 03:30:02.727 W/YouTube ( 2318): 	at com.android.internal.os.ZygoteInit$MethodAndArgsCaller.run(ZygoteInit.java:903)
07-20 03:30:02.727 W/YouTube ( 2318): 	at com.android.internal.os.ZygoteInit.main(ZygoteInit.java:698)
07-20 03:30:02.741 E/YouTube ( 2318): apps.youtube.app.YouTubeApplication.e:186 Blocking main thread on ProviderInstaller.
07-20 03:30:02.744 W/ResourcesManager( 2318): Asset path '/system/framework/com.android.media.remotedisplay.jar' does not exist or contains no resources.
07-20 03:30:02.744 W/ResourcesManager( 2318): Asset path '/system/framework/com.android.location.provider.jar' does not exist or contains no resources.
07-20 03:30:02.745 E/art     ( 2318): dlopen("/system/priv-app/GmsCore/lib/x86/libgmscore.so", RTLD_LAZY) failed: dlopen failed: library "/system/priv-app/GmsCore/lib/x86/libgmscore.so" not found
07-20 03:30:02.745 E/ProviderInstaller( 2318): Unable to load native code from /system/priv-app/GmsCore/lib/x86/libgmscore.so
07-20 03:30:02.745 E/ProviderInstaller( 2318): Unable to loadLibrary() gmscore
07-20 03:30:02.745 E/ProviderInstaller( 2318): Failed to install provider: null
07-20 03:30:02.746 W/YouTube ( 2318): apps.youtube.app.YouTubeApplication.e:186 ProviderInstaller failed.
07-20 03:30:02.746 W/YouTube ( 2318): ejb
07-20 03:30:02.746 W/YouTube ( 2318): 	at eqi.a(Unknown Source)
07-20 03:30:02.746 W/YouTube ( 2318): 	at evv.a(PG:93)
07-20 03:30:02.746 W/YouTube ( 2318): 	at a.a(PG:55)
07-20 03:30:02.746 W/YouTube ( 2318): 	at eqx.a(PG:160)
07-20 03:30:02.746 W/YouTube ( 2318): 	at ewa.b(PG:92)
07-20 03:30:02.746 W/YouTube ( 2318): 	at ewa.a_(PG:76)
07-20 03:30:02.746 W/YouTube ( 2318): 	at equ.l(PG:365)
07-20 03:30:02.746 W/YouTube ( 2318): 	at bst.a(PG:470)
07-20 03:30:02.746 W/YouTube ( 2318): 	at ewa.b(PG:92)
07-20 03:30:02.746 W/YouTube ( 2318): 	at ewa.a_(PG:76)
07-20 03:30:02.746 W/YouTube ( 2318): 	at bru.au(PG:576)
07-20 03:30:02.746 W/YouTube ( 2318): 	at bsj.a(PG:369)
07-20 03:30:02.746 W/YouTube ( 2318): 	at ewa.b(PG:92)
07-20 03:30:02.746 W/YouTube ( 2318): 	at ewa.a_(PG:76)
07-20 03:30:02.746 W/YouTube ( 2318): 	at bsh.a(PG:353)
07-20 03:30:02.746 W/YouTube ( 2318): 	at ewa.b(PG:92)
07-20 03:30:02.746 W/YouTube ( 2318): 	at ewa.a_(PG:76)
07-20 03:30:02.746 W/YouTube ( 2318): 	at bru.aS(PG:755)
07-20 03:30:02.746 W/YouTube ( 2318): 	at bta.a(PG:800)
07-20 03:30:02.746 W/YouTube ( 2318): 	at ewa.b(PG:92)
07-20 03:30:02.746 W/YouTube ( 2318): 	at ewa.a_(PG:76)
07-20 03:30:02.746 W/YouTube ( 2318): 	at bru.aW(PG:812)
07-20 03:30:02.746 W/YouTube ( 2318): 	at agi.a(PG:1107)
07-20 03:30:02.746 W/YouTube ( 2318): 	at ewa.b(PG:92)
07-20 03:30:02.746 W/YouTube ( 2318): 	at ewa.a_(PG:76)
07-20 03:30:02.746 W/YouTube ( 2318): 	at agj.a(PG:1137)
07-20 03:30:02.746 W/YouTube ( 2318): 	at ewa.b(PG:92)
07-20 03:30:02.746 W/YouTube ( 2318): 	at ewa.a_(PG:76)
07-20 03:30:02.746 W/YouTube ( 2318): 	at aef.u(PG:1845)
07-20 03:30:02.746 W/YouTube ( 2318): 	at agp.a(PG:1230)
07-20 03:30:02.746 W/YouTube ( 2318): 	at ewa.b(PG:92)
07-20 03:30:02.746 W/YouTube ( 2318): 	at ewa.a_(PG:76)
07-20 03:30:02.746 W/YouTube ( 2318): 	at aef.y(PG:1871)
07-20 03:30:02.746 W/YouTube ( 2318): 	at afy.a(PG:886)
07-20 03:30:02.746 W/YouTube ( 2318): 	at ewa.b(PG:92)
07-20 03:30:02.746 W/YouTube ( 2318): 	at ewa.a_(PG:76)
07-20 03:30:02.746 W/YouTube ( 2318): 	at aef.R(PG:1984)
07-20 03:30:02.746 W/YouTube ( 2318): 	at com.google.android.apps.youtube.app.YouTubeApplication.e(PG:186)
07-20 03:30:02.746 W/YouTube ( 2318): 	at brt.onCreate(PG:30)
07-20 03:30:02.746 W/YouTube ( 2318): 	at android.app.Instrumentation.callApplicationOnCreate(Instrumentation.java:1012)
07-20 03:30:02.746 W/YouTube ( 2318): 	at android.app.ActivityThread.handleBindApplication(ActivityThread.java:4553)
07-20 03:30:02.746 W/YouTube ( 2318): 	at android.app.ActivityThread.access$1500(ActivityThread.java:151)
07-20 03:30:02.746 W/YouTube ( 2318): 	at android.app.ActivityThread$H.handleMessage(ActivityThread.java:1364)
07-20 03:30:02.746 W/YouTube ( 2318): 	at android.os.Handler.dispatchMessage(Handler.java:102)
07-20 03:30:02.746 W/YouTube ( 2318): 	at android.os.Looper.loop(Looper.java:135)
07-20 03:30:02.746 W/YouTube ( 2318): 	at android.app.ActivityThread.main(ActivityThread.java:5254)
07-20 03:30:02.746 W/YouTube ( 2318): 	at java.lang.reflect.Method.invoke(Native Method)
07-20 03:30:02.746 W/YouTube ( 2318): 	at java.lang.reflect.Method.invoke(Method.java:372)
07-20 03:30:02.746 W/YouTube ( 2318): 	at com.android.internal.os.ZygoteInit$MethodAndArgsCaller.run(ZygoteInit.java:903)
07-20 03:30:02.746 W/YouTube ( 2318): 	at com.android.internal.os.ZygoteInit.main(ZygoteInit.java:698)
07-20 03:30:02.747 W/GLSUser ( 1110): [GLSUser] [GLSUser]  Permission for com.google.android.gms to access oauth2:https://www.googleapis.com/auth/reminders will be managed locally.
07-20 03:30:02.769 W/GmsApplication(  977): Using Auth Proxy for data requests.
07-20 03:30:02.779 W/ResourcesManager( 2318): Asset path '/system/framework/com.android.media.remotedisplay.jar' does not exist or contains no resources.
07-20 03:30:02.779 W/ResourcesManager( 2318): Asset path '/system/framework/com.android.location.provider.jar' does not exist or contains no resources.
07-20 03:30:02.780 E/art     ( 2318): dlopen("/system/priv-app/GmsCore/lib/x86/libgmscore.so", RTLD_LAZY) failed: dlopen failed: library "/system/priv-app/GmsCore/lib/x86/libgmscore.so" not found
07-20 03:30:02.780 E/ProviderInstaller( 2318): Unable to load native code from /system/priv-app/GmsCore/lib/x86/libgmscore.so
07-20 03:30:02.780 E/ProviderInstaller( 2318): Unable to loadLibrary() gmscore
07-20 03:30:02.780 E/ProviderInstaller( 2318): Failed to install provider: null
07-20 03:30:02.780 W/YouTube ( 2318): (unknown) ProviderInstaller failed.
07-20 03:30:02.780 W/YouTube ( 2318): ejb
07-20 03:30:02.780 W/YouTube ( 2318): 	at eqi.a(Unknown Source)
07-20 03:30:02.780 W/YouTube ( 2318): 	at evv.a(PG:93)
07-20 03:30:02.780 W/YouTube ( 2318): 	at evw.run(PG:62)
07-20 03:30:02.780 W/YouTube ( 2318): 	at java.util.concurrent.ThreadPoolExecutor.runWorker(ThreadPoolExecutor.java:1112)
07-20 03:30:02.780 W/YouTube ( 2318): 	at java.util.concurrent.ThreadPoolExecutor$Worker.run(ThreadPoolExecutor.java:587)
07-20 03:30:02.780 W/YouTube ( 2318): 	at ewj.run(PG:40)
07-20 03:30:02.780 W/YouTube ( 2318): 	at java.lang.Thread.run(Thread.java:818)
07-20 03:30:02.791 W/ResourcesManager( 2318): Asset path '/system/framework/com.android.media.remotedisplay.jar' does not exist or contains no resources.
07-20 03:30:02.791 W/ResourcesManager( 2318): Asset path '/system/framework/com.android.location.provider.jar' does not exist or contains no resources.
07-20 03:30:02.792 E/art     ( 2318): dlopen("/system/priv-app/GmsCore/lib/x86/libgmscore.so", RTLD_LAZY) failed: dlopen failed: library "/system/priv-app/GmsCore/lib/x86/libgmscore.so" not found
07-20 03:30:02.792 E/ProviderInstaller( 2318): Unable to load native code from /system/priv-app/GmsCore/lib/x86/libgmscore.so
07-20 03:30:02.792 E/ProviderInstaller( 2318): Unable to loadLibrary() gmscore
07-20 03:30:02.792 E/ProviderInstaller( 2318): Failed to install provider: null
07-20 03:30:02.792 W/YouTube ( 2318): (unknown) ProviderInstaller failed.
07-20 03:30:02.792 W/YouTube ( 2318): ejb
07-20 03:30:02.792 W/YouTube ( 2318): 	at eqi.a(Unknown Source)
07-20 03:30:02.792 W/YouTube ( 2318): 	at evv.a(PG:93)
07-20 03:30:02.792 W/YouTube ( 2318): 	at evw.run(PG:62)
07-20 03:30:02.792 W/YouTube ( 2318): 	at java.util.concurrent.ThreadPoolExecutor.runWorker(ThreadPoolExecutor.java:1112)
07-20 03:30:02.792 W/YouTube ( 2318): 	at java.util.concurrent.ThreadPoolExecutor$Worker.run(ThreadPoolExecutor.java:587)
07-20 03:30:02.792 W/YouTube ( 2318): 	at ewj.run(PG:40)
07-20 03:30:02.792 W/YouTube ( 2318): 	at java.lang.Thread.run(Thread.java:818)
07-20 03:30:02.802 E/YouTube ( 2318): apps.youtube.app.YouTubeApplication.e:196 Blocking main thread on ProviderInstaller.
07-20 03:30:02.806 W/ResourcesManager( 2318): Asset path '/system/framework/com.android.media.remotedisplay.jar' does not exist or contains no resources.
07-20 03:30:02.806 W/ResourcesManager( 2318): Asset path '/system/framework/com.android.location.provider.jar' does not exist or contains no resources.
07-20 03:30:02.806 E/art     ( 2318): dlopen("/system/priv-app/GmsCore/lib/x86/libgmscore.so", RTLD_LAZY) failed: dlopen failed: library "/system/priv-app/GmsCore/lib/x86/libgmscore.so" not found
07-20 03:30:02.806 E/ProviderInstaller( 2318): Unable to load native code from /system/priv-app/GmsCore/lib/x86/libgmscore.so
07-20 03:30:02.806 E/ProviderInstaller( 2318): Unable to loadLibrary() gmscore
07-20 03:30:02.806 E/ProviderInstaller( 2318): Failed to install provider: null
07-20 03:30:02.806 W/YouTube ( 2318): apps.youtube.app.YouTubeApplication.e:196 ProviderInstaller failed.
07-20 03:30:02.806 W/YouTube ( 2318): ejb
07-20 03:30:02.806 W/YouTube ( 2318): 	at eqi.a(Unknown Source)
07-20 03:30:02.806 W/YouTube ( 2318): 	at evv.a(PG:93)
07-20 03:30:02.806 W/YouTube ( 2318): 	at aef.b(PG:274)
07-20 03:30:02.806 W/YouTube ( 2318): 	at com.google.android.apps.youtube.app.YouTubeApplication.e(PG:196)
07-20 03:30:02.806 W/YouTube ( 2318): 	at brt.onCreate(PG:30)
07-20 03:30:02.806 W/YouTube ( 2318): 	at android.app.Instrumentation.callApplicationOnCreate(Instrumentation.java:1012)
07-20 03:30:02.806 W/YouTube ( 2318): 	at android.app.ActivityThread.handleBindApplication(ActivityThread.java:4553)
07-20 03:30:02.806 W/YouTube ( 2318): 	at android.app.ActivityThread.access$1500(ActivityThread.java:151)
07-20 03:30:02.806 W/YouTube ( 2318): 	at android.app.ActivityThread$H.handleMessage(ActivityThread.java:1364)
07-20 03:30:02.806 W/YouTube ( 2318): 	at android.os.Handler.dispatchMessage(Handler.java:102)
07-20 03:30:02.806 W/YouTube ( 2318): 	at android.os.Looper.loop(Looper.java:135)
07-20 03:30:02.806 W/YouTube ( 2318): 	at android.app.ActivityThread.main(ActivityThread.java:5254)
07-20 03:30:02.806 W/YouTube ( 2318): 	at java.lang.reflect.Method.invoke(Native Method)
07-20 03:30:02.806 W/YouTube ( 2318): 	at java.lang.reflect.Method.invoke(Method.java:372)
07-20 03:30:02.806 W/YouTube ( 2318): 	at com.android.internal.os.ZygoteInit$MethodAndArgsCaller.run(ZygoteInit.java:903)
07-20 03:30:02.806 W/YouTube ( 2318): 	at com.android.internal.os.ZygoteInit.main(ZygoteInit.java:698)
07-20 03:30:02.816 E/YouTube ( 2318): apps.youtube.app.YouTubeApplication.e:196 YouTube MDX: Bogus value in shared preferences for key MdxServerSelection value , returning default value.
07-20 03:30:02.896 W/BroadcastQueue(  493): Permission Denial: receiving Intent { act=android.intent.action.BOOT_COMPLETED flg=0x8000010 (has extras) } to com.google.android.apps.plus/com.google.android.libraries.social.notifications.impl.BootCompletedReceiver requires android.permission.RECEIVE_BOOT_COMPLETED due to sender null (uid 1000)
07-20 03:30:02.897 W/BroadcastQueue(  493): Permission Denial: receiving Intent { act=android.intent.action.BOOT_COMPLETED flg=0x8000010 (has extras) } to com.google.android.apps.plus/com.google.apps.tiktok.sync.impl.SyncBootReceiver_Receiver requires android.permission.RECEIVE_BOOT_COMPLETED due to sender null (uid 1000)
07-20 03:30:02.907 I/ActivityManager(  493): Start proc 2382:com.google.android.apps.maps/u0a73 for broadcast com.google.android.apps.maps/com.google.android.apps.gmm.navigation.service.detection.StartDetectionReceiver
07-20 03:30:02.982 I/ActivityManager(  493): Killing 1801:com.android.voicedialer/u0a14 (adj 15): empty #17
07-20 03:30:03.370 I/GAV2    ( 1959): Thread[GAThread,5,main]: No campaign data found.
07-20 03:30:03.390 W/GamesSyncAdapter(  977): User is not G+ enabled. Aborting sync
07-20 03:30:03.433 W/art     ( 2318): Long monitor contention event with owner method=long android.database.sqlite.SQLiteConnection.nativeOpen(java.lang.String, int, java.lang.String, boolean, boolean) from SQLiteConnection.java:4294967294 waiters=1 for 546ms
07-20 03:30:03.494 W/art     ( 2382): Suspending all threads took: 8.430ms
07-20 03:30:03.930 W/art     ( 2382): Suspending all threads took: 17.908ms
07-20 03:30:03.979 E/CalendarSyncAdapter( 1989): GoogleJsonResponseException, ignoring rest of feed
07-20 03:30:03.979 E/CalendarSyncAdapter( 1989): com.google.api.client.googleapis.json.GoogleJsonResponseException: 410 Gone
07-20 03:30:03.979 E/CalendarSyncAdapter( 1989): {
07-20 03:30:03.979 E/CalendarSyncAdapter( 1989):   "errors": [
07-20 03:30:03.979 E/CalendarSyncAdapter( 1989):     {
07-20 03:30:03.979 E/CalendarSyncAdapter( 1989):       "reason": "updatedMinTooLongAgo",
07-20 03:30:03.979 E/CalendarSyncAdapter( 1989):       "domain": "calendar",
07-20 03:30:03.979 E/CalendarSyncAdapter( 1989):       "message": "The requested minimum modification time lies too far in the past.",
07-20 03:30:03.979 E/CalendarSyncAdapter( 1989):       "locationType": "parameter",
07-20 03:30:03.979 E/CalendarSyncAdapter( 1989):       "location": "updatedMin"
07-20 03:30:03.979 E/CalendarSyncAdapter( 1989):     }
07-20 03:30:03.979 E/CalendarSyncAdapter( 1989):   ],
07-20 03:30:03.979 E/CalendarSyncAdapter( 1989):   "message": "The requested minimum modification time lies too far in the past.",
07-20 03:30:03.979 E/CalendarSyncAdapter( 1989):   "code": 410
07-20 03:30:03.979 E/CalendarSyncAdapter( 1989): }
07-20 03:30:03.979 E/CalendarSyncAdapter( 1989): 	at com.google.api.client.googleapis.services.json.AbstractGoogleJsonClientRequest.newExceptionOnError(AbstractGoogleJsonClientRequest.java:113)
07-20 03:30:03.979 E/CalendarSyncAdapter( 1989): 	at com.google.api.client.googleapis.services.json.AbstractGoogleJsonClientRequest.newExceptionOnError(AbstractGoogleJsonClientRequest.java:40)
07-20 03:30:03.979 E/CalendarSyncAdapter( 1989): 	at com.google.api.client.googleapis.services.AbstractGoogleClientRequest$1.interceptResponse(AbstractGoogleClientRequest.java:312)
07-20 03:30:03.979 E/CalendarSyncAdapter( 1989): 	at com.google.api.client.http.HttpRequest.execute(HttpRequest.java:1045)
07-20 03:30:03.979 E/CalendarSyncAdapter( 1989): 	at com.google.api.client.googleapis.services.AbstractGoogleClientRequest.executeUnparsed(AbstractGoogleClientRequest.java:410)
07-20 03:30:03.979 E/CalendarSyncAdapter( 1989): 	at com.google.api.client.googleapis.services.AbstractGoogleClientRequest.executeUnparsed(AbstractGoogleClientRequest.java:343)
07-20 03:30:03.979 E/CalendarSyncAdapter( 1989): 	at com.google.android.apiary.FeedFetcher.fetchFeed(FeedFetcher.java:78)
07-20 03:30:03.979 E/CalendarSyncAdapter( 1989): 	at com.google.android.apiary.FeedFetcher.run(FeedFetcher.java:64)
07-20 03:30:03.979 E/CalendarSyncAdapter( 1989): 	at com.google.android.syncadapters.calendar.EventFeedFetcher.run(EventFeedFetcher.java:71)
07-20 03:30:03.979 E/CalendarSyncAdapter( 1989): 	at java.lang.Thread.run(Thread.java:818)
07-20 03:30:04.109 W/CalendarSyncAdapter( 1989): Partial sync unavailable for room6272@gmail.com. Requesting full sync
07-20 03:30:04.109 D/CalendarSyncAdapter( 1989): FAILURE: processed 0 records in 666 ms from feed room6272@gmail.com, updated time is null
07-20 03:30:04.113 D/CalendarSyncAdapter( 1989): Found 0 events marked dirty & lastSynced
07-20 03:30:04.131 I/CalendarProvider2( 1613): No events to update: uri=content://com.android.calendar/events?account_name=room6272%40gmail.com&account_type=com.google&caller_is_syncadapter=true selection=_sync_id IS NOT NULL AND calendar_id=? selectionArgs=[1]
07-20 03:30:04.443 W/art     ( 2382): Suspending all threads took: 10.826ms
07-20 03:30:04.534 W/art     ( 2382): Suspending all threads took: 7.205ms
07-20 03:30:04.577 V/CalendarSyncAdapter( 1989): Saving inProgress state: {calendarId=room6272@gmail.com, maxAttendees=50, maxResults=200, timeMax=2018-08-17T00:00:00.000Z, timeMin=2016-07-20T07:30:04.000Z}
07-20 03:30:04.598 W/art     ( 2382): Suspending all threads took: 9.824ms
07-20 03:30:04.711 D/WifiService(  493): New client listening to asynchronous messages
07-20 03:30:04.801 I/art     (  493): Explicit concurrent mark sweep GC freed 28078(1444KB) AllocSpace objects, 12(224KB) LOS objects, 33% free, 10MB/15MB, paused 518us total 17.911ms
07-20 03:30:05.046 D/CalendarSyncAdapter( 1989): Found 0 events marked dirty & lastSynced
07-20 03:30:05.291 W/art     ( 2382): Suspending all threads took: 34.221ms
07-20 03:30:05.359 I/GLSUser ( 1110): [GLSUser]  extracting token using key:Auth
07-20 03:30:05.376 W/GLSUser ( 1110): [GLSUser] [GLSUser]  Permission for com.google.android.apps.maps to access oauth2:https://www.googleapis.com/auth/mobilemaps.firstparty will be managed locally.
07-20 03:30:05.406 D/GCM     ( 1110): GcmService start Intent { act=com.google.android.gms.INITIALIZE flg=0x10 pkg=com.google.android.gms cmp=com.google.android.gms/.gcm.GcmService } com.google.android.gms.INITIALIZE
07-20 03:30:05.410 D/AuthorizationBluetoothService( 1110): Received GmsCore event: Intent { act=com.google.android.gms.INITIALIZE flg=0x10 pkg=com.google.android.gms cmp=com.google.android.gms/.auth.be.proximity.authorization.bt.AuthorizationBluetoothService$AutoStarter }.
07-20 03:30:05.411 D/c       ( 1110): Getting all permits...
07-20 03:30:05.411 D/a       ( 1110): Opening database...
07-20 03:30:05.419 D/a       ( 1110): Opening database auth.proximity.permit_store...
07-20 03:30:05.419 D/a       ( 1110): Closing database...
07-20 03:30:05.430 D/GCM     ( 1110): GcmService start Intent { act=com.google.android.gms.INITIALIZE flg=0x10 pkg=com.google.android.gms cmp=com.google.android.gms/.gcm.GcmService } com.google.android.gms.INITIALIZE
07-20 03:30:05.432 D/AuthorizationBluetoothService( 1110): Received GmsCore event: Intent { act=com.google.android.gms.INITIALIZE flg=0x10 pkg=com.google.android.gms cmp=com.google.android.gms/.auth.be.proximity.authorization.bt.AuthorizationBluetoothService$AutoStarter }.
07-20 03:30:05.432 D/c       ( 1110): Getting all permits...
07-20 03:30:05.433 D/a       ( 1110): Opening database...
07-20 03:30:05.436 D/a       ( 1110): Opening database auth.proximity.permit_store...
07-20 03:30:05.438 D/a       ( 1110): Closing database...
07-20 03:30:05.443 D/GCM     ( 1110): GcmService start Intent { act=com.google.android.gms.INITIALIZE flg=0x10 pkg=com.google.android.gms cmp=com.google.android.gms/.gcm.GcmService } com.google.android.gms.INITIALIZE
07-20 03:30:05.445 D/AuthorizationBluetoothService( 1110): Received GmsCore event: Intent { act=com.google.android.gms.INITIALIZE flg=0x10 pkg=com.google.android.gms cmp=com.google.android.gms/.auth.be.proximity.authorization.bt.AuthorizationBluetoothService$AutoStarter }.
07-20 03:30:05.446 D/c       ( 1110): Getting all permits...
07-20 03:30:05.446 D/a       ( 1110): Opening database...
07-20 03:30:05.448 D/a       ( 1110): Opening database auth.proximity.permit_store...
07-20 03:30:05.448 D/a       ( 1110): Closing database...
07-20 03:30:05.453 D/GCM     ( 1110): GcmService start Intent { act=com.google.android.gms.INITIALIZE flg=0x10 pkg=com.google.android.gms cmp=com.google.android.gms/.gcm.GcmService } com.google.android.gms.INITIALIZE
07-20 03:30:05.455 D/AuthorizationBluetoothService( 1110): Received GmsCore event: Intent { act=com.google.android.gms.INITIALIZE flg=0x10 pkg=com.google.android.gms cmp=com.google.android.gms/.auth.be.proximity.authorization.bt.AuthorizationBluetoothService$AutoStarter }.
07-20 03:30:05.455 D/c       ( 1110): Getting all permits...
07-20 03:30:05.455 D/a       ( 1110): Opening database...
07-20 03:30:05.458 D/a       ( 1110): Opening database auth.proximity.permit_store...
07-20 03:30:05.458 D/a       ( 1110): Closing database...
07-20 03:30:05.463 D/GCM     ( 1110): GcmService start Intent { act=com.google.android.gms.INITIALIZE flg=0x10 pkg=com.google.android.gms cmp=com.google.android.gms/.gcm.GcmService } com.google.android.gms.INITIALIZE
07-20 03:30:05.466 D/AuthorizationBluetoothService( 1110): Received GmsCore event: Intent { act=com.google.android.gms.INITIALIZE flg=0x10 pkg=com.google.android.gms cmp=com.google.android.gms/.auth.be.proximity.authorization.bt.AuthorizationBluetoothService$AutoStarter }.
07-20 03:30:05.467 D/c       ( 1110): Getting all permits...
07-20 03:30:05.467 D/a       ( 1110): Opening database...
07-20 03:30:05.470 D/a       ( 1110): Opening database auth.proximity.permit_store...
07-20 03:30:05.470 D/a       ( 1110): Closing database...
07-20 03:30:05.488 W/art     ( 2382): Suspending all threads took: 21.290ms
07-20 03:30:05.500 I/ActivityManager(  493): Start proc 2451:com.android.mms/u0a8 for broadcast com.android.mms/.transaction.SmsReceiver
07-20 03:30:05.514 D/CountryDetector(  493): The first listener is added
07-20 03:30:05.521 V/Mms     ( 2451): mnc/mcc: 310260
07-20 03:30:05.521 V/Mms     ( 2451): tag: bool value: enabledMMS - true
07-20 03:30:05.521 V/Mms     ( 2451): tag: int value: maxMessageSize - 307200
07-20 03:30:05.521 V/Mms     ( 2451): tag: int value: maxImageHeight - 480
07-20 03:30:05.521 V/Mms     ( 2451): tag: int value: maxImageWidth - 640
07-20 03:30:05.521 V/Mms     ( 2451): tag: int value: defaultSMSMessagesPerThread - 10000
07-20 03:30:05.521 V/Mms     ( 2451): tag: int value: defaultMMSMessagesPerThread - 1000
07-20 03:30:05.521 V/Mms     ( 2451): tag: int value: minMessageCountPerThread - 10
07-20 03:30:05.521 V/Mms     ( 2451): tag: int value: maxMessageCountPerThread - 5000
07-20 03:30:05.521 V/Mms     ( 2451): tag: string value: uaProfUrl - http://www.google.com/oha/rdf/ua-profile-kila.xml
07-20 03:30:05.521 V/Mms     ( 2451): tag: int value: recipientLimit - -1
07-20 03:30:05.521 V/Mms     ( 2451): tag: bool value: enableMultipartSMS - true
07-20 03:30:05.521 V/Mms     ( 2451): tag: int value: smsToMmsTextThreshold - -1
07-20 03:30:05.521 V/Mms     ( 2451): tag: bool value: enableSlideDuration - true
07-20 03:30:05.521 V/Mms     ( 2451): tag: int value: maxMessageTextSize - -1
07-20 03:30:05.535 I/GCM     (  977): Message from null null
07-20 03:30:05.535 E/GCM     (  977): Dropping message from null
07-20 03:30:05.538 D/GCM     ( 1110): GcmService start Intent { act=com.google.android.gms.INITIALIZE flg=0x10 pkg=com.google.android.gms cmp=com.google.android.gms/.gcm.GcmService } com.google.android.gms.INITIALIZE
07-20 03:30:05.541 D/AuthorizationBluetoothService( 1110): Received GmsCore event: Intent { act=com.google.android.gms.INITIALIZE flg=0x10 pkg=com.google.android.gms cmp=com.google.android.gms/.auth.be.proximity.authorization.bt.AuthorizationBluetoothService$AutoStarter }.
07-20 03:30:05.541 D/c       ( 1110): Getting all permits...
07-20 03:30:05.541 D/a       ( 1110): Opening database...
07-20 03:30:05.541 W/ResourcesManager( 2451): Asset path '/system/framework/com.google.android.media.effects.jar' does not exist or contains no resources.
07-20 03:30:05.541 W/ResourcesManager( 2451): Asset path '/system/framework/com.google.android.media.effects.jar' does not exist or contains no resources.
07-20 03:30:05.549 V/Mms     ( 2451): onStart: #1 mResultCode: -1 = Activity.RESULT_OK
07-20 03:30:05.550 D/ConnectivityManager( 2451): getMobileDataEnabled()+ subId=1
07-20 03:30:05.550 D/a       ( 1110): Opening database auth.proximity.permit_store...
07-20 03:30:05.551 D/a       ( 1110): Closing database...
07-20 03:30:05.551 D/PhoneInterfaceManager(  825): [PhoneIntfMgr] getDataEnabled: subId=1 phoneId=0
07-20 03:30:05.552 D/PhoneInterfaceManager(  825): [PhoneIntfMgr] getDataEnabled: subId=1 retVal=true
07-20 03:30:05.552 D/ConnectivityManager( 2451): getMobileDataEnabled()- subId=1 retVal=true
07-20 03:30:05.553 D/ConnectivityManager( 2451): getMobileDataEnabled()+ subId=1
07-20 03:30:05.553 D/PhoneInterfaceManager(  825): [PhoneIntfMgr] getDataEnabled: subId=1 phoneId=0
07-20 03:30:05.553 D/PhoneInterfaceManager(  825): [PhoneIntfMgr] getDataEnabled: subId=1 retVal=true
07-20 03:30:05.553 D/ConnectivityManager( 2451): getMobileDataEnabled()- subId=1 retVal=true
07-20 03:30:05.566 V/UserPresentBroadcastReceiver( 1110): Recieved ACTION_USER_PRESENT.
07-20 03:30:05.566 D/d       ( 1110): Notifying listener(s): onUserPresent()...
07-20 03:30:05.567 D/c       ( 1110): Starting periodic check for user presence.
07-20 03:30:05.569 D/c       ( 1110): Stoping periodic check for user presence.
07-20 03:30:05.578 V/CalendarSyncAdapter( 1989): Saving inProgress state: {calendarId=room6272@gmail.com, maxAttendees=50, maxResults=200, timeMax=2018-08-17T00:00:00.000Z, updatedMin=2016-12-09T20:06:31.117Z}
07-20 03:30:05.585 D/AlertReceiver( 2037): onReceive: a=android.intent.action.PROVIDER_CHANGED Intent { act=android.intent.action.PROVIDER_CHANGED dat=content://com.android.calendar flg=0x10 cmp=com.android.calendar/.alerts.AlertReceiver }
07-20 03:30:05.586 D/AlertService( 2037): 0 Action = android.intent.action.PROVIDER_CHANGED
07-20 03:30:05.600 D/CalendarSyncAdapter( 1989): Found 0 events marked dirty & lastSynced
